17:25:24 **** Clean-only build of configuration Debug for project M2P_UART_TX_DMA_SCRATCH ****
make -j11 clean 
rm -rf  ./startup/startup_stm32l4r5xx.o  ./Src/data.o ./Src/it.o ./Src/main.o ./Src/msp.o ./Src/syscalls.o ./Src/system_stm32l4xx.o  ./Drivers/STM32L4xx_HAL_Driver/Src/stm32l4xx_hal.o ./Drivers/STM32L4xx_HAL_Driver/Src/stm32l4xx_hal_cortex.o ./Drivers/STM32L4xx_HAL_Driver/Src/stm32l4xx_hal_dma.o ./Drivers/STM32L4xx_HAL_Driver/Src/stm32l4xx_hal_dma_ex.o ./Drivers/STM32L4xx_HAL_Driver/Src/stm32l4xx_hal_exti.o ./Drivers/STM32L4xx_HAL_Driver/Src/stm32l4xx_hal_flash.o ./Drivers/STM32L4xx_HAL_Driver/Src/stm32l4xx_hal_flash_ex.o ./Drivers/STM32L4xx_HAL_Driver/Src/stm32l4xx_hal_flash_ramfunc.o ./Drivers/STM32L4xx_HAL_Driver/Src/stm32l4xx_hal_gpio.o ./Drivers/STM32L4xx_HAL_Driver/Src/stm32l4xx_hal_i2c.o ./Drivers/STM32L4xx_HAL_Driver/Src/stm32l4xx_hal_i2c_ex.o ./Drivers/STM32L4xx_HAL_Driver/Src/stm32l4xx_hal_pcd.o ./Drivers/STM32L4xx_HAL_Driver/Src/stm32l4xx_hal_pcd_ex.o ./Drivers/STM32L4xx_HAL_Driver/Src/stm32l4xx_hal_pwr.o ./Drivers/STM32L4xx_HAL_Driver/Src/stm32l4xx_hal_pwr_ex.o ./Drivers/STM32L4xx_HAL_Driver/Src/stm32l4xx_hal_rcc.o ./Drivers/STM32L4xx_HAL_Driver/Src/stm32l4xx_hal_rcc_ex.o ./Drivers/STM32L4xx_HAL_Driver/Src/stm32l4xx_hal_tim.o ./Drivers/STM32L4xx_HAL_Driver/Src/stm32l4xx_hal_tim_ex.o ./Drivers/STM32L4xx_HAL_Driver/Src/stm32l4xx_hal_uart.o ./Drivers/STM32L4xx_HAL_Driver/Src/stm32l4xx_hal_uart_ex.o ./Drivers/STM32L4xx_HAL_Driver/Src/stm32l4xx_ll_usb.o  M2P_UART_TX_DMA_SCRATCH.hex  M2P_UART_TX_DMA_SCRATCH.siz  ./startup/startup_stm32l4r5xx.d  ./Src/data.d ./Src/it.d ./Src/main.d ./Src/msp.d ./Src/syscalls.d ./Src/system_stm32l4xx.d  ./Drivers/STM32L4xx_HAL_Driver/Src/stm32l4xx_hal.d ./Drivers/STM32L4xx_HAL_Driver/Src/stm32l4xx_hal_cortex.d ./Drivers/STM32L4xx_HAL_Driver/Src/stm32l4xx_hal_dma.d ./Drivers/STM32L4xx_HAL_Driver/Src/stm32l4xx_hal_dma_ex.d ./Drivers/STM32L4xx_HAL_Driver/Src/stm32l4xx_hal_exti.d ./Drivers/STM32L4xx_HAL_Driver/Src/stm32l4xx_hal_flash.d ./Drivers/STM32L4xx_HAL_Driver/Src/stm32l4xx_hal_flash_ex.d ./Drivers/STM32L4xx_HAL_Driver/Src/stm32l4xx_hal_flash_ramfunc.d ./Drivers/STM32L4xx_HAL_Driver/Src/stm32l4xx_hal_gpio.d ./Drivers/STM32L4xx_HAL_Driver/Src/stm32l4xx_hal_i2c.d ./Drivers/STM32L4xx_HAL_Driver/Src/stm32l4xx_hal_i2c_ex.d ./Drivers/STM32L4xx_HAL_Driver/Src/stm32l4xx_hal_pcd.d ./Drivers/STM32L4xx_HAL_Driver/Src/stm32l4xx_hal_pcd_ex.d ./Drivers/STM32L4xx_HAL_Driver/Src/stm32l4xx_hal_pwr.d ./Drivers/STM32L4xx_HAL_Driver/Src/stm32l4xx_hal_pwr_ex.d ./Drivers/STM32L4xx_HAL_Driver/Src/stm32l4xx_hal_rcc.d ./Drivers/STM32L4xx_HAL_Driver/Src/stm32l4xx_hal_rcc_ex.d ./Drivers/STM32L4xx_HAL_Driver/Src/stm32l4xx_hal_tim.d ./Drivers/STM32L4xx_HAL_Driver/Src/stm32l4xx_hal_tim_ex.d ./Drivers/STM32L4xx_HAL_Driver/Src/stm32l4xx_hal_uart.d ./Drivers/STM32L4xx_HAL_Driver/Src/stm32l4xx_hal_uart_ex.d ./Drivers/STM32L4xx_HAL_Driver/Src/stm32l4xx_ll_usb.d  M2P_UART_TX_DMA_SCRATCH.elf
 
17:25:31 **** Build of configuration Debug for project M2P_UART_TX_DMA_SCRATCH ****
make -j11 all 
Building file: ../startup/startup_stm32l4r5xx.S
Building file: ../Src/data.c
Building file: ../Src/it.c
Building file: ../Src/main.c
Invoking: GNU ARM Cross Assembler
Invoking: GNU ARM Cross C Compiler
Invoking: GNU ARM Cross C Compiler
arm-none-eabi-gcc -mcpu=cortex-m4 -mthumb -O0 -fmessage-length=0 -fsigned-char -ffunction-sections -fdata-sections -ffreestanding -fno-move-loop-invariants -Wall -Wextra  -g3 -x assembler-with-cpp -DSTM32L4R5xx -DDEBUG -DTRACE -DOS_USE_TRACE_SEMIHOSTING_DEBUG -I"/Users/khoahuynh/Documents/Document/STM32L4R5ZIT6_NucleoL4R5ZI/Eclipse/DMA_PracticeWS/M2P_UART_TX_DMA_SCRATCH/Drivers/CMSIS/Device/ST/STM32L4xx/Include" -I"/Users/khoahuynh/Documents/Document/STM32L4R5ZIT6_NucleoL4R5ZI/Eclipse/DMA_PracticeWS/M2P_UART_TX_DMA_SCRATCH/Drivers/CMSIS/Include" -I"/Users/khoahuynh/Documents/Document/STM32L4R5ZIT6_NucleoL4R5ZI/Eclipse/DMA_PracticeWS/M2P_UART_TX_DMA_SCRATCH/Drivers/STM32L4xx_HAL_Driver/Inc" -I"/Users/khoahuynh/Documents/Document/STM32L4R5ZIT6_NucleoL4R5ZI/Eclipse/DMA_PracticeWS/M2P_UART_TX_DMA_SCRATCH/Drivers/STM32L4xx_HAL_Driver/Inc/Legacy" -I"/Users/khoahuynh/Documents/Document/STM32L4R5ZIT6_NucleoL4R5ZI/Eclipse/DMA_PracticeWS/M2P_UART_TX_DMA_SCRATCH/Inc" -MMD -MP -MF"startup/startup_stm32l4r5xx.d" -MT"startup/startup_stm32l4r5xx.o" -c -o "startup/startup_stm32l4r5xx.o" "../startup/startup_stm32l4r5xx.S"
arm-none-eabi-gcc -mcpu=cortex-m4 -mthumb -O0 -fmessage-length=0 -fsigned-char -ffunction-sections -fdata-sections -ffreestanding -fno-move-loop-invariants -Wall -Wextra  -g3 -DSTM32L4R5xx -DDEBUG -DTRACE -DOS_USE_TRACE_SEMIHOSTING_DEBUG -I"/Users/khoahuynh/Documents/Document/STM32L4R5ZIT6_NucleoL4R5ZI/Eclipse/DMA_PracticeWS/M2P_UART_TX_DMA_SCRATCH/Drivers/CMSIS/Device/ST/STM32L4xx/Include" -I"/Users/khoahuynh/Documents/Document/STM32L4R5ZIT6_NucleoL4R5ZI/Eclipse/DMA_PracticeWS/M2P_UART_TX_DMA_SCRATCH/Drivers/CMSIS/Include" -I"/Users/khoahuynh/Documents/Document/STM32L4R5ZIT6_NucleoL4R5ZI/Eclipse/DMA_PracticeWS/M2P_UART_TX_DMA_SCRATCH/Drivers/STM32L4xx_HAL_Driver/Inc" -I"/Users/khoahuynh/Documents/Document/STM32L4R5ZIT6_NucleoL4R5ZI/Eclipse/DMA_PracticeWS/M2P_UART_TX_DMA_SCRATCH/Drivers/STM32L4xx_HAL_Driver/Inc/Legacy" -I"/Users/khoahuynh/Documents/Document/STM32L4R5ZIT6_NucleoL4R5ZI/Eclipse/DMA_PracticeWS/M2P_UART_TX_DMA_SCRATCH/Inc" -std=gnu11 -MMD -MP -MF"Src/it.d" -MT"Src/it.o" -c -o "Src/it.o" "../Src/it.c"
Building file: ../Src/msp.c
arm-none-eabi-gcc -mcpu=cortex-m4 -mthumb -O0 -fmessage-length=0 -fsigned-char -ffunction-sections -fdata-sections -ffreestanding -fno-move-loop-invariants -Wall -Wextra  -g3 -DSTM32L4R5xx -DDEBUG -DTRACE -DOS_USE_TRACE_SEMIHOSTING_DEBUG -I"/Users/khoahuynh/Documents/Document/STM32L4R5ZIT6_NucleoL4R5ZI/Eclipse/DMA_PracticeWS/M2P_UART_TX_DMA_SCRATCH/Drivers/CMSIS/Device/ST/STM32L4xx/Include" -I"/Users/khoahuynh/Documents/Document/STM32L4R5ZIT6_NucleoL4R5ZI/Eclipse/DMA_PracticeWS/M2P_UART_TX_DMA_SCRATCH/Drivers/CMSIS/Include" -I"/Users/khoahuynh/Documents/Document/STM32L4R5ZIT6_NucleoL4R5ZI/Eclipse/DMA_PracticeWS/M2P_UART_TX_DMA_SCRATCH/Drivers/STM32L4xx_HAL_Driver/Inc" -I"/Users/khoahuynh/Documents/Document/STM32L4R5ZIT6_NucleoL4R5ZI/Eclipse/DMA_PracticeWS/M2P_UART_TX_DMA_SCRATCH/Drivers/STM32L4xx_HAL_Driver/Inc/Legacy" -I"/Users/khoahuynh/Documents/Document/STM32L4R5ZIT6_NucleoL4R5ZI/Eclipse/DMA_PracticeWS/M2P_UART_TX_DMA_SCRATCH/Inc" -std=gnu11 -MMD -MP -MF"Src/data.d" -MT"Src/data.o" -c -o "Src/data.o" "../Src/data.c"
Invoking: GNU ARM Cross C Compiler
arm-none-eabi-gcc -mcpu=cortex-m4 -mthumb -O0 -fmessage-length=0 -fsigned-char -ffunction-sections -fdata-sections -ffreestanding -fno-move-loop-invariants -Wall -Wextra  -g3 -DSTM32L4R5xx -DDEBUG -DTRACE -DOS_USE_TRACE_SEMIHOSTING_DEBUG -I"/Users/khoahuynh/Documents/Document/STM32L4R5ZIT6_NucleoL4R5ZI/Eclipse/DMA_PracticeWS/M2P_UART_TX_DMA_SCRATCH/Drivers/CMSIS/Device/ST/STM32L4xx/Include" -I"/Users/khoahuynh/Documents/Document/STM32L4R5ZIT6_NucleoL4R5ZI/Eclipse/DMA_PracticeWS/M2P_UART_TX_DMA_SCRATCH/Drivers/CMSIS/Include" -I"/Users/khoahuynh/Documents/Document/STM32L4R5ZIT6_NucleoL4R5ZI/Eclipse/DMA_PracticeWS/M2P_UART_TX_DMA_SCRATCH/Drivers/STM32L4xx_HAL_Driver/Inc" -I"/Users/khoahuynh/Documents/Document/STM32L4R5ZIT6_NucleoL4R5ZI/Eclipse/DMA_PracticeWS/M2P_UART_TX_DMA_SCRATCH/Drivers/STM32L4xx_HAL_Driver/Inc/Legacy" -I"/Users/khoahuynh/Documents/Document/STM32L4R5ZIT6_NucleoL4R5ZI/Eclipse/DMA_PracticeWS/M2P_UART_TX_DMA_SCRATCH/Inc" -std=gnu11 -MMD -MP -MF"Src/main.d" -MT"Src/main.o" -c -o "Src/main.o" "../Src/main.c"
Invoking: GNU ARM Cross C Compiler
arm-none-eabi-gcc -mcpu=cortex-m4 -mthumb -O0 -fmessage-length=0 -fsigned-char -ffunction-sections -fdata-sections -ffreestanding -fno-move-loop-invariants -Wall -Wextra  -g3 -DSTM32L4R5xx -DDEBUG -DTRACE -DOS_USE_TRACE_SEMIHOSTING_DEBUG -I"/Users/khoahuynh/Documents/Document/STM32L4R5ZIT6_NucleoL4R5ZI/Eclipse/DMA_PracticeWS/M2P_UART_TX_DMA_SCRATCH/Drivers/CMSIS/Device/ST/STM32L4xx/Include" -I"/Users/khoahuynh/Documents/Document/STM32L4R5ZIT6_NucleoL4R5ZI/Eclipse/DMA_PracticeWS/M2P_UART_TX_DMA_SCRATCH/Drivers/CMSIS/Include" -I"/Users/khoahuynh/Documents/Document/STM32L4R5ZIT6_NucleoL4R5ZI/Eclipse/DMA_PracticeWS/M2P_UART_TX_DMA_SCRATCH/Drivers/STM32L4xx_HAL_Driver/Inc" -I"/Users/khoahuynh/Documents/Document/STM32L4R5ZIT6_NucleoL4R5ZI/Eclipse/DMA_PracticeWS/M2P_UART_TX_DMA_SCRATCH/Drivers/STM32L4xx_HAL_Driver/Inc/Legacy" -I"/Users/khoahuynh/Documents/Document/STM32L4R5ZIT6_NucleoL4R5ZI/Eclipse/DMA_PracticeWS/M2P_UART_TX_DMA_SCRATCH/Inc" -std=gnu11 -MMD -MP -MF"Src/msp.d" -MT"Src/msp.o" -c -o "Src/msp.o" "../Src/msp.c"
Building file: ../Src/syscalls.c
Building file: ../Src/system_stm32l4xx.c
Building file: ../Drivers/STM32L4xx_HAL_Driver/Src/stm32l4xx_hal.c
Invoking: GNU ARM Cross C Compiler
arm-none-eabi-gcc -mcpu=cortex-m4 -mthumb -O0 -fmessage-length=0 -fsigned-char -ffunction-sections -fdata-sections -ffreestanding -fno-move-loop-invariants -Wall -Wextra  -g3 -DSTM32L4R5xx -DDEBUG -DTRACE -DOS_USE_TRACE_SEMIHOSTING_DEBUG -I"/Users/khoahuynh/Documents/Document/STM32L4R5ZIT6_NucleoL4R5ZI/Eclipse/DMA_PracticeWS/M2P_UART_TX_DMA_SCRATCH/Drivers/CMSIS/Device/ST/STM32L4xx/Include" -I"/Users/khoahuynh/Documents/Document/STM32L4R5ZIT6_NucleoL4R5ZI/Eclipse/DMA_PracticeWS/M2P_UART_TX_DMA_SCRATCH/Drivers/CMSIS/Include" -I"/Users/khoahuynh/Documents/Document/STM32L4R5ZIT6_NucleoL4R5ZI/Eclipse/DMA_PracticeWS/M2P_UART_TX_DMA_SCRATCH/Drivers/STM32L4xx_HAL_Driver/Inc" -I"/Users/khoahuynh/Documents/Document/STM32L4R5ZIT6_NucleoL4R5ZI/Eclipse/DMA_PracticeWS/M2P_UART_TX_DMA_SCRATCH/Drivers/STM32L4xx_HAL_Driver/Inc/Legacy" -I"/Users/khoahuynh/Documents/Document/STM32L4R5ZIT6_NucleoL4R5ZI/Eclipse/DMA_PracticeWS/M2P_UART_TX_DMA_SCRATCH/Inc" -std=gnu11 -MMD -MP -MF"Src/syscalls.d" -MT"Src/syscalls.o" -c -o "Src/syscalls.o" "../Src/syscalls.c"
Invoking: GNU ARM Cross C Compiler
arm-none-eabi-gcc -mcpu=cortex-m4 -mthumb -O0 -fmessage-length=0 -fsigned-char -ffunction-sections -fdata-sections -ffreestanding -fno-move-loop-invariants -Wall -Wextra  -g3 -DSTM32L4R5xx -DDEBUG -DTRACE -DOS_USE_TRACE_SEMIHOSTING_DEBUG -I"/Users/khoahuynh/Documents/Document/STM32L4R5ZIT6_NucleoL4R5ZI/Eclipse/DMA_PracticeWS/M2P_UART_TX_DMA_SCRATCH/Drivers/CMSIS/Device/ST/STM32L4xx/Include" -I"/Users/khoahuynh/Documents/Document/STM32L4R5ZIT6_NucleoL4R5ZI/Eclipse/DMA_PracticeWS/M2P_UART_TX_DMA_SCRATCH/Drivers/CMSIS/Include" -I"/Users/khoahuynh/Documents/Document/STM32L4R5ZIT6_NucleoL4R5ZI/Eclipse/DMA_PracticeWS/M2P_UART_TX_DMA_SCRATCH/Drivers/STM32L4xx_HAL_Driver/Inc" -I"/Users/khoahuynh/Documents/Document/STM32L4R5ZIT6_NucleoL4R5ZI/Eclipse/DMA_PracticeWS/M2P_UART_TX_DMA_SCRATCH/Drivers/STM32L4xx_HAL_Driver/Inc/Legacy" -I"/Users/khoahuynh/Documents/Document/STM32L4R5ZIT6_NucleoL4R5ZI/Eclipse/DMA_PracticeWS/M2P_UART_TX_DMA_SCRATCH/Inc" -std=gnu11 -MMD -MP -MF"Src/system_stm32l4xx.d" -MT"Src/system_stm32l4xx.o" -c -o "Src/system_stm32l4xx.o" "../Src/system_stm32l4xx.c"
Building file: ../Drivers/STM32L4xx_HAL_Driver/Src/stm32l4xx_hal_cortex.c
Invoking: GNU ARM Cross C Compiler
arm-none-eabi-gcc -mcpu=cortex-m4 -mthumb -O0 -fmessage-length=0 -fsigned-char -ffunction-sections -fdata-sections -ffreestanding -fno-move-loop-invariants -Wall -Wextra  -g3 -DSTM32L4R5xx -DDEBUG -DTRACE -DOS_USE_TRACE_SEMIHOSTING_DEBUG -I"/Users/khoahuynh/Documents/Document/STM32L4R5ZIT6_NucleoL4R5ZI/Eclipse/DMA_PracticeWS/M2P_UART_TX_DMA_SCRATCH/Drivers/CMSIS/Device/ST/STM32L4xx/Include" -I"/Users/khoahuynh/Documents/Document/STM32L4R5ZIT6_NucleoL4R5ZI/Eclipse/DMA_PracticeWS/M2P_UART_TX_DMA_SCRATCH/Drivers/CMSIS/Include" -I"/Users/khoahuynh/Documents/Document/STM32L4R5ZIT6_NucleoL4R5ZI/Eclipse/DMA_PracticeWS/M2P_UART_TX_DMA_SCRATCH/Drivers/STM32L4xx_HAL_Driver/Inc" -I"/Users/khoahuynh/Documents/Document/STM32L4R5ZIT6_NucleoL4R5ZI/Eclipse/DMA_PracticeWS/M2P_UART_TX_DMA_SCRATCH/Drivers/STM32L4xx_HAL_Driver/Inc/Legacy" -I"/Users/khoahuynh/Documents/Document/STM32L4R5ZIT6_NucleoL4R5ZI/Eclipse/DMA_PracticeWS/M2P_UART_TX_DMA_SCRATCH/Inc" -std=gnu11 -MMD -MP -MF"Drivers/STM32L4xx_HAL_Driver/Src/stm32l4xx_hal.d" -MT"Drivers/STM32L4xx_HAL_Driver/Src/stm32l4xx_hal.o" -c -o "Drivers/STM32L4xx_HAL_Driver/Src/stm32l4xx_hal.o" "../Drivers/STM32L4xx_HAL_Driver/Src/stm32l4xx_hal.c"
Invoking: GNU ARM Cross C Compiler
arm-none-eabi-gcc -mcpu=cortex-m4 -mthumb -O0 -fmessage-length=0 -fsigned-char -ffunction-sections -fdata-sections -ffreestanding -fno-move-loop-invariants -Wall -Wextra  -g3 -DSTM32L4R5xx -DDEBUG -DTRACE -DOS_USE_TRACE_SEMIHOSTING_DEBUG -I"/Users/khoahuynh/Documents/Document/STM32L4R5ZIT6_NucleoL4R5ZI/Eclipse/DMA_PracticeWS/M2P_UART_TX_DMA_SCRATCH/Drivers/CMSIS/Device/ST/STM32L4xx/Include" -I"/Users/khoahuynh/Documents/Document/STM32L4R5ZIT6_NucleoL4R5ZI/Eclipse/DMA_PracticeWS/M2P_UART_TX_DMA_SCRATCH/Drivers/CMSIS/Include" -I"/Users/khoahuynh/Documents/Document/STM32L4R5ZIT6_NucleoL4R5ZI/Eclipse/DMA_PracticeWS/M2P_UART_TX_DMA_SCRATCH/Drivers/STM32L4xx_HAL_Driver/Inc" -I"/Users/khoahuynh/Documents/Document/STM32L4R5ZIT6_NucleoL4R5ZI/Eclipse/DMA_PracticeWS/M2P_UART_TX_DMA_SCRATCH/Drivers/STM32L4xx_HAL_Driver/Inc/Legacy" -I"/Users/khoahuynh/Documents/Document/STM32L4R5ZIT6_NucleoL4R5ZI/Eclipse/DMA_PracticeWS/M2P_UART_TX_DMA_SCRATCH/Inc" -std=gnu11 -MMD -MP -MF"Drivers/STM32L4xx_HAL_Driver/Src/stm32l4xx_hal_cortex.d" -MT"Drivers/STM32L4xx_HAL_Driver/Src/stm32l4xx_hal_cortex.o" -c -o "Drivers/STM32L4xx_HAL_Driver/Src/stm32l4xx_hal_cortex.o" "../Drivers/STM32L4xx_HAL_Driver/Src/stm32l4xx_hal_cortex.c"
Building file: ../Drivers/STM32L4xx_HAL_Driver/Src/stm32l4xx_hal_dma.c
Invoking: GNU ARM Cross C Compiler
arm-none-eabi-gcc -mcpu=cortex-m4 -mthumb -O0 -fmessage-length=0 -fsigned-char -ffunction-sections -fdata-sections -ffreestanding -fno-move-loop-invariants -Wall -Wextra  -g3 -DSTM32L4R5xx -DDEBUG -DTRACE -DOS_USE_TRACE_SEMIHOSTING_DEBUG -I"/Users/khoahuynh/Documents/Document/STM32L4R5ZIT6_NucleoL4R5ZI/Eclipse/DMA_PracticeWS/M2P_UART_TX_DMA_SCRATCH/Drivers/CMSIS/Device/ST/STM32L4xx/Include" -I"/Users/khoahuynh/Documents/Document/STM32L4R5ZIT6_NucleoL4R5ZI/Eclipse/DMA_PracticeWS/M2P_UART_TX_DMA_SCRATCH/Drivers/CMSIS/Include" -I"/Users/khoahuynh/Documents/Document/STM32L4R5ZIT6_NucleoL4R5ZI/Eclipse/DMA_PracticeWS/M2P_UART_TX_DMA_SCRATCH/Drivers/STM32L4xx_HAL_Driver/Inc" -I"/Users/khoahuynh/Documents/Document/STM32L4R5ZIT6_NucleoL4R5ZI/Eclipse/DMA_PracticeWS/M2P_UART_TX_DMA_SCRATCH/Drivers/STM32L4xx_HAL_Driver/Inc/Legacy" -I"/Users/khoahuynh/Documents/Document/STM32L4R5ZIT6_NucleoL4R5ZI/Eclipse/DMA_PracticeWS/M2P_UART_TX_DMA_SCRATCH/Inc" -std=gnu11 -MMD -MP -MF"Drivers/STM32L4xx_HAL_Driver/Src/stm32l4xx_hal_dma.d" -MT"Drivers/STM32L4xx_HAL_Driver/Src/stm32l4xx_hal_dma.o" -c -o "Drivers/STM32L4xx_HAL_Driver/Src/stm32l4xx_hal_dma.o" "../Drivers/STM32L4xx_HAL_Driver/Src/stm32l4xx_hal_dma.c"
Building file: ../Drivers/STM32L4xx_HAL_Driver/Src/stm32l4xx_hal_dma_ex.c
Invoking: GNU ARM Cross C Compiler
arm-none-eabi-gcc -mcpu=cortex-m4 -mthumb -O0 -fmessage-length=0 -fsigned-char -ffunction-sections -fdata-sections -ffreestanding -fno-move-loop-invariants -Wall -Wextra  -g3 -DSTM32L4R5xx -DDEBUG -DTRACE -DOS_USE_TRACE_SEMIHOSTING_DEBUG -I"/Users/khoahuynh/Documents/Document/STM32L4R5ZIT6_NucleoL4R5ZI/Eclipse/DMA_PracticeWS/M2P_UART_TX_DMA_SCRATCH/Drivers/CMSIS/Device/ST/STM32L4xx/Include" -I"/Users/khoahuynh/Documents/Document/STM32L4R5ZIT6_NucleoL4R5ZI/Eclipse/DMA_PracticeWS/M2P_UART_TX_DMA_SCRATCH/Drivers/CMSIS/Include" -I"/Users/khoahuynh/Documents/Document/STM32L4R5ZIT6_NucleoL4R5ZI/Eclipse/DMA_PracticeWS/M2P_UART_TX_DMA_SCRATCH/Drivers/STM32L4xx_HAL_Driver/Inc" -I"/Users/khoahuynh/Documents/Document/STM32L4R5ZIT6_NucleoL4R5ZI/Eclipse/DMA_PracticeWS/M2P_UART_TX_DMA_SCRATCH/Drivers/STM32L4xx_HAL_Driver/Inc/Legacy" -I"/Users/khoahuynh/Documents/Document/STM32L4R5ZIT6_NucleoL4R5ZI/Eclipse/DMA_PracticeWS/M2P_UART_TX_DMA_SCRATCH/Inc" -std=gnu11 -MMD -MP -MF"Drivers/STM32L4xx_HAL_Driver/Src/stm32l4xx_hal_dma_ex.d" -MT"Drivers/STM32L4xx_HAL_Driver/Src/stm32l4xx_hal_dma_ex.o" -c -o "Drivers/STM32L4xx_HAL_Driver/Src/stm32l4xx_hal_dma_ex.o" "../Drivers/STM32L4xx_HAL_Driver/Src/stm32l4xx_hal_dma_ex.c"
Finished building: ../startup/startup_stm32l4r5xx.S
 
../Src/syscalls.c: In function '_kill':
../Src/syscalls.c:82:15: warning: unused parameter 'pid' [-Wunused-parameter]
   82 | int _kill(int pid, int sig)
      |           ~~~~^~~
../Src/syscalls.c:82:24: warning: unused parameter 'sig' [-Wunused-parameter]
   82 | int _kill(int pid, int sig)
      |                    ~~~~^~~
../Src/syscalls.c: In function '_read':
../Src/syscalls.c:94:37: warning: unused parameter 'file' [-Wunused-parameter]
   94 | __attribute__((weak)) int _read(int file, char *ptr, int len)
      |                                 ~~~~^~~~
../Src/syscalls.c: In function '_write':
../Src/syscalls.c:106:38: warning: unused parameter 'file' [-Wunused-parameter]
  106 | __attribute__((weak)) int _write(int file, char *ptr, int len)
      |                                  ~~~~^~~~
../Src/syscalls.c: In function '_close':
../Src/syscalls.c:140:16: warning: unused parameter 'file' [-Wunused-parameter]
  140 | int _close(int file)
      |            ~~~~^~~~
../Src/syscalls.c: In function '_fstat':
../Src/syscalls.c:146:16: warning: unused parameter 'file' [-Wunused-parameter]
  146 | int _fstat(int file, struct stat *st)
      |            ~~~~^~~~
../Src/syscalls.c: In function '_isatty':
../Src/syscalls.c:152:17: warning: unused parameter 'file' [-Wunused-parameter]
  152 | int _isatty(int file)
      |             ~~~~^~~~
../Src/syscalls.c: In function '_lseek':
../Src/syscalls.c:157:16: warning: unused parameter 'file' [-Wunused-parameter]
  157 | int _lseek(int file, int ptr, int dir)
      |            ~~~~^~~~
../Src/syscalls.c:157:26: warning: unused parameter 'ptr' [-Wunused-parameter]
  157 | int _lseek(int file, int ptr, int dir)
      |                      ~~~~^~~
Building file: ../Drivers/STM32L4xx_HAL_Driver/Src/stm32l4xx_hal_exti.c
../Src/syscalls.c:157:35: warning: unused parameter 'dir' [-Wunused-parameter]
  157 | int _lseek(int file, int ptr, int dir)
      |                               ~~~~^~~
../Src/syscalls.c: In function '_open':
../Src/syscalls.c:162:17: warning: unused parameter 'path' [-Wunused-parameter]
  162 | int _open(char *path, int flags, ...)
      |           ~~~~~~^~~~
../Src/syscalls.c:162:27: warning: unused parameter 'flags' [-Wunused-parameter]
  162 | int _open(char *path, int flags, ...)
      |                       ~~~~^~~~~
../Src/syscalls.c: In function '_wait':
../Src/syscalls.c:168:16: warning: unused parameter 'status' [-Wunused-parameter]
  168 | int _wait(int *status)
      |           ~~~~~^~~~~~
../Src/syscalls.c: In function '_unlink':
../Src/syscalls.c:174:19: warning: unused parameter 'name' [-Wunused-parameter]
  174 | int _unlink(char *name)
      |             ~~~~~~^~~~
../Src/syscalls.c: In function '_times':
../Src/syscalls.c:180:24: warning: unused parameter 'buf' [-Wunused-parameter]
  180 | int _times(struct tms *buf)
      |            ~~~~~~~~~~~~^~~
../Src/syscalls.c: In function '_stat':
../Src/syscalls.c:185:17: warning: unused parameter 'file' [-Wunused-parameter]
  185 | int _stat(char *file, struct stat *st)
      |           ~~~~~~^~~~
../Src/syscalls.c: In function '_link':
../Src/syscalls.c:191:17: warning: unused parameter 'old' [-Wunused-parameter]
  191 | int _link(char *old, char *new)
      |           ~~~~~~^~~
../Src/syscalls.c:191:28: warning: unused parameter 'new' [-Wunused-parameter]
  191 | int _link(char *old, char *new)
      |                      ~~~~~~^~~
../Src/syscalls.c: In function '_execve':
../Src/syscalls.c:203:19: warning: unused parameter 'name' [-Wunused-parameter]
  203 | int _execve(char *name, char **argv, char **env)
      |             ~~~~~~^~~~
../Src/syscalls.c:203:32: warning: unused parameter 'argv' [-Wunused-parameter]
  203 | int _execve(char *name, char **argv, char **env)
      |                         ~~~~~~~^~~~
../Src/syscalls.c:203:45: warning: unused parameter 'env' [-Wunused-parameter]
  203 | int _execve(char *name, char **argv, char **env)
      |                                      ~~~~~~~^~~
Invoking: GNU ARM Cross C Compiler
arm-none-eabi-gcc -mcpu=cortex-m4 -mthumb -O0 -fmessage-length=0 -fsigned-char -ffunction-sections -fdata-sections -ffreestanding -fno-move-loop-invariants -Wall -Wextra  -g3 -DSTM32L4R5xx -DDEBUG -DTRACE -DOS_USE_TRACE_SEMIHOSTING_DEBUG -I"/Users/khoahuynh/Documents/Document/STM32L4R5ZIT6_NucleoL4R5ZI/Eclipse/DMA_PracticeWS/M2P_UART_TX_DMA_SCRATCH/Drivers/CMSIS/Device/ST/STM32L4xx/Include" -I"/Users/khoahuynh/Documents/Document/STM32L4R5ZIT6_NucleoL4R5ZI/Eclipse/DMA_PracticeWS/M2P_UART_TX_DMA_SCRATCH/Drivers/CMSIS/Include" -I"/Users/khoahuynh/Documents/Document/STM32L4R5ZIT6_NucleoL4R5ZI/Eclipse/DMA_PracticeWS/M2P_UART_TX_DMA_SCRATCH/Drivers/STM32L4xx_HAL_Driver/Inc" -I"/Users/khoahuynh/Documents/Document/STM32L4R5ZIT6_NucleoL4R5ZI/Eclipse/DMA_PracticeWS/M2P_UART_TX_DMA_SCRATCH/Drivers/STM32L4xx_HAL_Driver/Inc/Legacy" -I"/Users/khoahuynh/Documents/Document/STM32L4R5ZIT6_NucleoL4R5ZI/Eclipse/DMA_PracticeWS/M2P_UART_TX_DMA_SCRATCH/Inc" -std=gnu11 -MMD -MP -MF"Drivers/STM32L4xx_HAL_Driver/Src/stm32l4xx_hal_exti.d" -MT"Drivers/STM32L4xx_HAL_Driver/Src/stm32l4xx_hal_exti.o" -c -o "Drivers/STM32L4xx_HAL_Driver/Src/stm32l4xx_hal_exti.o" "../Drivers/STM32L4xx_HAL_Driver/Src/stm32l4xx_hal_exti.c"
Finished building: ../Src/syscalls.c
 
Building file: ../Drivers/STM32L4xx_HAL_Driver/Src/stm32l4xx_hal_flash.c
Invoking: GNU ARM Cross C Compiler
arm-none-eabi-gcc -mcpu=cortex-m4 -mthumb -O0 -fmessage-length=0 -fsigned-char -ffunction-sections -fdata-sections -ffreestanding -fno-move-loop-invariants -Wall -Wextra  -g3 -DSTM32L4R5xx -DDEBUG -DTRACE -DOS_USE_TRACE_SEMIHOSTING_DEBUG -I"/Users/khoahuynh/Documents/Document/STM32L4R5ZIT6_NucleoL4R5ZI/Eclipse/DMA_PracticeWS/M2P_UART_TX_DMA_SCRATCH/Drivers/CMSIS/Device/ST/STM32L4xx/Include" -I"/Users/khoahuynh/Documents/Document/STM32L4R5ZIT6_NucleoL4R5ZI/Eclipse/DMA_PracticeWS/M2P_UART_TX_DMA_SCRATCH/Drivers/CMSIS/Include" -I"/Users/khoahuynh/Documents/Document/STM32L4R5ZIT6_NucleoL4R5ZI/Eclipse/DMA_PracticeWS/M2P_UART_TX_DMA_SCRATCH/Drivers/STM32L4xx_HAL_Driver/Inc" -I"/Users/khoahuynh/Documents/Document/STM32L4R5ZIT6_NucleoL4R5ZI/Eclipse/DMA_PracticeWS/M2P_UART_TX_DMA_SCRATCH/Drivers/STM32L4xx_HAL_Driver/Inc/Legacy" -I"/Users/khoahuynh/Documents/Document/STM32L4R5ZIT6_NucleoL4R5ZI/Eclipse/DMA_PracticeWS/M2P_UART_TX_DMA_SCRATCH/Inc" -std=gnu11 -MMD -MP -MF"Drivers/STM32L4xx_HAL_Driver/Src/stm32l4xx_hal_flash.d" -MT"Drivers/STM32L4xx_HAL_Driver/Src/stm32l4xx_hal_flash.o" -c -o "Drivers/STM32L4xx_HAL_Driver/Src/stm32l4xx_hal_flash.o" "../Drivers/STM32L4xx_HAL_Driver/Src/stm32l4xx_hal_flash.c"
In file included from ../Src/main.c:10:
../Src/main.c: In function 'GPIO_Init':
/Users/khoahuynh/Documents/Document/STM32L4R5ZIT6_NucleoL4R5ZI/Eclipse/DMA_PracticeWS/M2P_UART_TX_DMA_SCRATCH/Drivers/CMSIS/Device/ST/STM32L4xx/Include/stm32l4r5xx.h:9207:40: error: called object is not a function or function pointer
 9207 | #define GPIO_MODER_MODE13_1            (0x2UL << GPIO_MODER_MODE13_Pos)        /*!< 0x08000000 */
      |                                        ^
../Src/main.c:40:19: note: in expansion of macro 'GPIO_MODER_MODE13_1'
   40 |  GPIOC->MODER &= ~GPIO_MODER_MODE13_1
      |                   ^~~~~~~~~~~~~~~~~~~
make: *** [Src/main.o] Error 1
make: *** Waiting for unfinished jobs....
../Drivers/STM32L4xx_HAL_Driver/Src/stm32l4xx_hal_exti.c: In function 'HAL_EXTI_GetPending':
../Drivers/STM32L4xx_HAL_Driver/Src/stm32l4xx_hal_exti.c:543:66: warning: unused parameter 'Edge' [-Wunused-parameter]
  543 | uint32_t HAL_EXTI_GetPending(EXTI_HandleTypeDef *hexti, uint32_t Edge)
      |                                                         ~~~~~~~~~^~~~
../Drivers/STM32L4xx_HAL_Driver/Src/stm32l4xx_hal_exti.c: In function 'HAL_EXTI_ClearPending':
../Drivers/STM32L4xx_HAL_Driver/Src/stm32l4xx_hal_exti.c:579:64: warning: unused parameter 'Edge' [-Wunused-parameter]
  579 | void HAL_EXTI_ClearPending(EXTI_HandleTypeDef *hexti, uint32_t Edge)
      |                                                       ~~~~~~~~~^~~~
Finished building: ../Src/system_stm32l4xx.c
 
Finished building: ../Src/msp.c
 
Finished building: ../Src/data.c
 
Finished building: ../Src/it.c
Finished building: ../Drivers/STM32L4xx_HAL_Driver/Src/stm32l4xx_hal_dma_ex.c
 
 
Finished building: ../Drivers/STM32L4xx_HAL_Driver/Src/stm32l4xx_hal.c
 
Finished building: ../Drivers/STM32L4xx_HAL_Driver/Src/stm32l4xx_hal_cortex.c
 
Finished building: ../Drivers/STM32L4xx_HAL_Driver/Src/stm32l4xx_hal_exti.c
 
Finished building: ../Drivers/STM32L4xx_HAL_Driver/Src/stm32l4xx_hal_dma.c
 
Finished building: ../Drivers/STM32L4xx_HAL_Driver/Src/stm32l4xx_hal_flash.c
 
"make -j11 all" terminated with exit code 2. Build might be incomplete.
17:25:47 **** Incremental Build of configuration Debug for project M2P_UART_TX_DMA_SCRATCH ****
make -j11 all 
Building file: ../Src/main.c
Building file: ../Drivers/STM32L4xx_HAL_Driver/Src/stm32l4xx_hal_flash_ex.c
Invoking: GNU ARM Cross C Compiler
Building file: ../Drivers/STM32L4xx_HAL_Driver/Src/stm32l4xx_hal_flash_ramfunc.c
arm-none-eabi-gcc -mcpu=cortex-m4 -mthumb -O0 -fmessage-length=0 -fsigned-char -ffunction-sections -fdata-sections -ffreestanding -fno-move-loop-invariants -Wall -Wextra  -g3 -DSTM32L4R5xx -DDEBUG -DTRACE -DOS_USE_TRACE_SEMIHOSTING_DEBUG -I"/Users/khoahuynh/Documents/Document/STM32L4R5ZIT6_NucleoL4R5ZI/Eclipse/DMA_PracticeWS/M2P_UART_TX_DMA_SCRATCH/Drivers/CMSIS/Device/ST/STM32L4xx/Include" -I"/Users/khoahuynh/Documents/Document/STM32L4R5ZIT6_NucleoL4R5ZI/Eclipse/DMA_PracticeWS/M2P_UART_TX_DMA_SCRATCH/Drivers/CMSIS/Include" -I"/Users/khoahuynh/Documents/Document/STM32L4R5ZIT6_NucleoL4R5ZI/Eclipse/DMA_PracticeWS/M2P_UART_TX_DMA_SCRATCH/Drivers/STM32L4xx_HAL_Driver/Inc" -I"/Users/khoahuynh/Documents/Document/STM32L4R5ZIT6_NucleoL4R5ZI/Eclipse/DMA_PracticeWS/M2P_UART_TX_DMA_SCRATCH/Drivers/STM32L4xx_HAL_Driver/Inc/Legacy" -I"/Users/khoahuynh/Documents/Document/STM32L4R5ZIT6_NucleoL4R5ZI/Eclipse/DMA_PracticeWS/M2P_UART_TX_DMA_SCRATCH/Inc" -std=gnu11 -MMD -MP -MF"Src/main.d" -MT"Src/main.o" -c -o "Src/main.o" "../Src/main.c"
Building file: ../Drivers/STM32L4xx_HAL_Driver/Src/stm32l4xx_hal_gpio.c
Invoking: GNU ARM Cross C Compiler
arm-none-eabi-gcc -mcpu=cortex-m4 -mthumb -O0 -fmessage-length=0 -fsigned-char -ffunction-sections -fdata-sections -ffreestanding -fno-move-loop-invariants -Wall -Wextra  -g3 -DSTM32L4R5xx -DDEBUG -DTRACE -DOS_USE_TRACE_SEMIHOSTING_DEBUG -I"/Users/khoahuynh/Documents/Document/STM32L4R5ZIT6_NucleoL4R5ZI/Eclipse/DMA_PracticeWS/M2P_UART_TX_DMA_SCRATCH/Drivers/CMSIS/Device/ST/STM32L4xx/Include" -I"/Users/khoahuynh/Documents/Document/STM32L4R5ZIT6_NucleoL4R5ZI/Eclipse/DMA_PracticeWS/M2P_UART_TX_DMA_SCRATCH/Drivers/CMSIS/Include" -I"/Users/khoahuynh/Documents/Document/STM32L4R5ZIT6_NucleoL4R5ZI/Eclipse/DMA_PracticeWS/M2P_UART_TX_DMA_SCRATCH/Drivers/STM32L4xx_HAL_Driver/Inc" -I"/Users/khoahuynh/Documents/Document/STM32L4R5ZIT6_NucleoL4R5ZI/Eclipse/DMA_PracticeWS/M2P_UART_TX_DMA_SCRATCH/Drivers/STM32L4xx_HAL_Driver/Inc/Legacy" -I"/Users/khoahuynh/Documents/Document/STM32L4R5ZIT6_NucleoL4R5ZI/Eclipse/DMA_PracticeWS/M2P_UART_TX_DMA_SCRATCH/Inc" -std=gnu11 -MMD -MP -MF"Drivers/STM32L4xx_HAL_Driver/Src/stm32l4xx_hal_flash_ex.d" -MT"Drivers/STM32L4xx_HAL_Driver/Src/stm32l4xx_hal_flash_ex.o" -c -o "Drivers/STM32L4xx_HAL_Driver/Src/stm32l4xx_hal_flash_ex.o" "../Drivers/STM32L4xx_HAL_Driver/Src/stm32l4xx_hal_flash_ex.c"
Invoking: GNU ARM Cross C Compiler
arm-none-eabi-gcc -mcpu=cortex-m4 -mthumb -O0 -fmessage-length=0 -fsigned-char -ffunction-sections -fdata-sections -ffreestanding -fno-move-loop-invariants -Wall -Wextra  -g3 -DSTM32L4R5xx -DDEBUG -DTRACE -DOS_USE_TRACE_SEMIHOSTING_DEBUG -I"/Users/khoahuynh/Documents/Document/STM32L4R5ZIT6_NucleoL4R5ZI/Eclipse/DMA_PracticeWS/M2P_UART_TX_DMA_SCRATCH/Drivers/CMSIS/Device/ST/STM32L4xx/Include" -I"/Users/khoahuynh/Documents/Document/STM32L4R5ZIT6_NucleoL4R5ZI/Eclipse/DMA_PracticeWS/M2P_UART_TX_DMA_SCRATCH/Drivers/CMSIS/Include" -I"/Users/khoahuynh/Documents/Document/STM32L4R5ZIT6_NucleoL4R5ZI/Eclipse/DMA_PracticeWS/M2P_UART_TX_DMA_SCRATCH/Drivers/STM32L4xx_HAL_Driver/Inc" -I"/Users/khoahuynh/Documents/Document/STM32L4R5ZIT6_NucleoL4R5ZI/Eclipse/DMA_PracticeWS/M2P_UART_TX_DMA_SCRATCH/Drivers/STM32L4xx_HAL_Driver/Inc/Legacy" -I"/Users/khoahuynh/Documents/Document/STM32L4R5ZIT6_NucleoL4R5ZI/Eclipse/DMA_PracticeWS/M2P_UART_TX_DMA_SCRATCH/Inc" -std=gnu11 -MMD -MP -MF"Drivers/STM32L4xx_HAL_Driver/Src/stm32l4xx_hal_gpio.d" -MT"Drivers/STM32L4xx_HAL_Driver/Src/stm32l4xx_hal_gpio.o" -c -o "Drivers/STM32L4xx_HAL_Driver/Src/stm32l4xx_hal_gpio.o" "../Drivers/STM32L4xx_HAL_Driver/Src/stm32l4xx_hal_gpio.c"
Invoking: GNU ARM Cross C Compiler
Building file: ../Drivers/STM32L4xx_HAL_Driver/Src/stm32l4xx_hal_i2c.c
arm-none-eabi-gcc -mcpu=cortex-m4 -mthumb -O0 -fmessage-length=0 -fsigned-char -ffunction-sections -fdata-sections -ffreestanding -fno-move-loop-invariants -Wall -Wextra  -g3 -DSTM32L4R5xx -DDEBUG -DTRACE -DOS_USE_TRACE_SEMIHOSTING_DEBUG -I"/Users/khoahuynh/Documents/Document/STM32L4R5ZIT6_NucleoL4R5ZI/Eclipse/DMA_PracticeWS/M2P_UART_TX_DMA_SCRATCH/Drivers/CMSIS/Device/ST/STM32L4xx/Include" -I"/Users/khoahuynh/Documents/Document/STM32L4R5ZIT6_NucleoL4R5ZI/Eclipse/DMA_PracticeWS/M2P_UART_TX_DMA_SCRATCH/Drivers/CMSIS/Include" -I"/Users/khoahuynh/Documents/Document/STM32L4R5ZIT6_NucleoL4R5ZI/Eclipse/DMA_PracticeWS/M2P_UART_TX_DMA_SCRATCH/Drivers/STM32L4xx_HAL_Driver/Inc" -I"/Users/khoahuynh/Documents/Document/STM32L4R5ZIT6_NucleoL4R5ZI/Eclipse/DMA_PracticeWS/M2P_UART_TX_DMA_SCRATCH/Drivers/STM32L4xx_HAL_Driver/Inc/Legacy" -I"/Users/khoahuynh/Documents/Document/STM32L4R5ZIT6_NucleoL4R5ZI/Eclipse/DMA_PracticeWS/M2P_UART_TX_DMA_SCRATCH/Inc" -std=gnu11 -MMD -MP -MF"Drivers/STM32L4xx_HAL_Driver/Src/stm32l4xx_hal_flash_ramfunc.d" -MT"Drivers/STM32L4xx_HAL_Driver/Src/stm32l4xx_hal_flash_ramfunc.o" -c -o "Drivers/STM32L4xx_HAL_Driver/Src/stm32l4xx_hal_flash_ramfunc.o" "../Drivers/STM32L4xx_HAL_Driver/Src/stm32l4xx_hal_flash_ramfunc.c"
Building file: ../Drivers/STM32L4xx_HAL_Driver/Src/stm32l4xx_hal_i2c_ex.c
Invoking: GNU ARM Cross C Compiler
arm-none-eabi-gcc -mcpu=cortex-m4 -mthumb -O0 -fmessage-length=0 -fsigned-char -ffunction-sections -fdata-sections -ffreestanding -fno-move-loop-invariants -Wall -Wextra  -g3 -DSTM32L4R5xx -DDEBUG -DTRACE -DOS_USE_TRACE_SEMIHOSTING_DEBUG -I"/Users/khoahuynh/Documents/Document/STM32L4R5ZIT6_NucleoL4R5ZI/Eclipse/DMA_PracticeWS/M2P_UART_TX_DMA_SCRATCH/Drivers/CMSIS/Device/ST/STM32L4xx/Include" -I"/Users/khoahuynh/Documents/Document/STM32L4R5ZIT6_NucleoL4R5ZI/Eclipse/DMA_PracticeWS/M2P_UART_TX_DMA_SCRATCH/Drivers/CMSIS/Include" -I"/Users/khoahuynh/Documents/Document/STM32L4R5ZIT6_NucleoL4R5ZI/Eclipse/DMA_PracticeWS/M2P_UART_TX_DMA_SCRATCH/Drivers/STM32L4xx_HAL_Driver/Inc" -I"/Users/khoahuynh/Documents/Document/STM32L4R5ZIT6_NucleoL4R5ZI/Eclipse/DMA_PracticeWS/M2P_UART_TX_DMA_SCRATCH/Drivers/STM32L4xx_HAL_Driver/Inc/Legacy" -I"/Users/khoahuynh/Documents/Document/STM32L4R5ZIT6_NucleoL4R5ZI/Eclipse/DMA_PracticeWS/M2P_UART_TX_DMA_SCRATCH/Inc" -std=gnu11 -MMD -MP -MF"Drivers/STM32L4xx_HAL_Driver/Src/stm32l4xx_hal_i2c.d" -MT"Drivers/STM32L4xx_HAL_Driver/Src/stm32l4xx_hal_i2c.o" -c -o "Drivers/STM32L4xx_HAL_Driver/Src/stm32l4xx_hal_i2c.o" "../Drivers/STM32L4xx_HAL_Driver/Src/stm32l4xx_hal_i2c.c"
Building file: ../Drivers/STM32L4xx_HAL_Driver/Src/stm32l4xx_hal_pcd.c
Invoking: GNU ARM Cross C Compiler
Building file: ../Drivers/STM32L4xx_HAL_Driver/Src/stm32l4xx_hal_pcd_ex.c
Invoking: GNU ARM Cross C Compiler
arm-none-eabi-gcc -mcpu=cortex-m4 -mthumb -O0 -fmessage-length=0 -fsigned-char -ffunction-sections -fdata-sections -ffreestanding -fno-move-loop-invariants -Wall -Wextra  -g3 -DSTM32L4R5xx -DDEBUG -DTRACE -DOS_USE_TRACE_SEMIHOSTING_DEBUG -I"/Users/khoahuynh/Documents/Document/STM32L4R5ZIT6_NucleoL4R5ZI/Eclipse/DMA_PracticeWS/M2P_UART_TX_DMA_SCRATCH/Drivers/CMSIS/Device/ST/STM32L4xx/Include" -I"/Users/khoahuynh/Documents/Document/STM32L4R5ZIT6_NucleoL4R5ZI/Eclipse/DMA_PracticeWS/M2P_UART_TX_DMA_SCRATCH/Drivers/CMSIS/Include" -I"/Users/khoahuynh/Documents/Document/STM32L4R5ZIT6_NucleoL4R5ZI/Eclipse/DMA_PracticeWS/M2P_UART_TX_DMA_SCRATCH/Drivers/STM32L4xx_HAL_Driver/Inc" -I"/Users/khoahuynh/Documents/Document/STM32L4R5ZIT6_NucleoL4R5ZI/Eclipse/DMA_PracticeWS/M2P_UART_TX_DMA_SCRATCH/Drivers/STM32L4xx_HAL_Driver/Inc/Legacy" -I"/Users/khoahuynh/Documents/Document/STM32L4R5ZIT6_NucleoL4R5ZI/Eclipse/DMA_PracticeWS/M2P_UART_TX_DMA_SCRATCH/Inc" -std=gnu11 -MMD -MP -MF"Drivers/STM32L4xx_HAL_Driver/Src/stm32l4xx_hal_i2c_ex.d" -MT"Drivers/STM32L4xx_HAL_Driver/Src/stm32l4xx_hal_i2c_ex.o" -c -o "Drivers/STM32L4xx_HAL_Driver/Src/stm32l4xx_hal_i2c_ex.o" "../Drivers/STM32L4xx_HAL_Driver/Src/stm32l4xx_hal_i2c_ex.c"
arm-none-eabi-gcc -mcpu=cortex-m4 -mthumb -O0 -fmessage-length=0 -fsigned-char -ffunction-sections -fdata-sections -ffreestanding -fno-move-loop-invariants -Wall -Wextra  -g3 -DSTM32L4R5xx -DDEBUG -DTRACE -DOS_USE_TRACE_SEMIHOSTING_DEBUG -I"/Users/khoahuynh/Documents/Document/STM32L4R5ZIT6_NucleoL4R5ZI/Eclipse/DMA_PracticeWS/M2P_UART_TX_DMA_SCRATCH/Drivers/CMSIS/Device/ST/STM32L4xx/Include" -I"/Users/khoahuynh/Documents/Document/STM32L4R5ZIT6_NucleoL4R5ZI/Eclipse/DMA_PracticeWS/M2P_UART_TX_DMA_SCRATCH/Drivers/CMSIS/Include" -I"/Users/khoahuynh/Documents/Document/STM32L4R5ZIT6_NucleoL4R5ZI/Eclipse/DMA_PracticeWS/M2P_UART_TX_DMA_SCRATCH/Drivers/STM32L4xx_HAL_Driver/Inc" -I"/Users/khoahuynh/Documents/Document/STM32L4R5ZIT6_NucleoL4R5ZI/Eclipse/DMA_PracticeWS/M2P_UART_TX_DMA_SCRATCH/Drivers/STM32L4xx_HAL_Driver/Inc/Legacy" -I"/Users/khoahuynh/Documents/Document/STM32L4R5ZIT6_NucleoL4R5ZI/Eclipse/DMA_PracticeWS/M2P_UART_TX_DMA_SCRATCH/Inc" -std=gnu11 -MMD -MP -MF"Drivers/STM32L4xx_HAL_Driver/Src/stm32l4xx_hal_pcd.d" -MT"Drivers/STM32L4xx_HAL_Driver/Src/stm32l4xx_hal_pcd.o" -c -o "Drivers/STM32L4xx_HAL_Driver/Src/stm32l4xx_hal_pcd.o" "../Drivers/STM32L4xx_HAL_Driver/Src/stm32l4xx_hal_pcd.c"
Building file: ../Drivers/STM32L4xx_HAL_Driver/Src/stm32l4xx_hal_pwr.c
Invoking: GNU ARM Cross C Compiler
arm-none-eabi-gcc -mcpu=cortex-m4 -mthumb -O0 -fmessage-length=0 -fsigned-char -ffunction-sections -fdata-sections -ffreestanding -fno-move-loop-invariants -Wall -Wextra  -g3 -DSTM32L4R5xx -DDEBUG -DTRACE -DOS_USE_TRACE_SEMIHOSTING_DEBUG -I"/Users/khoahuynh/Documents/Document/STM32L4R5ZIT6_NucleoL4R5ZI/Eclipse/DMA_PracticeWS/M2P_UART_TX_DMA_SCRATCH/Drivers/CMSIS/Device/ST/STM32L4xx/Include" -I"/Users/khoahuynh/Documents/Document/STM32L4R5ZIT6_NucleoL4R5ZI/Eclipse/DMA_PracticeWS/M2P_UART_TX_DMA_SCRATCH/Drivers/CMSIS/Include" -I"/Users/khoahuynh/Documents/Document/STM32L4R5ZIT6_NucleoL4R5ZI/Eclipse/DMA_PracticeWS/M2P_UART_TX_DMA_SCRATCH/Drivers/STM32L4xx_HAL_Driver/Inc" -I"/Users/khoahuynh/Documents/Document/STM32L4R5ZIT6_NucleoL4R5ZI/Eclipse/DMA_PracticeWS/M2P_UART_TX_DMA_SCRATCH/Drivers/STM32L4xx_HAL_Driver/Inc/Legacy" -I"/Users/khoahuynh/Documents/Document/STM32L4R5ZIT6_NucleoL4R5ZI/Eclipse/DMA_PracticeWS/M2P_UART_TX_DMA_SCRATCH/Inc" -std=gnu11 -MMD -MP -MF"Drivers/STM32L4xx_HAL_Driver/Src/stm32l4xx_hal_pcd_ex.d" -MT"Drivers/STM32L4xx_HAL_Driver/Src/stm32l4xx_hal_pcd_ex.o" -c -o "Drivers/STM32L4xx_HAL_Driver/Src/stm32l4xx_hal_pcd_ex.o" "../Drivers/STM32L4xx_HAL_Driver/Src/stm32l4xx_hal_pcd_ex.c"
Building file: ../Drivers/STM32L4xx_HAL_Driver/Src/stm32l4xx_hal_pwr_ex.c
Invoking: GNU ARM Cross C Compiler
arm-none-eabi-gcc -mcpu=cortex-m4 -mthumb -O0 -fmessage-length=0 -fsigned-char -ffunction-sections -fdata-sections -ffreestanding -fno-move-loop-invariants -Wall -Wextra  -g3 -DSTM32L4R5xx -DDEBUG -DTRACE -DOS_USE_TRACE_SEMIHOSTING_DEBUG -I"/Users/khoahuynh/Documents/Document/STM32L4R5ZIT6_NucleoL4R5ZI/Eclipse/DMA_PracticeWS/M2P_UART_TX_DMA_SCRATCH/Drivers/CMSIS/Device/ST/STM32L4xx/Include" -I"/Users/khoahuynh/Documents/Document/STM32L4R5ZIT6_NucleoL4R5ZI/Eclipse/DMA_PracticeWS/M2P_UART_TX_DMA_SCRATCH/Drivers/CMSIS/Include" -I"/Users/khoahuynh/Documents/Document/STM32L4R5ZIT6_NucleoL4R5ZI/Eclipse/DMA_PracticeWS/M2P_UART_TX_DMA_SCRATCH/Drivers/STM32L4xx_HAL_Driver/Inc" -I"/Users/khoahuynh/Documents/Document/STM32L4R5ZIT6_NucleoL4R5ZI/Eclipse/DMA_PracticeWS/M2P_UART_TX_DMA_SCRATCH/Drivers/STM32L4xx_HAL_Driver/Inc/Legacy" -I"/Users/khoahuynh/Documents/Document/STM32L4R5ZIT6_NucleoL4R5ZI/Eclipse/DMA_PracticeWS/M2P_UART_TX_DMA_SCRATCH/Inc" -std=gnu11 -MMD -MP -MF"Drivers/STM32L4xx_HAL_Driver/Src/stm32l4xx_hal_pwr.d" -MT"Drivers/STM32L4xx_HAL_Driver/Src/stm32l4xx_hal_pwr.o" -c -o "Drivers/STM32L4xx_HAL_Driver/Src/stm32l4xx_hal_pwr.o" "../Drivers/STM32L4xx_HAL_Driver/Src/stm32l4xx_hal_pwr.c"
Building file: ../Drivers/STM32L4xx_HAL_Driver/Src/stm32l4xx_hal_rcc.c
Invoking: GNU ARM Cross C Compiler
arm-none-eabi-gcc -mcpu=cortex-m4 -mthumb -O0 -fmessage-length=0 -fsigned-char -ffunction-sections -fdata-sections -ffreestanding -fno-move-loop-invariants -Wall -Wextra  -g3 -DSTM32L4R5xx -DDEBUG -DTRACE -DOS_USE_TRACE_SEMIHOSTING_DEBUG -I"/Users/khoahuynh/Documents/Document/STM32L4R5ZIT6_NucleoL4R5ZI/Eclipse/DMA_PracticeWS/M2P_UART_TX_DMA_SCRATCH/Drivers/CMSIS/Device/ST/STM32L4xx/Include" -I"/Users/khoahuynh/Documents/Document/STM32L4R5ZIT6_NucleoL4R5ZI/Eclipse/DMA_PracticeWS/M2P_UART_TX_DMA_SCRATCH/Drivers/CMSIS/Include" -I"/Users/khoahuynh/Documents/Document/STM32L4R5ZIT6_NucleoL4R5ZI/Eclipse/DMA_PracticeWS/M2P_UART_TX_DMA_SCRATCH/Drivers/STM32L4xx_HAL_Driver/Inc" -I"/Users/khoahuynh/Documents/Document/STM32L4R5ZIT6_NucleoL4R5ZI/Eclipse/DMA_PracticeWS/M2P_UART_TX_DMA_SCRATCH/Drivers/STM32L4xx_HAL_Driver/Inc/Legacy" -I"/Users/khoahuynh/Documents/Document/STM32L4R5ZIT6_NucleoL4R5ZI/Eclipse/DMA_PracticeWS/M2P_UART_TX_DMA_SCRATCH/Inc" -std=gnu11 -MMD -MP -MF"Drivers/STM32L4xx_HAL_Driver/Src/stm32l4xx_hal_pwr_ex.d" -MT"Drivers/STM32L4xx_HAL_Driver/Src/stm32l4xx_hal_pwr_ex.o" -c -o "Drivers/STM32L4xx_HAL_Driver/Src/stm32l4xx_hal_pwr_ex.o" "../Drivers/STM32L4xx_HAL_Driver/Src/stm32l4xx_hal_pwr_ex.c"
Invoking: GNU ARM Cross C Compiler
arm-none-eabi-gcc -mcpu=cortex-m4 -mthumb -O0 -fmessage-length=0 -fsigned-char -ffunction-sections -fdata-sections -ffreestanding -fno-move-loop-invariants -Wall -Wextra  -g3 -DSTM32L4R5xx -DDEBUG -DTRACE -DOS_USE_TRACE_SEMIHOSTING_DEBUG -I"/Users/khoahuynh/Documents/Document/STM32L4R5ZIT6_NucleoL4R5ZI/Eclipse/DMA_PracticeWS/M2P_UART_TX_DMA_SCRATCH/Drivers/CMSIS/Device/ST/STM32L4xx/Include" -I"/Users/khoahuynh/Documents/Document/STM32L4R5ZIT6_NucleoL4R5ZI/Eclipse/DMA_PracticeWS/M2P_UART_TX_DMA_SCRATCH/Drivers/CMSIS/Include" -I"/Users/khoahuynh/Documents/Document/STM32L4R5ZIT6_NucleoL4R5ZI/Eclipse/DMA_PracticeWS/M2P_UART_TX_DMA_SCRATCH/Drivers/STM32L4xx_HAL_Driver/Inc" -I"/Users/khoahuynh/Documents/Document/STM32L4R5ZIT6_NucleoL4R5ZI/Eclipse/DMA_PracticeWS/M2P_UART_TX_DMA_SCRATCH/Drivers/STM32L4xx_HAL_Driver/Inc/Legacy" -I"/Users/khoahuynh/Documents/Document/STM32L4R5ZIT6_NucleoL4R5ZI/Eclipse/DMA_PracticeWS/M2P_UART_TX_DMA_SCRATCH/Inc" -std=gnu11 -MMD -MP -MF"Drivers/STM32L4xx_HAL_Driver/Src/stm32l4xx_hal_rcc.d" -MT"Drivers/STM32L4xx_HAL_Driver/Src/stm32l4xx_hal_rcc.o" -c -o "Drivers/STM32L4xx_HAL_Driver/Src/stm32l4xx_hal_rcc.o" "../Drivers/STM32L4xx_HAL_Driver/Src/stm32l4xx_hal_rcc.c"
In file included from ../Src/main.c:10:
../Src/main.c: In function 'GPIO_Init':
/Users/khoahuynh/Documents/Document/STM32L4R5ZIT6_NucleoL4R5ZI/Eclipse/DMA_PracticeWS/M2P_UART_TX_DMA_SCRATCH/Drivers/CMSIS/Device/ST/STM32L4xx/Include/stm32l4r5xx.h:9207:40: error: called object is not a function or function pointer
 9207 | #define GPIO_MODER_MODE13_1            (0x2UL << GPIO_MODER_MODE13_Pos)        /*!< 0x08000000 */
      |                                        ^
../Src/main.c:40:19: note: in expansion of macro 'GPIO_MODER_MODE13_1'
   40 |  GPIOC->MODER &= ~GPIO_MODER_MODE13_1
      |                   ^~~~~~~~~~~~~~~~~~~
make: *** [Src/main.o] Error 1
make: *** Waiting for unfinished jobs....
Finished building: ../Drivers/STM32L4xx_HAL_Driver/Src/stm32l4xx_hal_flash_ramfunc.c
 
Finished building: ../Drivers/STM32L4xx_HAL_Driver/Src/stm32l4xx_hal_pcd_ex.c
 
Finished building: ../Drivers/STM32L4xx_HAL_Driver/Src/stm32l4xx_hal_i2c_ex.c
Finished building: ../Drivers/STM32L4xx_HAL_Driver/Src/stm32l4xx_hal_pwr.c
Finished building: ../Drivers/STM32L4xx_HAL_Driver/Src/stm32l4xx_hal_gpio.c
 
 
 
Finished building: ../Drivers/STM32L4xx_HAL_Driver/Src/stm32l4xx_hal_flash_ex.c
 
Finished building: ../Drivers/STM32L4xx_HAL_Driver/Src/stm32l4xx_hal_pwr_ex.c
 
Finished building: ../Drivers/STM32L4xx_HAL_Driver/Src/stm32l4xx_hal_rcc.c
 
Finished building: ../Drivers/STM32L4xx_HAL_Driver/Src/stm32l4xx_hal_pcd.c
 
Finished building: ../Drivers/STM32L4xx_HAL_Driver/Src/stm32l4xx_hal_i2c.c
 
"make -j11 all" terminated with exit code 2. Build might be incomplete.
17:26:08 **** Incremental Build of configuration Debug for project M2P_UART_TX_DMA_SCRATCH ****
make -j11 all 
Building file: ../Src/main.c
Invoking: GNU ARM Cross C Compiler
arm-none-eabi-gcc -mcpu=cortex-m4 -mthumb -O0 -fmessage-length=0 -fsigned-char -ffunction-sections -fdata-sections -ffreestanding -fno-move-loop-invariants -Wall -Wextra  -g3 -DSTM32L4R5xx -DDEBUG -DTRACE -DOS_USE_TRACE_SEMIHOSTING_DEBUG -I"/Users/khoahuynh/Documents/Document/STM32L4R5ZIT6_NucleoL4R5ZI/Eclipse/DMA_PracticeWS/M2P_UART_TX_DMA_SCRATCH/Drivers/CMSIS/Device/ST/STM32L4xx/Include" -I"/Users/khoahuynh/Documents/Document/STM32L4R5ZIT6_NucleoL4R5ZI/Eclipse/DMA_PracticeWS/M2P_UART_TX_DMA_SCRATCH/Drivers/CMSIS/Include" -I"/Users/khoahuynh/Documents/Document/STM32L4R5ZIT6_NucleoL4R5ZI/Eclipse/DMA_PracticeWS/M2P_UART_TX_DMA_SCRATCH/Drivers/STM32L4xx_HAL_Driver/Inc" -I"/Users/khoahuynh/Documents/Document/STM32L4R5ZIT6_NucleoL4R5ZI/Eclipse/DMA_PracticeWS/M2P_UART_TX_DMA_SCRATCH/Drivers/STM32L4xx_HAL_Driver/Inc/Legacy" -I"/Users/khoahuynh/Documents/Document/STM32L4R5ZIT6_NucleoL4R5ZI/Eclipse/DMA_PracticeWS/M2P_UART_TX_DMA_SCRATCH/Inc" -std=gnu11 -MMD -MP -MF"Src/main.d" -MT"Src/main.o" -c -o "Src/main.o" "../Src/main.c"
Building file: ../Drivers/STM32L4xx_HAL_Driver/Src/stm32l4xx_hal_rcc_ex.c
Building file: ../Drivers/STM32L4xx_HAL_Driver/Src/stm32l4xx_hal_tim.c
Building file: ../Drivers/STM32L4xx_HAL_Driver/Src/stm32l4xx_hal_tim_ex.c
Invoking: GNU ARM Cross C Compiler
arm-none-eabi-gcc -mcpu=cortex-m4 -mthumb -O0 -fmessage-length=0 -fsigned-char -ffunction-sections -fdata-sections -ffreestanding -fno-move-loop-invariants -Wall -Wextra  -g3 -DSTM32L4R5xx -DDEBUG -DTRACE -DOS_USE_TRACE_SEMIHOSTING_DEBUG -I"/Users/khoahuynh/Documents/Document/STM32L4R5ZIT6_NucleoL4R5ZI/Eclipse/DMA_PracticeWS/M2P_UART_TX_DMA_SCRATCH/Drivers/CMSIS/Device/ST/STM32L4xx/Include" -I"/Users/khoahuynh/Documents/Document/STM32L4R5ZIT6_NucleoL4R5ZI/Eclipse/DMA_PracticeWS/M2P_UART_TX_DMA_SCRATCH/Drivers/CMSIS/Include" -I"/Users/khoahuynh/Documents/Document/STM32L4R5ZIT6_NucleoL4R5ZI/Eclipse/DMA_PracticeWS/M2P_UART_TX_DMA_SCRATCH/Drivers/STM32L4xx_HAL_Driver/Inc" -I"/Users/khoahuynh/Documents/Document/STM32L4R5ZIT6_NucleoL4R5ZI/Eclipse/DMA_PracticeWS/M2P_UART_TX_DMA_SCRATCH/Drivers/STM32L4xx_HAL_Driver/Inc/Legacy" -I"/Users/khoahuynh/Documents/Document/STM32L4R5ZIT6_NucleoL4R5ZI/Eclipse/DMA_PracticeWS/M2P_UART_TX_DMA_SCRATCH/Inc" -std=gnu11 -MMD -MP -MF"Drivers/STM32L4xx_HAL_Driver/Src/stm32l4xx_hal_rcc_ex.d" -MT"Drivers/STM32L4xx_HAL_Driver/Src/stm32l4xx_hal_rcc_ex.o" -c -o "Drivers/STM32L4xx_HAL_Driver/Src/stm32l4xx_hal_rcc_ex.o" "../Drivers/STM32L4xx_HAL_Driver/Src/stm32l4xx_hal_rcc_ex.c"
Invoking: GNU ARM Cross C Compiler
arm-none-eabi-gcc -mcpu=cortex-m4 -mthumb -O0 -fmessage-length=0 -fsigned-char -ffunction-sections -fdata-sections -ffreestanding -fno-move-loop-invariants -Wall -Wextra  -g3 -DSTM32L4R5xx -DDEBUG -DTRACE -DOS_USE_TRACE_SEMIHOSTING_DEBUG -I"/Users/khoahuynh/Documents/Document/STM32L4R5ZIT6_NucleoL4R5ZI/Eclipse/DMA_PracticeWS/M2P_UART_TX_DMA_SCRATCH/Drivers/CMSIS/Device/ST/STM32L4xx/Include" -I"/Users/khoahuynh/Documents/Document/STM32L4R5ZIT6_NucleoL4R5ZI/Eclipse/DMA_PracticeWS/M2P_UART_TX_DMA_SCRATCH/Drivers/CMSIS/Include" -I"/Users/khoahuynh/Documents/Document/STM32L4R5ZIT6_NucleoL4R5ZI/Eclipse/DMA_PracticeWS/M2P_UART_TX_DMA_SCRATCH/Drivers/STM32L4xx_HAL_Driver/Inc" -I"/Users/khoahuynh/Documents/Document/STM32L4R5ZIT6_NucleoL4R5ZI/Eclipse/DMA_PracticeWS/M2P_UART_TX_DMA_SCRATCH/Drivers/STM32L4xx_HAL_Driver/Inc/Legacy" -I"/Users/khoahuynh/Documents/Document/STM32L4R5ZIT6_NucleoL4R5ZI/Eclipse/DMA_PracticeWS/M2P_UART_TX_DMA_SCRATCH/Inc" -std=gnu11 -MMD -MP -MF"Drivers/STM32L4xx_HAL_Driver/Src/stm32l4xx_hal_tim.d" -MT"Drivers/STM32L4xx_HAL_Driver/Src/stm32l4xx_hal_tim.o" -c -o "Drivers/STM32L4xx_HAL_Driver/Src/stm32l4xx_hal_tim.o" "../Drivers/STM32L4xx_HAL_Driver/Src/stm32l4xx_hal_tim.c"
Building file: ../Drivers/STM32L4xx_HAL_Driver/Src/stm32l4xx_hal_uart.c
Invoking: GNU ARM Cross C Compiler
arm-none-eabi-gcc -mcpu=cortex-m4 -mthumb -O0 -fmessage-length=0 -fsigned-char -ffunction-sections -fdata-sections -ffreestanding -fno-move-loop-invariants -Wall -Wextra  -g3 -DSTM32L4R5xx -DDEBUG -DTRACE -DOS_USE_TRACE_SEMIHOSTING_DEBUG -I"/Users/khoahuynh/Documents/Document/STM32L4R5ZIT6_NucleoL4R5ZI/Eclipse/DMA_PracticeWS/M2P_UART_TX_DMA_SCRATCH/Drivers/CMSIS/Device/ST/STM32L4xx/Include" -I"/Users/khoahuynh/Documents/Document/STM32L4R5ZIT6_NucleoL4R5ZI/Eclipse/DMA_PracticeWS/M2P_UART_TX_DMA_SCRATCH/Drivers/CMSIS/Include" -I"/Users/khoahuynh/Documents/Document/STM32L4R5ZIT6_NucleoL4R5ZI/Eclipse/DMA_PracticeWS/M2P_UART_TX_DMA_SCRATCH/Drivers/STM32L4xx_HAL_Driver/Inc" -I"/Users/khoahuynh/Documents/Document/STM32L4R5ZIT6_NucleoL4R5ZI/Eclipse/DMA_PracticeWS/M2P_UART_TX_DMA_SCRATCH/Drivers/STM32L4xx_HAL_Driver/Inc/Legacy" -I"/Users/khoahuynh/Documents/Document/STM32L4R5ZIT6_NucleoL4R5ZI/Eclipse/DMA_PracticeWS/M2P_UART_TX_DMA_SCRATCH/Inc" -std=gnu11 -MMD -MP -MF"Drivers/STM32L4xx_HAL_Driver/Src/stm32l4xx_hal_tim_ex.d" -MT"Drivers/STM32L4xx_HAL_Driver/Src/stm32l4xx_hal_tim_ex.o" -c -o "Drivers/STM32L4xx_HAL_Driver/Src/stm32l4xx_hal_tim_ex.o" "../Drivers/STM32L4xx_HAL_Driver/Src/stm32l4xx_hal_tim_ex.c"
Invoking: GNU ARM Cross C Compiler
Building file: ../Drivers/STM32L4xx_HAL_Driver/Src/stm32l4xx_hal_uart_ex.c
arm-none-eabi-gcc -mcpu=cortex-m4 -mthumb -O0 -fmessage-length=0 -fsigned-char -ffunction-sections -fdata-sections -ffreestanding -fno-move-loop-invariants -Wall -Wextra  -g3 -DSTM32L4R5xx -DDEBUG -DTRACE -DOS_USE_TRACE_SEMIHOSTING_DEBUG -I"/Users/khoahuynh/Documents/Document/STM32L4R5ZIT6_NucleoL4R5ZI/Eclipse/DMA_PracticeWS/M2P_UART_TX_DMA_SCRATCH/Drivers/CMSIS/Device/ST/STM32L4xx/Include" -I"/Users/khoahuynh/Documents/Document/STM32L4R5ZIT6_NucleoL4R5ZI/Eclipse/DMA_PracticeWS/M2P_UART_TX_DMA_SCRATCH/Drivers/CMSIS/Include" -I"/Users/khoahuynh/Documents/Document/STM32L4R5ZIT6_NucleoL4R5ZI/Eclipse/DMA_PracticeWS/M2P_UART_TX_DMA_SCRATCH/Drivers/STM32L4xx_HAL_Driver/Inc" -I"/Users/khoahuynh/Documents/Document/STM32L4R5ZIT6_NucleoL4R5ZI/Eclipse/DMA_PracticeWS/M2P_UART_TX_DMA_SCRATCH/Drivers/STM32L4xx_HAL_Driver/Inc/Legacy" -I"/Users/khoahuynh/Documents/Document/STM32L4R5ZIT6_NucleoL4R5ZI/Eclipse/DMA_PracticeWS/M2P_UART_TX_DMA_SCRATCH/Inc" -std=gnu11 -MMD -MP -MF"Drivers/STM32L4xx_HAL_Driver/Src/stm32l4xx_hal_uart.d" -MT"Drivers/STM32L4xx_HAL_Driver/Src/stm32l4xx_hal_uart.o" -c -o "Drivers/STM32L4xx_HAL_Driver/Src/stm32l4xx_hal_uart.o" "../Drivers/STM32L4xx_HAL_Driver/Src/stm32l4xx_hal_uart.c"
Building file: ../Drivers/STM32L4xx_HAL_Driver/Src/stm32l4xx_ll_usb.c
Invoking: GNU ARM Cross C Compiler
arm-none-eabi-gcc -mcpu=cortex-m4 -mthumb -O0 -fmessage-length=0 -fsigned-char -ffunction-sections -fdata-sections -ffreestanding -fno-move-loop-invariants -Wall -Wextra  -g3 -DSTM32L4R5xx -DDEBUG -DTRACE -DOS_USE_TRACE_SEMIHOSTING_DEBUG -I"/Users/khoahuynh/Documents/Document/STM32L4R5ZIT6_NucleoL4R5ZI/Eclipse/DMA_PracticeWS/M2P_UART_TX_DMA_SCRATCH/Drivers/CMSIS/Device/ST/STM32L4xx/Include" -I"/Users/khoahuynh/Documents/Document/STM32L4R5ZIT6_NucleoL4R5ZI/Eclipse/DMA_PracticeWS/M2P_UART_TX_DMA_SCRATCH/Drivers/CMSIS/Include" -I"/Users/khoahuynh/Documents/Document/STM32L4R5ZIT6_NucleoL4R5ZI/Eclipse/DMA_PracticeWS/M2P_UART_TX_DMA_SCRATCH/Drivers/STM32L4xx_HAL_Driver/Inc" -I"/Users/khoahuynh/Documents/Document/STM32L4R5ZIT6_NucleoL4R5ZI/Eclipse/DMA_PracticeWS/M2P_UART_TX_DMA_SCRATCH/Drivers/STM32L4xx_HAL_Driver/Inc/Legacy" -I"/Users/khoahuynh/Documents/Document/STM32L4R5ZIT6_NucleoL4R5ZI/Eclipse/DMA_PracticeWS/M2P_UART_TX_DMA_SCRATCH/Inc" -std=gnu11 -MMD -MP -MF"Drivers/STM32L4xx_HAL_Driver/Src/stm32l4xx_hal_uart_ex.d" -MT"Drivers/STM32L4xx_HAL_Driver/Src/stm32l4xx_hal_uart_ex.o" -c -o "Drivers/STM32L4xx_HAL_Driver/Src/stm32l4xx_hal_uart_ex.o" "../Drivers/STM32L4xx_HAL_Driver/Src/stm32l4xx_hal_uart_ex.c"
Invoking: GNU ARM Cross C Compiler
arm-none-eabi-gcc -mcpu=cortex-m4 -mthumb -O0 -fmessage-length=0 -fsigned-char -ffunction-sections -fdata-sections -ffreestanding -fno-move-loop-invariants -Wall -Wextra  -g3 -DSTM32L4R5xx -DDEBUG -DTRACE -DOS_USE_TRACE_SEMIHOSTING_DEBUG -I"/Users/khoahuynh/Documents/Document/STM32L4R5ZIT6_NucleoL4R5ZI/Eclipse/DMA_PracticeWS/M2P_UART_TX_DMA_SCRATCH/Drivers/CMSIS/Device/ST/STM32L4xx/Include" -I"/Users/khoahuynh/Documents/Document/STM32L4R5ZIT6_NucleoL4R5ZI/Eclipse/DMA_PracticeWS/M2P_UART_TX_DMA_SCRATCH/Drivers/CMSIS/Include" -I"/Users/khoahuynh/Documents/Document/STM32L4R5ZIT6_NucleoL4R5ZI/Eclipse/DMA_PracticeWS/M2P_UART_TX_DMA_SCRATCH/Drivers/STM32L4xx_HAL_Driver/Inc" -I"/Users/khoahuynh/Documents/Document/STM32L4R5ZIT6_NucleoL4R5ZI/Eclipse/DMA_PracticeWS/M2P_UART_TX_DMA_SCRATCH/Drivers/STM32L4xx_HAL_Driver/Inc/Legacy" -I"/Users/khoahuynh/Documents/Document/STM32L4R5ZIT6_NucleoL4R5ZI/Eclipse/DMA_PracticeWS/M2P_UART_TX_DMA_SCRATCH/Inc" -std=gnu11 -MMD -MP -MF"Drivers/STM32L4xx_HAL_Driver/Src/stm32l4xx_ll_usb.d" -MT"Drivers/STM32L4xx_HAL_Driver/Src/stm32l4xx_ll_usb.o" -c -o "Drivers/STM32L4xx_HAL_Driver/Src/stm32l4xx_ll_usb.o" "../Drivers/STM32L4xx_HAL_Driver/Src/stm32l4xx_ll_usb.c"
Finished building: ../Drivers/STM32L4xx_HAL_Driver/Src/stm32l4xx_hal_uart_ex.c
 
Finished building: ../Src/main.c
 
Finished building: ../Drivers/STM32L4xx_HAL_Driver/Src/stm32l4xx_hal_tim_ex.c
 
Finished building: ../Drivers/STM32L4xx_HAL_Driver/Src/stm32l4xx_hal_rcc_ex.c
 
Finished building: ../Drivers/STM32L4xx_HAL_Driver/Src/stm32l4xx_ll_usb.c
 
Finished building: ../Drivers/STM32L4xx_HAL_Driver/Src/stm32l4xx_hal_uart.c
 
Finished building: ../Drivers/STM32L4xx_HAL_Driver/Src/stm32l4xx_hal_tim.c
 
Building target: M2P_UART_TX_DMA_SCRATCH.elf
Invoking: GNU ARM Cross C++ Linker
arm-none-eabi-g++ -mcpu=cortex-m4 -mthumb -O0 -fmessage-length=0 -fsigned-char -ffunction-sections -fdata-sections -ffreestanding -fno-move-loop-invariants -Wall -Wextra  -g3 -T "/Users/khoahuynh/Documents/Document/STM32L4R5ZIT6_NucleoL4R5ZI/Eclipse/DMA_PracticeWS/M2P_UART_TX_DMA_SCRATCH/STM32L4R5ZITx_FLASH.ld" -Xlinker --gc-sections -Wl,-Map,"M2P_UART_TX_DMA_SCRATCH.map" --specs=nano.specs -o "M2P_UART_TX_DMA_SCRATCH.elf"  ./startup/startup_stm32l4r5xx.o  ./Src/data.o ./Src/it.o ./Src/main.o ./Src/msp.o ./Src/syscalls.o ./Src/system_stm32l4xx.o  ./Drivers/STM32L4xx_HAL_Driver/Src/stm32l4xx_hal.o ./Drivers/STM32L4xx_HAL_Driver/Src/stm32l4xx_hal_cortex.o ./Drivers/STM32L4xx_HAL_Driver/Src/stm32l4xx_hal_dma.o ./Drivers/STM32L4xx_HAL_Driver/Src/stm32l4xx_hal_dma_ex.o ./Drivers/STM32L4xx_HAL_Driver/Src/stm32l4xx_hal_exti.o ./Drivers/STM32L4xx_HAL_Driver/Src/stm32l4xx_hal_flash.o ./Drivers/STM32L4xx_HAL_Driver/Src/stm32l4xx_hal_flash_ex.o ./Drivers/STM32L4xx_HAL_Driver/Src/stm32l4xx_hal_flash_ramfunc.o ./Drivers/STM32L4xx_HAL_Driver/Src/stm32l4xx_hal_gpio.o ./Drivers/STM32L4xx_HAL_Driver/Src/stm32l4xx_hal_i2c.o ./Drivers/STM32L4xx_HAL_Driver/Src/stm32l4xx_hal_i2c_ex.o ./Drivers/STM32L4xx_HAL_Driver/Src/stm32l4xx_hal_pcd.o ./Drivers/STM32L4xx_HAL_Driver/Src/stm32l4xx_hal_pcd_ex.o ./Drivers/STM32L4xx_HAL_Driver/Src/stm32l4xx_hal_pwr.o ./Drivers/STM32L4xx_HAL_Driver/Src/stm32l4xx_hal_pwr_ex.o ./Drivers/STM32L4xx_HAL_Driver/Src/stm32l4xx_hal_rcc.o ./Drivers/STM32L4xx_HAL_Driver/Src/stm32l4xx_hal_rcc_ex.o ./Drivers/STM32L4xx_HAL_Driver/Src/stm32l4xx_hal_tim.o ./Drivers/STM32L4xx_HAL_Driver/Src/stm32l4xx_hal_tim_ex.o ./Drivers/STM32L4xx_HAL_Driver/Src/stm32l4xx_hal_uart.o ./Drivers/STM32L4xx_HAL_Driver/Src/stm32l4xx_hal_uart_ex.o ./Drivers/STM32L4xx_HAL_Driver/Src/stm32l4xx_ll_usb.o   
Finished building target: M2P_UART_TX_DMA_SCRATCH.elf
 
Invoking: GNU ARM Cross Create Flash Image
arm-none-eabi-objcopy -O ihex "M2P_UART_TX_DMA_SCRATCH.elf"  "M2P_UART_TX_DMA_SCRATCH.hex"
Invoking: GNU ARM Cross Print Size
arm-none-eabi-size --format=berkeley "M2P_UART_TX_DMA_SCRATCH.elf"
   text	   data	    bss	    dec	    hex	filename
   1096	     16	   1568	   2680	    a78	M2P_UART_TX_DMA_SCRATCH.elf
Finished building: M2P_UART_TX_DMA_SCRATCH.siz
Finished building: M2P_UART_TX_DMA_SCRATCH.hex
 
 
17:26:12 **** Incremental Build of configuration Debug for project M2P_UART_TX_DMA_SCRATCH ****
make -j11 all 
Invoking: GNU ARM Cross Print Size
arm-none-eabi-size --format=berkeley "M2P_UART_TX_DMA_SCRATCH.elf"
   text	   data	    bss	    dec	    hex	filename
   1096	     16	   1568	   2680	    a78	M2P_UART_TX_DMA_SCRATCH.elf
Finished building: M2P_UART_TX_DMA_SCRATCH.siz
 
17:26:52 **** Incremental Build of configuration Debug for project M2P_UART_TX_DMA_SCRATCH ****
make -j11 all 
Building file: ../Src/main.c
Invoking: GNU ARM Cross C Compiler
arm-none-eabi-gcc -mcpu=cortex-m4 -mthumb -O0 -fmessage-length=0 -fsigned-char -ffunction-sections -fdata-sections -ffreestanding -fno-move-loop-invariants -Wall -Wextra  -g3 -DSTM32L4R5xx -DDEBUG -DTRACE -DOS_USE_TRACE_SEMIHOSTING_DEBUG -I"/Users/khoahuynh/Documents/Document/STM32L4R5ZIT6_NucleoL4R5ZI/Eclipse/DMA_PracticeWS/M2P_UART_TX_DMA_SCRATCH/Drivers/CMSIS/Device/ST/STM32L4xx/Include" -I"/Users/khoahuynh/Documents/Document/STM32L4R5ZIT6_NucleoL4R5ZI/Eclipse/DMA_PracticeWS/M2P_UART_TX_DMA_SCRATCH/Drivers/CMSIS/Include" -I"/Users/khoahuynh/Documents/Document/STM32L4R5ZIT6_NucleoL4R5ZI/Eclipse/DMA_PracticeWS/M2P_UART_TX_DMA_SCRATCH/Drivers/STM32L4xx_HAL_Driver/Inc" -I"/Users/khoahuynh/Documents/Document/STM32L4R5ZIT6_NucleoL4R5ZI/Eclipse/DMA_PracticeWS/M2P_UART_TX_DMA_SCRATCH/Drivers/STM32L4xx_HAL_Driver/Inc/Legacy" -I"/Users/khoahuynh/Documents/Document/STM32L4R5ZIT6_NucleoL4R5ZI/Eclipse/DMA_PracticeWS/M2P_UART_TX_DMA_SCRATCH/Inc" -std=gnu11 -MMD -MP -MF"Src/main.d" -MT"Src/main.o" -c -o "Src/main.o" "../Src/main.c"
Finished building: ../Src/main.c
 
Building target: M2P_UART_TX_DMA_SCRATCH.elf
Invoking: GNU ARM Cross C++ Linker
arm-none-eabi-g++ -mcpu=cortex-m4 -mthumb -O0 -fmessage-length=0 -fsigned-char -ffunction-sections -fdata-sections -ffreestanding -fno-move-loop-invariants -Wall -Wextra  -g3 -T "/Users/khoahuynh/Documents/Document/STM32L4R5ZIT6_NucleoL4R5ZI/Eclipse/DMA_PracticeWS/M2P_UART_TX_DMA_SCRATCH/STM32L4R5ZITx_FLASH.ld" -Xlinker --gc-sections -Wl,-Map,"M2P_UART_TX_DMA_SCRATCH.map" --specs=nano.specs -o "M2P_UART_TX_DMA_SCRATCH.elf"  ./startup/startup_stm32l4r5xx.o  ./Src/data.o ./Src/it.o ./Src/main.o ./Src/msp.o ./Src/syscalls.o ./Src/system_stm32l4xx.o  ./Drivers/STM32L4xx_HAL_Driver/Src/stm32l4xx_hal.o ./Drivers/STM32L4xx_HAL_Driver/Src/stm32l4xx_hal_cortex.o ./Drivers/STM32L4xx_HAL_Driver/Src/stm32l4xx_hal_dma.o ./Drivers/STM32L4xx_HAL_Driver/Src/stm32l4xx_hal_dma_ex.o ./Drivers/STM32L4xx_HAL_Driver/Src/stm32l4xx_hal_exti.o ./Drivers/STM32L4xx_HAL_Driver/Src/stm32l4xx_hal_flash.o ./Drivers/STM32L4xx_HAL_Driver/Src/stm32l4xx_hal_flash_ex.o ./Drivers/STM32L4xx_HAL_Driver/Src/stm32l4xx_hal_flash_ramfunc.o ./Drivers/STM32L4xx_HAL_Driver/Src/stm32l4xx_hal_gpio.o ./Drivers/STM32L4xx_HAL_Driver/Src/stm32l4xx_hal_i2c.o ./Drivers/STM32L4xx_HAL_Driver/Src/stm32l4xx_hal_i2c_ex.o ./Drivers/STM32L4xx_HAL_Driver/Src/stm32l4xx_hal_pcd.o ./Drivers/STM32L4xx_HAL_Driver/Src/stm32l4xx_hal_pcd_ex.o ./Drivers/STM32L4xx_HAL_Driver/Src/stm32l4xx_hal_pwr.o ./Drivers/STM32L4xx_HAL_Driver/Src/stm32l4xx_hal_pwr_ex.o ./Drivers/STM32L4xx_HAL_Driver/Src/stm32l4xx_hal_rcc.o ./Drivers/STM32L4xx_HAL_Driver/Src/stm32l4xx_hal_rcc_ex.o ./Drivers/STM32L4xx_HAL_Driver/Src/stm32l4xx_hal_tim.o ./Drivers/STM32L4xx_HAL_Driver/Src/stm32l4xx_hal_tim_ex.o ./Drivers/STM32L4xx_HAL_Driver/Src/stm32l4xx_hal_uart.o ./Drivers/STM32L4xx_HAL_Driver/Src/stm32l4xx_hal_uart_ex.o ./Drivers/STM32L4xx_HAL_Driver/Src/stm32l4xx_ll_usb.o   
Finished building target: M2P_UART_TX_DMA_SCRATCH.elf
 
Invoking: GNU ARM Cross Create Flash Image
arm-none-eabi-objcopy -O ihex "M2P_UART_TX_DMA_SCRATCH.elf"  "M2P_UART_TX_DMA_SCRATCH.hex"
Invoking: GNU ARM Cross Print Size
arm-none-eabi-size --format=berkeley "M2P_UART_TX_DMA_SCRATCH.elf"
   text	   data	    bss	    dec	    hex	filename
   1112	     16	   1568	   2696	    a88	M2P_UART_TX_DMA_SCRATCH.elf
Finished building: M2P_UART_TX_DMA_SCRATCH.siz
Finished building: M2P_UART_TX_DMA_SCRATCH.hex
 
 
17:27:23 **** Incremental Build of configuration Debug for project M2P_UART_TX_DMA_SCRATCH ****
make -j11 all 
Building file: ../Src/main.c
Invoking: GNU ARM Cross C Compiler
arm-none-eabi-gcc -mcpu=cortex-m4 -mthumb -O0 -fmessage-length=0 -fsigned-char -ffunction-sections -fdata-sections -ffreestanding -fno-move-loop-invariants -Wall -Wextra  -g3 -DSTM32L4R5xx -DDEBUG -DTRACE -DOS_USE_TRACE_SEMIHOSTING_DEBUG -I"/Users/khoahuynh/Documents/Document/STM32L4R5ZIT6_NucleoL4R5ZI/Eclipse/DMA_PracticeWS/M2P_UART_TX_DMA_SCRATCH/Drivers/CMSIS/Device/ST/STM32L4xx/Include" -I"/Users/khoahuynh/Documents/Document/STM32L4R5ZIT6_NucleoL4R5ZI/Eclipse/DMA_PracticeWS/M2P_UART_TX_DMA_SCRATCH/Drivers/CMSIS/Include" -I"/Users/khoahuynh/Documents/Document/STM32L4R5ZIT6_NucleoL4R5ZI/Eclipse/DMA_PracticeWS/M2P_UART_TX_DMA_SCRATCH/Drivers/STM32L4xx_HAL_Driver/Inc" -I"/Users/khoahuynh/Documents/Document/STM32L4R5ZIT6_NucleoL4R5ZI/Eclipse/DMA_PracticeWS/M2P_UART_TX_DMA_SCRATCH/Drivers/STM32L4xx_HAL_Driver/Inc/Legacy" -I"/Users/khoahuynh/Documents/Document/STM32L4R5ZIT6_NucleoL4R5ZI/Eclipse/DMA_PracticeWS/M2P_UART_TX_DMA_SCRATCH/Inc" -std=gnu11 -MMD -MP -MF"Src/main.d" -MT"Src/main.o" -c -o "Src/main.o" "../Src/main.c"
Finished building: ../Src/main.c
 
Building target: M2P_UART_TX_DMA_SCRATCH.elf
Invoking: GNU ARM Cross C++ Linker
arm-none-eabi-g++ -mcpu=cortex-m4 -mthumb -O0 -fmessage-length=0 -fsigned-char -ffunction-sections -fdata-sections -ffreestanding -fno-move-loop-invariants -Wall -Wextra  -g3 -T "/Users/khoahuynh/Documents/Document/STM32L4R5ZIT6_NucleoL4R5ZI/Eclipse/DMA_PracticeWS/M2P_UART_TX_DMA_SCRATCH/STM32L4R5ZITx_FLASH.ld" -Xlinker --gc-sections -Wl,-Map,"M2P_UART_TX_DMA_SCRATCH.map" --specs=nano.specs -o "M2P_UART_TX_DMA_SCRATCH.elf"  ./startup/startup_stm32l4r5xx.o  ./Src/data.o ./Src/it.o ./Src/main.o ./Src/msp.o ./Src/syscalls.o ./Src/system_stm32l4xx.o  ./Drivers/STM32L4xx_HAL_Driver/Src/stm32l4xx_hal.o ./Drivers/STM32L4xx_HAL_Driver/Src/stm32l4xx_hal_cortex.o ./Drivers/STM32L4xx_HAL_Driver/Src/stm32l4xx_hal_dma.o ./Drivers/STM32L4xx_HAL_Driver/Src/stm32l4xx_hal_dma_ex.o ./Drivers/STM32L4xx_HAL_Driver/Src/stm32l4xx_hal_exti.o ./Drivers/STM32L4xx_HAL_Driver/Src/stm32l4xx_hal_flash.o ./Drivers/STM32L4xx_HAL_Driver/Src/stm32l4xx_hal_flash_ex.o ./Drivers/STM32L4xx_HAL_Driver/Src/stm32l4xx_hal_flash_ramfunc.o ./Drivers/STM32L4xx_HAL_Driver/Src/stm32l4xx_hal_gpio.o ./Drivers/STM32L4xx_HAL_Driver/Src/stm32l4xx_hal_i2c.o ./Drivers/STM32L4xx_HAL_Driver/Src/stm32l4xx_hal_i2c_ex.o ./Drivers/STM32L4xx_HAL_Driver/Src/stm32l4xx_hal_pcd.o ./Drivers/STM32L4xx_HAL_Driver/Src/stm32l4xx_hal_pcd_ex.o ./Drivers/STM32L4xx_HAL_Driver/Src/stm32l4xx_hal_pwr.o ./Drivers/STM32L4xx_HAL_Driver/Src/stm32l4xx_hal_pwr_ex.o ./Drivers/STM32L4xx_HAL_Driver/Src/stm32l4xx_hal_rcc.o ./Drivers/STM32L4xx_HAL_Driver/Src/stm32l4xx_hal_rcc_ex.o ./Drivers/STM32L4xx_HAL_Driver/Src/stm32l4xx_hal_tim.o ./Drivers/STM32L4xx_HAL_Driver/Src/stm32l4xx_hal_tim_ex.o ./Drivers/STM32L4xx_HAL_Driver/Src/stm32l4xx_hal_uart.o ./Drivers/STM32L4xx_HAL_Driver/Src/stm32l4xx_hal_uart_ex.o ./Drivers/STM32L4xx_HAL_Driver/Src/stm32l4xx_ll_usb.o   
Finished building target: M2P_UART_TX_DMA_SCRATCH.elf
 
Invoking: GNU ARM Cross Create Flash Image
arm-none-eabi-objcopy -O ihex "M2P_UART_TX_DMA_SCRATCH.elf"  "M2P_UART_TX_DMA_SCRATCH.hex"
Invoking: GNU ARM Cross Print Size
arm-none-eabi-size --format=berkeley "M2P_UART_TX_DMA_SCRATCH.elf"
   text	   data	    bss	    dec	    hex	filename
   1112	     16	   1568	   2696	    a88	M2P_UART_TX_DMA_SCRATCH.elf
Finished building: M2P_UART_TX_DMA_SCRATCH.siz
Finished building: M2P_UART_TX_DMA_SCRATCH.hex
 
 
17:27:44 **** Incremental Build of configuration Debug for project M2P_UART_TX_DMA_SCRATCH ****
make -j11 all 
Building file: ../Src/main.c
Invoking: GNU ARM Cross C Compiler
arm-none-eabi-gcc -mcpu=cortex-m4 -mthumb -O0 -fmessage-length=0 -fsigned-char -ffunction-sections -fdata-sections -ffreestanding -fno-move-loop-invariants -Wall -Wextra  -g3 -DSTM32L4R5xx -DDEBUG -DTRACE -DOS_USE_TRACE_SEMIHOSTING_DEBUG -I"/Users/khoahuynh/Documents/Document/STM32L4R5ZIT6_NucleoL4R5ZI/Eclipse/DMA_PracticeWS/M2P_UART_TX_DMA_SCRATCH/Drivers/CMSIS/Device/ST/STM32L4xx/Include" -I"/Users/khoahuynh/Documents/Document/STM32L4R5ZIT6_NucleoL4R5ZI/Eclipse/DMA_PracticeWS/M2P_UART_TX_DMA_SCRATCH/Drivers/CMSIS/Include" -I"/Users/khoahuynh/Documents/Document/STM32L4R5ZIT6_NucleoL4R5ZI/Eclipse/DMA_PracticeWS/M2P_UART_TX_DMA_SCRATCH/Drivers/STM32L4xx_HAL_Driver/Inc" -I"/Users/khoahuynh/Documents/Document/STM32L4R5ZIT6_NucleoL4R5ZI/Eclipse/DMA_PracticeWS/M2P_UART_TX_DMA_SCRATCH/Drivers/STM32L4xx_HAL_Driver/Inc/Legacy" -I"/Users/khoahuynh/Documents/Document/STM32L4R5ZIT6_NucleoL4R5ZI/Eclipse/DMA_PracticeWS/M2P_UART_TX_DMA_SCRATCH/Inc" -std=gnu11 -MMD -MP -MF"Src/main.d" -MT"Src/main.o" -c -o "Src/main.o" "../Src/main.c"
Finished building: ../Src/main.c
 
Building target: M2P_UART_TX_DMA_SCRATCH.elf
Invoking: GNU ARM Cross C++ Linker
arm-none-eabi-g++ -mcpu=cortex-m4 -mthumb -O0 -fmessage-length=0 -fsigned-char -ffunction-sections -fdata-sections -ffreestanding -fno-move-loop-invariants -Wall -Wextra  -g3 -T "/Users/khoahuynh/Documents/Document/STM32L4R5ZIT6_NucleoL4R5ZI/Eclipse/DMA_PracticeWS/M2P_UART_TX_DMA_SCRATCH/STM32L4R5ZITx_FLASH.ld" -Xlinker --gc-sections -Wl,-Map,"M2P_UART_TX_DMA_SCRATCH.map" --specs=nano.specs -o "M2P_UART_TX_DMA_SCRATCH.elf"  ./startup/startup_stm32l4r5xx.o  ./Src/data.o ./Src/it.o ./Src/main.o ./Src/msp.o ./Src/syscalls.o ./Src/system_stm32l4xx.o  ./Drivers/STM32L4xx_HAL_Driver/Src/stm32l4xx_hal.o ./Drivers/STM32L4xx_HAL_Driver/Src/stm32l4xx_hal_cortex.o ./Drivers/STM32L4xx_HAL_Driver/Src/stm32l4xx_hal_dma.o ./Drivers/STM32L4xx_HAL_Driver/Src/stm32l4xx_hal_dma_ex.o ./Drivers/STM32L4xx_HAL_Driver/Src/stm32l4xx_hal_exti.o ./Drivers/STM32L4xx_HAL_Driver/Src/stm32l4xx_hal_flash.o ./Drivers/STM32L4xx_HAL_Driver/Src/stm32l4xx_hal_flash_ex.o ./Drivers/STM32L4xx_HAL_Driver/Src/stm32l4xx_hal_flash_ramfunc.o ./Drivers/STM32L4xx_HAL_Driver/Src/stm32l4xx_hal_gpio.o ./Drivers/STM32L4xx_HAL_Driver/Src/stm32l4xx_hal_i2c.o ./Drivers/STM32L4xx_HAL_Driver/Src/stm32l4xx_hal_i2c_ex.o ./Drivers/STM32L4xx_HAL_Driver/Src/stm32l4xx_hal_pcd.o ./Drivers/STM32L4xx_HAL_Driver/Src/stm32l4xx_hal_pcd_ex.o ./Drivers/STM32L4xx_HAL_Driver/Src/stm32l4xx_hal_pwr.o ./Drivers/STM32L4xx_HAL_Driver/Src/stm32l4xx_hal_pwr_ex.o ./Drivers/STM32L4xx_HAL_Driver/Src/stm32l4xx_hal_rcc.o ./Drivers/STM32L4xx_HAL_Driver/Src/stm32l4xx_hal_rcc_ex.o ./Drivers/STM32L4xx_HAL_Driver/Src/stm32l4xx_hal_tim.o ./Drivers/STM32L4xx_HAL_Driver/Src/stm32l4xx_hal_tim_ex.o ./Drivers/STM32L4xx_HAL_Driver/Src/stm32l4xx_hal_uart.o ./Drivers/STM32L4xx_HAL_Driver/Src/stm32l4xx_hal_uart_ex.o ./Drivers/STM32L4xx_HAL_Driver/Src/stm32l4xx_ll_usb.o   
Finished building target: M2P_UART_TX_DMA_SCRATCH.elf
 
Invoking: GNU ARM Cross Create Flash Image
arm-none-eabi-objcopy -O ihex "M2P_UART_TX_DMA_SCRATCH.elf"  "M2P_UART_TX_DMA_SCRATCH.hex"
Invoking: GNU ARM Cross Print Size
arm-none-eabi-size --format=berkeley "M2P_UART_TX_DMA_SCRATCH.elf"
   text	   data	    bss	    dec	    hex	filename
   1096	     16	   1568	   2680	    a78	M2P_UART_TX_DMA_SCRATCH.elf
Finished building: M2P_UART_TX_DMA_SCRATCH.siz
Finished building: M2P_UART_TX_DMA_SCRATCH.hex
 
 
17:28:36 **** Incremental Build of configuration Debug for project M2P_UART_TX_DMA_SCRATCH ****
make -j11 all 
Invoking: GNU ARM Cross Print Size
arm-none-eabi-size --format=berkeley "M2P_UART_TX_DMA_SCRATCH.elf"
   text	   data	    bss	    dec	    hex	filename
   1096	     16	   1568	   2680	    a78	M2P_UART_TX_DMA_SCRATCH.elf
Finished building: M2P_UART_TX_DMA_SCRATCH.siz
 
17:33:15 **** Incremental Build of configuration Debug for project M2P_UART_TX_DMA_SCRATCH ****
make -j11 all 
Building file: ../Src/main.c
Invoking: GNU ARM Cross C Compiler
arm-none-eabi-gcc -mcpu=cortex-m4 -mthumb -O0 -fmessage-length=0 -fsigned-char -ffunction-sections -fdata-sections -ffreestanding -fno-move-loop-invariants -Wall -Wextra  -g3 -DSTM32L4R5xx -DDEBUG -DTRACE -DOS_USE_TRACE_SEMIHOSTING_DEBUG -I"/Users/khoahuynh/Documents/Document/STM32L4R5ZIT6_NucleoL4R5ZI/Eclipse/DMA_PracticeWS/M2P_UART_TX_DMA_SCRATCH/Drivers/CMSIS/Device/ST/STM32L4xx/Include" -I"/Users/khoahuynh/Documents/Document/STM32L4R5ZIT6_NucleoL4R5ZI/Eclipse/DMA_PracticeWS/M2P_UART_TX_DMA_SCRATCH/Drivers/CMSIS/Include" -I"/Users/khoahuynh/Documents/Document/STM32L4R5ZIT6_NucleoL4R5ZI/Eclipse/DMA_PracticeWS/M2P_UART_TX_DMA_SCRATCH/Drivers/STM32L4xx_HAL_Driver/Inc" -I"/Users/khoahuynh/Documents/Document/STM32L4R5ZIT6_NucleoL4R5ZI/Eclipse/DMA_PracticeWS/M2P_UART_TX_DMA_SCRATCH/Drivers/STM32L4xx_HAL_Driver/Inc/Legacy" -I"/Users/khoahuynh/Documents/Document/STM32L4R5ZIT6_NucleoL4R5ZI/Eclipse/DMA_PracticeWS/M2P_UART_TX_DMA_SCRATCH/Inc" -std=gnu11 -MMD -MP -MF"Src/main.d" -MT"Src/main.o" -c -o "Src/main.o" "../Src/main.c"
Finished building: ../Src/main.c
 
Building target: M2P_UART_TX_DMA_SCRATCH.elf
Invoking: GNU ARM Cross C++ Linker
arm-none-eabi-g++ -mcpu=cortex-m4 -mthumb -O0 -fmessage-length=0 -fsigned-char -ffunction-sections -fdata-sections -ffreestanding -fno-move-loop-invariants -Wall -Wextra  -g3 -T "/Users/khoahuynh/Documents/Document/STM32L4R5ZIT6_NucleoL4R5ZI/Eclipse/DMA_PracticeWS/M2P_UART_TX_DMA_SCRATCH/STM32L4R5ZITx_FLASH.ld" -Xlinker --gc-sections -Wl,-Map,"M2P_UART_TX_DMA_SCRATCH.map" --specs=nano.specs -o "M2P_UART_TX_DMA_SCRATCH.elf"  ./startup/startup_stm32l4r5xx.o  ./Src/data.o ./Src/it.o ./Src/main.o ./Src/msp.o ./Src/syscalls.o ./Src/system_stm32l4xx.o  ./Drivers/STM32L4xx_HAL_Driver/Src/stm32l4xx_hal.o ./Drivers/STM32L4xx_HAL_Driver/Src/stm32l4xx_hal_cortex.o ./Drivers/STM32L4xx_HAL_Driver/Src/stm32l4xx_hal_dma.o ./Drivers/STM32L4xx_HAL_Driver/Src/stm32l4xx_hal_dma_ex.o ./Drivers/STM32L4xx_HAL_Driver/Src/stm32l4xx_hal_exti.o ./Drivers/STM32L4xx_HAL_Driver/Src/stm32l4xx_hal_flash.o ./Drivers/STM32L4xx_HAL_Driver/Src/stm32l4xx_hal_flash_ex.o ./Drivers/STM32L4xx_HAL_Driver/Src/stm32l4xx_hal_flash_ramfunc.o ./Drivers/STM32L4xx_HAL_Driver/Src/stm32l4xx_hal_gpio.o ./Drivers/STM32L4xx_HAL_Driver/Src/stm32l4xx_hal_i2c.o ./Drivers/STM32L4xx_HAL_Driver/Src/stm32l4xx_hal_i2c_ex.o ./Drivers/STM32L4xx_HAL_Driver/Src/stm32l4xx_hal_pcd.o ./Drivers/STM32L4xx_HAL_Driver/Src/stm32l4xx_hal_pcd_ex.o ./Drivers/STM32L4xx_HAL_Driver/Src/stm32l4xx_hal_pwr.o ./Drivers/STM32L4xx_HAL_Driver/Src/stm32l4xx_hal_pwr_ex.o ./Drivers/STM32L4xx_HAL_Driver/Src/stm32l4xx_hal_rcc.o ./Drivers/STM32L4xx_HAL_Driver/Src/stm32l4xx_hal_rcc_ex.o ./Drivers/STM32L4xx_HAL_Driver/Src/stm32l4xx_hal_tim.o ./Drivers/STM32L4xx_HAL_Driver/Src/stm32l4xx_hal_tim_ex.o ./Drivers/STM32L4xx_HAL_Driver/Src/stm32l4xx_hal_uart.o ./Drivers/STM32L4xx_HAL_Driver/Src/stm32l4xx_hal_uart_ex.o ./Drivers/STM32L4xx_HAL_Driver/Src/stm32l4xx_ll_usb.o   
Finished building target: M2P_UART_TX_DMA_SCRATCH.elf
 
Invoking: GNU ARM Cross Create Flash Image
arm-none-eabi-objcopy -O ihex "M2P_UART_TX_DMA_SCRATCH.elf"  "M2P_UART_TX_DMA_SCRATCH.hex"
Invoking: GNU ARM Cross Print Size
arm-none-eabi-size --format=berkeley "M2P_UART_TX_DMA_SCRATCH.elf"
   text	   data	    bss	    dec	    hex	filename
   1096	     16	   1568	   2680	    a78	M2P_UART_TX_DMA_SCRATCH.elf
Finished building: M2P_UART_TX_DMA_SCRATCH.siz
Finished building: M2P_UART_TX_DMA_SCRATCH.hex
 
 
17:39:20 **** Incremental Build of configuration Debug for project M2P_UART_TX_DMA_SCRATCH ****
make -j11 all 
Building file: ../Src/main.c
Invoking: GNU ARM Cross C Compiler
arm-none-eabi-gcc -mcpu=cortex-m4 -mthumb -O0 -fmessage-length=0 -fsigned-char -ffunction-sections -fdata-sections -ffreestanding -fno-move-loop-invariants -Wall -Wextra  -g3 -DSTM32L4R5xx -DDEBUG -DTRACE -DOS_USE_TRACE_SEMIHOSTING_DEBUG -I"/Users/khoahuynh/Documents/Document/STM32L4R5ZIT6_NucleoL4R5ZI/Eclipse/DMA_PracticeWS/M2P_UART_TX_DMA_SCRATCH/Drivers/CMSIS/Device/ST/STM32L4xx/Include" -I"/Users/khoahuynh/Documents/Document/STM32L4R5ZIT6_NucleoL4R5ZI/Eclipse/DMA_PracticeWS/M2P_UART_TX_DMA_SCRATCH/Drivers/CMSIS/Include" -I"/Users/khoahuynh/Documents/Document/STM32L4R5ZIT6_NucleoL4R5ZI/Eclipse/DMA_PracticeWS/M2P_UART_TX_DMA_SCRATCH/Drivers/STM32L4xx_HAL_Driver/Inc" -I"/Users/khoahuynh/Documents/Document/STM32L4R5ZIT6_NucleoL4R5ZI/Eclipse/DMA_PracticeWS/M2P_UART_TX_DMA_SCRATCH/Drivers/STM32L4xx_HAL_Driver/Inc/Legacy" -I"/Users/khoahuynh/Documents/Document/STM32L4R5ZIT6_NucleoL4R5ZI/Eclipse/DMA_PracticeWS/M2P_UART_TX_DMA_SCRATCH/Inc" -std=gnu11 -MMD -MP -MF"Src/main.d" -MT"Src/main.o" -c -o "Src/main.o" "../Src/main.c"
Finished building: ../Src/main.c
 
Building target: M2P_UART_TX_DMA_SCRATCH.elf
Invoking: GNU ARM Cross C++ Linker
arm-none-eabi-g++ -mcpu=cortex-m4 -mthumb -O0 -fmessage-length=0 -fsigned-char -ffunction-sections -fdata-sections -ffreestanding -fno-move-loop-invariants -Wall -Wextra  -g3 -T "/Users/khoahuynh/Documents/Document/STM32L4R5ZIT6_NucleoL4R5ZI/Eclipse/DMA_PracticeWS/M2P_UART_TX_DMA_SCRATCH/STM32L4R5ZITx_FLASH.ld" -Xlinker --gc-sections -Wl,-Map,"M2P_UART_TX_DMA_SCRATCH.map" --specs=nano.specs -o "M2P_UART_TX_DMA_SCRATCH.elf"  ./startup/startup_stm32l4r5xx.o  ./Src/data.o ./Src/it.o ./Src/main.o ./Src/msp.o ./Src/syscalls.o ./Src/system_stm32l4xx.o  ./Drivers/STM32L4xx_HAL_Driver/Src/stm32l4xx_hal.o ./Drivers/STM32L4xx_HAL_Driver/Src/stm32l4xx_hal_cortex.o ./Drivers/STM32L4xx_HAL_Driver/Src/stm32l4xx_hal_dma.o ./Drivers/STM32L4xx_HAL_Driver/Src/stm32l4xx_hal_dma_ex.o ./Drivers/STM32L4xx_HAL_Driver/Src/stm32l4xx_hal_exti.o ./Drivers/STM32L4xx_HAL_Driver/Src/stm32l4xx_hal_flash.o ./Drivers/STM32L4xx_HAL_Driver/Src/stm32l4xx_hal_flash_ex.o ./Drivers/STM32L4xx_HAL_Driver/Src/stm32l4xx_hal_flash_ramfunc.o ./Drivers/STM32L4xx_HAL_Driver/Src/stm32l4xx_hal_gpio.o ./Drivers/STM32L4xx_HAL_Driver/Src/stm32l4xx_hal_i2c.o ./Drivers/STM32L4xx_HAL_Driver/Src/stm32l4xx_hal_i2c_ex.o ./Drivers/STM32L4xx_HAL_Driver/Src/stm32l4xx_hal_pcd.o ./Drivers/STM32L4xx_HAL_Driver/Src/stm32l4xx_hal_pcd_ex.o ./Drivers/STM32L4xx_HAL_Driver/Src/stm32l4xx_hal_pwr.o ./Drivers/STM32L4xx_HAL_Driver/Src/stm32l4xx_hal_pwr_ex.o ./Drivers/STM32L4xx_HAL_Driver/Src/stm32l4xx_hal_rcc.o ./Drivers/STM32L4xx_HAL_Driver/Src/stm32l4xx_hal_rcc_ex.o ./Drivers/STM32L4xx_HAL_Driver/Src/stm32l4xx_hal_tim.o ./Drivers/STM32L4xx_HAL_Driver/Src/stm32l4xx_hal_tim_ex.o ./Drivers/STM32L4xx_HAL_Driver/Src/stm32l4xx_hal_uart.o ./Drivers/STM32L4xx_HAL_Driver/Src/stm32l4xx_hal_uart_ex.o ./Drivers/STM32L4xx_HAL_Driver/Src/stm32l4xx_ll_usb.o   
Finished building target: M2P_UART_TX_DMA_SCRATCH.elf
 
Invoking: GNU ARM Cross Create Flash Image
arm-none-eabi-objcopy -O ihex "M2P_UART_TX_DMA_SCRATCH.elf"  "M2P_UART_TX_DMA_SCRATCH.hex"
Invoking: GNU ARM Cross Print Size
arm-none-eabi-size --format=berkeley "M2P_UART_TX_DMA_SCRATCH.elf"
   text	   data	    bss	    dec	    hex	filename
   1088	     16	   1568	   2672	    a70	M2P_UART_TX_DMA_SCRATCH.elf
Finished building: M2P_UART_TX_DMA_SCRATCH.siz
Finished building: M2P_UART_TX_DMA_SCRATCH.hex
 
 
17:39:25 **** Incremental Build of configuration Debug for project M2P_UART_TX_DMA_SCRATCH ****
make -j11 all 
Invoking: GNU ARM Cross Print Size
arm-none-eabi-size --format=berkeley "M2P_UART_TX_DMA_SCRATCH.elf"
   text	   data	    bss	    dec	    hex	filename
   1088	     16	   1568	   2672	    a70	M2P_UART_TX_DMA_SCRATCH.elf
Finished building: M2P_UART_TX_DMA_SCRATCH.siz
 
17:39:45 **** Incremental Build of configuration Debug for project M2P_UART_TX_DMA_SCRATCH ****
make -j11 all 
Building file: ../Src/main.c
Invoking: GNU ARM Cross C Compiler
arm-none-eabi-gcc -mcpu=cortex-m4 -mthumb -O0 -fmessage-length=0 -fsigned-char -ffunction-sections -fdata-sections -ffreestanding -fno-move-loop-invariants -Wall -Wextra  -g3 -DSTM32L4R5xx -DDEBUG -DTRACE -DOS_USE_TRACE_SEMIHOSTING_DEBUG -I"/Users/khoahuynh/Documents/Document/STM32L4R5ZIT6_NucleoL4R5ZI/Eclipse/DMA_PracticeWS/M2P_UART_TX_DMA_SCRATCH/Drivers/CMSIS/Device/ST/STM32L4xx/Include" -I"/Users/khoahuynh/Documents/Document/STM32L4R5ZIT6_NucleoL4R5ZI/Eclipse/DMA_PracticeWS/M2P_UART_TX_DMA_SCRATCH/Drivers/CMSIS/Include" -I"/Users/khoahuynh/Documents/Document/STM32L4R5ZIT6_NucleoL4R5ZI/Eclipse/DMA_PracticeWS/M2P_UART_TX_DMA_SCRATCH/Drivers/STM32L4xx_HAL_Driver/Inc" -I"/Users/khoahuynh/Documents/Document/STM32L4R5ZIT6_NucleoL4R5ZI/Eclipse/DMA_PracticeWS/M2P_UART_TX_DMA_SCRATCH/Drivers/STM32L4xx_HAL_Driver/Inc/Legacy" -I"/Users/khoahuynh/Documents/Document/STM32L4R5ZIT6_NucleoL4R5ZI/Eclipse/DMA_PracticeWS/M2P_UART_TX_DMA_SCRATCH/Inc" -std=gnu11 -MMD -MP -MF"Src/main.d" -MT"Src/main.o" -c -o "Src/main.o" "../Src/main.c"
Finished building: ../Src/main.c
 
Building target: M2P_UART_TX_DMA_SCRATCH.elf
Invoking: GNU ARM Cross C++ Linker
arm-none-eabi-g++ -mcpu=cortex-m4 -mthumb -O0 -fmessage-length=0 -fsigned-char -ffunction-sections -fdata-sections -ffreestanding -fno-move-loop-invariants -Wall -Wextra  -g3 -T "/Users/khoahuynh/Documents/Document/STM32L4R5ZIT6_NucleoL4R5ZI/Eclipse/DMA_PracticeWS/M2P_UART_TX_DMA_SCRATCH/STM32L4R5ZITx_FLASH.ld" -Xlinker --gc-sections -Wl,-Map,"M2P_UART_TX_DMA_SCRATCH.map" --specs=nano.specs -o "M2P_UART_TX_DMA_SCRATCH.elf"  ./startup/startup_stm32l4r5xx.o  ./Src/data.o ./Src/it.o ./Src/main.o ./Src/msp.o ./Src/syscalls.o ./Src/system_stm32l4xx.o  ./Drivers/STM32L4xx_HAL_Driver/Src/stm32l4xx_hal.o ./Drivers/STM32L4xx_HAL_Driver/Src/stm32l4xx_hal_cortex.o ./Drivers/STM32L4xx_HAL_Driver/Src/stm32l4xx_hal_dma.o ./Drivers/STM32L4xx_HAL_Driver/Src/stm32l4xx_hal_dma_ex.o ./Drivers/STM32L4xx_HAL_Driver/Src/stm32l4xx_hal_exti.o ./Drivers/STM32L4xx_HAL_Driver/Src/stm32l4xx_hal_flash.o ./Drivers/STM32L4xx_HAL_Driver/Src/stm32l4xx_hal_flash_ex.o ./Drivers/STM32L4xx_HAL_Driver/Src/stm32l4xx_hal_flash_ramfunc.o ./Drivers/STM32L4xx_HAL_Driver/Src/stm32l4xx_hal_gpio.o ./Drivers/STM32L4xx_HAL_Driver/Src/stm32l4xx_hal_i2c.o ./Drivers/STM32L4xx_HAL_Driver/Src/stm32l4xx_hal_i2c_ex.o ./Drivers/STM32L4xx_HAL_Driver/Src/stm32l4xx_hal_pcd.o ./Drivers/STM32L4xx_HAL_Driver/Src/stm32l4xx_hal_pcd_ex.o ./Drivers/STM32L4xx_HAL_Driver/Src/stm32l4xx_hal_pwr.o ./Drivers/STM32L4xx_HAL_Driver/Src/stm32l4xx_hal_pwr_ex.o ./Drivers/STM32L4xx_HAL_Driver/Src/stm32l4xx_hal_rcc.o ./Drivers/STM32L4xx_HAL_Driver/Src/stm32l4xx_hal_rcc_ex.o ./Drivers/STM32L4xx_HAL_Driver/Src/stm32l4xx_hal_tim.o ./Drivers/STM32L4xx_HAL_Driver/Src/stm32l4xx_hal_tim_ex.o ./Drivers/STM32L4xx_HAL_Driver/Src/stm32l4xx_hal_uart.o ./Drivers/STM32L4xx_HAL_Driver/Src/stm32l4xx_hal_uart_ex.o ./Drivers/STM32L4xx_HAL_Driver/Src/stm32l4xx_ll_usb.o   
Finished building target: M2P_UART_TX_DMA_SCRATCH.elf
 
Invoking: GNU ARM Cross Create Flash Image
arm-none-eabi-objcopy -O ihex "M2P_UART_TX_DMA_SCRATCH.elf"  "M2P_UART_TX_DMA_SCRATCH.hex"
Invoking: GNU ARM Cross Print Size
arm-none-eabi-size --format=berkeley "M2P_UART_TX_DMA_SCRATCH.elf"
   text	   data	    bss	    dec	    hex	filename
   1088	     16	   1568	   2672	    a70	M2P_UART_TX_DMA_SCRATCH.elf
Finished building: M2P_UART_TX_DMA_SCRATCH.siz
Finished building: M2P_UART_TX_DMA_SCRATCH.hex
 
 
17:40:27 **** Incremental Build of configuration Debug for project M2P_UART_TX_DMA_SCRATCH ****
make -j11 all 
Invoking: GNU ARM Cross Print Size
arm-none-eabi-size --format=berkeley "M2P_UART_TX_DMA_SCRATCH.elf"
   text	   data	    bss	    dec	    hex	filename
   1088	     16	   1568	   2672	    a70	M2P_UART_TX_DMA_SCRATCH.elf
Finished building: M2P_UART_TX_DMA_SCRATCH.siz
 
17:44:20 **** Incremental Build of configuration Debug for project M2P_UART_TX_DMA_SCRATCH ****
make -j11 all 
Building file: ../Src/it.c
Building file: ../Src/main.c
Invoking: GNU ARM Cross C Compiler
arm-none-eabi-gcc -mcpu=cortex-m4 -mthumb -O0 -fmessage-length=0 -fsigned-char -ffunction-sections -fdata-sections -ffreestanding -fno-move-loop-invariants -Wall -Wextra  -g3 -DSTM32L4R5xx -DDEBUG -DTRACE -DOS_USE_TRACE_SEMIHOSTING_DEBUG -I"/Users/khoahuynh/Documents/Document/STM32L4R5ZIT6_NucleoL4R5ZI/Eclipse/DMA_PracticeWS/M2P_UART_TX_DMA_SCRATCH/Drivers/CMSIS/Device/ST/STM32L4xx/Include" -I"/Users/khoahuynh/Documents/Document/STM32L4R5ZIT6_NucleoL4R5ZI/Eclipse/DMA_PracticeWS/M2P_UART_TX_DMA_SCRATCH/Drivers/CMSIS/Include" -I"/Users/khoahuynh/Documents/Document/STM32L4R5ZIT6_NucleoL4R5ZI/Eclipse/DMA_PracticeWS/M2P_UART_TX_DMA_SCRATCH/Drivers/STM32L4xx_HAL_Driver/Inc" -I"/Users/khoahuynh/Documents/Document/STM32L4R5ZIT6_NucleoL4R5ZI/Eclipse/DMA_PracticeWS/M2P_UART_TX_DMA_SCRATCH/Drivers/STM32L4xx_HAL_Driver/Inc/Legacy" -I"/Users/khoahuynh/Documents/Document/STM32L4R5ZIT6_NucleoL4R5ZI/Eclipse/DMA_PracticeWS/M2P_UART_TX_DMA_SCRATCH/Inc" -std=gnu11 -MMD -MP -MF"Src/main.d" -MT"Src/main.o" -c -o "Src/main.o" "../Src/main.c"
Invoking: GNU ARM Cross C Compiler
arm-none-eabi-gcc -mcpu=cortex-m4 -mthumb -O0 -fmessage-length=0 -fsigned-char -ffunction-sections -fdata-sections -ffreestanding -fno-move-loop-invariants -Wall -Wextra  -g3 -DSTM32L4R5xx -DDEBUG -DTRACE -DOS_USE_TRACE_SEMIHOSTING_DEBUG -I"/Users/khoahuynh/Documents/Document/STM32L4R5ZIT6_NucleoL4R5ZI/Eclipse/DMA_PracticeWS/M2P_UART_TX_DMA_SCRATCH/Drivers/CMSIS/Device/ST/STM32L4xx/Include" -I"/Users/khoahuynh/Documents/Document/STM32L4R5ZIT6_NucleoL4R5ZI/Eclipse/DMA_PracticeWS/M2P_UART_TX_DMA_SCRATCH/Drivers/CMSIS/Include" -I"/Users/khoahuynh/Documents/Document/STM32L4R5ZIT6_NucleoL4R5ZI/Eclipse/DMA_PracticeWS/M2P_UART_TX_DMA_SCRATCH/Drivers/STM32L4xx_HAL_Driver/Inc" -I"/Users/khoahuynh/Documents/Document/STM32L4R5ZIT6_NucleoL4R5ZI/Eclipse/DMA_PracticeWS/M2P_UART_TX_DMA_SCRATCH/Drivers/STM32L4xx_HAL_Driver/Inc/Legacy" -I"/Users/khoahuynh/Documents/Document/STM32L4R5ZIT6_NucleoL4R5ZI/Eclipse/DMA_PracticeWS/M2P_UART_TX_DMA_SCRATCH/Inc" -std=gnu11 -MMD -MP -MF"Src/it.d" -MT"Src/it.o" -c -o "Src/it.o" "../Src/it.c"
Finished building: ../Src/it.c
 
Finished building: ../Src/main.c
 
Building target: M2P_UART_TX_DMA_SCRATCH.elf
Invoking: GNU ARM Cross C++ Linker
[...]
Finished building target: UART_TX_SRAM_DMA.elf
 
Invoking: GNU ARM Cross Create Flash Image
arm-none-eabi-objcopy -O ihex "UART_TX_SRAM_DMA.elf"  "UART_TX_SRAM_DMA.hex"
Invoking: GNU ARM Cross Print Size
arm-none-eabi-size --format=berkeley "UART_TX_SRAM_DMA.elf"
   text	   data	    bss	    dec	    hex	filename
  17272	     48	   1808	  19128	   4ab8	UART_TX_SRAM_DMA.elf
Finished building: UART_TX_SRAM_DMA.siz
 
Finished building: UART_TX_SRAM_DMA.hex
 
21:12:24 **** Incremental Build of configuration Debug for project M2P_UART_TX_DMA_SCRATCH ****
make -j11 all 
Building file: ../Src/main.c
Invoking: GNU ARM Cross C Compiler
arm-none-eabi-gcc -mcpu=cortex-m4 -mthumb -O0 -fmessage-length=0 -fsigned-char -ffunction-sections -fdata-sections -ffreestanding -fno-move-loop-invariants -Wall -Wextra  -g3 -DSTM32L4R5xx -DDEBUG -DTRACE -DOS_USE_TRACE_SEMIHOSTING_DEBUG -I"/Users/khoahuynh/Documents/Document/STM32L4R5ZIT6_NucleoL4R5ZI/Eclipse/DMA_PracticeWS/M2P_UART_TX_DMA_SCRATCH/Drivers/CMSIS/Device/ST/STM32L4xx/Include" -I"/Users/khoahuynh/Documents/Document/STM32L4R5ZIT6_NucleoL4R5ZI/Eclipse/DMA_PracticeWS/M2P_UART_TX_DMA_SCRATCH/Drivers/CMSIS/Include" -I"/Users/khoahuynh/Documents/Document/STM32L4R5ZIT6_NucleoL4R5ZI/Eclipse/DMA_PracticeWS/M2P_UART_TX_DMA_SCRATCH/Drivers/STM32L4xx_HAL_Driver/Inc" -I"/Users/khoahuynh/Documents/Document/STM32L4R5ZIT6_NucleoL4R5ZI/Eclipse/DMA_PracticeWS/M2P_UART_TX_DMA_SCRATCH/Drivers/STM32L4xx_HAL_Driver/Inc/Legacy" -I"/Users/khoahuynh/Documents/Document/STM32L4R5ZIT6_NucleoL4R5ZI/Eclipse/DMA_PracticeWS/M2P_UART_TX_DMA_SCRATCH/Inc" -std=gnu11 -MMD -MP -MF"Src/main.d" -MT"Src/main.o" -c -o "Src/main.o" "../Src/main.c"
Finished building: ../Src/main.c
 
Building target: M2P_UART_TX_DMA_SCRATCH.elf
Invoking: GNU ARM Cross C++ Linker
arm-none-eabi-g++ -mcpu=cortex-m4 -mthumb -O0 -fmessage-length=0 -fsigned-char -ffunction-sections -fdata-sections -ffreestanding -fno-move-loop-invariants -Wall -Wextra  -g3 -T "/Users/khoahuynh/Documents/Document/STM32L4R5ZIT6_NucleoL4R5ZI/Eclipse/DMA_PracticeWS/M2P_UART_TX_DMA_SCRATCH/STM32L4R5ZITx_FLASH.ld" -Xlinker --gc-sections -Wl,-Map,"M2P_UART_TX_DMA_SCRATCH.map" --specs=nano.specs -o "M2P_UART_TX_DMA_SCRATCH.elf"  ./startup/startup_stm32l4r5xx.o  ./Src/data.o ./Src/it.o ./Src/main.o ./Src/msp.o ./Src/syscalls.o ./Src/system_stm32l4xx.o  ./Drivers/STM32L4xx_HAL_Driver/Src/stm32l4xx_hal.o ./Drivers/STM32L4xx_HAL_Driver/Src/stm32l4xx_hal_cortex.o ./Drivers/STM32L4xx_HAL_Driver/Src/stm32l4xx_hal_dma.o ./Drivers/STM32L4xx_HAL_Driver/Src/stm32l4xx_hal_dma_ex.o ./Drivers/STM32L4xx_HAL_Driver/Src/stm32l4xx_hal_exti.o ./Drivers/STM32L4xx_HAL_Driver/Src/stm32l4xx_hal_flash.o ./Drivers/STM32L4xx_HAL_Driver/Src/stm32l4xx_hal_flash_ex.o ./Drivers/STM32L4xx_HAL_Driver/Src/stm32l4xx_hal_flash_ramfunc.o ./Drivers/STM32L4xx_HAL_Driver/Src/stm32l4xx_hal_gpio.o ./Drivers/STM32L4xx_HAL_Driver/Src/stm32l4xx_hal_i2c.o ./Drivers/STM32L4xx_HAL_Driver/Src/stm32l4xx_hal_i2c_ex.o ./Drivers/STM32L4xx_HAL_Driver/Src/stm32l4xx_hal_pcd.o ./Drivers/STM32L4xx_HAL_Driver/Src/stm32l4xx_hal_pcd_ex.o ./Drivers/STM32L4xx_HAL_Driver/Src/stm32l4xx_hal_pwr.o ./Drivers/STM32L4xx_HAL_Driver/Src/stm32l4xx_hal_pwr_ex.o ./Drivers/STM32L4xx_HAL_Driver/Src/stm32l4xx_hal_rcc.o ./Drivers/STM32L4xx_HAL_Driver/Src/stm32l4xx_hal_rcc_ex.o ./Drivers/STM32L4xx_HAL_Driver/Src/stm32l4xx_hal_tim.o ./Drivers/STM32L4xx_HAL_Driver/Src/stm32l4xx_hal_tim_ex.o ./Drivers/STM32L4xx_HAL_Driver/Src/stm32l4xx_hal_uart.o ./Drivers/STM32L4xx_HAL_Driver/Src/stm32l4xx_hal_uart_ex.o ./Drivers/STM32L4xx_HAL_Driver/Src/stm32l4xx_ll_usb.o   
Finished building target: M2P_UART_TX_DMA_SCRATCH.elf
 
Invoking: GNU ARM Cross Create Flash Image
arm-none-eabi-objcopy -O ihex "M2P_UART_TX_DMA_SCRATCH.elf"  "M2P_UART_TX_DMA_SCRATCH.hex"
Invoking: GNU ARM Cross Print Size
arm-none-eabi-size --format=berkeley "M2P_UART_TX_DMA_SCRATCH.elf"
   text	   data	    bss	    dec	    hex	filename
   1504	     16	   1568	   3088	    c10	M2P_UART_TX_DMA_SCRATCH.elf
Finished building: M2P_UART_TX_DMA_SCRATCH.siz
Finished building: M2P_UART_TX_DMA_SCRATCH.hex
 
 
21:12:25 **** Incremental Build of configuration Debug for project UART_TX_SRAM_DMA ****
make -j11 all 
Invoking: GNU ARM Cross Print Size
arm-none-eabi-size --format=berkeley "UART_TX_SRAM_DMA.elf"
   text	   data	    bss	    dec	    hex	filename
  17272	     48	   1808	  19128	   4ab8	UART_TX_SRAM_DMA.elf
Finished building: UART_TX_SRAM_DMA.siz
 
21:12:40 **** Incremental Build of configuration Debug for project M2P_UART_TX_DMA_SCRATCH ****
make -j11 all 
Invoking: GNU ARM Cross Print Size
arm-none-eabi-size --format=berkeley "M2P_UART_TX_DMA_SCRATCH.elf"
   text	   data	    bss	    dec	    hex	filename
   1504	     16	   1568	   3088	    c10	M2P_UART_TX_DMA_SCRATCH.elf
Finished building: M2P_UART_TX_DMA_SCRATCH.siz
 
21:13:07 **** Incremental Build of configuration Debug for project M2P_UART_TX_DMA_SCRATCH ****
make -j11 all 
Building file: ../Src/main.c
Invoking: GNU ARM Cross C Compiler
arm-none-eabi-gcc -mcpu=cortex-m4 -mthumb -O0 -fmessage-length=0 -fsigned-char -ffunction-sections -fdata-sections -ffreestanding -fno-move-loop-invariants -Wall -Wextra  -g3 -DSTM32L4R5xx -DDEBUG -DTRACE -DOS_USE_TRACE_SEMIHOSTING_DEBUG -I"/Users/khoahuynh/Documents/Document/STM32L4R5ZIT6_NucleoL4R5ZI/Eclipse/DMA_PracticeWS/M2P_UART_TX_DMA_SCRATCH/Drivers/CMSIS/Device/ST/STM32L4xx/Include" -I"/Users/khoahuynh/Documents/Document/STM32L4R5ZIT6_NucleoL4R5ZI/Eclipse/DMA_PracticeWS/M2P_UART_TX_DMA_SCRATCH/Drivers/CMSIS/Include" -I"/Users/khoahuynh/Documents/Document/STM32L4R5ZIT6_NucleoL4R5ZI/Eclipse/DMA_PracticeWS/M2P_UART_TX_DMA_SCRATCH/Drivers/STM32L4xx_HAL_Driver/Inc" -I"/Users/khoahuynh/Documents/Document/STM32L4R5ZIT6_NucleoL4R5ZI/Eclipse/DMA_PracticeWS/M2P_UART_TX_DMA_SCRATCH/Drivers/STM32L4xx_HAL_Driver/Inc/Legacy" -I"/Users/khoahuynh/Documents/Document/STM32L4R5ZIT6_NucleoL4R5ZI/Eclipse/DMA_PracticeWS/M2P_UART_TX_DMA_SCRATCH/Inc" -std=gnu11 -MMD -MP -MF"Src/main.d" -MT"Src/main.o" -c -o "Src/main.o" "../Src/main.c"
Finished building: ../Src/main.c
 
Building target: M2P_UART_TX_DMA_SCRATCH.elf
Invoking: GNU ARM Cross C++ Linker
arm-none-eabi-g++ -mcpu=cortex-m4 -mthumb -O0 -fmessage-length=0 -fsigned-char -ffunction-sections -fdata-sections -ffreestanding -fno-move-loop-invariants -Wall -Wextra  -g3 -T "/Users/khoahuynh/Documents/Document/STM32L4R5ZIT6_NucleoL4R5ZI/Eclipse/DMA_PracticeWS/M2P_UART_TX_DMA_SCRATCH/STM32L4R5ZITx_FLASH.ld" -Xlinker --gc-sections -Wl,-Map,"M2P_UART_TX_DMA_SCRATCH.map" --specs=nano.specs -o "M2P_UART_TX_DMA_SCRATCH.elf"  ./startup/startup_stm32l4r5xx.o  ./Src/data.o ./Src/it.o ./Src/main.o ./Src/msp.o ./Src/syscalls.o ./Src/system_stm32l4xx.o  ./Drivers/STM32L4xx_HAL_Driver/Src/stm32l4xx_hal.o ./Drivers/STM32L4xx_HAL_Driver/Src/stm32l4xx_hal_cortex.o ./Drivers/STM32L4xx_HAL_Driver/Src/stm32l4xx_hal_dma.o ./Drivers/STM32L4xx_HAL_Driver/Src/stm32l4xx_hal_dma_ex.o ./Drivers/STM32L4xx_HAL_Driver/Src/stm32l4xx_hal_exti.o ./Drivers/STM32L4xx_HAL_Driver/Src/stm32l4xx_hal_flash.o ./Drivers/STM32L4xx_HAL_Driver/Src/stm32l4xx_hal_flash_ex.o ./Drivers/STM32L4xx_HAL_Driver/Src/stm32l4xx_hal_flash_ramfunc.o ./Drivers/STM32L4xx_HAL_Driver/Src/stm32l4xx_hal_gpio.o ./Drivers/STM32L4xx_HAL_Driver/Src/stm32l4xx_hal_i2c.o ./Drivers/STM32L4xx_HAL_Driver/Src/stm32l4xx_hal_i2c_ex.o ./Drivers/STM32L4xx_HAL_Driver/Src/stm32l4xx_hal_pcd.o ./Drivers/STM32L4xx_HAL_Driver/Src/stm32l4xx_hal_pcd_ex.o ./Drivers/STM32L4xx_HAL_Driver/Src/stm32l4xx_hal_pwr.o ./Drivers/STM32L4xx_HAL_Driver/Src/stm32l4xx_hal_pwr_ex.o ./Drivers/STM32L4xx_HAL_Driver/Src/stm32l4xx_hal_rcc.o ./Drivers/STM32L4xx_HAL_Driver/Src/stm32l4xx_hal_rcc_ex.o ./Drivers/STM32L4xx_HAL_Driver/Src/stm32l4xx_hal_tim.o ./Drivers/STM32L4xx_HAL_Driver/Src/stm32l4xx_hal_tim_ex.o ./Drivers/STM32L4xx_HAL_Driver/Src/stm32l4xx_hal_uart.o ./Drivers/STM32L4xx_HAL_Driver/Src/stm32l4xx_hal_uart_ex.o ./Drivers/STM32L4xx_HAL_Driver/Src/stm32l4xx_ll_usb.o   
Finished building target: M2P_UART_TX_DMA_SCRATCH.elf
 
Invoking: GNU ARM Cross Create Flash Image
arm-none-eabi-objcopy -O ihex "M2P_UART_TX_DMA_SCRATCH.elf"  "M2P_UART_TX_DMA_SCRATCH.hex"
Invoking: GNU ARM Cross Print Size
arm-none-eabi-size --format=berkeley "M2P_UART_TX_DMA_SCRATCH.elf"
   text	   data	    bss	    dec	    hex	filename
   1520	     16	   1568	   3104	    c20	M2P_UART_TX_DMA_SCRATCH.elf
Finished building: M2P_UART_TX_DMA_SCRATCH.siz
 
Finished building: M2P_UART_TX_DMA_SCRATCH.hex
 
21:13:07 **** Incremental Build of configuration Debug for project UART_TX_SRAM_DMA ****
make -j11 all 
Invoking: GNU ARM Cross Print Size
arm-none-eabi-size --format=berkeley "UART_TX_SRAM_DMA.elf"
   text	   data	    bss	    dec	    hex	filename
  17272	     48	   1808	  19128	   4ab8	UART_TX_SRAM_DMA.elf
Finished building: UART_TX_SRAM_DMA.siz
 
21:13:09 **** Incremental Build of configuration Debug for project M2P_UART_TX_DMA_SCRATCH ****
make -j11 all 
Invoking: GNU ARM Cross Print Size
arm-none-eabi-size --format=berkeley "M2P_UART_TX_DMA_SCRATCH.elf"
   text	   data	    bss	    dec	    hex	filename
   1520	     16	   1568	   3104	    c20	M2P_UART_TX_DMA_SCRATCH.elf
Finished building: M2P_UART_TX_DMA_SCRATCH.siz
 
21:15:39 **** Incremental Build of configuration Debug for project M2P_UART_TX_DMA_SCRATCH ****
make -j11 all 
Invoking: GNU ARM Cross Print Size
arm-none-eabi-size --format=berkeley "M2P_UART_TX_DMA_SCRATCH.elf"
   text	   data	    bss	    dec	    hex	filename
   1520	     16	   1568	   3104	    c20	M2P_UART_TX_DMA_SCRATCH.elf
Finished building: M2P_UART_TX_DMA_SCRATCH.siz
 
21:16:05 **** Incremental Build of configuration Debug for project M2P_UART_TX_DMA_SCRATCH ****
make -j11 all 
Building file: ../Src/main.c
Invoking: GNU ARM Cross C Compiler
arm-none-eabi-gcc -mcpu=cortex-m4 -mthumb -O0 -fmessage-length=0 -fsigned-char -ffunction-sections -fdata-sections -ffreestanding -fno-move-loop-invariants -Wall -Wextra  -g3 -DSTM32L4R5xx -DDEBUG -DTRACE -DOS_USE_TRACE_SEMIHOSTING_DEBUG -I"/Users/khoahuynh/Documents/Document/STM32L4R5ZIT6_NucleoL4R5ZI/Eclipse/DMA_PracticeWS/M2P_UART_TX_DMA_SCRATCH/Drivers/CMSIS/Device/ST/STM32L4xx/Include" -I"/Users/khoahuynh/Documents/Document/STM32L4R5ZIT6_NucleoL4R5ZI/Eclipse/DMA_PracticeWS/M2P_UART_TX_DMA_SCRATCH/Drivers/CMSIS/Include" -I"/Users/khoahuynh/Documents/Document/STM32L4R5ZIT6_NucleoL4R5ZI/Eclipse/DMA_PracticeWS/M2P_UART_TX_DMA_SCRATCH/Drivers/STM32L4xx_HAL_Driver/Inc" -I"/Users/khoahuynh/Documents/Document/STM32L4R5ZIT6_NucleoL4R5ZI/Eclipse/DMA_PracticeWS/M2P_UART_TX_DMA_SCRATCH/Drivers/STM32L4xx_HAL_Driver/Inc/Legacy" -I"/Users/khoahuynh/Documents/Document/STM32L4R5ZIT6_NucleoL4R5ZI/Eclipse/DMA_PracticeWS/M2P_UART_TX_DMA_SCRATCH/Inc" -std=gnu11 -MMD -MP -MF"Src/main.d" -MT"Src/main.o" -c -o "Src/main.o" "../Src/main.c"
Finished building: ../Src/main.c
 
Building target: M2P_UART_TX_DMA_SCRATCH.elf
Invoking: GNU ARM Cross C++ Linker
arm-none-eabi-g++ -mcpu=cortex-m4 -mthumb -O0 -fmessage-length=0 -fsigned-char -ffunction-sections -fdata-sections -ffreestanding -fno-move-loop-invariants -Wall -Wextra  -g3 -T "/Users/khoahuynh/Documents/Document/STM32L4R5ZIT6_NucleoL4R5ZI/Eclipse/DMA_PracticeWS/M2P_UART_TX_DMA_SCRATCH/STM32L4R5ZITx_FLASH.ld" -Xlinker --gc-sections -Wl,-Map,"M2P_UART_TX_DMA_SCRATCH.map" --specs=nano.specs -o "M2P_UART_TX_DMA_SCRATCH.elf"  ./startup/startup_stm32l4r5xx.o  ./Src/data.o ./Src/it.o ./Src/main.o ./Src/msp.o ./Src/syscalls.o ./Src/system_stm32l4xx.o  ./Drivers/STM32L4xx_HAL_Driver/Src/stm32l4xx_hal.o ./Drivers/STM32L4xx_HAL_Driver/Src/stm32l4xx_hal_cortex.o ./Drivers/STM32L4xx_HAL_Driver/Src/stm32l4xx_hal_dma.o ./Drivers/STM32L4xx_HAL_Driver/Src/stm32l4xx_hal_dma_ex.o ./Drivers/STM32L4xx_HAL_Driver/Src/stm32l4xx_hal_exti.o ./Drivers/STM32L4xx_HAL_Driver/Src/stm32l4xx_hal_flash.o ./Drivers/STM32L4xx_HAL_Driver/Src/stm32l4xx_hal_flash_ex.o ./Drivers/STM32L4xx_HAL_Driver/Src/stm32l4xx_hal_flash_ramfunc.o ./Drivers/STM32L4xx_HAL_Driver/Src/stm32l4xx_hal_gpio.o ./Drivers/STM32L4xx_HAL_Driver/Src/stm32l4xx_hal_i2c.o ./Drivers/STM32L4xx_HAL_Driver/Src/stm32l4xx_hal_i2c_ex.o ./Drivers/STM32L4xx_HAL_Driver/Src/stm32l4xx_hal_pcd.o ./Drivers/STM32L4xx_HAL_Driver/Src/stm32l4xx_hal_pcd_ex.o ./Drivers/STM32L4xx_HAL_Driver/Src/stm32l4xx_hal_pwr.o ./Drivers/STM32L4xx_HAL_Driver/Src/stm32l4xx_hal_pwr_ex.o ./Drivers/STM32L4xx_HAL_Driver/Src/stm32l4xx_hal_rcc.o ./Drivers/STM32L4xx_HAL_Driver/Src/stm32l4xx_hal_rcc_ex.o ./Drivers/STM32L4xx_HAL_Driver/Src/stm32l4xx_hal_tim.o ./Drivers/STM32L4xx_HAL_Driver/Src/stm32l4xx_hal_tim_ex.o ./Drivers/STM32L4xx_HAL_Driver/Src/stm32l4xx_hal_uart.o ./Drivers/STM32L4xx_HAL_Driver/Src/stm32l4xx_hal_uart_ex.o ./Drivers/STM32L4xx_HAL_Driver/Src/stm32l4xx_ll_usb.o   
Finished building target: M2P_UART_TX_DMA_SCRATCH.elf
 
Invoking: GNU ARM Cross Create Flash Image
arm-none-eabi-objcopy -O ihex "M2P_UART_TX_DMA_SCRATCH.elf"  "M2P_UART_TX_DMA_SCRATCH.hex"
Invoking: GNU ARM Cross Print Size
arm-none-eabi-size --format=berkeley "M2P_UART_TX_DMA_SCRATCH.elf"
   text	   data	    bss	    dec	    hex	filename
   1520	     16	   1568	   3104	    c20	M2P_UART_TX_DMA_SCRATCH.elf
Finished building: M2P_UART_TX_DMA_SCRATCH.siz
Finished building: M2P_UART_TX_DMA_SCRATCH.hex
 
 
21:16:05 **** Incremental Build of configuration Debug for project UART_TX_SRAM_DMA ****
make -j11 all 
Invoking: GNU ARM Cross Print Size
arm-none-eabi-size --format=berkeley "UART_TX_SRAM_DMA.elf"
   text	   data	    bss	    dec	    hex	filename
  17272	     48	   1808	  19128	   4ab8	UART_TX_SRAM_DMA.elf
Finished building: UART_TX_SRAM_DMA.siz
 
21:16:10 **** Incremental Build of configuration Debug for project M2P_UART_TX_DMA_SCRATCH ****
make -j11 all 
Invoking: GNU ARM Cross Print Size
arm-none-eabi-size --format=berkeley "M2P_UART_TX_DMA_SCRATCH.elf"
   text	   data	    bss	    dec	    hex	filename
   1520	     16	   1568	   3104	    c20	M2P_UART_TX_DMA_SCRATCH.elf
Finished building: M2P_UART_TX_DMA_SCRATCH.siz
 
21:16:10 **** Incremental Build of configuration Debug for project UART_TX_SRAM_DMA ****
make -j11 all 
Invoking: GNU ARM Cross Print Size
arm-none-eabi-size --format=berkeley "UART_TX_SRAM_DMA.elf"
   text	   data	    bss	    dec	    hex	filename
  17272	     48	   1808	  19128	   4ab8	UART_TX_SRAM_DMA.elf
Finished building: UART_TX_SRAM_DMA.siz
 
21:16:15 **** Incremental Build of configuration Debug for project M2P_UART_TX_DMA_SCRATCH ****
make -j11 all 
Invoking: GNU ARM Cross Print Size
arm-none-eabi-size --format=berkeley "M2P_UART_TX_DMA_SCRATCH.elf"
   text	   data	    bss	    dec	    hex	filename
   1520	     16	   1568	   3104	    c20	M2P_UART_TX_DMA_SCRATCH.elf
Finished building: M2P_UART_TX_DMA_SCRATCH.siz
 
21:17:28 **** Incremental Build of configuration Debug for project M2P_UART_TX_DMA_SCRATCH ****
make -j11 all 
Building file: ../Src/main.c
Invoking: GNU ARM Cross C Compiler
arm-none-eabi-gcc -mcpu=cortex-m4 -mthumb -O0 -fmessage-length=0 -fsigned-char -ffunction-sections -fdata-sections -ffreestanding -fno-move-loop-invariants -Wall -Wextra  -g3 -DSTM32L4R5xx -DDEBUG -DTRACE -DOS_USE_TRACE_SEMIHOSTING_DEBUG -I"/Users/khoahuynh/Documents/Document/STM32L4R5ZIT6_NucleoL4R5ZI/Eclipse/DMA_PracticeWS/M2P_UART_TX_DMA_SCRATCH/Drivers/CMSIS/Device/ST/STM32L4xx/Include" -I"/Users/khoahuynh/Documents/Document/STM32L4R5ZIT6_NucleoL4R5ZI/Eclipse/DMA_PracticeWS/M2P_UART_TX_DMA_SCRATCH/Drivers/CMSIS/Include" -I"/Users/khoahuynh/Documents/Document/STM32L4R5ZIT6_NucleoL4R5ZI/Eclipse/DMA_PracticeWS/M2P_UART_TX_DMA_SCRATCH/Drivers/STM32L4xx_HAL_Driver/Inc" -I"/Users/khoahuynh/Documents/Document/STM32L4R5ZIT6_NucleoL4R5ZI/Eclipse/DMA_PracticeWS/M2P_UART_TX_DMA_SCRATCH/Drivers/STM32L4xx_HAL_Driver/Inc/Legacy" -I"/Users/khoahuynh/Documents/Document/STM32L4R5ZIT6_NucleoL4R5ZI/Eclipse/DMA_PracticeWS/M2P_UART_TX_DMA_SCRATCH/Inc" -std=gnu11 -MMD -MP -MF"Src/main.d" -MT"Src/main.o" -c -o "Src/main.o" "../Src/main.c"
Finished building: ../Src/main.c
 
Building target: M2P_UART_TX_DMA_SCRATCH.elf
Invoking: GNU ARM Cross C++ Linker
arm-none-eabi-g++ -mcpu=cortex-m4 -mthumb -O0 -fmessage-length=0 -fsigned-char -ffunction-sections -fdata-sections -ffreestanding -fno-move-loop-invariants -Wall -Wextra  -g3 -T "/Users/khoahuynh/Documents/Document/STM32L4R5ZIT6_NucleoL4R5ZI/Eclipse/DMA_PracticeWS/M2P_UART_TX_DMA_SCRATCH/STM32L4R5ZITx_FLASH.ld" -Xlinker --gc-sections -Wl,-Map,"M2P_UART_TX_DMA_SCRATCH.map" --specs=nano.specs -o "M2P_UART_TX_DMA_SCRATCH.elf"  ./startup/startup_stm32l4r5xx.o  ./Src/data.o ./Src/it.o ./Src/main.o ./Src/msp.o ./Src/syscalls.o ./Src/system_stm32l4xx.o  ./Drivers/STM32L4xx_HAL_Driver/Src/stm32l4xx_hal.o ./Drivers/STM32L4xx_HAL_Driver/Src/stm32l4xx_hal_cortex.o ./Drivers/STM32L4xx_HAL_Driver/Src/stm32l4xx_hal_dma.o ./Drivers/STM32L4xx_HAL_Driver/Src/stm32l4xx_hal_dma_ex.o ./Drivers/STM32L4xx_HAL_Driver/Src/stm32l4xx_hal_exti.o ./Drivers/STM32L4xx_HAL_Driver/Src/stm32l4xx_hal_flash.o ./Drivers/STM32L4xx_HAL_Driver/Src/stm32l4xx_hal_flash_ex.o ./Drivers/STM32L4xx_HAL_Driver/Src/stm32l4xx_hal_flash_ramfunc.o ./Drivers/STM32L4xx_HAL_Driver/Src/stm32l4xx_hal_gpio.o ./Drivers/STM32L4xx_HAL_Driver/Src/stm32l4xx_hal_i2c.o ./Drivers/STM32L4xx_HAL_Driver/Src/stm32l4xx_hal_i2c_ex.o ./Drivers/STM32L4xx_HAL_Driver/Src/stm32l4xx_hal_pcd.o ./Drivers/STM32L4xx_HAL_Driver/Src/stm32l4xx_hal_pcd_ex.o ./Drivers/STM32L4xx_HAL_Driver/Src/stm32l4xx_hal_pwr.o ./Drivers/STM32L4xx_HAL_Driver/Src/stm32l4xx_hal_pwr_ex.o ./Drivers/STM32L4xx_HAL_Driver/Src/stm32l4xx_hal_rcc.o ./Drivers/STM32L4xx_HAL_Driver/Src/stm32l4xx_hal_rcc_ex.o ./Drivers/STM32L4xx_HAL_Driver/Src/stm32l4xx_hal_tim.o ./Drivers/STM32L4xx_HAL_Driver/Src/stm32l4xx_hal_tim_ex.o ./Drivers/STM32L4xx_HAL_Driver/Src/stm32l4xx_hal_uart.o ./Drivers/STM32L4xx_HAL_Driver/Src/stm32l4xx_hal_uart_ex.o ./Drivers/STM32L4xx_HAL_Driver/Src/stm32l4xx_ll_usb.o   
Finished building target: M2P_UART_TX_DMA_SCRATCH.elf
 
Invoking: GNU ARM Cross Create Flash Image
arm-none-eabi-objcopy -O ihex "M2P_UART_TX_DMA_SCRATCH.elf"  "M2P_UART_TX_DMA_SCRATCH.hex"
Invoking: GNU ARM Cross Print Size
arm-none-eabi-size --format=berkeley "M2P_UART_TX_DMA_SCRATCH.elf"
   text	   data	    bss	    dec	    hex	filename
   1520	     16	   1568	   3104	    c20	M2P_UART_TX_DMA_SCRATCH.elf
Finished building: M2P_UART_TX_DMA_SCRATCH.siz
Finished building: M2P_UART_TX_DMA_SCRATCH.hex
 
 
21:17:29 **** Incremental Build of configuration Debug for project UART_TX_SRAM_DMA ****
make -j11 all 
Invoking: GNU ARM Cross Print Size
arm-none-eabi-size --format=berkeley "UART_TX_SRAM_DMA.elf"
   text	   data	    bss	    dec	    hex	filename
  17272	     48	   1808	  19128	   4ab8	UART_TX_SRAM_DMA.elf
Finished building: UART_TX_SRAM_DMA.siz
 
21:17:31 **** Incremental Build of configuration Debug for project M2P_UART_TX_DMA_SCRATCH ****
make -j11 all 
Invoking: GNU ARM Cross Print Size
arm-none-eabi-size --format=berkeley "M2P_UART_TX_DMA_SCRATCH.elf"
   text	   data	    bss	    dec	    hex	filename
   1520	     16	   1568	   3104	    c20	M2P_UART_TX_DMA_SCRATCH.elf
Finished building: M2P_UART_TX_DMA_SCRATCH.siz
 
