18:55:02 **** Build of configuration Debug for project WFE_Button ****
make -j11 all 
Building file: ../startup/startup_stm32l4r5xx.S
Building file: ../Src/data.c
Building file: ../Src/it.c
Building file: ../Src/main.c
Invoking: GNU ARM Cross C Compiler
Invoking: GNU ARM Cross Assembler
arm-none-eabi-gcc -mcpu=cortex-m4 -mthumb -O0 -fmessage-length=0 -fsigned-char -ffunction-sections -fdata-sections -ffreestanding -fno-move-loop-invariants -Wall -Wextra  -g3 -DSTM32L4R5xx -DDEBUG -DTRACE -DOS_USE_TRACE_SEMIHOSTING_DEBUG -I"/Users/khoahuynh/Documents/Document/STM32L4R5ZIT6_NucleoL4R5ZI/Eclipse/DMA_PracticeWS/1_LED_Toggle/Drivers/CMSIS/Device/ST/STM32L4xx/Include" -I"/Users/khoahuynh/Documents/Document/STM32L4R5ZIT6_NucleoL4R5ZI/Eclipse/DMA_PracticeWS/1_LED_Toggle/Drivers/CMSIS/Include" -I"/Users/khoahuynh/Documents/Document/STM32L4R5ZIT6_NucleoL4R5ZI/Eclipse/DMA_PracticeWS/1_LED_Toggle/Drivers/STM32L4xx_HAL_Driver/Inc" -I"/Users/khoahuynh/Documents/Document/STM32L4R5ZIT6_NucleoL4R5ZI/Eclipse/DMA_PracticeWS/1_LED_Toggle/Drivers/STM32L4xx_HAL_Driver/Inc/Legacy" -I"/Users/khoahuynh/Documents/Document/STM32L4R5ZIT6_NucleoL4R5ZI/Eclipse/DMA_PracticeWS/1_LED_Toggle/Inc" -std=gnu11 -MMD -MP -MF"Src/data.d" -MT"Src/data.o" -c -o "Src/data.o" "../Src/data.c"
arm-none-eabi-gcc -mcpu=cortex-m4 -mthumb -O0 -fmessage-length=0 -fsigned-char -ffunction-sections -fdata-sections -ffreestanding -fno-move-loop-invariants -Wall -Wextra  -g3 -x assembler-with-cpp -DSTM32L4R5xx -DDEBUG -DTRACE -DOS_USE_TRACE_SEMIHOSTING_DEBUG -I"/Users/khoahuynh/Documents/Document/STM32L4R5ZIT6_NucleoL4R5ZI/Eclipse/DMA_PracticeWS/1_LED_Toggle/Drivers/CMSIS/Device/ST/STM32L4xx/Include" -I"/Users/khoahuynh/Documents/Document/STM32L4R5ZIT6_NucleoL4R5ZI/Eclipse/DMA_PracticeWS/1_LED_Toggle/Drivers/CMSIS/Include" -I"/Users/khoahuynh/Documents/Document/STM32L4R5ZIT6_NucleoL4R5ZI/Eclipse/DMA_PracticeWS/1_LED_Toggle/Drivers/STM32L4xx_HAL_Driver/Inc" -I"/Users/khoahuynh/Documents/Document/STM32L4R5ZIT6_NucleoL4R5ZI/Eclipse/DMA_PracticeWS/1_LED_Toggle/Drivers/STM32L4xx_HAL_Driver/Inc/Legacy" -I"/Users/khoahuynh/Documents/Document/STM32L4R5ZIT6_NucleoL4R5ZI/Eclipse/DMA_PracticeWS/1_LED_Toggle/Inc" -MMD -MP -MF"startup/startup_stm32l4r5xx.d" -MT"startup/startup_stm32l4r5xx.o" -c -o "startup/startup_stm32l4r5xx.o" "../startup/startup_stm32l4r5xx.S"
Invoking: GNU ARM Cross C Compiler
arm-none-eabi-gcc -mcpu=cortex-m4 -mthumb -O0 -fmessage-length=0 -fsigned-char -ffunction-sections -fdata-sections -ffreestanding -fno-move-loop-invariants -Wall -Wextra  -g3 -DSTM32L4R5xx -DDEBUG -DTRACE -DOS_USE_TRACE_SEMIHOSTING_DEBUG -I"/Users/khoahuynh/Documents/Document/STM32L4R5ZIT6_NucleoL4R5ZI/Eclipse/DMA_PracticeWS/1_LED_Toggle/Drivers/CMSIS/Device/ST/STM32L4xx/Include" -I"/Users/khoahuynh/Documents/Document/STM32L4R5ZIT6_NucleoL4R5ZI/Eclipse/DMA_PracticeWS/1_LED_Toggle/Drivers/CMSIS/Include" -I"/Users/khoahuynh/Documents/Document/STM32L4R5ZIT6_NucleoL4R5ZI/Eclipse/DMA_PracticeWS/1_LED_Toggle/Drivers/STM32L4xx_HAL_Driver/Inc" -I"/Users/khoahuynh/Documents/Document/STM32L4R5ZIT6_NucleoL4R5ZI/Eclipse/DMA_PracticeWS/1_LED_Toggle/Drivers/STM32L4xx_HAL_Driver/Inc/Legacy" -I"/Users/khoahuynh/Documents/Document/STM32L4R5ZIT6_NucleoL4R5ZI/Eclipse/DMA_PracticeWS/1_LED_Toggle/Inc" -std=gnu11 -MMD -MP -MF"Src/it.d" -MT"Src/it.o" -c -o "Src/it.o" "../Src/it.c"
Invoking: GNU ARM Cross C Compiler
arm-none-eabi-gcc -mcpu=cortex-m4 -mthumb -O0 -fmessage-length=0 -fsigned-char -ffunction-sections -fdata-sections -ffreestanding -fno-move-loop-invariants -Wall -Wextra  -g3 -DSTM32L4R5xx -DDEBUG -DTRACE -DOS_USE_TRACE_SEMIHOSTING_DEBUG -I"/Users/khoahuynh/Documents/Document/STM32L4R5ZIT6_NucleoL4R5ZI/Eclipse/DMA_PracticeWS/1_LED_Toggle/Drivers/CMSIS/Device/ST/STM32L4xx/Include" -I"/Users/khoahuynh/Documents/Document/STM32L4R5ZIT6_NucleoL4R5ZI/Eclipse/DMA_PracticeWS/1_LED_Toggle/Drivers/CMSIS/Include" -I"/Users/khoahuynh/Documents/Document/STM32L4R5ZIT6_NucleoL4R5ZI/Eclipse/DMA_PracticeWS/1_LED_Toggle/Drivers/STM32L4xx_HAL_Driver/Inc" -I"/Users/khoahuynh/Documents/Document/STM32L4R5ZIT6_NucleoL4R5ZI/Eclipse/DMA_PracticeWS/1_LED_Toggle/Drivers/STM32L4xx_HAL_Driver/Inc/Legacy" -I"/Users/khoahuynh/Documents/Document/STM32L4R5ZIT6_NucleoL4R5ZI/Eclipse/DMA_PracticeWS/1_LED_Toggle/Inc" -std=gnu11 -MMD -MP -MF"Src/main.d" -MT"Src/main.o" -c -o "Src/main.o" "../Src/main.c"
Building file: ../Src/msp.c
Building file: ../Src/syscalls.c
Building file: ../Src/system_stm32l4xx.c
Building file: ../Drivers/STM32L4xx_HAL_Driver/Src/stm32l4xx_hal.c
Invoking: GNU ARM Cross C Compiler
Invoking: GNU ARM Cross C Compiler
arm-none-eabi-gcc -mcpu=cortex-m4 -mthumb -O0 -fmessage-length=0 -fsigned-char -ffunction-sections -fdata-sections -ffreestanding -fno-move-loop-invariants -Wall -Wextra  -g3 -DSTM32L4R5xx -DDEBUG -DTRACE -DOS_USE_TRACE_SEMIHOSTING_DEBUG -I"/Users/khoahuynh/Documents/Document/STM32L4R5ZIT6_NucleoL4R5ZI/Eclipse/DMA_PracticeWS/1_LED_Toggle/Drivers/CMSIS/Device/ST/STM32L4xx/Include" -I"/Users/khoahuynh/Documents/Document/STM32L4R5ZIT6_NucleoL4R5ZI/Eclipse/DMA_PracticeWS/1_LED_Toggle/Drivers/CMSIS/Include" -I"/Users/khoahuynh/Documents/Document/STM32L4R5ZIT6_NucleoL4R5ZI/Eclipse/DMA_PracticeWS/1_LED_Toggle/Drivers/STM32L4xx_HAL_Driver/Inc" -I"/Users/khoahuynh/Documents/Document/STM32L4R5ZIT6_NucleoL4R5ZI/Eclipse/DMA_PracticeWS/1_LED_Toggle/Drivers/STM32L4xx_HAL_Driver/Inc/Legacy" -I"/Users/khoahuynh/Documents/Document/STM32L4R5ZIT6_NucleoL4R5ZI/Eclipse/DMA_PracticeWS/1_LED_Toggle/Inc" -std=gnu11 -MMD -MP -MF"Src/syscalls.d" -MT"Src/syscalls.o" -c -o "Src/syscalls.o" "../Src/syscalls.c"
Invoking: GNU ARM Cross C Compiler
arm-none-eabi-gcc -mcpu=cortex-m4 -mthumb -O0 -fmessage-length=0 -fsigned-char -ffunction-sections -fdata-sections -ffreestanding -fno-move-loop-invariants -Wall -Wextra  -g3 -DSTM32L4R5xx -DDEBUG -DTRACE -DOS_USE_TRACE_SEMIHOSTING_DEBUG -I"/Users/khoahuynh/Documents/Document/STM32L4R5ZIT6_NucleoL4R5ZI/Eclipse/DMA_PracticeWS/1_LED_Toggle/Drivers/CMSIS/Device/ST/STM32L4xx/Include" -I"/Users/khoahuynh/Documents/Document/STM32L4R5ZIT6_NucleoL4R5ZI/Eclipse/DMA_PracticeWS/1_LED_Toggle/Drivers/CMSIS/Include" -I"/Users/khoahuynh/Documents/Document/STM32L4R5ZIT6_NucleoL4R5ZI/Eclipse/DMA_PracticeWS/1_LED_Toggle/Drivers/STM32L4xx_HAL_Driver/Inc" -I"/Users/khoahuynh/Documents/Document/STM32L4R5ZIT6_NucleoL4R5ZI/Eclipse/DMA_PracticeWS/1_LED_Toggle/Drivers/STM32L4xx_HAL_Driver/Inc/Legacy" -I"/Users/khoahuynh/Documents/Document/STM32L4R5ZIT6_NucleoL4R5ZI/Eclipse/DMA_PracticeWS/1_LED_Toggle/Inc" -std=gnu11 -MMD -MP -MF"Src/msp.d" -MT"Src/msp.o" -c -o "Src/msp.o" "../Src/msp.c"
arm-none-eabi-gcc -mcpu=cortex-m4 -mthumb -O0 -fmessage-length=0 -fsigned-char -ffunction-sections -fdata-sections -ffreestanding -fno-move-loop-invariants -Wall -Wextra  -g3 -DSTM32L4R5xx -DDEBUG -DTRACE -DOS_USE_TRACE_SEMIHOSTING_DEBUG -I"/Users/khoahuynh/Documents/Document/STM32L4R5ZIT6_NucleoL4R5ZI/Eclipse/DMA_PracticeWS/1_LED_Toggle/Drivers/CMSIS/Device/ST/STM32L4xx/Include" -I"/Users/khoahuynh/Documents/Document/STM32L4R5ZIT6_NucleoL4R5ZI/Eclipse/DMA_PracticeWS/1_LED_Toggle/Drivers/CMSIS/Include" -I"/Users/khoahuynh/Documents/Document/STM32L4R5ZIT6_NucleoL4R5ZI/Eclipse/DMA_PracticeWS/1_LED_Toggle/Drivers/STM32L4xx_HAL_Driver/Inc" -I"/Users/khoahuynh/Documents/Document/STM32L4R5ZIT6_NucleoL4R5ZI/Eclipse/DMA_PracticeWS/1_LED_Toggle/Drivers/STM32L4xx_HAL_Driver/Inc/Legacy" -I"/Users/khoahuynh/Documents/Document/STM32L4R5ZIT6_NucleoL4R5ZI/Eclipse/DMA_PracticeWS/1_LED_Toggle/Inc" -std=gnu11 -MMD -MP -MF"Src/system_stm32l4xx.d" -MT"Src/system_stm32l4xx.o" -c -o "Src/system_stm32l4xx.o" "../Src/system_stm32l4xx.c"
Building file: ../Drivers/STM32L4xx_HAL_Driver/Src/stm32l4xx_hal_cortex.c
Invoking: GNU ARM Cross C Compiler
arm-none-eabi-gcc -mcpu=cortex-m4 -mthumb -O0 -fmessage-length=0 -fsigned-char -ffunction-sections -fdata-sections -ffreestanding -fno-move-loop-invariants -Wall -Wextra  -g3 -DSTM32L4R5xx -DDEBUG -DTRACE -DOS_USE_TRACE_SEMIHOSTING_DEBUG -I"/Users/khoahuynh/Documents/Document/STM32L4R5ZIT6_NucleoL4R5ZI/Eclipse/DMA_PracticeWS/1_LED_Toggle/Drivers/CMSIS/Device/ST/STM32L4xx/Include" -I"/Users/khoahuynh/Documents/Document/STM32L4R5ZIT6_NucleoL4R5ZI/Eclipse/DMA_PracticeWS/1_LED_Toggle/Drivers/CMSIS/Include" -I"/Users/khoahuynh/Documents/Document/STM32L4R5ZIT6_NucleoL4R5ZI/Eclipse/DMA_PracticeWS/1_LED_Toggle/Drivers/STM32L4xx_HAL_Driver/Inc" -I"/Users/khoahuynh/Documents/Document/STM32L4R5ZIT6_NucleoL4R5ZI/Eclipse/DMA_PracticeWS/1_LED_Toggle/Drivers/STM32L4xx_HAL_Driver/Inc/Legacy" -I"/Users/khoahuynh/Documents/Document/STM32L4R5ZIT6_NucleoL4R5ZI/Eclipse/DMA_PracticeWS/1_LED_Toggle/Inc" -std=gnu11 -MMD -MP -MF"Drivers/STM32L4xx_HAL_Driver/Src/stm32l4xx_hal.d" -MT"Drivers/STM32L4xx_HAL_Driver/Src/stm32l4xx_hal.o" -c -o "Drivers/STM32L4xx_HAL_Driver/Src/stm32l4xx_hal.o" "../Drivers/STM32L4xx_HAL_Driver/Src/stm32l4xx_hal.c"
Invoking: GNU ARM Cross C Compiler
arm-none-eabi-gcc -mcpu=cortex-m4 -mthumb -O0 -fmessage-length=0 -fsigned-char -ffunction-sections -fdata-sections -ffreestanding -fno-move-loop-invariants -Wall -Wextra  -g3 -DSTM32L4R5xx -DDEBUG -DTRACE -DOS_USE_TRACE_SEMIHOSTING_DEBUG -I"/Users/khoahuynh/Documents/Document/STM32L4R5ZIT6_NucleoL4R5ZI/Eclipse/DMA_PracticeWS/1_LED_Toggle/Drivers/CMSIS/Device/ST/STM32L4xx/Include" -I"/Users/khoahuynh/Documents/Document/STM32L4R5ZIT6_NucleoL4R5ZI/Eclipse/DMA_PracticeWS/1_LED_Toggle/Drivers/CMSIS/Include" -I"/Users/khoahuynh/Documents/Document/STM32L4R5ZIT6_NucleoL4R5ZI/Eclipse/DMA_PracticeWS/1_LED_Toggle/Drivers/STM32L4xx_HAL_Driver/Inc" -I"/Users/khoahuynh/Documents/Document/STM32L4R5ZIT6_NucleoL4R5ZI/Eclipse/DMA_PracticeWS/1_LED_Toggle/Drivers/STM32L4xx_HAL_Driver/Inc/Legacy" -I"/Users/khoahuynh/Documents/Document/STM32L4R5ZIT6_NucleoL4R5ZI/Eclipse/DMA_PracticeWS/1_LED_Toggle/Inc" -std=gnu11 -MMD -MP -MF"Drivers/STM32L4xx_HAL_Driver/Src/stm32l4xx_hal_cortex.d" -MT"Drivers/STM32L4xx_HAL_Driver/Src/stm32l4xx_hal_cortex.o" -c -o "Drivers/STM32L4xx_HAL_Driver/Src/stm32l4xx_hal_cortex.o" "../Drivers/STM32L4xx_HAL_Driver/Src/stm32l4xx_hal_cortex.c"
Building file: ../Drivers/STM32L4xx_HAL_Driver/Src/stm32l4xx_hal_dma.c
Building file: ../Drivers/STM32L4xx_HAL_Driver/Src/stm32l4xx_hal_dma_ex.c
Invoking: GNU ARM Cross C Compiler
arm-none-eabi-gcc -mcpu=cortex-m4 -mthumb -O0 -fmessage-length=0 -fsigned-char -ffunction-sections -fdata-sections -ffreestanding -fno-move-loop-invariants -Wall -Wextra  -g3 -DSTM32L4R5xx -DDEBUG -DTRACE -DOS_USE_TRACE_SEMIHOSTING_DEBUG -I"/Users/khoahuynh/Documents/Document/STM32L4R5ZIT6_NucleoL4R5ZI/Eclipse/DMA_PracticeWS/1_LED_Toggle/Drivers/CMSIS/Device/ST/STM32L4xx/Include" -I"/Users/khoahuynh/Documents/Document/STM32L4R5ZIT6_NucleoL4R5ZI/Eclipse/DMA_PracticeWS/1_LED_Toggle/Drivers/CMSIS/Include" -I"/Users/khoahuynh/Documents/Document/STM32L4R5ZIT6_NucleoL4R5ZI/Eclipse/DMA_PracticeWS/1_LED_Toggle/Drivers/STM32L4xx_HAL_Driver/Inc" -I"/Users/khoahuynh/Documents/Document/STM32L4R5ZIT6_NucleoL4R5ZI/Eclipse/DMA_PracticeWS/1_LED_Toggle/Drivers/STM32L4xx_HAL_Driver/Inc/Legacy" -I"/Users/khoahuynh/Documents/Document/STM32L4R5ZIT6_NucleoL4R5ZI/Eclipse/DMA_PracticeWS/1_LED_Toggle/Inc" -std=gnu11 -MMD -MP -MF"Drivers/STM32L4xx_HAL_Driver/Src/stm32l4xx_hal_dma.d" -MT"Drivers/STM32L4xx_HAL_Driver/Src/stm32l4xx_hal_dma.o" -c -o "Drivers/STM32L4xx_HAL_Driver/Src/stm32l4xx_hal_dma.o" "../Drivers/STM32L4xx_HAL_Driver/Src/stm32l4xx_hal_dma.c"
Invoking: GNU ARM Cross C Compiler
arm-none-eabi-gcc -mcpu=cortex-m4 -mthumb -O0 -fmessage-length=0 -fsigned-char -ffunction-sections -fdata-sections -ffreestanding -fno-move-loop-invariants -Wall -Wextra  -g3 -DSTM32L4R5xx -DDEBUG -DTRACE -DOS_USE_TRACE_SEMIHOSTING_DEBUG -I"/Users/khoahuynh/Documents/Document/STM32L4R5ZIT6_NucleoL4R5ZI/Eclipse/DMA_PracticeWS/1_LED_Toggle/Drivers/CMSIS/Device/ST/STM32L4xx/Include" -I"/Users/khoahuynh/Documents/Document/STM32L4R5ZIT6_NucleoL4R5ZI/Eclipse/DMA_PracticeWS/1_LED_Toggle/Drivers/CMSIS/Include" -I"/Users/khoahuynh/Documents/Document/STM32L4R5ZIT6_NucleoL4R5ZI/Eclipse/DMA_PracticeWS/1_LED_Toggle/Drivers/STM32L4xx_HAL_Driver/Inc" -I"/Users/khoahuynh/Documents/Document/STM32L4R5ZIT6_NucleoL4R5ZI/Eclipse/DMA_PracticeWS/1_LED_Toggle/Drivers/STM32L4xx_HAL_Driver/Inc/Legacy" -I"/Users/khoahuynh/Documents/Document/STM32L4R5ZIT6_NucleoL4R5ZI/Eclipse/DMA_PracticeWS/1_LED_Toggle/Inc" -std=gnu11 -MMD -MP -MF"Drivers/STM32L4xx_HAL_Driver/Src/stm32l4xx_hal_dma_ex.d" -MT"Drivers/STM32L4xx_HAL_Driver/Src/stm32l4xx_hal_dma_ex.o" -c -o "Drivers/STM32L4xx_HAL_Driver/Src/stm32l4xx_hal_dma_ex.o" "../Drivers/STM32L4xx_HAL_Driver/Src/stm32l4xx_hal_dma_ex.c"
Finished building: ../startup/startup_stm32l4r5xx.S
 
Building file: ../Drivers/STM32L4xx_HAL_Driver/Src/stm32l4xx_hal_exti.c
Invoking: GNU ARM Cross C Compiler
arm-none-eabi-gcc -mcpu=cortex-m4 -mthumb -O0 -fmessage-length=0 -fsigned-char -ffunction-sections -fdata-sections -ffreestanding -fno-move-loop-invariants -Wall -Wextra  -g3 -DSTM32L4R5xx -DDEBUG -DTRACE -DOS_USE_TRACE_SEMIHOSTING_DEBUG -I"/Users/khoahuynh/Documents/Document/STM32L4R5ZIT6_NucleoL4R5ZI/Eclipse/DMA_PracticeWS/1_LED_Toggle/Drivers/CMSIS/Device/ST/STM32L4xx/Include" -I"/Users/khoahuynh/Documents/Document/STM32L4R5ZIT6_NucleoL4R5ZI/Eclipse/DMA_PracticeWS/1_LED_Toggle/Drivers/CMSIS/Include" -I"/Users/khoahuynh/Documents/Document/STM32L4R5ZIT6_NucleoL4R5ZI/Eclipse/DMA_PracticeWS/1_LED_Toggle/Drivers/STM32L4xx_HAL_Driver/Inc" -I"/Users/khoahuynh/Documents/Document/STM32L4R5ZIT6_NucleoL4R5ZI/Eclipse/DMA_PracticeWS/1_LED_Toggle/Drivers/STM32L4xx_HAL_Driver/Inc/Legacy" -I"/Users/khoahuynh/Documents/Document/STM32L4R5ZIT6_NucleoL4R5ZI/Eclipse/DMA_PracticeWS/1_LED_Toggle/Inc" -std=gnu11 -MMD -MP -MF"Drivers/STM32L4xx_HAL_Driver/Src/stm32l4xx_hal_exti.d" -MT"Drivers/STM32L4xx_HAL_Driver/Src/stm32l4xx_hal_exti.o" -c -o "Drivers/STM32L4xx_HAL_Driver/Src/stm32l4xx_hal_exti.o" "../Drivers/STM32L4xx_HAL_Driver/Src/stm32l4xx_hal_exti.c"
../Src/syscalls.c: In function '_kill':
../Src/syscalls.c:82:15: warning: unused parameter 'pid' [-Wunused-parameter]
   82 | int _kill(int pid, int sig)
      |           ~~~~^~~
../Src/syscalls.c:82:24: warning: unused parameter 'sig' [-Wunused-parameter]
   82 | int _kill(int pid, int sig)
      |                    ~~~~^~~
../Src/syscalls.c: In function '_read':
../Src/syscalls.c:94:37: warning: unused parameter 'file' [-Wunused-parameter]
   94 | __attribute__((weak)) int _read(int file, char *ptr, int len)
      |                                 ~~~~^~~~
../Src/syscalls.c: In function '_write':
../Src/syscalls.c:106:38: warning: unused parameter 'file' [-Wunused-parameter]
  106 | __attribute__((weak)) int _write(int file, char *ptr, int len)
      |                                  ~~~~^~~~
../Src/syscalls.c: In function '_close':
../Src/syscalls.c:140:16: warning: unused parameter 'file' [-Wunused-parameter]
  140 | int _close(int file)
      |            ~~~~^~~~
../Src/syscalls.c: In function '_fstat':
../Src/syscalls.c:146:16: warning: unused parameter 'file' [-Wunused-parameter]
  146 | int _fstat(int file, struct stat *st)
      |            ~~~~^~~~
../Src/syscalls.c: In function '_isatty':
../Src/syscalls.c:152:17: warning: unused parameter 'file' [-Wunused-parameter]
  152 | int _isatty(int file)
      |             ~~~~^~~~
../Src/syscalls.c: In function '_lseek':
../Src/syscalls.c:157:16: warning: unused parameter 'file' [-Wunused-parameter]
  157 | int _lseek(int file, int ptr, int dir)
      |            ~~~~^~~~
../Src/syscalls.c:157:26: warning: unused parameter 'ptr' [-Wunused-parameter]
  157 | int _lseek(int file, int ptr, int dir)
      |                      ~~~~^~~
../Src/syscalls.c:157:35: warning: unused parameter 'dir' [-Wunused-parameter]
  157 | int _lseek(int file, int ptr, int dir)
      |                               ~~~~^~~
../Src/syscalls.c: In function '_open':
../Src/syscalls.c:162:17: warning: unused parameter 'path' [-Wunused-parameter]
  162 | int _open(char *path, int flags, ...)
      |           ~~~~~~^~~~
../Src/syscalls.c:162:27: warning: unused parameter 'flags' [-Wunused-parameter]
  162 | int _open(char *path, int flags, ...)
      |                       ~~~~^~~~~
../Src/syscalls.c: In function '_wait':
../Src/syscalls.c:168:16: warning: unused parameter 'status' [-Wunused-parameter]
  168 | int _wait(int *status)
      |           ~~~~~^~~~~~
../Src/syscalls.c: In function '_unlink':
../Src/syscalls.c:174:19: warning: unused parameter 'name' [-Wunused-parameter]
  174 | int _unlink(char *name)
      |             ~~~~~~^~~~
../Src/syscalls.c: In function '_times':
../Src/syscalls.c:180:24: warning: unused parameter 'buf' [-Wunused-parameter]
  180 | int _times(struct tms *buf)
      |            ~~~~~~~~~~~~^~~
../Src/syscalls.c: In function '_stat':
../Src/syscalls.c:185:17: warning: unused parameter 'file' [-Wunused-parameter]
  185 | int _stat(char *file, struct stat *st)
      |           ~~~~~~^~~~
../Src/syscalls.c: In function '_link':
../Src/syscalls.c:191:17: warning: unused parameter 'old' [-Wunused-parameter]
  191 | int _link(char *old, char *new)
      |           ~~~~~~^~~
../Src/syscalls.c:191:28: warning: unused parameter 'new' [-Wunused-parameter]
  191 | int _link(char *old, char *new)
      |                      ~~~~~~^~~
../Src/syscalls.c: In function '_execve':
../Src/syscalls.c:203:19: warning: unused parameter 'name' [-Wunused-parameter]
  203 | int _execve(char *name, char **argv, char **env)
      |             ~~~~~~^~~~
../Src/syscalls.c:203:32: warning: unused parameter 'argv' [-Wunused-parameter]
  203 | int _execve(char *name, char **argv, char **env)
      |                         ~~~~~~~^~~~
../Src/syscalls.c:203:45: warning: unused parameter 'env' [-Wunused-parameter]
  203 | int _execve(char *name, char **argv, char **env)
      |                                      ~~~~~~~^~~
Finished building: ../Src/syscalls.c
 
Building file: ../Drivers/STM32L4xx_HAL_Driver/Src/stm32l4xx_hal_flash.c
../Src/msp.c: In function 'HAL_TIM_Base_MspInit':
Invoking: GNU ARM Cross C Compiler
arm-none-eabi-gcc -mcpu=cortex-m4 -mthumb -O0 -fmessage-length=0 -fsigned-char -ffunction-sections -fdata-sections -ffreestanding -fno-move-loop-invariants -Wall -Wextra  -g3 -DSTM32L4R5xx -DDEBUG -DTRACE -DOS_USE_TRACE_SEMIHOSTING_DEBUG -I"/Users/khoahuynh/Documents/Document/STM32L4R5ZIT6_NucleoL4R5ZI/Eclipse/DMA_PracticeWS/1_LED_Toggle/Drivers/CMSIS/Device/ST/STM32L4xx/Include" -I"/Users/khoahuynh/Documents/Document/STM32L4R5ZIT6_NucleoL4R5ZI/Eclipse/DMA_PracticeWS/1_LED_Toggle/Drivers/CMSIS/Include" -I"/Users/khoahuynh/Documents/Document/STM32L4R5ZIT6_NucleoL4R5ZI/Eclipse/DMA_PracticeWS/1_LED_Toggle/Drivers/STM32L4xx_HAL_Driver/Inc" -I"/Users/khoahuynh/Documents/Document/STM32L4R5ZIT6_NucleoL4R5ZI/Eclipse/DMA_PracticeWS/1_LED_Toggle/Drivers/STM32L4xx_HAL_Driver/Inc/Legacy" -I"/Users/khoahuynh/Documents/Document/STM32L4R5ZIT6_NucleoL4R5ZI/Eclipse/DMA_PracticeWS/1_LED_Toggle/Inc" -std=gnu11 -MMD -MP -MF"Drivers/STM32L4xx_HAL_Driver/Src/stm32l4xx_hal_flash.d" -MT"Drivers/STM32L4xx_HAL_Driver/Src/stm32l4xx_hal_flash.o" -c -o "Drivers/STM32L4xx_HAL_Driver/Src/stm32l4xx_hal_flash.o" "../Drivers/STM32L4xx_HAL_Driver/Src/stm32l4xx_hal_flash.c"
../Src/msp.c:24:46: warning: unused parameter 'htim' [-Wunused-parameter]
   24 | void HAL_TIM_Base_MspInit(TIM_HandleTypeDef *htim)
      |                           ~~~~~~~~~~~~~~~~~~~^~~~
../Src/msp.c: In function 'HAL_UART_MspInit':
../Src/msp.c:34:43: warning: unused parameter 'huart' [-Wunused-parameter]
   34 | void HAL_UART_MspInit(UART_HandleTypeDef *huart)
      |                       ~~~~~~~~~~~~~~~~~~~~^~~~~
../Drivers/STM32L4xx_HAL_Driver/Src/stm32l4xx_hal_exti.c: In function 'HAL_EXTI_GetPending':
../Drivers/STM32L4xx_HAL_Driver/Src/stm32l4xx_hal_exti.c:543:66: warning: unused parameter 'Edge' [-Wunused-parameter]
  543 | uint32_t HAL_EXTI_GetPending(EXTI_HandleTypeDef *hexti, uint32_t Edge)
      |                                                         ~~~~~~~~~^~~~
../Drivers/STM32L4xx_HAL_Driver/Src/stm32l4xx_hal_exti.c: In function 'HAL_EXTI_ClearPending':
../Drivers/STM32L4xx_HAL_Driver/Src/stm32l4xx_hal_exti.c:579:64: warning: unused parameter 'Edge' [-Wunused-parameter]
  579 | void HAL_EXTI_ClearPending(EXTI_HandleTypeDef *hexti, uint32_t Edge)
      |                                                       ~~~~~~~~~^~~~
Finished building: ../Src/system_stm32l4xx.c
 
Building file: ../Drivers/STM32L4xx_HAL_Driver/Src/stm32l4xx_hal_flash_ex.c
Invoking: GNU ARM Cross C Compiler
arm-none-eabi-gcc -mcpu=cortex-m4 -mthumb -O0 -fmessage-length=0 -fsigned-char -ffunction-sections -fdata-sections -ffreestanding -fno-move-loop-invariants -Wall -Wextra  -g3 -DSTM32L4R5xx -DDEBUG -DTRACE -DOS_USE_TRACE_SEMIHOSTING_DEBUG -I"/Users/khoahuynh/Documents/Document/STM32L4R5ZIT6_NucleoL4R5ZI/Eclipse/DMA_PracticeWS/1_LED_Toggle/Drivers/CMSIS/Device/ST/STM32L4xx/Include" -I"/Users/khoahuynh/Documents/Document/STM32L4R5ZIT6_NucleoL4R5ZI/Eclipse/DMA_PracticeWS/1_LED_Toggle/Drivers/CMSIS/Include" -I"/Users/khoahuynh/Documents/Document/STM32L4R5ZIT6_NucleoL4R5ZI/Eclipse/DMA_PracticeWS/1_LED_Toggle/Drivers/STM32L4xx_HAL_Driver/Inc" -I"/Users/khoahuynh/Documents/Document/STM32L4R5ZIT6_NucleoL4R5ZI/Eclipse/DMA_PracticeWS/1_LED_Toggle/Drivers/STM32L4xx_HAL_Driver/Inc/Legacy" -I"/Users/khoahuynh/Documents/Document/STM32L4R5ZIT6_NucleoL4R5ZI/Eclipse/DMA_PracticeWS/1_LED_Toggle/Inc" -std=gnu11 -MMD -MP -MF"Drivers/STM32L4xx_HAL_Driver/Src/stm32l4xx_hal_flash_ex.d" -MT"Drivers/STM32L4xx_HAL_Driver/Src/stm32l4xx_hal_flash_ex.o" -c -o "Drivers/STM32L4xx_HAL_Driver/Src/stm32l4xx_hal_flash_ex.o" "../Drivers/STM32L4xx_HAL_Driver/Src/stm32l4xx_hal_flash_ex.c"
Finished building: ../Src/data.c
 
Finished building: ../Src/it.c
Building file: ../Drivers/STM32L4xx_HAL_Driver/Src/stm32l4xx_hal_flash_ramfunc.c
 
Invoking: GNU ARM Cross C Compiler
arm-none-eabi-gcc -mcpu=cortex-m4 -mthumb -O0 -fmessage-length=0 -fsigned-char -ffunction-sections -fdata-sections -ffreestanding -fno-move-loop-invariants -Wall -Wextra  -g3 -DSTM32L4R5xx -DDEBUG -DTRACE -DOS_USE_TRACE_SEMIHOSTING_DEBUG -I"/Users/khoahuynh/Documents/Document/STM32L4R5ZIT6_NucleoL4R5ZI/Eclipse/DMA_PracticeWS/1_LED_Toggle/Drivers/CMSIS/Device/ST/STM32L4xx/Include" -I"/Users/khoahuynh/Documents/Document/STM32L4R5ZIT6_NucleoL4R5ZI/Eclipse/DMA_PracticeWS/1_LED_Toggle/Drivers/CMSIS/Include" -I"/Users/khoahuynh/Documents/Document/STM32L4R5ZIT6_NucleoL4R5ZI/Eclipse/DMA_PracticeWS/1_LED_Toggle/Drivers/STM32L4xx_HAL_Driver/Inc" -I"/Users/khoahuynh/Documents/Document/STM32L4R5ZIT6_NucleoL4R5ZI/Eclipse/DMA_PracticeWS/1_LED_Toggle/Drivers/STM32L4xx_HAL_Driver/Inc/Legacy" -I"/Users/khoahuynh/Documents/Document/STM32L4R5ZIT6_NucleoL4R5ZI/Eclipse/DMA_PracticeWS/1_LED_Toggle/Inc" -std=gnu11 -MMD -MP -MF"Drivers/STM32L4xx_HAL_Driver/Src/stm32l4xx_hal_flash_ramfunc.d" -MT"Drivers/STM32L4xx_HAL_Driver/Src/stm32l4xx_hal_flash_ramfunc.o" -c -o "Drivers/STM32L4xx_HAL_Driver/Src/stm32l4xx_hal_flash_ramfunc.o" "../Drivers/STM32L4xx_HAL_Driver/Src/stm32l4xx_hal_flash_ramfunc.c"
Building file: ../Drivers/STM32L4xx_HAL_Driver/Src/stm32l4xx_hal_gpio.c
Invoking: GNU ARM Cross C Compiler
arm-none-eabi-gcc -mcpu=cortex-m4 -mthumb -O0 -fmessage-length=0 -fsigned-char -ffunction-sections -fdata-sections -ffreestanding -fno-move-loop-invariants -Wall -Wextra  -g3 -DSTM32L4R5xx -DDEBUG -DTRACE -DOS_USE_TRACE_SEMIHOSTING_DEBUG -I"/Users/khoahuynh/Documents/Document/STM32L4R5ZIT6_NucleoL4R5ZI/Eclipse/DMA_PracticeWS/1_LED_Toggle/Drivers/CMSIS/Device/ST/STM32L4xx/Include" -I"/Users/khoahuynh/Documents/Document/STM32L4R5ZIT6_NucleoL4R5ZI/Eclipse/DMA_PracticeWS/1_LED_Toggle/Drivers/CMSIS/Include" -I"/Users/khoahuynh/Documents/Document/STM32L4R5ZIT6_NucleoL4R5ZI/Eclipse/DMA_PracticeWS/1_LED_Toggle/Drivers/STM32L4xx_HAL_Driver/Inc" -I"/Users/khoahuynh/Documents/Document/STM32L4R5ZIT6_NucleoL4R5ZI/Eclipse/DMA_PracticeWS/1_LED_Toggle/Drivers/STM32L4xx_HAL_Driver/Inc/Legacy" -I"/Users/khoahuynh/Documents/Document/STM32L4R5ZIT6_NucleoL4R5ZI/Eclipse/DMA_PracticeWS/1_LED_Toggle/Inc" -std=gnu11 -MMD -MP -MF"Drivers/STM32L4xx_HAL_Driver/Src/stm32l4xx_hal_gpio.d" -MT"Drivers/STM32L4xx_HAL_Driver/Src/stm32l4xx_hal_gpio.o" -c -o "Drivers/STM32L4xx_HAL_Driver/Src/stm32l4xx_hal_gpio.o" "../Drivers/STM32L4xx_HAL_Driver/Src/stm32l4xx_hal_gpio.c"
Finished building: ../Src/msp.c
Finished building: ../Drivers/STM32L4xx_HAL_Driver/Src/stm32l4xx_hal.c
 
 
Finished building: ../Drivers/STM32L4xx_HAL_Driver/Src/stm32l4xx_hal_dma_ex.c
Finished building: ../Drivers/STM32L4xx_HAL_Driver/Src/stm32l4xx_hal_cortex.c
 
 
Finished building: ../Drivers/STM32L4xx_HAL_Driver/Src/stm32l4xx_hal_exti.c
Building file: ../Drivers/STM32L4xx_HAL_Driver/Src/stm32l4xx_hal_i2c.c
 
Invoking: GNU ARM Cross C Compiler
arm-none-eabi-gcc -mcpu=cortex-m4 -mthumb -O0 -fmessage-length=0 -fsigned-char -ffunction-sections -fdata-sections -ffreestanding -fno-move-loop-invariants -Wall -Wextra  -g3 -DSTM32L4R5xx -DDEBUG -DTRACE -DOS_USE_TRACE_SEMIHOSTING_DEBUG -I"/Users/khoahuynh/Documents/Document/STM32L4R5ZIT6_NucleoL4R5ZI/Eclipse/DMA_PracticeWS/1_LED_Toggle/Drivers/CMSIS/Device/ST/STM32L4xx/Include" -I"/Users/khoahuynh/Documents/Document/STM32L4R5ZIT6_NucleoL4R5ZI/Eclipse/DMA_PracticeWS/1_LED_Toggle/Drivers/CMSIS/Include" -I"/Users/khoahuynh/Documents/Document/STM32L4R5ZIT6_NucleoL4R5ZI/Eclipse/DMA_PracticeWS/1_LED_Toggle/Drivers/STM32L4xx_HAL_Driver/Inc" -I"/Users/khoahuynh/Documents/Document/STM32L4R5ZIT6_NucleoL4R5ZI/Eclipse/DMA_PracticeWS/1_LED_Toggle/Drivers/STM32L4xx_HAL_Driver/Inc/Legacy" -I"/Users/khoahuynh/Documents/Document/STM32L4R5ZIT6_NucleoL4R5ZI/Eclipse/DMA_PracticeWS/1_LED_Toggle/Inc" -std=gnu11 -MMD -MP -MF"Drivers/STM32L4xx_HAL_Driver/Src/stm32l4xx_hal_i2c.d" -MT"Drivers/STM32L4xx_HAL_Driver/Src/stm32l4xx_hal_i2c.o" -c -o "Drivers/STM32L4xx_HAL_Driver/Src/stm32l4xx_hal_i2c.o" "../Drivers/STM32L4xx_HAL_Driver/Src/stm32l4xx_hal_i2c.c"
Building file: ../Drivers/STM32L4xx_HAL_Driver/Src/stm32l4xx_hal_i2c_ex.c
Building file: ../Drivers/STM32L4xx_HAL_Driver/Src/stm32l4xx_hal_pcd.c
Invoking: GNU ARM Cross C Compiler
arm-none-eabi-gcc -mcpu=cortex-m4 -mthumb -O0 -fmessage-length=0 -fsigned-char -ffunction-sections -fdata-sections -ffreestanding -fno-move-loop-invariants -Wall -Wextra  -g3 -DSTM32L4R5xx -DDEBUG -DTRACE -DOS_USE_TRACE_SEMIHOSTING_DEBUG -I"/Users/khoahuynh/Documents/Document/STM32L4R5ZIT6_NucleoL4R5ZI/Eclipse/DMA_PracticeWS/1_LED_Toggle/Drivers/CMSIS/Device/ST/STM32L4xx/Include" -I"/Users/khoahuynh/Documents/Document/STM32L4R5ZIT6_NucleoL4R5ZI/Eclipse/DMA_PracticeWS/1_LED_Toggle/Drivers/CMSIS/Include" -I"/Users/khoahuynh/Documents/Document/STM32L4R5ZIT6_NucleoL4R5ZI/Eclipse/DMA_PracticeWS/1_LED_Toggle/Drivers/STM32L4xx_HAL_Driver/Inc" -I"/Users/khoahuynh/Documents/Document/STM32L4R5ZIT6_NucleoL4R5ZI/Eclipse/DMA_PracticeWS/1_LED_Toggle/Drivers/STM32L4xx_HAL_Driver/Inc/Legacy" -I"/Users/khoahuynh/Documents/Document/STM32L4R5ZIT6_NucleoL4R5ZI/Eclipse/DMA_PracticeWS/1_LED_Toggle/Inc" -std=gnu11 -MMD -MP -MF"Drivers/STM32L4xx_HAL_Driver/Src/stm32l4xx_hal_i2c_ex.d" -MT"Drivers/STM32L4xx_HAL_Driver/Src/stm32l4xx_hal_i2c_ex.o" -c -o "Drivers/STM32L4xx_HAL_Driver/Src/stm32l4xx_hal_i2c_ex.o" "../Drivers/STM32L4xx_HAL_Driver/Src/stm32l4xx_hal_i2c_ex.c"
Building file: ../Drivers/STM32L4xx_HAL_Driver/Src/stm32l4xx_hal_pcd_ex.c
Invoking: GNU ARM Cross C Compiler
Invoking: GNU ARM Cross C Compiler
arm-none-eabi-gcc -mcpu=cortex-m4 -mthumb -O0 -fmessage-length=0 -fsigned-char -ffunction-sections -fdata-sections -ffreestanding -fno-move-loop-invariants -Wall -Wextra  -g3 -DSTM32L4R5xx -DDEBUG -DTRACE -DOS_USE_TRACE_SEMIHOSTING_DEBUG -I"/Users/khoahuynh/Documents/Document/STM32L4R5ZIT6_NucleoL4R5ZI/Eclipse/DMA_PracticeWS/1_LED_Toggle/Drivers/CMSIS/Device/ST/STM32L4xx/Include" -I"/Users/khoahuynh/Documents/Document/STM32L4R5ZIT6_NucleoL4R5ZI/Eclipse/DMA_PracticeWS/1_LED_Toggle/Drivers/CMSIS/Include" -I"/Users/khoahuynh/Documents/Document/STM32L4R5ZIT6_NucleoL4R5ZI/Eclipse/DMA_PracticeWS/1_LED_Toggle/Drivers/STM32L4xx_HAL_Driver/Inc" -I"/Users/khoahuynh/Documents/Document/STM32L4R5ZIT6_NucleoL4R5ZI/Eclipse/DMA_PracticeWS/1_LED_Toggle/Drivers/STM32L4xx_HAL_Driver/Inc/Legacy" -I"/Users/khoahuynh/Documents/Document/STM32L4R5ZIT6_NucleoL4R5ZI/Eclipse/DMA_PracticeWS/1_LED_Toggle/Inc" -std=gnu11 -MMD -MP -MF"Drivers/STM32L4xx_HAL_Driver/Src/stm32l4xx_hal_pcd_ex.d" -MT"Drivers/STM32L4xx_HAL_Driver/Src/stm32l4xx_hal_pcd_ex.o" -c -o "Drivers/STM32L4xx_HAL_Driver/Src/stm32l4xx_hal_pcd_ex.o" "../Drivers/STM32L4xx_HAL_Driver/Src/stm32l4xx_hal_pcd_ex.c"
Building file: ../Drivers/STM32L4xx_HAL_Driver/Src/stm32l4xx_hal_pwr.c
arm-none-eabi-gcc -mcpu=cortex-m4 -mthumb -O0 -fmessage-length=0 -fsigned-char -ffunction-sections -fdata-sections -ffreestanding -fno-move-loop-invariants -Wall -Wextra  -g3 -DSTM32L4R5xx -DDEBUG -DTRACE -DOS_USE_TRACE_SEMIHOSTING_DEBUG -I"/Users/khoahuynh/Documents/Document/STM32L4R5ZIT6_NucleoL4R5ZI/Eclipse/DMA_PracticeWS/1_LED_Toggle/Drivers/CMSIS/Device/ST/STM32L4xx/Include" -I"/Users/khoahuynh/Documents/Document/STM32L4R5ZIT6_NucleoL4R5ZI/Eclipse/DMA_PracticeWS/1_LED_Toggle/Drivers/CMSIS/Include" -I"/Users/khoahuynh/Documents/Document/STM32L4R5ZIT6_NucleoL4R5ZI/Eclipse/DMA_PracticeWS/1_LED_Toggle/Drivers/STM32L4xx_HAL_Driver/Inc" -I"/Users/khoahuynh/Documents/Document/STM32L4R5ZIT6_NucleoL4R5ZI/Eclipse/DMA_PracticeWS/1_LED_Toggle/Drivers/STM32L4xx_HAL_Driver/Inc/Legacy" -I"/Users/khoahuynh/Documents/Document/STM32L4R5ZIT6_NucleoL4R5ZI/Eclipse/DMA_PracticeWS/1_LED_Toggle/Inc" -std=gnu11 -MMD -MP -MF"Drivers/STM32L4xx_HAL_Driver/Src/stm32l4xx_hal_pcd.d" -MT"Drivers/STM32L4xx_HAL_Driver/Src/stm32l4xx_hal_pcd.o" -c -o "Drivers/STM32L4xx_HAL_Driver/Src/stm32l4xx_hal_pcd.o" "../Drivers/STM32L4xx_HAL_Driver/Src/stm32l4xx_hal_pcd.c"
Invoking: GNU ARM Cross C Compiler
arm-none-eabi-gcc -mcpu=cortex-m4 -mthumb -O0 -fmessage-length=0 -fsigned-char -ffunction-sections -fdata-sections -ffreestanding -fno-move-loop-invariants -Wall -Wextra  -g3 -DSTM32L4R5xx -DDEBUG -DTRACE -DOS_USE_TRACE_SEMIHOSTING_DEBUG -I"/Users/khoahuynh/Documents/Document/STM32L4R5ZIT6_NucleoL4R5ZI/Eclipse/DMA_PracticeWS/1_LED_Toggle/Drivers/CMSIS/Device/ST/STM32L4xx/Include" -I"/Users/khoahuynh/Documents/Document/STM32L4R5ZIT6_NucleoL4R5ZI/Eclipse/DMA_PracticeWS/1_LED_Toggle/Drivers/CMSIS/Include" -I"/Users/khoahuynh/Documents/Document/STM32L4R5ZIT6_NucleoL4R5ZI/Eclipse/DMA_PracticeWS/1_LED_Toggle/Drivers/STM32L4xx_HAL_Driver/Inc" -I"/Users/khoahuynh/Documents/Document/STM32L4R5ZIT6_NucleoL4R5ZI/Eclipse/DMA_PracticeWS/1_LED_Toggle/Drivers/STM32L4xx_HAL_Driver/Inc/Legacy" -I"/Users/khoahuynh/Documents/Document/STM32L4R5ZIT6_NucleoL4R5ZI/Eclipse/DMA_PracticeWS/1_LED_Toggle/Inc" -std=gnu11 -MMD -MP -MF"Drivers/STM32L4xx_HAL_Driver/Src/stm32l4xx_hal_pwr.d" -MT"Drivers/STM32L4xx_HAL_Driver/Src/stm32l4xx_hal_pwr.o" -c -o "Drivers/STM32L4xx_HAL_Driver/Src/stm32l4xx_hal_pwr.o" "../Drivers/STM32L4xx_HAL_Driver/Src/stm32l4xx_hal_pwr.c"
Finished building: ../Src/main.c
 
Finished building: ../Drivers/STM32L4xx_HAL_Driver/Src/stm32l4xx_hal_dma.c
Building file: ../Drivers/STM32L4xx_HAL_Driver/Src/stm32l4xx_hal_pwr_ex.c
 
Invoking: GNU ARM Cross C Compiler
arm-none-eabi-gcc -mcpu=cortex-m4 -mthumb -O0 -fmessage-length=0 -fsigned-char -ffunction-sections -fdata-sections -ffreestanding -fno-move-loop-invariants -Wall -Wextra  -g3 -DSTM32L4R5xx -DDEBUG -DTRACE -DOS_USE_TRACE_SEMIHOSTING_DEBUG -I"/Users/khoahuynh/Documents/Document/STM32L4R5ZIT6_NucleoL4R5ZI/Eclipse/DMA_PracticeWS/1_LED_Toggle/Drivers/CMSIS/Device/ST/STM32L4xx/Include" -I"/Users/khoahuynh/Documents/Document/STM32L4R5ZIT6_NucleoL4R5ZI/Eclipse/DMA_PracticeWS/1_LED_Toggle/Drivers/CMSIS/Include" -I"/Users/khoahuynh/Documents/Document/STM32L4R5ZIT6_NucleoL4R5ZI/Eclipse/DMA_PracticeWS/1_LED_Toggle/Drivers/STM32L4xx_HAL_Driver/Inc" -I"/Users/khoahuynh/Documents/Document/STM32L4R5ZIT6_NucleoL4R5ZI/Eclipse/DMA_PracticeWS/1_LED_Toggle/Drivers/STM32L4xx_HAL_Driver/Inc/Legacy" -I"/Users/khoahuynh/Documents/Document/STM32L4R5ZIT6_NucleoL4R5ZI/Eclipse/DMA_PracticeWS/1_LED_Toggle/Inc" -std=gnu11 -MMD -MP -MF"Drivers/STM32L4xx_HAL_Driver/Src/stm32l4xx_hal_pwr_ex.d" -MT"Drivers/STM32L4xx_HAL_Driver/Src/stm32l4xx_hal_pwr_ex.o" -c -o "Drivers/STM32L4xx_HAL_Driver/Src/stm32l4xx_hal_pwr_ex.o" "../Drivers/STM32L4xx_HAL_Driver/Src/stm32l4xx_hal_pwr_ex.c"
Building file: ../Drivers/STM32L4xx_HAL_Driver/Src/stm32l4xx_hal_rcc.c
Invoking: GNU ARM Cross C Compiler
arm-none-eabi-gcc -mcpu=cortex-m4 -mthumb -O0 -fmessage-length=0 -fsigned-char -ffunction-sections -fdata-sections -ffreestanding -fno-move-loop-invariants -Wall -Wextra  -g3 -DSTM32L4R5xx -DDEBUG -DTRACE -DOS_USE_TRACE_SEMIHOSTING_DEBUG -I"/Users/khoahuynh/Documents/Document/STM32L4R5ZIT6_NucleoL4R5ZI/Eclipse/DMA_PracticeWS/1_LED_Toggle/Drivers/CMSIS/Device/ST/STM32L4xx/Include" -I"/Users/khoahuynh/Documents/Document/STM32L4R5ZIT6_NucleoL4R5ZI/Eclipse/DMA_PracticeWS/1_LED_Toggle/Drivers/CMSIS/Include" -I"/Users/khoahuynh/Documents/Document/STM32L4R5ZIT6_NucleoL4R5ZI/Eclipse/DMA_PracticeWS/1_LED_Toggle/Drivers/STM32L4xx_HAL_Driver/Inc" -I"/Users/khoahuynh/Documents/Document/STM32L4R5ZIT6_NucleoL4R5ZI/Eclipse/DMA_PracticeWS/1_LED_Toggle/Drivers/STM32L4xx_HAL_Driver/Inc/Legacy" -I"/Users/khoahuynh/Documents/Document/STM32L4R5ZIT6_NucleoL4R5ZI/Eclipse/DMA_PracticeWS/1_LED_Toggle/Inc" -std=gnu11 -MMD -MP -MF"Drivers/STM32L4xx_HAL_Driver/Src/stm32l4xx_hal_rcc.d" -MT"Drivers/STM32L4xx_HAL_Driver/Src/stm32l4xx_hal_rcc.o" -c -o "Drivers/STM32L4xx_HAL_Driver/Src/stm32l4xx_hal_rcc.o" "../Drivers/STM32L4xx_HAL_Driver/Src/stm32l4xx_hal_rcc.c"
Finished building: ../Drivers/STM32L4xx_HAL_Driver/Src/stm32l4xx_hal_flash.c
 
Building file: ../Drivers/STM32L4xx_HAL_Driver/Src/stm32l4xx_hal_rcc_ex.c
Invoking: GNU ARM Cross C Compiler
arm-none-eabi-gcc -mcpu=cortex-m4 -mthumb -O0 -fmessage-length=0 -fsigned-char -ffunction-sections -fdata-sections -ffreestanding -fno-move-loop-invariants -Wall -Wextra  -g3 -DSTM32L4R5xx -DDEBUG -DTRACE -DOS_USE_TRACE_SEMIHOSTING_DEBUG -I"/Users/khoahuynh/Documents/Document/STM32L4R5ZIT6_NucleoL4R5ZI/Eclipse/DMA_PracticeWS/1_LED_Toggle/Drivers/CMSIS/Device/ST/STM32L4xx/Include" -I"/Users/khoahuynh/Documents/Document/STM32L4R5ZIT6_NucleoL4R5ZI/Eclipse/DMA_PracticeWS/1_LED_Toggle/Drivers/CMSIS/Include" -I"/Users/khoahuynh/Documents/Document/STM32L4R5ZIT6_NucleoL4R5ZI/Eclipse/DMA_PracticeWS/1_LED_Toggle/Drivers/STM32L4xx_HAL_Driver/Inc" -I"/Users/khoahuynh/Documents/Document/STM32L4R5ZIT6_NucleoL4R5ZI/Eclipse/DMA_PracticeWS/1_LED_Toggle/Drivers/STM32L4xx_HAL_Driver/Inc/Legacy" -I"/Users/khoahuynh/Documents/Document/STM32L4R5ZIT6_NucleoL4R5ZI/Eclipse/DMA_PracticeWS/1_LED_Toggle/Inc" -std=gnu11 -MMD -MP -MF"Drivers/STM32L4xx_HAL_Driver/Src/stm32l4xx_hal_rcc_ex.d" -MT"Drivers/STM32L4xx_HAL_Driver/Src/stm32l4xx_hal_rcc_ex.o" -c -o "Drivers/STM32L4xx_HAL_Driver/Src/stm32l4xx_hal_rcc_ex.o" "../Drivers/STM32L4xx_HAL_Driver/Src/stm32l4xx_hal_rcc_ex.c"
Finished building: ../Drivers/STM32L4xx_HAL_Driver/Src/stm32l4xx_hal_flash_ex.c
 
Building file: ../Drivers/STM32L4xx_HAL_Driver/Src/stm32l4xx_hal_tim.c
Invoking: GNU ARM Cross C Compiler
arm-none-eabi-gcc -mcpu=cortex-m4 -mthumb -O0 -fmessage-length=0 -fsigned-char -ffunction-sections -fdata-sections -ffreestanding -fno-move-loop-invariants -Wall -Wextra  -g3 -DSTM32L4R5xx -DDEBUG -DTRACE -DOS_USE_TRACE_SEMIHOSTING_DEBUG -I"/Users/khoahuynh/Documents/Document/STM32L4R5ZIT6_NucleoL4R5ZI/Eclipse/DMA_PracticeWS/1_LED_Toggle/Drivers/CMSIS/Device/ST/STM32L4xx/Include" -I"/Users/khoahuynh/Documents/Document/STM32L4R5ZIT6_NucleoL4R5ZI/Eclipse/DMA_PracticeWS/1_LED_Toggle/Drivers/CMSIS/Include" -I"/Users/khoahuynh/Documents/Document/STM32L4R5ZIT6_NucleoL4R5ZI/Eclipse/DMA_PracticeWS/1_LED_Toggle/Drivers/STM32L4xx_HAL_Driver/Inc" -I"/Users/khoahuynh/Documents/Document/STM32L4R5ZIT6_NucleoL4R5ZI/Eclipse/DMA_PracticeWS/1_LED_Toggle/Drivers/STM32L4xx_HAL_Driver/Inc/Legacy" -I"/Users/khoahuynh/Documents/Document/STM32L4R5ZIT6_NucleoL4R5ZI/Eclipse/DMA_PracticeWS/1_LED_Toggle/Inc" -std=gnu11 -MMD -MP -MF"Drivers/STM32L4xx_HAL_Driver/Src/stm32l4xx_hal_tim.d" -MT"Drivers/STM32L4xx_HAL_Driver/Src/stm32l4xx_hal_tim.o" -c -o "Drivers/STM32L4xx_HAL_Driver/Src/stm32l4xx_hal_tim.o" "../Drivers/STM32L4xx_HAL_Driver/Src/stm32l4xx_hal_tim.c"
Finished building: ../Drivers/STM32L4xx_HAL_Driver/Src/stm32l4xx_hal_flash_ramfunc.c
 
Building file: ../Drivers/STM32L4xx_HAL_Driver/Src/stm32l4xx_hal_tim_ex.c
Invoking: GNU ARM Cross C Compiler
arm-none-eabi-gcc -mcpu=cortex-m4 -mthumb -O0 -fmessage-length=0 -fsigned-char -ffunction-sections -fdata-sections -ffreestanding -fno-move-loop-invariants -Wall -Wextra  -g3 -DSTM32L4R5xx -DDEBUG -DTRACE -DOS_USE_TRACE_SEMIHOSTING_DEBUG -I"/Users/khoahuynh/Documents/Document/STM32L4R5ZIT6_NucleoL4R5ZI/Eclipse/DMA_PracticeWS/1_LED_Toggle/Drivers/CMSIS/Device/ST/STM32L4xx/Include" -I"/Users/khoahuynh/Documents/Document/STM32L4R5ZIT6_NucleoL4R5ZI/Eclipse/DMA_PracticeWS/1_LED_Toggle/Drivers/CMSIS/Include" -I"/Users/khoahuynh/Documents/Document/STM32L4R5ZIT6_NucleoL4R5ZI/Eclipse/DMA_PracticeWS/1_LED_Toggle/Drivers/STM32L4xx_HAL_Driver/Inc" -I"/Users/khoahuynh/Documents/Document/STM32L4R5ZIT6_NucleoL4R5ZI/Eclipse/DMA_PracticeWS/1_LED_Toggle/Drivers/STM32L4xx_HAL_Driver/Inc/Legacy" -I"/Users/khoahuynh/Documents/Document/STM32L4R5ZIT6_NucleoL4R5ZI/Eclipse/DMA_PracticeWS/1_LED_Toggle/Inc" -std=gnu11 -MMD -MP -MF"Drivers/STM32L4xx_HAL_Driver/Src/stm32l4xx_hal_tim_ex.d" -MT"Drivers/STM32L4xx_HAL_Driver/Src/stm32l4xx_hal_tim_ex.o" -c -o "Drivers/STM32L4xx_HAL_Driver/Src/stm32l4xx_hal_tim_ex.o" "../Drivers/STM32L4xx_HAL_Driver/Src/stm32l4xx_hal_tim_ex.c"
Finished building: ../Drivers/STM32L4xx_HAL_Driver/Src/stm32l4xx_hal_gpio.c
 
Building file: ../Drivers/STM32L4xx_HAL_Driver/Src/stm32l4xx_hal_uart.c
Invoking: GNU ARM Cross C Compiler
arm-none-eabi-gcc -mcpu=cortex-m4 -mthumb -O0 -fmessage-length=0 -fsigned-char -ffunction-sections -fdata-sections -ffreestanding -fno-move-loop-invariants -Wall -Wextra  -g3 -DSTM32L4R5xx -DDEBUG -DTRACE -DOS_USE_TRACE_SEMIHOSTING_DEBUG -I"/Users/khoahuynh/Documents/Document/STM32L4R5ZIT6_NucleoL4R5ZI/Eclipse/DMA_PracticeWS/1_LED_Toggle/Drivers/CMSIS/Device/ST/STM32L4xx/Include" -I"/Users/khoahuynh/Documents/Document/STM32L4R5ZIT6_NucleoL4R5ZI/Eclipse/DMA_PracticeWS/1_LED_Toggle/Drivers/CMSIS/Include" -I"/Users/khoahuynh/Documents/Document/STM32L4R5ZIT6_NucleoL4R5ZI/Eclipse/DMA_PracticeWS/1_LED_Toggle/Drivers/STM32L4xx_HAL_Driver/Inc" -I"/Users/khoahuynh/Documents/Document/STM32L4R5ZIT6_NucleoL4R5ZI/Eclipse/DMA_PracticeWS/1_LED_Toggle/Drivers/STM32L4xx_HAL_Driver/Inc/Legacy" -I"/Users/khoahuynh/Documents/Document/STM32L4R5ZIT6_NucleoL4R5ZI/Eclipse/DMA_PracticeWS/1_LED_Toggle/Inc" -std=gnu11 -MMD -MP -MF"Drivers/STM32L4xx_HAL_Driver/Src/stm32l4xx_hal_uart.d" -MT"Drivers/STM32L4xx_HAL_Driver/Src/stm32l4xx_hal_uart.o" -c -o "Drivers/STM32L4xx_HAL_Driver/Src/stm32l4xx_hal_uart.o" "../Drivers/STM32L4xx_HAL_Driver/Src/stm32l4xx_hal_uart.c"
Finished building: ../Drivers/STM32L4xx_HAL_Driver/Src/stm32l4xx_hal_i2c_ex.c
 
Finished building: ../Drivers/STM32L4xx_HAL_Driver/Src/stm32l4xx_hal_pcd_ex.c
Building file: ../Drivers/STM32L4xx_HAL_Driver/Src/stm32l4xx_hal_uart_ex.c
 
Invoking: GNU ARM Cross C Compiler
arm-none-eabi-gcc -mcpu=cortex-m4 -mthumb -O0 -fmessage-length=0 -fsigned-char -ffunction-sections -fdata-sections -ffreestanding -fno-move-loop-invariants -Wall -Wextra  -g3 -DSTM32L4R5xx -DDEBUG -DTRACE -DOS_USE_TRACE_SEMIHOSTING_DEBUG -I"/Users/khoahuynh/Documents/Document/STM32L4R5ZIT6_NucleoL4R5ZI/Eclipse/DMA_PracticeWS/1_LED_Toggle/Drivers/CMSIS/Device/ST/STM32L4xx/Include" -I"/Users/khoahuynh/Documents/Document/STM32L4R5ZIT6_NucleoL4R5ZI/Eclipse/DMA_PracticeWS/1_LED_Toggle/Drivers/CMSIS/Include" -I"/Users/khoahuynh/Documents/Document/STM32L4R5ZIT6_NucleoL4R5ZI/Eclipse/DMA_PracticeWS/1_LED_Toggle/Drivers/STM32L4xx_HAL_Driver/Inc" -I"/Users/khoahuynh/Documents/Document/STM32L4R5ZIT6_NucleoL4R5ZI/Eclipse/DMA_PracticeWS/1_LED_Toggle/Drivers/STM32L4xx_HAL_Driver/Inc/Legacy" -I"/Users/khoahuynh/Documents/Document/STM32L4R5ZIT6_NucleoL4R5ZI/Eclipse/DMA_PracticeWS/1_LED_Toggle/Inc" -std=gnu11 -MMD -MP -MF"Drivers/STM32L4xx_HAL_Driver/Src/stm32l4xx_hal_uart_ex.d" -MT"Drivers/STM32L4xx_HAL_Driver/Src/stm32l4xx_hal_uart_ex.o" -c -o "Drivers/STM32L4xx_HAL_Driver/Src/stm32l4xx_hal_uart_ex.o" "../Drivers/STM32L4xx_HAL_Driver/Src/stm32l4xx_hal_uart_ex.c"
Finished building: ../Drivers/STM32L4xx_HAL_Driver/Src/stm32l4xx_hal_pwr.c
Building file: ../Drivers/STM32L4xx_HAL_Driver/Src/stm32l4xx_ll_usb.c
 
Invoking: GNU ARM Cross C Compiler
arm-none-eabi-gcc -mcpu=cortex-m4 -mthumb -O0 -fmessage-length=0 -fsigned-char -ffunction-sections -fdata-sections -ffreestanding -fno-move-loop-invariants -Wall -Wextra  -g3 -DSTM32L4R5xx -DDEBUG -DTRACE -DOS_USE_TRACE_SEMIHOSTING_DEBUG -I"/Users/khoahuynh/Documents/Document/STM32L4R5ZIT6_NucleoL4R5ZI/Eclipse/DMA_PracticeWS/1_LED_Toggle/Drivers/CMSIS/Device/ST/STM32L4xx/Include" -I"/Users/khoahuynh/Documents/Document/STM32L4R5ZIT6_NucleoL4R5ZI/Eclipse/DMA_PracticeWS/1_LED_Toggle/Drivers/CMSIS/Include" -I"/Users/khoahuynh/Documents/Document/STM32L4R5ZIT6_NucleoL4R5ZI/Eclipse/DMA_PracticeWS/1_LED_Toggle/Drivers/STM32L4xx_HAL_Driver/Inc" -I"/Users/khoahuynh/Documents/Document/STM32L4R5ZIT6_NucleoL4R5ZI/Eclipse/DMA_PracticeWS/1_LED_Toggle/Drivers/STM32L4xx_HAL_Driver/Inc/Legacy" -I"/Users/khoahuynh/Documents/Document/STM32L4R5ZIT6_NucleoL4R5ZI/Eclipse/DMA_PracticeWS/1_LED_Toggle/Inc" -std=gnu11 -MMD -MP -MF"Drivers/STM32L4xx_HAL_Driver/Src/stm32l4xx_ll_usb.d" -MT"Drivers/STM32L4xx_HAL_Driver/Src/stm32l4xx_ll_usb.o" -c -o "Drivers/STM32L4xx_HAL_Driver/Src/stm32l4xx_ll_usb.o" "../Drivers/STM32L4xx_HAL_Driver/Src/stm32l4xx_ll_usb.c"
Finished building: ../Drivers/STM32L4xx_HAL_Driver/Src/stm32l4xx_hal_pwr_ex.c
 
Finished building: ../Drivers/STM32L4xx_HAL_Driver/Src/stm32l4xx_hal_rcc.c
Finished building: ../Drivers/STM32L4xx_HAL_Driver/Src/stm32l4xx_hal_pcd.c
 
 
Finished building: ../Drivers/STM32L4xx_HAL_Driver/Src/stm32l4xx_hal_rcc_ex.c
 
Finished building: ../Drivers/STM32L4xx_HAL_Driver/Src/stm32l4xx_hal_i2c.c
 
Finished building: ../Drivers/STM32L4xx_HAL_Driver/Src/stm32l4xx_hal_uart_ex.c
 
Finished building: ../Drivers/STM32L4xx_HAL_Driver/Src/stm32l4xx_hal_tim_ex.c
 
Finished building: ../Drivers/STM32L4xx_HAL_Driver/Src/stm32l4xx_ll_usb.c
 
Finished building: ../Drivers/STM32L4xx_HAL_Driver/Src/stm32l4xx_hal_tim.c
 
Finished building: ../Drivers/STM32L4xx_HAL_Driver/Src/stm32l4xx_hal_uart.c
 
Building target: 1_LED_Toggle.elf
Invoking: GNU ARM Cross C++ Linker
arm-none-eabi-g++ -mcpu=cortex-m4 -mthumb -O0 -fmessage-length=0 -fsigned-char -ffunction-sections -fdata-sections -ffreestanding -fno-move-loop-invariants -Wall -Wextra  -g3 -T "/Users/khoahuynh/Documents/Document/STM32L4R5ZIT6_NucleoL4R5ZI/Eclipse/DMA_PracticeWS/1_LED_Toggle/STM32L4R5ZITx_FLASH.ld" -Xlinker --gc-sections -Wl,-Map,"1_LED_Toggle.map" --specs=nano.specs -o "1_LED_Toggle.elf"  ./startup/startup_stm32l4r5xx.o  ./Src/data.o ./Src/it.o ./Src/main.o ./Src/msp.o ./Src/syscalls.o ./Src/system_stm32l4xx.o  ./Drivers/STM32L4xx_HAL_Driver/Src/stm32l4xx_hal.o ./Drivers/STM32L4xx_HAL_Driver/Src/stm32l4xx_hal_cortex.o ./Drivers/STM32L4xx_HAL_Driver/Src/stm32l4xx_hal_dma.o ./Drivers/STM32L4xx_HAL_Driver/Src/stm32l4xx_hal_dma_ex.o ./Drivers/STM32L4xx_HAL_Driver/Src/stm32l4xx_hal_exti.o ./Drivers/STM32L4xx_HAL_Driver/Src/stm32l4xx_hal_flash.o ./Drivers/STM32L4xx_HAL_Driver/Src/stm32l4xx_hal_flash_ex.o ./Drivers/STM32L4xx_HAL_Driver/Src/stm32l4xx_hal_flash_ramfunc.o ./Drivers/STM32L4xx_HAL_Driver/Src/stm32l4xx_hal_gpio.o ./Drivers/STM32L4xx_HAL_Driver/Src/stm32l4xx_hal_i2c.o ./Drivers/STM32L4xx_HAL_Driver/Src/stm32l4xx_hal_i2c_ex.o ./Drivers/STM32L4xx_HAL_Driver/Src/stm32l4xx_hal_pcd.o ./Drivers/STM32L4xx_HAL_Driver/Src/stm32l4xx_hal_pcd_ex.o ./Drivers/STM32L4xx_HAL_Driver/Src/stm32l4xx_hal_pwr.o ./Drivers/STM32L4xx_HAL_Driver/Src/stm32l4xx_hal_pwr_ex.o ./Drivers/STM32L4xx_HAL_Driver/Src/stm32l4xx_hal_rcc.o ./Drivers/STM32L4xx_HAL_Driver/Src/stm32l4xx_hal_rcc_ex.o ./Drivers/STM32L4xx_HAL_Driver/Src/stm32l4xx_hal_tim.o ./Drivers/STM32L4xx_HAL_Driver/Src/stm32l4xx_hal_tim_ex.o ./Drivers/STM32L4xx_HAL_Driver/Src/stm32l4xx_hal_uart.o ./Drivers/STM32L4xx_HAL_Driver/Src/stm32l4xx_hal_uart_ex.o ./Drivers/STM32L4xx_HAL_Driver/Src/stm32l4xx_ll_usb.o   
Finished building target: 1_LED_Toggle.elf
 
Invoking: GNU ARM Cross Create Flash Image
arm-none-eabi-objcopy -O ihex "1_LED_Toggle.elf"  "1_LED_Toggle.hex"
Invoking: GNU ARM Cross Print Size
arm-none-eabi-size --format=berkeley "1_LED_Toggle.elf"
   text	   data	    bss	    dec	    hex	filename
  13952	     56	   1712	  15720	   3d68	1_LED_Toggle.elf
Finished building: 1_LED_Toggle.siz
 
Finished building: 1_LED_Toggle.hex
 

18:55:04 Build Finished. 0 errors, 25 warnings. (took 1s.682ms)

