Archive member included to satisfy reference by file (symbol)

/usr/local/Caskroom/gcc-arm-embedded/9-2019-q4-major/gcc-arm-none-eabi-9-2019-q4-major/bin/../lib/gcc/arm-none-eabi/9.2.1/thumb/v7e-m/nofp/libgcc.a(_aeabi_uldivmod.o)
                              ./Drivers/STM32L4xx_HAL_Driver/Src/stm32l4xx_hal_uart.o (__aeabi_uldivmod)
/usr/local/Caskroom/gcc-arm-embedded/9-2019-q4-major/gcc-arm-none-eabi-9-2019-q4-major/bin/../lib/gcc/arm-none-eabi/9.2.1/thumb/v7e-m/nofp/libgcc.a(_udivmoddi4.o)
                              /usr/local/Caskroom/gcc-arm-embedded/9-2019-q4-major/gcc-arm-none-eabi-9-2019-q4-major/bin/../lib/gcc/arm-none-eabi/9.2.1/thumb/v7e-m/nofp/libgcc.a(_aeabi_uldivmod.o) (__udivmoddi4)
/usr/local/Caskroom/gcc-arm-embedded/9-2019-q4-major/gcc-arm-none-eabi-9-2019-q4-major/bin/../lib/gcc/arm-none-eabi/9.2.1/thumb/v7e-m/nofp/libgcc.a(_dvmd_tls.o)
                              /usr/local/Caskroom/gcc-arm-embedded/9-2019-q4-major/gcc-arm-none-eabi-9-2019-q4-major/bin/../lib/gcc/arm-none-eabi/9.2.1/thumb/v7e-m/nofp/libgcc.a(_aeabi_uldivmod.o) (__aeabi_ldiv0)
/usr/local/Caskroom/gcc-arm-embedded/9-2019-q4-major/gcc-arm-none-eabi-9-2019-q4-major/bin/../lib/gcc/arm-none-eabi/9.2.1/../../../../arm-none-eabi/lib/thumb/v7e-m/nofp/libg_nano.a(lib_a-errno.o)
                              ./Src/syscalls.o (__errno)
/usr/local/Caskroom/gcc-arm-embedded/9-2019-q4-major/gcc-arm-none-eabi-9-2019-q4-major/bin/../lib/gcc/arm-none-eabi/9.2.1/../../../../arm-none-eabi/lib/thumb/v7e-m/nofp/libg_nano.a(lib_a-exit.o)
                              /usr/local/Caskroom/gcc-arm-embedded/9-2019-q4-major/gcc-arm-none-eabi-9-2019-q4-major/bin/../lib/gcc/arm-none-eabi/9.2.1/../../../../arm-none-eabi/lib/thumb/v7e-m/nofp/crt0.o (exit)
/usr/local/Caskroom/gcc-arm-embedded/9-2019-q4-major/gcc-arm-none-eabi-9-2019-q4-major/bin/../lib/gcc/arm-none-eabi/9.2.1/../../../../arm-none-eabi/lib/thumb/v7e-m/nofp/libg_nano.a(lib_a-impure.o)
                              /usr/local/Caskroom/gcc-arm-embedded/9-2019-q4-major/gcc-arm-none-eabi-9-2019-q4-major/bin/../lib/gcc/arm-none-eabi/9.2.1/../../../../arm-none-eabi/lib/thumb/v7e-m/nofp/libg_nano.a(lib_a-exit.o) (_global_impure_ptr)
/usr/local/Caskroom/gcc-arm-embedded/9-2019-q4-major/gcc-arm-none-eabi-9-2019-q4-major/bin/../lib/gcc/arm-none-eabi/9.2.1/../../../../arm-none-eabi/lib/thumb/v7e-m/nofp/libg_nano.a(lib_a-init.o)
                              /usr/local/Caskroom/gcc-arm-embedded/9-2019-q4-major/gcc-arm-none-eabi-9-2019-q4-major/bin/../lib/gcc/arm-none-eabi/9.2.1/../../../../arm-none-eabi/lib/thumb/v7e-m/nofp/crt0.o (__libc_init_array)
/usr/local/Caskroom/gcc-arm-embedded/9-2019-q4-major/gcc-arm-none-eabi-9-2019-q4-major/bin/../lib/gcc/arm-none-eabi/9.2.1/../../../../arm-none-eabi/lib/thumb/v7e-m/nofp/libg_nano.a(lib_a-memset.o)
                              /usr/local/Caskroom/gcc-arm-embedded/9-2019-q4-major/gcc-arm-none-eabi-9-2019-q4-major/bin/../lib/gcc/arm-none-eabi/9.2.1/../../../../arm-none-eabi/lib/thumb/v7e-m/nofp/crt0.o (memset)
/usr/local/Caskroom/gcc-arm-embedded/9-2019-q4-major/gcc-arm-none-eabi-9-2019-q4-major/bin/../lib/gcc/arm-none-eabi/9.2.1/../../../../arm-none-eabi/lib/thumb/v7e-m/nofp/libg_nano.a(lib_a-sprintf.o)
                              ./Src/main.o (sprintf)
/usr/local/Caskroom/gcc-arm-embedded/9-2019-q4-major/gcc-arm-none-eabi-9-2019-q4-major/bin/../lib/gcc/arm-none-eabi/9.2.1/../../../../arm-none-eabi/lib/thumb/v7e-m/nofp/libg_nano.a(lib_a-strlen.o)
                              ./Src/main.o (strlen)
/usr/local/Caskroom/gcc-arm-embedded/9-2019-q4-major/gcc-arm-none-eabi-9-2019-q4-major/bin/../lib/gcc/arm-none-eabi/9.2.1/../../../../arm-none-eabi/lib/thumb/v7e-m/nofp/libg_nano.a(lib_a-nano-svfprintf.o)
                              /usr/local/Caskroom/gcc-arm-embedded/9-2019-q4-major/gcc-arm-none-eabi-9-2019-q4-major/bin/../lib/gcc/arm-none-eabi/9.2.1/../../../../arm-none-eabi/lib/thumb/v7e-m/nofp/libg_nano.a(lib_a-sprintf.o) (_svfprintf_r)
/usr/local/Caskroom/gcc-arm-embedded/9-2019-q4-major/gcc-arm-none-eabi-9-2019-q4-major/bin/../lib/gcc/arm-none-eabi/9.2.1/../../../../arm-none-eabi/lib/thumb/v7e-m/nofp/libg_nano.a(lib_a-nano-vfprintf_i.o)
                              /usr/local/Caskroom/gcc-arm-embedded/9-2019-q4-major/gcc-arm-none-eabi-9-2019-q4-major/bin/../lib/gcc/arm-none-eabi/9.2.1/../../../../arm-none-eabi/lib/thumb/v7e-m/nofp/libg_nano.a(lib_a-nano-svfprintf.o) (_printf_i)
/usr/local/Caskroom/gcc-arm-embedded/9-2019-q4-major/gcc-arm-none-eabi-9-2019-q4-major/bin/../lib/gcc/arm-none-eabi/9.2.1/../../../../arm-none-eabi/lib/thumb/v7e-m/nofp/libg_nano.a(lib_a-memchr.o)
                              /usr/local/Caskroom/gcc-arm-embedded/9-2019-q4-major/gcc-arm-none-eabi-9-2019-q4-major/bin/../lib/gcc/arm-none-eabi/9.2.1/../../../../arm-none-eabi/lib/thumb/v7e-m/nofp/libg_nano.a(lib_a-nano-svfprintf.o) (memchr)
[...]
Memory Configuration

Name             Origin             Length             Attributes
RAM              0x0000000020000000 0x00000000000a0000 xrw
FLASH            0x0000000008000000 0x0000000000200000 xr
*default*        0x0000000000000000 0xffffffffffffffff

Linker script and memory map

LOAD /usr/local/Caskroom/gcc-arm-embedded/9-2019-q4-major/gcc-arm-none-eabi-9-2019-q4-major/bin/../lib/gcc/arm-none-eabi/9.2.1/thumb/v7e-m/nofp/crti.o
LOAD /usr/local/Caskroom/gcc-arm-embedded/9-2019-q4-major/gcc-arm-none-eabi-9-2019-q4-major/bin/../lib/gcc/arm-none-eabi/9.2.1/thumb/v7e-m/nofp/crtbegin.o
LOAD /usr/local/Caskroom/gcc-arm-embedded/9-2019-q4-major/gcc-arm-none-eabi-9-2019-q4-major/bin/../lib/gcc/arm-none-eabi/9.2.1/../../../../arm-none-eabi/lib/thumb/v7e-m/nofp/crt0.o
LOAD ./startup/startup_stm32l4r5xx.o
LOAD ./Src/PMS5003_HAL_STM32.o
LOAD ./Src/it.o
LOAD ./Src/main.o
LOAD ./Src/msp.o
LOAD ./Src/syscalls.o
LOAD ./Src/system_stm32l4xx.o
LOAD ./Drivers/STM32L4xx_HAL_Driver/Src/stm32l4xx_hal.o
LOAD ./Drivers/STM32L4xx_HAL_Driver/Src/stm32l4xx_hal_cortex.o
LOAD ./Drivers/STM32L4xx_HAL_Driver/Src/stm32l4xx_hal_dma.o
LOAD ./Drivers/STM32L4xx_HAL_Driver/Src/stm32l4xx_hal_dma_ex.o
LOAD ./Drivers/STM32L4xx_HAL_Driver/Src/stm32l4xx_hal_exti.o
LOAD ./Drivers/STM32L4xx_HAL_Driver/Src/stm32l4xx_hal_flash.o
LOAD ./Drivers/STM32L4xx_HAL_Driver/Src/stm32l4xx_hal_flash_ex.o
LOAD ./Drivers/STM32L4xx_HAL_Driver/Src/stm32l4xx_hal_flash_ramfunc.o
LOAD ./Drivers/STM32L4xx_HAL_Driver/Src/stm32l4xx_hal_gpio.o
LOAD ./Drivers/STM32L4xx_HAL_Driver/Src/stm32l4xx_hal_i2c.o
LOAD ./Drivers/STM32L4xx_HAL_Driver/Src/stm32l4xx_hal_i2c_ex.o
LOAD ./Drivers/STM32L4xx_HAL_Driver/Src/stm32l4xx_hal_pwr.o
LOAD ./Drivers/STM32L4xx_HAL_Driver/Src/stm32l4xx_hal_pwr_ex.o
LOAD ./Drivers/STM32L4xx_HAL_Driver/Src/stm32l4xx_hal_rcc.o
LOAD ./Drivers/STM32L4xx_HAL_Driver/Src/stm32l4xx_hal_rcc_ex.o
LOAD ./Drivers/STM32L4xx_HAL_Driver/Src/stm32l4xx_hal_tim.o
LOAD ./Drivers/STM32L4xx_HAL_Driver/Src/stm32l4xx_hal_tim_ex.o
LOAD ./Drivers/STM32L4xx_HAL_Driver/Src/stm32l4xx_hal_uart.o
LOAD ./Drivers/STM32L4xx_HAL_Driver/Src/stm32l4xx_hal_uart_ex.o
LOAD /usr/local/Caskroom/gcc-arm-embedded/9-2019-q4-major/gcc-arm-none-eabi-9-2019-q4-major/bin/../lib/gcc/arm-none-eabi/9.2.1/../../../../arm-none-eabi/lib/thumb/v7e-m/nofp/libstdc++_nano.a
LOAD /usr/local/Caskroom/gcc-arm-embedded/9-2019-q4-major/gcc-arm-none-eabi-9-2019-q4-major/bin/../lib/gcc/arm-none-eabi/9.2.1/../../../../arm-none-eabi/lib/thumb/v7e-m/nofp/libm.a
START GROUP
LOAD /usr/local/Caskroom/gcc-arm-embedded/9-2019-q4-major/gcc-arm-none-eabi-9-2019-q4-major/bin/../lib/gcc/arm-none-eabi/9.2.1/thumb/v7e-m/nofp/libgcc.a
LOAD /usr/local/Caskroom/gcc-arm-embedded/9-2019-q4-major/gcc-arm-none-eabi-9-2019-q4-major/bin/../lib/gcc/arm-none-eabi/9.2.1/../../../../arm-none-eabi/lib/thumb/v7e-m/nofp/libg_nano.a
LOAD /usr/local/Caskroom/gcc-arm-embedded/9-2019-q4-major/gcc-arm-none-eabi-9-2019-q4-major/bin/../lib/gcc/arm-none-eabi/9.2.1/../../../../arm-none-eabi/lib/thumb/v7e-m/nofp/libc_nano.a
END GROUP
START GROUP
LOAD /usr/local/Caskroom/gcc-arm-embedded/9-2019-q4-major/gcc-arm-none-eabi-9-2019-q4-major/bin/../lib/gcc/arm-none-eabi/9.2.1/thumb/v7e-m/nofp/libgcc.a
LOAD /usr/local/Caskroom/gcc-arm-embedded/9-2019-q4-major/gcc-arm-none-eabi-9-2019-q4-major/bin/../lib/gcc/arm-none-eabi/9.2.1/../../../../arm-none-eabi/lib/thumb/v7e-m/nofp/libc_nano.a
END GROUP
LOAD /usr/local/Caskroom/gcc-arm-embedded/9-2019-q4-major/gcc-arm-none-eabi-9-2019-q4-major/bin/../lib/gcc/arm-none-eabi/9.2.1/thumb/v7e-m/nofp/crtend.o
LOAD /usr/local/Caskroom/gcc-arm-embedded/9-2019-q4-major/gcc-arm-none-eabi-9-2019-q4-major/bin/../lib/gcc/arm-none-eabi/9.2.1/thumb/v7e-m/nofp/crtn.o
                0x00000000200a0000                _estack = 0x200a0000
                0x0000000000000200                _Min_Heap_Size = 0x200
                0x0000000000000400                _Min_Stack_Size = 0x400

.isr_vector     0x0000000008000000      0x1c0
                0x0000000008000000                . = ALIGN (0x8)
 *(.isr_vector)
 .isr_vector    0x0000000008000000      0x1bc ./startup/startup_stm32l4r5xx.o
                0x0000000008000000                g_pfnVectors
                0x00000000080001c0                . = ALIGN (0x8)
 *fill*         0x00000000080001bc        0x4 

.text           0x00000000080001c0     0x4510
                0x00000000080001c0                . = ALIGN (0x8)
 *(.text)
 .text          0x00000000080001c0       0x40 /usr/local/Caskroom/gcc-arm-embedded/9-2019-q4-major/gcc-arm-none-eabi-9-2019-q4-major/bin/../lib/gcc/arm-none-eabi/9.2.1/thumb/v7e-m/nofp/crtbegin.o
 .text          0x0000000008000200       0x30 /usr/local/Caskroom/gcc-arm-embedded/9-2019-q4-major/gcc-arm-none-eabi-9-2019-q4-major/bin/../lib/gcc/arm-none-eabi/9.2.1/thumb/v7e-m/nofp/libgcc.a(_aeabi_uldivmod.o)
                0x0000000008000200                __aeabi_uldivmod
 .text          0x0000000008000230      0x2c0 /usr/local/Caskroom/gcc-arm-embedded/9-2019-q4-major/gcc-arm-none-eabi-9-2019-q4-major/bin/../lib/gcc/arm-none-eabi/9.2.1/thumb/v7e-m/nofp/libgcc.a(_udivmoddi4.o)
                0x0000000008000230                __udivmoddi4
 .text          0x00000000080004f0        0x4 /usr/local/Caskroom/gcc-arm-embedded/9-2019-q4-major/gcc-arm-none-eabi-9-2019-q4-major/bin/../lib/gcc/arm-none-eabi/9.2.1/thumb/v7e-m/nofp/libgcc.a(_dvmd_tls.o)
                0x00000000080004f0                __aeabi_ldiv0
                0x00000000080004f0                __aeabi_idiv0
 .text          0x00000000080004f4       0x10 /usr/local/Caskroom/gcc-arm-embedded/9-2019-q4-major/gcc-arm-none-eabi-9-2019-q4-major/bin/../lib/gcc/arm-none-eabi/9.2.1/../../../../arm-none-eabi/lib/thumb/v7e-m/nofp/libg_nano.a(lib_a-strlen.o)
                0x00000000080004f4                strlen
 *fill*         0x0000000008000504        0xc 
 .text          0x0000000008000510       0xa0 /usr/local/Caskroom/gcc-arm-embedded/9-2019-q4-major/gcc-arm-none-eabi-9-2019-q4-major/bin/../lib/gcc/arm-none-eabi/9.2.1/../../../../arm-none-eabi/lib/thumb/v7e-m/nofp/libg_nano.a(lib_a-memchr.o)
                0x0000000008000510                memchr
 *(.text*)
 .text.Reset_Handler
                0x00000000080005b0       0x50 ./startup/startup_stm32l4r5xx.o
                0x00000000080005b0                Reset_Handler
 .text.Default_Handler
                0x0000000008000600        0x2 ./startup/startup_stm32l4r5xx.o
                0x0000000008000600                TIM1_BRK_TIM15_IRQHandler
                0x0000000008000600                EXTI2_IRQHandler
                0x0000000008000600                TIM8_TRG_COM_IRQHandler
                0x0000000008000600                TIM8_CC_IRQHandler
                0x0000000008000600                DebugMon_Handler
                0x0000000008000600                TIM1_CC_IRQHandler
                0x0000000008000600                TSC_IRQHandler
                0x0000000008000600                HardFault_Handler
                0x0000000008000600                TAMP_STAMP_IRQHandler
                0x0000000008000600                PendSV_Handler
                0x0000000008000600                NMI_Handler
                0x0000000008000600                EXTI3_IRQHandler
                0x0000000008000600                LPTIM2_IRQHandler
                0x0000000008000600                DFSDM1_FLT1_IRQHandler
                0x0000000008000600                GFXMMU_IRQHandler
                0x0000000008000600                I2C3_ER_IRQHandler
                0x0000000008000600                DFSDM1_FLT2_IRQHandler
                0x0000000008000600                EXTI0_IRQHandler
                0x0000000008000600                I2C2_EV_IRQHandler
                0x0000000008000600                CAN1_RX0_IRQHandler
                0x0000000008000600                FPU_IRQHandler
                0x0000000008000600                TIM1_UP_TIM16_IRQHandler
                0x0000000008000600                UsageFault_Handler
                0x0000000008000600                LTDC_ER_IRQHandler
                0x0000000008000600                SPI1_IRQHandler
                0x0000000008000600                OCTOSPI1_IRQHandler
                0x0000000008000600                TIM6_DAC_IRQHandler
                0x0000000008000600                DCMI_IRQHandler
                0x0000000008000600                TIM8_UP_IRQHandler
                0x0000000008000600                OCTOSPI2_IRQHandler
                0x0000000008000600                DMA2_Channel2_IRQHandler
                0x0000000008000600                DMA1_Channel4_IRQHandler
                0x0000000008000600                SAI2_IRQHandler
                0x0000000008000600                ADC1_IRQHandler
                0x0000000008000600                DFSDM1_FLT3_IRQHandler
                0x0000000008000600                USART3_IRQHandler
                0x0000000008000600                DMA1_Channel7_IRQHandler
                0x0000000008000600                CAN1_RX1_IRQHandler
                0x0000000008000600                UART5_IRQHandler
                0x0000000008000600                TIM4_IRQHandler
                0x0000000008000600                DMA2_Channel1_IRQHandler
                0x0000000008000600                I2C1_EV_IRQHandler
                0x0000000008000600                DMAMUX1_OVR_IRQHandler
                0x0000000008000600                DMA1_Channel6_IRQHandler
                0x0000000008000600                UART4_IRQHandler
                0x0000000008000600                DMA2_Channel4_IRQHandler
                0x0000000008000600                TIM3_IRQHandler
                0x0000000008000600                RCC_IRQHandler
                0x0000000008000600                DMA1_Channel1_IRQHandler
                0x0000000008000600                Default_Handler
                0x0000000008000600                DMA2_Channel7_IRQHandler
                0x0000000008000600                EXTI15_10_IRQHandler
                0x0000000008000600                TIM7_IRQHandler
                0x0000000008000600                SDMMC1_IRQHandler
                0x0000000008000600                TIM5_IRQHandler
                0x0000000008000600                I2C3_EV_IRQHandler
                0x0000000008000600                EXTI9_5_IRQHandler
                0x0000000008000600                RTC_WKUP_IRQHandler
                0x0000000008000600                LTDC_IRQHandler
                0x0000000008000600                PVD_PVM_IRQHandler
                0x0000000008000600                SPI2_IRQHandler
                0x0000000008000600                MemManage_Handler
                0x0000000008000600                CAN1_TX_IRQHandler
                0x0000000008000600                SVC_Handler
                0x0000000008000600                DMA2_Channel5_IRQHandler
                0x0000000008000600                CRS_IRQHandler
                0x0000000008000600                DMA1_Channel5_IRQHandler
                0x0000000008000600                EXTI4_IRQHandler
                0x0000000008000600                RNG_IRQHandler
                0x0000000008000600                TIM1_TRG_COM_TIM17_IRQHandler
                0x0000000008000600                DMA1_Channel3_IRQHandler
                0x0000000008000600                COMP_IRQHandler
                0x0000000008000600                WWDG_IRQHandler
                0x0000000008000600                I2C4_EV_IRQHandler
                0x0000000008000600                LPUART1_IRQHandler
                0x0000000008000600                DMA2_Channel6_IRQHandler
                0x0000000008000600                TIM2_IRQHandler
                0x0000000008000600                DMA2D_IRQHandler
                0x0000000008000600                EXTI1_IRQHandler
                0x0000000008000600                USART2_IRQHandler
                0x0000000008000600                DFSDM1_FLT0_IRQHandler
                0x0000000008000600                I2C2_ER_IRQHandler
                0x0000000008000600                DMA1_Channel2_IRQHandler
                0x0000000008000600                TIM8_BRK_IRQHandler
                0x0000000008000600                CAN1_SCE_IRQHandler
                0x0000000008000600                FLASH_IRQHandler
                0x0000000008000600                BusFault_Handler
                0x0000000008000600                USART1_IRQHandler
                0x0000000008000600                OTG_FS_IRQHandler
                0x0000000008000600                SPI3_IRQHandler
                0x0000000008000600                I2C1_ER_IRQHandler
                0x0000000008000600                FMC_IRQHandler
                0x0000000008000600                LPTIM1_IRQHandler
                0x0000000008000600                I2C4_ER_IRQHandler
                0x0000000008000600                SAI1_IRQHandler
                0x0000000008000600                DMA2_Channel3_IRQHandler
                0x0000000008000600                RTC_Alarm_IRQHandler
 .text.PMS_Init
                0x0000000008000602       0x4a ./Src/PMS5003_HAL_STM32.o
                0x0000000008000602                PMS_Init
 .text.PMS_wakeup
                0x000000000800064c       0xd4 ./Src/PMS5003_HAL_STM32.o
                0x000000000800064c                PMS_wakeup
 .text.PMS_swmode
                0x0000000008000720      0x178 ./Src/PMS5003_HAL_STM32.o
                0x0000000008000720                PMS_swmode
 .text.PMS_read
                0x0000000008000898      0x25c ./Src/PMS5003_HAL_STM32.o
                0x0000000008000898                PMS_read
 .text._PMS_checksum
                0x0000000008000af4       0x82 ./Src/PMS5003_HAL_STM32.o
                0x0000000008000af4                _PMS_checksum
 .text._PMS_checkarray
                0x0000000008000b76       0x46 ./Src/PMS5003_HAL_STM32.o
                0x0000000008000b76                _PMS_checkarray
 .text.SysTick_Handler
                0x0000000008000bbc       0x10 ./Src/it.o
                0x0000000008000bbc                SysTick_Handler
 .text.main     0x0000000008000bcc       0xe4 ./Src/main.o
                0x0000000008000bcc                main
 .text.sensor_init
                0x0000000008000cb0       0x4c ./Src/main.o
                0x0000000008000cb0                sensor_init
 .text.SystemClockConfig
                0x0000000008000cfc       0x94 ./Src/main.o
                0x0000000008000cfc                SystemClockConfig
 .text.lpuart1_Init
                0x0000000008000d90       0x64 ./Src/main.o
                0x0000000008000d90                lpuart1_Init
 .text.uart3_Init
                0x0000000008000df4       0x4c ./Src/main.o
                0x0000000008000df4                uart3_Init
 .text.GPIO_Init
                0x0000000008000e40       0x48 ./Src/main.o
                0x0000000008000e40                GPIO_Init
 .text.Error_handler
                0x0000000008000e88        0x6 ./Src/main.o
                0x0000000008000e88                Error_handler
 *fill*         0x0000000008000e8e        0x2 
 .text.HAL_MspInit
                0x0000000008000e90       0x44 ./Src/msp.o
                0x0000000008000e90                HAL_MspInit
 .text.HAL_UART_MspInit
                0x0000000008000ed4      0x110 ./Src/msp.o
                0x0000000008000ed4                HAL_UART_MspInit
 .text._sbrk    0x0000000008000fe4       0x58 ./Src/syscalls.o
                0x0000000008000fe4                _sbrk
 .text.SystemInit
                0x000000000800103c       0x58 ./Src/system_stm32l4xx.o
                0x000000000800103c                SystemInit
 .text.HAL_Init
                0x0000000008001094       0x30 ./Drivers/STM32L4xx_HAL_Driver/Src/stm32l4xx_hal.o
                0x0000000008001094                HAL_Init
 .text.HAL_InitTick
                0x00000000080010c4       0x74 ./Drivers/STM32L4xx_HAL_Driver/Src/stm32l4xx_hal.o
                0x00000000080010c4                HAL_InitTick
 .text.HAL_IncTick
                0x0000000008001138       0x24 ./Drivers/STM32L4xx_HAL_Driver/Src/stm32l4xx_hal.o
                0x0000000008001138                HAL_IncTick
 .text.HAL_GetTick
                0x000000000800115c       0x14 ./Drivers/STM32L4xx_HAL_Driver/Src/stm32l4xx_hal.o
                0x000000000800115c                HAL_GetTick
 .text.HAL_Delay
                0x0000000008001170       0x44 ./Drivers/STM32L4xx_HAL_Driver/Src/stm32l4xx_hal.o
                0x0000000008001170                HAL_Delay
 .text.__NVIC_SetPriorityGrouping
                0x00000000080011b4       0x48 ./Drivers/STM32L4xx_HAL_Driver/Src/stm32l4xx_hal_cortex.o
 .text.__NVIC_GetPriorityGrouping
                0x00000000080011fc       0x1c ./Drivers/STM32L4xx_HAL_Driver/Src/stm32l4xx_hal_cortex.o
 .text.__NVIC_EnableIRQ
                0x0000000008001218       0x38 ./Drivers/STM32L4xx_HAL_Driver/Src/stm32l4xx_hal_cortex.o
 .text.__NVIC_SetPriority
                0x0000000008001250       0x54 ./Drivers/STM32L4xx_HAL_Driver/Src/stm32l4xx_hal_cortex.o
 .text.NVIC_EncodePriority
                0x00000000080012a4       0x64 ./Drivers/STM32L4xx_HAL_Driver/Src/stm32l4xx_hal_cortex.o
 .text.SysTick_Config
                0x0000000008001308       0x44 ./Drivers/STM32L4xx_HAL_Driver/Src/stm32l4xx_hal_cortex.o
 .text.HAL_NVIC_SetPriorityGrouping
                0x000000000800134c       0x16 ./Drivers/STM32L4xx_HAL_Driver/Src/stm32l4xx_hal_cortex.o
                0x000000000800134c                HAL_NVIC_SetPriorityGrouping
 .text.HAL_NVIC_SetPriority
                0x0000000008001362       0x38 ./Drivers/STM32L4xx_HAL_Driver/Src/stm32l4xx_hal_cortex.o
                0x0000000008001362                HAL_NVIC_SetPriority
 .text.HAL_NVIC_EnableIRQ
                0x000000000800139a       0x1c ./Drivers/STM32L4xx_HAL_Driver/Src/stm32l4xx_hal_cortex.o
                0x000000000800139a                HAL_NVIC_EnableIRQ
 .text.HAL_SYSTICK_Config
                0x00000000080013b6       0x18 ./Drivers/STM32L4xx_HAL_Driver/Src/stm32l4xx_hal_cortex.o
                0x00000000080013b6                HAL_SYSTICK_Config
 *fill*         0x00000000080013ce        0x2 
 .text.HAL_SYSTICK_CLKSourceConfig
                0x00000000080013d0       0x38 ./Drivers/STM32L4xx_HAL_Driver/Src/stm32l4xx_hal_cortex.o
                0x00000000080013d0                HAL_SYSTICK_CLKSourceConfig
 .text.HAL_SYSTICK_IRQHandler
                0x0000000008001408        0xc ./Drivers/STM32L4xx_HAL_Driver/Src/stm32l4xx_hal_cortex.o
                0x0000000008001408                HAL_SYSTICK_IRQHandler
 .text.HAL_SYSTICK_Callback
                0x0000000008001414        0xc ./Drivers/STM32L4xx_HAL_Driver/Src/stm32l4xx_hal_cortex.o
                0x0000000008001414                HAL_SYSTICK_Callback
 .text.HAL_GPIO_Init
                0x0000000008001420      0x324 ./Drivers/STM32L4xx_HAL_Driver/Src/stm32l4xx_hal_gpio.o
                0x0000000008001420                HAL_GPIO_Init
 .text.HAL_PWREx_GetVoltageRange
                0x0000000008001744       0x3c ./Drivers/STM32L4xx_HAL_Driver/Src/stm32l4xx_hal_pwr_ex.o
                0x0000000008001744                HAL_PWREx_GetVoltageRange
 .text.HAL_PWREx_EnableVddIO2
                0x0000000008001780       0x1c ./Drivers/STM32L4xx_HAL_Driver/Src/stm32l4xx_hal_pwr_ex.o
                0x0000000008001780                HAL_PWREx_EnableVddIO2
 .text.HAL_RCC_OscConfig
                0x000000000800179c      0x7dc ./Drivers/STM32L4xx_HAL_Driver/Src/stm32l4xx_hal_rcc.o
                0x000000000800179c                HAL_RCC_OscConfig
 .text.HAL_RCC_ClockConfig
                0x0000000008001f78      0x258 ./Drivers/STM32L4xx_HAL_Driver/Src/stm32l4xx_hal_rcc.o
                0x0000000008001f78                HAL_RCC_ClockConfig
 .text.HAL_RCC_GetSysClockFreq
                0x00000000080021d0      0x114 ./Drivers/STM32L4xx_HAL_Driver/Src/stm32l4xx_hal_rcc.o
                0x00000000080021d0                HAL_RCC_GetSysClockFreq
 .text.HAL_RCC_GetHCLKFreq
                0x00000000080022e4       0x14 ./Drivers/STM32L4xx_HAL_Driver/Src/stm32l4xx_hal_rcc.o
                0x00000000080022e4                HAL_RCC_GetHCLKFreq
 .text.HAL_RCC_GetPCLK1Freq
                0x00000000080022f8       0x2c ./Drivers/STM32L4xx_HAL_Driver/Src/stm32l4xx_hal_rcc.o
                0x00000000080022f8                HAL_RCC_GetPCLK1Freq
 .text.HAL_RCC_GetPCLK2Freq
                0x0000000008002324       0x2c ./Drivers/STM32L4xx_HAL_Driver/Src/stm32l4xx_hal_rcc.o
                0x0000000008002324                HAL_RCC_GetPCLK2Freq
 .text.RCC_SetFlashLatencyFromMSIRange
                0x0000000008002350       0xb4 ./Drivers/STM32L4xx_HAL_Driver/Src/stm32l4xx_hal_rcc.o
 .text.RCC_GetSysClockFreqFromPLLSource
                0x0000000008002404       0xd0 ./Drivers/STM32L4xx_HAL_Driver/Src/stm32l4xx_hal_rcc.o
 .text.HAL_UART_Init
                0x00000000080024d4       0xa0 ./Drivers/STM32L4xx_HAL_Driver/Src/stm32l4xx_hal_uart.o
                0x00000000080024d4                HAL_UART_Init
 .text.HAL_UART_Transmit
                0x0000000008002574      0x12e ./Drivers/STM32L4xx_HAL_Driver/Src/stm32l4xx_hal_uart.o
                0x0000000008002574                HAL_UART_Transmit
 .text.HAL_UART_Receive
                0x00000000080026a2      0x1a2 ./Drivers/STM32L4xx_HAL_Driver/Src/stm32l4xx_hal_uart.o
                0x00000000080026a2                HAL_UART_Receive
 .text.UART_SetConfig
                0x0000000008002844     0x1350 ./Drivers/STM32L4xx_HAL_Driver/Src/stm32l4xx_hal_uart.o
                0x0000000008002844                UART_SetConfig
 .text.UART_AdvFeatureConfig
                0x0000000008003b94      0x142 ./Drivers/STM32L4xx_HAL_Driver/Src/stm32l4xx_hal_uart.o
                0x0000000008003b94                UART_AdvFeatureConfig
 .text.UART_CheckIdleState
                0x0000000008003cd6       0x90 ./Drivers/STM32L4xx_HAL_Driver/Src/stm32l4xx_hal_uart.o
                0x0000000008003cd6                UART_CheckIdleState
 .text.UART_WaitOnFlagUntilTimeout
                0x0000000008003d66       0x94 ./Drivers/STM32L4xx_HAL_Driver/Src/stm32l4xx_hal_uart.o
                0x0000000008003d66                UART_WaitOnFlagUntilTimeout
 *fill*         0x0000000008003dfa        0x2 
 .text.__errno  0x0000000008003dfc        0xc /usr/local/Caskroom/gcc-arm-embedded/9-2019-q4-major/gcc-arm-none-eabi-9-2019-q4-major/bin/../lib/gcc/arm-none-eabi/9.2.1/../../../../arm-none-eabi/lib/thumb/v7e-m/nofp/libg_nano.a(lib_a-errno.o)
                0x0000000008003dfc                __errno
 .text.__libc_init_array
                0x0000000008003e08       0x48 /usr/local/Caskroom/gcc-arm-embedded/9-2019-q4-major/gcc-arm-none-eabi-9-2019-q4-major/bin/../lib/gcc/arm-none-eabi/9.2.1/../../../../arm-none-eabi/lib/thumb/v7e-m/nofp/libg_nano.a(lib_a-init.o)
                0x0000000008003e08                __libc_init_array
 .text.memset   0x0000000008003e50       0x10 /usr/local/Caskroom/gcc-arm-embedded/9-2019-q4-major/gcc-arm-none-eabi-9-2019-q4-major/bin/../lib/gcc/arm-none-eabi/9.2.1/../../../../arm-none-eabi/lib/thumb/v7e-m/nofp/libg_nano.a(lib_a-memset.o)
                0x0000000008003e50                memset
 .text.sprintf  0x0000000008003e60       0x40 /usr/local/Caskroom/gcc-arm-embedded/9-2019-q4-major/gcc-arm-none-eabi-9-2019-q4-major/bin/../lib/gcc/arm-none-eabi/9.2.1/../../../../arm-none-eabi/lib/thumb/v7e-m/nofp/libg_nano.a(lib_a-sprintf.o)
                0x0000000008003e60                sprintf
                0x0000000008003e60                siprintf
 .text.__ssputs_r
                0x0000000008003ea0       0xb6 /usr/local/Caskroom/gcc-arm-embedded/9-2019-q4-major/gcc-arm-none-eabi-9-2019-q4-major/bin/../lib/gcc/arm-none-eabi/9.2.1/../../../../arm-none-eabi/lib/thumb/v7e-m/nofp/libg_nano.a(lib_a-nano-svfprintf.o)
                0x0000000008003ea0                __ssputs_r
 *fill*         0x0000000008003f56        0x2 
 .text._svfprintf_r
                0x0000000008003f58      0x200 /usr/local/Caskroom/gcc-arm-embedded/9-2019-q4-major/gcc-arm-none-eabi-9-2019-q4-major/bin/../lib/gcc/arm-none-eabi/9.2.1/../../../../arm-none-eabi/lib/thumb/v7e-m/nofp/libg_nano.a(lib_a-nano-svfprintf.o)
                0x0000000008003f58                _svfprintf_r
                0x0000000008003f58                _svfiprintf_r
 .text._printf_common
                0x0000000008004158       0xda /usr/local/Caskroom/gcc-arm-embedded/9-2019-q4-major/gcc-arm-none-eabi-9-2019-q4-major/bin/../lib/gcc/arm-none-eabi/9.2.1/../../../../arm-none-eabi/lib/thumb/v7e-m/nofp/libg_nano.a(lib_a-nano-vfprintf_i.o)
                0x0000000008004158                _printf_common
 *fill*         0x0000000008004232        0x2 
 .text._printf_i
                0x0000000008004234      0x24c /usr/local/Caskroom/gcc-arm-embedded/9-2019-q4-major/gcc-arm-none-eabi-9-2019-q4-major/bin/../lib/gcc/arm-none-eabi/9.2.1/../../../../arm-none-eabi/lib/thumb/v7e-m/nofp/libg_nano.a(lib_a-nano-vfprintf_i.o)
                0x0000000008004234                _printf_i
 .text.memcpy   0x0000000008004480       0x1c /usr/local/Caskroom/gcc-arm-embedded/9-2019-q4-major/gcc-arm-none-eabi-9-2019-q4-major/bin/../lib/gcc/arm-none-eabi/9.2.1/../../../../arm-none-eabi/lib/thumb/v7e-m/nofp/libg_nano.a(lib_a-memcpy-stub.o)
                0x0000000008004480                memcpy
 .text.memmove  0x000000000800449c       0x34 /usr/local/Caskroom/gcc-arm-embedded/9-2019-q4-major/gcc-arm-none-eabi-9-2019-q4-major/bin/../lib/gcc/arm-none-eabi/9.2.1/../../../../arm-none-eabi/lib/thumb/v7e-m/nofp/libg_nano.a(lib_a-memmove.o)
                0x000000000800449c                memmove
 .text._free_r  0x00000000080044d0       0x9c /usr/local/Caskroom/gcc-arm-embedded/9-2019-q4-major/gcc-arm-none-eabi-9-2019-q4-major/bin/../lib/gcc/arm-none-eabi/9.2.1/../../../../arm-none-eabi/lib/thumb/v7e-m/nofp/libg_nano.a(lib_a-nano-freer.o)
                0x00000000080044d0                _free_r
 .text._malloc_r
                0x000000000800456c       0xb4 /usr/local/Caskroom/gcc-arm-embedded/9-2019-q4-major/gcc-arm-none-eabi-9-2019-q4-major/bin/../lib/gcc/arm-none-eabi/9.2.1/../../../../arm-none-eabi/lib/thumb/v7e-m/nofp/libg_nano.a(lib_a-nano-mallocr.o)
                0x000000000800456c                _malloc_r
 .text._realloc_r
                0x0000000008004620       0x4c /usr/local/Caskroom/gcc-arm-embedded/9-2019-q4-major/gcc-arm-none-eabi-9-2019-q4-major/bin/../lib/gcc/arm-none-eabi/9.2.1/../../../../arm-none-eabi/lib/thumb/v7e-m/nofp/libg_nano.a(lib_a-nano-reallocr.o)
                0x0000000008004620                _realloc_r
 .text._sbrk_r  0x000000000800466c       0x20 /usr/local/Caskroom/gcc-arm-embedded/9-2019-q4-major/gcc-arm-none-eabi-9-2019-q4-major/bin/../lib/gcc/arm-none-eabi/9.2.1/../../../../arm-none-eabi/lib/thumb/v7e-m/nofp/libg_nano.a(lib_a-sbrkr.o)
                0x000000000800466c                _sbrk_r
 .text.__malloc_lock
                0x000000000800468c        0xc /usr/local/Caskroom/gcc-arm-embedded/9-2019-q4-major/gcc-arm-none-eabi-9-2019-q4-major/bin/../lib/gcc/arm-none-eabi/9.2.1/../../../../arm-none-eabi/lib/thumb/v7e-m/nofp/libg_nano.a(lib_a-mlock.o)
                0x000000000800468c                __malloc_lock
 .text.__malloc_unlock
                0x0000000008004698        0xc /usr/local/Caskroom/gcc-arm-embedded/9-2019-q4-major/gcc-arm-none-eabi-9-2019-q4-major/bin/../lib/gcc/arm-none-eabi/9.2.1/../../../../arm-none-eabi/lib/thumb/v7e-m/nofp/libg_nano.a(lib_a-mlock.o)
                0x0000000008004698                __malloc_unlock
 .text._malloc_usable_size_r
                0x00000000080046a4       0x10 /usr/local/Caskroom/gcc-arm-embedded/9-2019-q4-major/gcc-arm-none-eabi-9-2019-q4-major/bin/../lib/gcc/arm-none-eabi/9.2.1/../../../../arm-none-eabi/lib/thumb/v7e-m/nofp/libg_nano.a(lib_a-nano-msizer.o)
                0x00000000080046a4                _malloc_usable_size_r
 .text.__retarget_lock_acquire_recursive
                0x00000000080046b4        0x2 /usr/local/Caskroom/gcc-arm-embedded/9-2019-q4-major/gcc-arm-none-eabi-9-2019-q4-major/bin/../lib/gcc/arm-none-eabi/9.2.1/../../../../arm-none-eabi/lib/thumb/v7e-m/nofp/libg_nano.a(lib_a-lock.o)
                0x00000000080046b4                __retarget_lock_acquire_recursive
 .text.__retarget_lock_release_recursive
                0x00000000080046b6        0x2 /usr/local/Caskroom/gcc-arm-embedded/9-2019-q4-major/gcc-arm-none-eabi-9-2019-q4-major/bin/../lib/gcc/arm-none-eabi/9.2.1/../../../../arm-none-eabi/lib/thumb/v7e-m/nofp/libg_nano.a(lib_a-lock.o)
                0x00000000080046b6                __retarget_lock_release_recursive
 *(.glue_7)
 .glue_7        0x00000000080046b8        0x0 linker stubs
 *(.glue_7t)
 .glue_7t       0x00000000080046b8        0x0 linker stubs
 *(.eh_frame)
 .eh_frame      0x00000000080046b8        0x0 /usr/local/Caskroom/gcc-arm-embedded/9-2019-q4-major/gcc-arm-none-eabi-9-2019-q4-major/bin/../lib/gcc/arm-none-eabi/9.2.1/thumb/v7e-m/nofp/crtbegin.o
 *(.init)
 .init          0x00000000080046b8        0x4 /usr/local/Caskroom/gcc-arm-embedded/9-2019-q4-major/gcc-arm-none-eabi-9-2019-q4-major/bin/../lib/gcc/arm-none-eabi/9.2.1/thumb/v7e-m/nofp/crti.o
                0x00000000080046b8                _init
 .init          0x00000000080046bc        0x8 /usr/local/Caskroom/gcc-arm-embedded/9-2019-q4-major/gcc-arm-none-eabi-9-2019-q4-major/bin/../lib/gcc/arm-none-eabi/9.2.1/thumb/v7e-m/nofp/crtn.o
 *(.fini)
 .fini          0x00000000080046c4        0x4 /usr/local/Caskroom/gcc-arm-embedded/9-2019-q4-major/gcc-arm-none-eabi-9-2019-q4-major/bin/../lib/gcc/arm-none-eabi/9.2.1/thumb/v7e-m/nofp/crti.o
                0x00000000080046c4                _fini
 .fini          0x00000000080046c8        0x8 /usr/local/Caskroom/gcc-arm-embedded/9-2019-q4-major/gcc-arm-none-eabi-9-2019-q4-major/bin/../lib/gcc/arm-none-eabi/9.2.1/thumb/v7e-m/nofp/crtn.o
                0x00000000080046d0                . = ALIGN (0x8)
                0x00000000080046d0                _etext = .

.vfp11_veneer   0x00000000080046d0        0x0
 .vfp11_veneer  0x00000000080046d0        0x0 linker stubs

.v4_bx          0x00000000080046d0        0x0
 .v4_bx         0x00000000080046d0        0x0 linker stubs

.iplt           0x00000000080046d0        0x0
 .iplt          0x00000000080046d0        0x0 /usr/local/Caskroom/gcc-arm-embedded/9-2019-q4-major/gcc-arm-none-eabi-9-2019-q4-major/bin/../lib/gcc/arm-none-eabi/9.2.1/thumb/v7e-m/nofp/crtbegin.o

.rodata         0x00000000080046d0      0x1e0
                0x00000000080046d0                . = ALIGN (0x8)
 *(.rodata)
 .rodata        0x00000000080046d0      0x15e ./Src/main.o
 *(.rodata*)
 *fill*         0x000000000800482e        0x2 
 .rodata.AHBPrescTable
                0x0000000008004830       0x10 ./Src/system_stm32l4xx.o
                0x0000000008004830                AHBPrescTable
 .rodata.APBPrescTable
                0x0000000008004840        0x8 ./Src/system_stm32l4xx.o
                0x0000000008004840                APBPrescTable
 .rodata.MSIRangeTable
                0x0000000008004848       0x30 ./Src/system_stm32l4xx.o
                0x0000000008004848                MSIRangeTable
 .rodata._svfprintf_r.str1.1
                0x0000000008004878       0x11 /usr/local/Caskroom/gcc-arm-embedded/9-2019-q4-major/gcc-arm-none-eabi-9-2019-q4-major/bin/../lib/gcc/arm-none-eabi/9.2.1/../../../../arm-none-eabi/lib/thumb/v7e-m/nofp/libg_nano.a(lib_a-nano-svfprintf.o)
 .rodata._printf_i.str1.1
                0x0000000008004889       0x22 /usr/local/Caskroom/gcc-arm-embedded/9-2019-q4-major/gcc-arm-none-eabi-9-2019-q4-major/bin/../lib/gcc/arm-none-eabi/9.2.1/../../../../arm-none-eabi/lib/thumb/v7e-m/nofp/libg_nano.a(lib_a-nano-vfprintf_i.o)
                0x00000000080048b0                . = ALIGN (0x8)
 *fill*         0x00000000080048ab        0x5 

.ARM.extab      0x00000000080048b0        0x0
                0x00000000080048b0                . = ALIGN (0x8)
 *(.ARM.extab* .gnu.linkonce.armextab.*)
                0x00000000080048b0                . = ALIGN (0x8)

.ARM            0x00000000080048b0        0x8
                0x00000000080048b0                . = ALIGN (0x8)
                0x00000000080048b0                __exidx_start = .
 *(.ARM.exidx*)
 .ARM.exidx     0x00000000080048b0        0x8 /usr/local/Caskroom/gcc-arm-embedded/9-2019-q4-major/gcc-arm-none-eabi-9-2019-q4-major/bin/../lib/gcc/arm-none-eabi/9.2.1/thumb/v7e-m/nofp/libgcc.a(_udivmoddi4.o)
                0x00000000080048b8                __exidx_end = .
                0x00000000080048b8                . = ALIGN (0x8)

.rel.dyn        0x00000000080048b8        0x0
 .rel.iplt      0x00000000080048b8        0x0 /usr/local/Caskroom/gcc-arm-embedded/9-2019-q4-major/gcc-arm-none-eabi-9-2019-q4-major/bin/../lib/gcc/arm-none-eabi/9.2.1/thumb/v7e-m/nofp/crtbegin.o

.preinit_array  0x00000000080048b8        0x0
                0x00000000080048b8                . = ALIGN (0x8)
                0x00000000080048b8                PROVIDE (__preinit_array_start = .)
 *(.preinit_array*)
                0x00000000080048b8                PROVIDE (__preinit_array_end = .)
                0x00000000080048b8                . = ALIGN (0x8)

.init_array     0x00000000080048b8        0x8
                0x00000000080048b8                . = ALIGN (0x8)
                0x00000000080048b8                PROVIDE (__init_array_start = .)
 *(SORT_BY_NAME(.init_array.*))
 *(.init_array*)
 .init_array    0x00000000080048b8        0x4 /usr/local/Caskroom/gcc-arm-embedded/9-2019-q4-major/gcc-arm-none-eabi-9-2019-q4-major/bin/../lib/gcc/arm-none-eabi/9.2.1/thumb/v7e-m/nofp/crtbegin.o
                0x00000000080048bc                PROVIDE (__init_array_end = .)
                0x00000000080048c0                . = ALIGN (0x8)
 *fill*         0x00000000080048bc        0x4 

.fini_array     0x00000000080048c0        0x8
                0x00000000080048c0                . = ALIGN (0x8)
                [!provide]                        PROVIDE (__fini_array_start = .)
 *(SORT_BY_NAME(.fini_array.*))
 *(.fini_array*)
 .fini_array    0x00000000080048c0        0x4 /usr/local/Caskroom/gcc-arm-embedded/9-2019-q4-major/gcc-arm-none-eabi-9-2019-q4-major/bin/../lib/gcc/arm-none-eabi/9.2.1/thumb/v7e-m/nofp/crtbegin.o
                [!provide]                        PROVIDE (__fini_array_end = .)
                0x00000000080048c8                . = ALIGN (0x8)
 *fill*         0x00000000080048c4        0x4 
                0x00000000080048c8                _sidata = LOADADDR (.data)

.data           0x0000000020000000       0xa0 load address 0x00000000080048c8
                0x0000000020000000                . = ALIGN (0x8)
                0x0000000020000000                _sdata = .
 *(.data)
 *(.data*)
 .data.read_passive
                0x0000000020000000        0x7 ./Src/PMS5003_HAL_STM32.o
                0x0000000020000000                read_passive
 *fill*         0x0000000020000007        0x1 
 .data.mode_passive
                0x0000000020000008        0x7 ./Src/PMS5003_HAL_STM32.o
                0x0000000020000008                mode_passive
 *fill*         0x000000002000000f        0x1 
 .data.passive_ack
                0x0000000020000010        0x8 ./Src/PMS5003_HAL_STM32.o
                0x0000000020000010                passive_ack
 .data.mode_active
                0x0000000020000018        0x7 ./Src/PMS5003_HAL_STM32.o
                0x0000000020000018                mode_active
 *fill*         0x000000002000001f        0x1 
 .data.active_ack
                0x0000000020000020        0x8 ./Src/PMS5003_HAL_STM32.o
                0x0000000020000020                active_ack
 .data.cmd_wakeup
                0x0000000020000028        0x7 ./Src/PMS5003_HAL_STM32.o
                0x0000000020000028                cmd_wakeup
 *fill*         0x000000002000002f        0x1 
 .data.SystemCoreClock
                0x0000000020000030        0x4 ./Src/system_stm32l4xx.o
                0x0000000020000030                SystemCoreClock
 .data.uwTickPrio
                0x0000000020000034        0x4 ./Drivers/STM32L4xx_HAL_Driver/Src/stm32l4xx_hal.o
                0x0000000020000034                uwTickPrio
 .data.uwTickFreq
                0x0000000020000038        0x4 ./Drivers/STM32L4xx_HAL_Driver/Src/stm32l4xx_hal.o
                0x0000000020000038                uwTickFreq
 .data._impure_ptr
                0x000000002000003c        0x4 /usr/local/Caskroom/gcc-arm-embedded/9-2019-q4-major/gcc-arm-none-eabi-9-2019-q4-major/bin/../lib/gcc/arm-none-eabi/9.2.1/../../../../arm-none-eabi/lib/thumb/v7e-m/nofp/libg_nano.a(lib_a-impure.o)
                0x000000002000003c                _impure_ptr
 .data.impure_data
                0x0000000020000040       0x60 /usr/local/Caskroom/gcc-arm-embedded/9-2019-q4-major/gcc-arm-none-eabi-9-2019-q4-major/bin/../lib/gcc/arm-none-eabi/9.2.1/../../../../arm-none-eabi/lib/thumb/v7e-m/nofp/libg_nano.a(lib_a-impure.o)
                0x00000000200000a0                . = ALIGN (0x8)
                0x00000000200000a0                _edata = .

.igot.plt       0x00000000200000a0        0x0 load address 0x0000000008004968
 .igot.plt      0x00000000200000a0        0x0 /usr/local/Caskroom/gcc-arm-embedded/9-2019-q4-major/gcc-arm-none-eabi-9-2019-q4-major/bin/../lib/gcc/arm-none-eabi/9.2.1/thumb/v7e-m/nofp/crtbegin.o
                0x00000000200000a0                . = ALIGN (0x4)

.bss            0x00000000200000a0      0x564 load address 0x0000000008004968
                0x00000000200000a0                _sbss = .
                0x00000000200000a0                __bss_start__ = _sbss
 *(.bss)
 .bss           0x00000000200000a0       0x1c /usr/local/Caskroom/gcc-arm-embedded/9-2019-q4-major/gcc-arm-none-eabi-9-2019-q4-major/bin/../lib/gcc/arm-none-eabi/9.2.1/thumb/v7e-m/nofp/crtbegin.o
 *(.bss*)
 .bss.PMS5003   0x00000000200000bc       0x20 ./Src/main.o
                0x00000000200000bc                PMS5003
 .bss.mesg      0x00000000200000dc      0x3e8 ./Src/main.o
                0x00000000200000dc                mesg
 .bss.heap_end.5523
                0x00000000200004c4        0x4 ./Src/syscalls.o
 .bss.__malloc_free_list
                0x00000000200004c8        0x4 /usr/local/Caskroom/gcc-arm-embedded/9-2019-q4-major/gcc-arm-none-eabi-9-2019-q4-major/bin/../lib/gcc/arm-none-eabi/9.2.1/../../../../arm-none-eabi/lib/thumb/v7e-m/nofp/libg_nano.a(lib_a-nano-mallocr.o)
                0x00000000200004c8                __malloc_free_list
 .bss.__malloc_sbrk_start
                0x00000000200004cc        0x4 /usr/local/Caskroom/gcc-arm-embedded/9-2019-q4-major/gcc-arm-none-eabi-9-2019-q4-major/bin/../lib/gcc/arm-none-eabi/9.2.1/../../../../arm-none-eabi/lib/thumb/v7e-m/nofp/libg_nano.a(lib_a-nano-mallocr.o)
                0x00000000200004cc                __malloc_sbrk_start
 *(COMMON)
 COMMON         0x00000000200004d0        0x8 ./Src/PMS5003_HAL_STM32.o
                0x00000000200004d0                _framelen
                0x00000000200004d2                _sleepflag
                0x00000000200004d4                _reserved
                0x00000000200004d6                _checkcode
 COMMON         0x00000000200004d8      0x118 ./Src/main.o
                0x00000000200004d8                hlpuart1
                0x0000000020000564                huart2
 COMMON         0x00000000200005f0        0x4 ./Drivers/STM32L4xx_HAL_Driver/Src/stm32l4xx_hal.o
                0x00000000200005f0                uwTick
 COMMON         0x00000000200005f4        0x4 /usr/local/Caskroom/gcc-arm-embedded/9-2019-q4-major/gcc-arm-none-eabi-9-2019-q4-major/bin/../lib/gcc/arm-none-eabi/9.2.1/../../../../arm-none-eabi/lib/thumb/v7e-m/nofp/libg_nano.a(lib_a-reent.o)
                0x00000000200005f4                errno
 COMMON         0x00000000200005f8        0x9 /usr/local/Caskroom/gcc-arm-embedded/9-2019-q4-major/gcc-arm-none-eabi-9-2019-q4-major/bin/../lib/gcc/arm-none-eabi/9.2.1/../../../../arm-none-eabi/lib/thumb/v7e-m/nofp/libg_nano.a(lib_a-lock.o)
                0x00000000200005f8                __lock___atexit_recursive_mutex
                0x00000000200005f9                __lock___arc4random_mutex
                0x00000000200005fa                __lock___env_recursive_mutex
                0x00000000200005fb                __lock___sinit_recursive_mutex
                0x00000000200005fc                __lock___malloc_recursive_mutex
                0x00000000200005fd                __lock___at_quick_exit_mutex
                0x00000000200005fe                __lock___dd_hash_mutex
                0x00000000200005ff                __lock___tz_mutex
                0x0000000020000600                __lock___sfp_recursive_mutex
                0x0000000020000604                . = ALIGN (0x4)
 *fill*         0x0000000020000601        0x3 
                0x0000000020000604                _ebss = .
                0x0000000020000604                __bss_end__ = _ebss

._user_heap_stack
                0x0000000020000604      0x604 load address 0x0000000008004968
                0x0000000020000608                . = ALIGN (0x8)
 *fill*         0x0000000020000604        0x4 
                0x0000000020000608                PROVIDE (end = .)
                [!provide]                        PROVIDE (_end = .)
                0x0000000020000808                . = (. + _Min_Heap_Size)
 *fill*         0x0000000020000608      0x200 
                0x0000000020000c08                . = (. + _Min_Stack_Size)
 *fill*         0x0000000020000808      0x400 
                0x0000000020000c08                . = ALIGN (0x8)

/DISCARD/
 libc.a(*)
 libm.a(*)
 libgcc.a(*)

.ARM.attributes
                0x0000000000000000       0x2a
 *(.ARM.attributes)
 .ARM.attributes
                0x0000000000000000       0x1e /usr/local/Caskroom/gcc-arm-embedded/9-2019-q4-major/gcc-arm-none-eabi-9-2019-q4-major/bin/../lib/gcc/arm-none-eabi/9.2.1/thumb/v7e-m/nofp/crti.o
 .ARM.attributes
                0x000000000000001e       0x2e /usr/local/Caskroom/gcc-arm-embedded/9-2019-q4-major/gcc-arm-none-eabi-9-2019-q4-major/bin/../lib/gcc/arm-none-eabi/9.2.1/thumb/v7e-m/nofp/crtbegin.o
 .ARM.attributes
                0x000000000000004c       0x21 ./startup/startup_stm32l4r5xx.o
 .ARM.attributes
                0x000000000000006d       0x2e ./Src/PMS5003_HAL_STM32.o
 .ARM.attributes
                0x000000000000009b       0x2e ./Src/it.o
 .ARM.attributes
                0x00000000000000c9       0x2e ./Src/main.o
 .ARM.attributes
                0x00000000000000f7       0x2e ./Src/msp.o
 .ARM.attributes
                0x0000000000000125       0x2e ./Src/syscalls.o
 .ARM.attributes
                0x0000000000000153       0x2e ./Src/system_stm32l4xx.o
 .ARM.attributes
                0x0000000000000181       0x2e ./Drivers/STM32L4xx_HAL_Driver/Src/stm32l4xx_hal.o
 .ARM.attributes
                0x00000000000001af       0x2e ./Drivers/STM32L4xx_HAL_Driver/Src/stm32l4xx_hal_cortex.o
 .ARM.attributes
                0x00000000000001dd       0x2e ./Drivers/STM32L4xx_HAL_Driver/Src/stm32l4xx_hal_gpio.o
 .ARM.attributes
                0x000000000000020b       0x2e ./Drivers/STM32L4xx_HAL_Driver/Src/stm32l4xx_hal_pwr_ex.o
 .ARM.attributes
                0x0000000000000239       0x2e ./Drivers/STM32L4xx_HAL_Driver/Src/stm32l4xx_hal_rcc.o
 .ARM.attributes
                0x0000000000000267       0x2e ./Drivers/STM32L4xx_HAL_Driver/Src/stm32l4xx_hal_uart.o
 .ARM.attributes
                0x0000000000000295       0x1e /usr/local/Caskroom/gcc-arm-embedded/9-2019-q4-major/gcc-arm-none-eabi-9-2019-q4-major/bin/../lib/gcc/arm-none-eabi/9.2.1/thumb/v7e-m/nofp/libgcc.a(_aeabi_uldivmod.o)
 .ARM.attributes
                0x00000000000002b3       0x2e /usr/local/Caskroom/gcc-arm-embedded/9-2019-q4-major/gcc-arm-none-eabi-9-2019-q4-major/bin/../lib/gcc/arm-none-eabi/9.2.1/thumb/v7e-m/nofp/libgcc.a(_udivmoddi4.o)
 .ARM.attributes
                0x00000000000002e1       0x1e /usr/local/Caskroom/gcc-arm-embedded/9-2019-q4-major/gcc-arm-none-eabi-9-2019-q4-major/bin/../lib/gcc/arm-none-eabi/9.2.1/thumb/v7e-m/nofp/libgcc.a(_dvmd_tls.o)
 .ARM.attributes
                0x00000000000002ff       0x2e /usr/local/Caskroom/gcc-arm-embedded/9-2019-q4-major/gcc-arm-none-eabi-9-2019-q4-major/bin/../lib/gcc/arm-none-eabi/9.2.1/../../../../arm-none-eabi/lib/thumb/v7e-m/nofp/libg_nano.a(lib_a-errno.o)
 .ARM.attributes
                0x000000000000032d       0x2e /usr/local/Caskroom/gcc-arm-embedded/9-2019-q4-major/gcc-arm-none-eabi-9-2019-q4-major/bin/../lib/gcc/arm-none-eabi/9.2.1/../../../../arm-none-eabi/lib/thumb/v7e-m/nofp/libg_nano.a(lib_a-impure.o)
 .ARM.attributes
                0x000000000000035b       0x2e /usr/local/Caskroom/gcc-arm-embedded/9-2019-q4-major/gcc-arm-none-eabi-9-2019-q4-major/bin/../lib/gcc/arm-none-eabi/9.2.1/../../../../arm-none-eabi/lib/thumb/v7e-m/nofp/libg_nano.a(lib_a-init.o)
 .ARM.attributes
                0x0000000000000389       0x2e /usr/local/Caskroom/gcc-arm-embedded/9-2019-q4-major/gcc-arm-none-eabi-9-2019-q4-major/bin/../lib/gcc/arm-none-eabi/9.2.1/../../../../arm-none-eabi/lib/thumb/v7e-m/nofp/libg_nano.a(lib_a-memset.o)
 .ARM.attributes
                0x00000000000003b7       0x2e /usr/local/Caskroom/gcc-arm-embedded/9-2019-q4-major/gcc-arm-none-eabi-9-2019-q4-major/bin/../lib/gcc/arm-none-eabi/9.2.1/../../../../arm-none-eabi/lib/thumb/v7e-m/nofp/libg_nano.a(lib_a-sprintf.o)
 .ARM.attributes
                0x00000000000003e5       0x17 /usr/local/Caskroom/gcc-arm-embedded/9-2019-q4-major/gcc-arm-none-eabi-9-2019-q4-major/bin/../lib/gcc/arm-none-eabi/9.2.1/../../../../arm-none-eabi/lib/thumb/v7e-m/nofp/libg_nano.a(lib_a-strlen.o)
 .ARM.attributes
                0x00000000000003fc       0x2e /usr/local/Caskroom/gcc-arm-embedded/9-2019-q4-major/gcc-arm-none-eabi-9-2019-q4-major/bin/../lib/gcc/arm-none-eabi/9.2.1/../../../../arm-none-eabi/lib/thumb/v7e-m/nofp/libg_nano.a(lib_a-nano-svfprintf.o)
 .ARM.attributes
                0x000000000000042a       0x2e /usr/local/Caskroom/gcc-arm-embedded/9-2019-q4-major/gcc-arm-none-eabi-9-2019-q4-major/bin/../lib/gcc/arm-none-eabi/9.2.1/../../../../arm-none-eabi/lib/thumb/v7e-m/nofp/libg_nano.a(lib_a-nano-vfprintf_i.o)
 .ARM.attributes
                0x0000000000000458       0x1c /usr/local/Caskroom/gcc-arm-embedded/9-2019-q4-major/gcc-arm-none-eabi-9-2019-q4-major/bin/../lib/gcc/arm-none-eabi/9.2.1/../../../../arm-none-eabi/lib/thumb/v7e-m/nofp/libg_nano.a(lib_a-memchr.o)
 .ARM.attributes
                0x0000000000000474       0x2e /usr/local/Caskroom/gcc-arm-embedded/9-2019-q4-major/gcc-arm-none-eabi-9-2019-q4-major/bin/../lib/gcc/arm-none-eabi/9.2.1/../../../../arm-none-eabi/lib/thumb/v7e-m/nofp/libg_nano.a(lib_a-memcpy-stub.o)
 .ARM.attributes
                0x00000000000004a2       0x2e /usr/local/Caskroom/gcc-arm-embedded/9-2019-q4-major/gcc-arm-none-eabi-9-2019-q4-major/bin/../lib/gcc/arm-none-eabi/9.2.1/../../../../arm-none-eabi/lib/thumb/v7e-m/nofp/libg_nano.a(lib_a-memmove.o)
 .ARM.attributes
                0x00000000000004d0       0x2e /usr/local/Caskroom/gcc-arm-embedded/9-2019-q4-major/gcc-arm-none-eabi-9-2019-q4-major/bin/../lib/gcc/arm-none-eabi/9.2.1/../../../../arm-none-eabi/lib/thumb/v7e-m/nofp/libg_nano.a(lib_a-nano-freer.o)
 .ARM.attributes
                0x00000000000004fe       0x2e /usr/local/Caskroom/gcc-arm-embedded/9-2019-q4-major/gcc-arm-none-eabi-9-2019-q4-major/bin/../lib/gcc/arm-none-eabi/9.2.1/../../../../arm-none-eabi/lib/thumb/v7e-m/nofp/libg_nano.a(lib_a-nano-mallocr.o)
 .ARM.attributes
                0x000000000000052c       0x2e /usr/local/Caskroom/gcc-arm-embedded/9-2019-q4-major/gcc-arm-none-eabi-9-2019-q4-major/bin/../lib/gcc/arm-none-eabi/9.2.1/../../../../arm-none-eabi/lib/thumb/v7e-m/nofp/libg_nano.a(lib_a-nano-reallocr.o)
 .ARM.attributes
                0x000000000000055a       0x2e /usr/local/Caskroom/gcc-arm-embedded/9-2019-q4-major/gcc-arm-none-eabi-9-2019-q4-major/bin/../lib/gcc/arm-none-eabi/9.2.1/../../../../arm-none-eabi/lib/thumb/v7e-m/nofp/libg_nano.a(lib_a-sbrkr.o)
 .ARM.attributes
                0x0000000000000588       0x2e /usr/local/Caskroom/gcc-arm-embedded/9-2019-q4-major/gcc-arm-none-eabi-9-2019-q4-major/bin/../lib/gcc/arm-none-eabi/9.2.1/../../../../arm-none-eabi/lib/thumb/v7e-m/nofp/libg_nano.a(lib_a-mlock.o)
 .ARM.attributes
                0x00000000000005b6       0x2e /usr/local/Caskroom/gcc-arm-embedded/9-2019-q4-major/gcc-arm-none-eabi-9-2019-q4-major/bin/../lib/gcc/arm-none-eabi/9.2.1/../../../../arm-none-eabi/lib/thumb/v7e-m/nofp/libg_nano.a(lib_a-nano-msizer.o)
 .ARM.attributes
                0x00000000000005e4       0x2e /usr/local/Caskroom/gcc-arm-embedded/9-2019-q4-major/gcc-arm-none-eabi-9-2019-q4-major/bin/../lib/gcc/arm-none-eabi/9.2.1/../../../../arm-none-eabi/lib/thumb/v7e-m/nofp/libg_nano.a(lib_a-reent.o)
 .ARM.attributes
                0x0000000000000612       0x2e /usr/local/Caskroom/gcc-arm-embedded/9-2019-q4-major/gcc-arm-none-eabi-9-2019-q4-major/bin/../lib/gcc/arm-none-eabi/9.2.1/../../../../arm-none-eabi/lib/thumb/v7e-m/nofp/libg_nano.a(lib_a-lock.o)
 .ARM.attributes
                0x0000000000000640       0x1e /usr/local/Caskroom/gcc-arm-embedded/9-2019-q4-major/gcc-arm-none-eabi-9-2019-q4-major/bin/../lib/gcc/arm-none-eabi/9.2.1/thumb/v7e-m/nofp/crtn.o
OUTPUT(PMS5003_test.elf elf32-littlearm)

.debug_line     0x0000000000000000     0x893f
 .debug_line    0x0000000000000000       0x7e ./startup/startup_stm32l4r5xx.o
 .debug_line    0x000000000000007e      0xb46 ./Src/PMS5003_HAL_STM32.o
 .debug_line    0x0000000000000bc4       0x42 ./Src/it.o
 .debug_line    0x0000000000000c06      0xabc ./Src/main.o
 .debug_line    0x00000000000016c2      0x65e ./Src/msp.o
 .debug_line    0x0000000000001d20      0x66b ./Src/syscalls.o
 .debug_line    0x000000000000238b      0x34f ./Src/system_stm32l4xx.o
 .debug_line    0x00000000000026da      0xa07 ./Drivers/STM32L4xx_HAL_Driver/Src/stm32l4xx_hal.o
 .debug_line    0x00000000000030e1      0xbba ./Drivers/STM32L4xx_HAL_Driver/Src/stm32l4xx_hal_cortex.o
 .debug_line    0x0000000000003c9b      0xa76 ./Drivers/STM32L4xx_HAL_Driver/Src/stm32l4xx_hal_gpio.o
 .debug_line    0x0000000000004711      0xc4b ./Drivers/STM32L4xx_HAL_Driver/Src/stm32l4xx_hal_pwr_ex.o
 .debug_line    0x000000000000535c      0xf16 ./Drivers/STM32L4xx_HAL_Driver/Src/stm32l4xx_hal_rcc.o
 .debug_line    0x0000000000006272     0x26cd ./Drivers/STM32L4xx_HAL_Driver/Src/stm32l4xx_hal_uart.o

.debug_info     0x0000000000000000     0xb456
 .debug_info    0x0000000000000000       0x22 ./startup/startup_stm32l4r5xx.o
 .debug_info    0x0000000000000022     0x168e ./Src/PMS5003_HAL_STM32.o
 .debug_info    0x00000000000016b0       0x68 ./Src/it.o
 .debug_info    0x0000000000001718     0x18e8 ./Src/main.o
 .debug_info    0x0000000000003000     0x118f ./Src/msp.o
 .debug_info    0x000000000000418f     0x101a ./Src/syscalls.o
 .debug_info    0x00000000000051a9      0x603 ./Src/system_stm32l4xx.o
 .debug_info    0x00000000000057ac      0xc94 ./Drivers/STM32L4xx_HAL_Driver/Src/stm32l4xx_hal.o
 .debug_info    0x0000000000006440      0xfef ./Drivers/STM32L4xx_HAL_Driver/Src/stm32l4xx_hal_cortex.o
 .debug_info    0x000000000000742f      0xa08 ./Drivers/STM32L4xx_HAL_Driver/Src/stm32l4xx_hal_gpio.o
 .debug_info    0x0000000000007e37      0xbeb ./Drivers/STM32L4xx_HAL_Driver/Src/stm32l4xx_hal_pwr_ex.o
 .debug_info    0x0000000000008a22      0xeb8 ./Drivers/STM32L4xx_HAL_Driver/Src/stm32l4xx_hal_rcc.o
 .debug_info    0x00000000000098da     0x1b7c ./Drivers/STM32L4xx_HAL_Driver/Src/stm32l4xx_hal_uart.o

.debug_abbrev   0x0000000000000000     0x19f3
 .debug_abbrev  0x0000000000000000       0x12 ./startup/startup_stm32l4r5xx.o
 .debug_abbrev  0x0000000000000012      0x2d1 ./Src/PMS5003_HAL_STM32.o
 .debug_abbrev  0x00000000000002e3       0x6b ./Src/it.o
 .debug_abbrev  0x000000000000034e      0x29d ./Src/main.o
 .debug_abbrev  0x00000000000005eb      0x1b5 ./Src/msp.o
 .debug_abbrev  0x00000000000007a0      0x2e7 ./Src/syscalls.o
 .debug_abbrev  0x0000000000000a87      0x14e ./Src/system_stm32l4xx.o
 .debug_abbrev  0x0000000000000bd5      0x227 ./Drivers/STM32L4xx_HAL_Driver/Src/stm32l4xx_hal.o
 .debug_abbrev  0x0000000000000dfc      0x33c ./Drivers/STM32L4xx_HAL_Driver/Src/stm32l4xx_hal_cortex.o
 .debug_abbrev  0x0000000000001138      0x1e8 ./Drivers/STM32L4xx_HAL_Driver/Src/stm32l4xx_hal_gpio.o
 .debug_abbrev  0x0000000000001320      0x1f3 ./Drivers/STM32L4xx_HAL_Driver/Src/stm32l4xx_hal_pwr_ex.o
 .debug_abbrev  0x0000000000001513      0x2b1 ./Drivers/STM32L4xx_HAL_Driver/Src/stm32l4xx_hal_rcc.o
 .debug_abbrev  0x00000000000017c4      0x22f ./Drivers/STM32L4xx_HAL_Driver/Src/stm32l4xx_hal_uart.o

.debug_aranges  0x0000000000000000      0x898
 .debug_aranges
                0x0000000000000000       0x28 ./startup/startup_stm32l4r5xx.o
 .debug_aranges
                0x0000000000000028       0x50 ./Src/PMS5003_HAL_STM32.o
 .debug_aranges
                0x0000000000000078       0x20 ./Src/it.o
 .debug_aranges
                0x0000000000000098       0x50 ./Src/main.o
 .debug_aranges
                0x00000000000000e8       0x28 ./Src/msp.o
 .debug_aranges
                0x0000000000000110       0xb0 ./Src/syscalls.o
 .debug_aranges
                0x00000000000001c0       0x28 ./Src/system_stm32l4xx.o
 .debug_aranges
                0x00000000000001e8      0x130 ./Drivers/STM32L4xx_HAL_Driver/Src/stm32l4xx_hal.o
 .debug_aranges
                0x0000000000000318      0x118 ./Drivers/STM32L4xx_HAL_Driver/Src/stm32l4xx_hal_cortex.o
 .debug_aranges
                0x0000000000000430       0x58 ./Drivers/STM32L4xx_HAL_Driver/Src/stm32l4xx_hal_gpio.o
 .debug_aranges
                0x0000000000000488      0x168 ./Drivers/STM32L4xx_HAL_Driver/Src/stm32l4xx_hal_pwr_ex.o
 .debug_aranges
                0x00000000000005f0       0x90 ./Drivers/STM32L4xx_HAL_Driver/Src/stm32l4xx_hal_rcc.o
 .debug_aranges
                0x0000000000000680      0x218 ./Drivers/STM32L4xx_HAL_Driver/Src/stm32l4xx_hal_uart.o

.debug_str      0x0000000000000000    0xfdf3b
 .debug_str     0x0000000000000000       0x9b ./startup/startup_stm32l4r5xx.o
 .debug_str     0x000000000000009b    0xf9262 ./Src/PMS5003_HAL_STM32.o
                                      0xf964d (size before relaxing)
 .debug_str     0x00000000000f92fd       0x3f ./Src/it.o
                                       0x2e5c (size before relaxing)
 .debug_str     0x00000000000f933c     0x16bc ./Src/main.o
                                      0xfabf5 (size before relaxing)
 .debug_str     0x00000000000fa9f8      0x4e4 ./Src/msp.o
                                      0xf6bd7 (size before relaxing)
 .debug_str     0x00000000000faedc     0x1216 ./Src/syscalls.o
                                       0x870c (size before relaxing)
 .debug_str     0x00000000000fc0f2       0xae ./Src/system_stm32l4xx.o
                                      0xac604 (size before relaxing)
 .debug_str     0x00000000000fc1a0      0x5a8 ./Drivers/STM32L4xx_HAL_Driver/Src/stm32l4xx_hal.o
                                      0xf6cee (size before relaxing)
 .debug_str     0x00000000000fc748      0x37b ./Drivers/STM32L4xx_HAL_Driver/Src/stm32l4xx_hal_cortex.o
                                      0xf6a57 (size before relaxing)
 .debug_str     0x00000000000fcac3      0x252 ./Drivers/STM32L4xx_HAL_Driver/Src/stm32l4xx_hal_gpio.o
                                      0xf644f (size before relaxing)
 .debug_str     0x00000000000fcd15      0x559 ./Drivers/STM32L4xx_HAL_Driver/Src/stm32l4xx_hal_pwr_ex.o
                                      0xf678d (size before relaxing)
 .debug_str     0x00000000000fd26e      0x40f ./Drivers/STM32L4xx_HAL_Driver/Src/stm32l4xx_hal_rcc.o
                                      0xf67be (size before relaxing)
 .debug_str     0x00000000000fd67d      0x8be ./Drivers/STM32L4xx_HAL_Driver/Src/stm32l4xx_hal_uart.o
                                      0xf6f14 (size before relaxing)

.debug_ranges   0x0000000000000000      0x7d0
 .debug_ranges  0x0000000000000000       0x20 ./startup/startup_stm32l4r5xx.o
 .debug_ranges  0x0000000000000020       0x40 ./Src/PMS5003_HAL_STM32.o
 .debug_ranges  0x0000000000000060       0x10 ./Src/it.o
 .debug_ranges  0x0000000000000070       0x40 ./Src/main.o
 .debug_ranges  0x00000000000000b0       0x18 ./Src/msp.o
 .debug_ranges  0x00000000000000c8       0xa0 ./Src/syscalls.o
 .debug_ranges  0x0000000000000168       0x18 ./Src/system_stm32l4xx.o
 .debug_ranges  0x0000000000000180      0x120 ./Drivers/STM32L4xx_HAL_Driver/Src/stm32l4xx_hal.o
 .debug_ranges  0x00000000000002a0      0x108 ./Drivers/STM32L4xx_HAL_Driver/Src/stm32l4xx_hal_cortex.o
 .debug_ranges  0x00000000000003a8       0x48 ./Drivers/STM32L4xx_HAL_Driver/Src/stm32l4xx_hal_gpio.o
 .debug_ranges  0x00000000000003f0      0x158 ./Drivers/STM32L4xx_HAL_Driver/Src/stm32l4xx_hal_pwr_ex.o
 .debug_ranges  0x0000000000000548       0x80 ./Drivers/STM32L4xx_HAL_Driver/Src/stm32l4xx_hal_rcc.o
 .debug_ranges  0x00000000000005c8      0x208 ./Drivers/STM32L4xx_HAL_Driver/Src/stm32l4xx_hal_uart.o

.debug_macro    0x0000000000000000    0x29c6a
 .debug_macro   0x0000000000000000      0x293 ./Src/PMS5003_HAL_STM32.o
 .debug_macro   0x0000000000000293      0xa9c ./Src/PMS5003_HAL_STM32.o
 .debug_macro   0x0000000000000d2f       0xba ./Src/PMS5003_HAL_STM32.o
 .debug_macro   0x0000000000000de9       0x2e ./Src/PMS5003_HAL_STM32.o
 .debug_macro   0x0000000000000e17       0x28 ./Src/PMS5003_HAL_STM32.o
 .debug_macro   0x0000000000000e3f      0x34e ./Src/PMS5003_HAL_STM32.o
 .debug_macro   0x000000000000118d       0x1c ./Src/PMS5003_HAL_STM32.o
 .debug_macro   0x00000000000011a9       0x22 ./Src/PMS5003_HAL_STM32.o
 .debug_macro   0x00000000000011cb       0xdf ./Src/PMS5003_HAL_STM32.o
 .debug_macro   0x00000000000012aa     0x102d ./Src/PMS5003_HAL_STM32.o
 .debug_macro   0x00000000000022d7      0x11f ./Src/PMS5003_HAL_STM32.o
 .debug_macro   0x00000000000023f6    0x1caae ./Src/PMS5003_HAL_STM32.o
 .debug_macro   0x000000000001eea4       0x43 ./Src/PMS5003_HAL_STM32.o
 .debug_macro   0x000000000001eee7     0x3820 ./Src/PMS5003_HAL_STM32.o
 .debug_macro   0x0000000000022707      0x174 ./Src/PMS5003_HAL_STM32.o
 .debug_macro   0x000000000002287b       0x5a ./Src/PMS5003_HAL_STM32.o
 .debug_macro   0x00000000000228d5     0x180d ./Src/PMS5003_HAL_STM32.o
 .debug_macro   0x00000000000240e2      0x7ce ./Src/PMS5003_HAL_STM32.o
 .debug_macro   0x00000000000248b0      0x241 ./Src/PMS5003_HAL_STM32.o
 .debug_macro   0x0000000000024af1      0x13d ./Src/PMS5003_HAL_STM32.o
 .debug_macro   0x0000000000024c2e      0x21e ./Src/PMS5003_HAL_STM32.o
 .debug_macro   0x0000000000024e4c      0x486 ./Src/PMS5003_HAL_STM32.o
 .debug_macro   0x00000000000252d2      0x1ce ./Src/PMS5003_HAL_STM32.o
 .debug_macro   0x00000000000254a0       0x43 ./Src/PMS5003_HAL_STM32.o
 .debug_macro   0x00000000000254e3      0x236 ./Src/PMS5003_HAL_STM32.o
 .debug_macro   0x0000000000025719      0x408 ./Src/PMS5003_HAL_STM32.o
 .debug_macro   0x0000000000025b21       0x1c ./Src/PMS5003_HAL_STM32.o
 .debug_macro   0x0000000000025b3d      0x100 ./Src/PMS5003_HAL_STM32.o
 .debug_macro   0x0000000000025c3d      0x22c ./Src/PMS5003_HAL_STM32.o
 .debug_macro   0x0000000000025e69       0x5e ./Src/PMS5003_HAL_STM32.o
 .debug_macro   0x0000000000025ec7       0xa5 ./Src/PMS5003_HAL_STM32.o
 .debug_macro   0x0000000000025f6c      0x122 ./Src/PMS5003_HAL_STM32.o
 .debug_macro   0x000000000002608e      0x3e2 ./Src/PMS5003_HAL_STM32.o
 .debug_macro   0x0000000000026470      0x63f ./Src/PMS5003_HAL_STM32.o
 .debug_macro   0x0000000000026aaf       0xa6 ./Src/PMS5003_HAL_STM32.o
 .debug_macro   0x0000000000026b55      0x44b ./Src/PMS5003_HAL_STM32.o
 .debug_macro   0x0000000000026fa0       0x10 ./Src/PMS5003_HAL_STM32.o
 .debug_macro   0x0000000000026fb0       0x22 ./Src/PMS5003_HAL_STM32.o
 .debug_macro   0x0000000000026fd2       0x58 ./Src/PMS5003_HAL_STM32.o
 .debug_macro   0x000000000002702a       0x18 ./Src/PMS5003_HAL_STM32.o
 .debug_macro   0x0000000000027042       0x94 ./Src/PMS5003_HAL_STM32.o
 .debug_macro   0x00000000000270d6       0x35 ./Src/PMS5003_HAL_STM32.o
 .debug_macro   0x000000000002710b       0x34 ./Src/PMS5003_HAL_STM32.o
 .debug_macro   0x000000000002713f       0x57 ./Src/PMS5003_HAL_STM32.o
 .debug_macro   0x0000000000027196       0x58 ./Src/PMS5003_HAL_STM32.o
 .debug_macro   0x00000000000271ee       0x1f ./Src/PMS5003_HAL_STM32.o
 .debug_macro   0x000000000002720d       0x43 ./Src/PMS5003_HAL_STM32.o
 .debug_macro   0x0000000000027250       0x20 ./Src/PMS5003_HAL_STM32.o
 .debug_macro   0x0000000000027270      0x18e ./Src/PMS5003_HAL_STM32.o
 .debug_macro   0x00000000000273fe      0x333 ./Src/PMS5003_HAL_STM32.o
 .debug_macro   0x0000000000027731       0x10 ./Src/PMS5003_HAL_STM32.o
 .debug_macro   0x0000000000027741       0x35 ./Src/PMS5003_HAL_STM32.o
 .debug_macro   0x0000000000027776       0x11 ./Src/it.o
 .debug_macro   0x0000000000027787      0x35f ./Src/main.o
 .debug_macro   0x0000000000027ae6      0x451 ./Src/main.o
 .debug_macro   0x0000000000027f37       0x1c ./Src/main.o
 .debug_macro   0x0000000000027f53       0x10 ./Src/main.o
 .debug_macro   0x0000000000027f63       0x10 ./Src/main.o
 .debug_macro   0x0000000000027f73       0x6a ./Src/main.o
 .debug_macro   0x0000000000027fdd       0x1c ./Src/main.o
 .debug_macro   0x0000000000027ff9       0x52 ./Src/main.o
 .debug_macro   0x000000000002804b       0x40 ./Src/main.o
 .debug_macro   0x000000000002808b       0x10 ./Src/main.o
 .debug_macro   0x000000000002809b       0x40 ./Src/main.o
 .debug_macro   0x00000000000280db       0xd7 ./Src/main.o
 .debug_macro   0x00000000000281b2       0x1c ./Src/main.o
 .debug_macro   0x00000000000281ce       0x3d ./Src/main.o
 .debug_macro   0x000000000002820b       0x16 ./Src/main.o
 .debug_macro   0x0000000000028221      0x16f ./Src/main.o
 .debug_macro   0x0000000000028390      0x199 ./Src/msp.o
 .debug_macro   0x0000000000028529      0x243 ./Src/syscalls.o
 .debug_macro   0x000000000002876c      0x339 ./Src/syscalls.o
 .debug_macro   0x0000000000028aa5       0x10 ./Src/syscalls.o
 .debug_macro   0x0000000000028ab5       0x10 ./Src/syscalls.o
 .debug_macro   0x0000000000028ac5       0x10 ./Src/syscalls.o
 .debug_macro   0x0000000000028ad5       0x35 ./Src/syscalls.o
 .debug_macro   0x0000000000028b0a      0x122 ./Src/syscalls.o
 .debug_macro   0x0000000000028c2c       0x16 ./Src/syscalls.o
 .debug_macro   0x0000000000028c42       0x16 ./Src/syscalls.o
 .debug_macro   0x0000000000028c58       0x29 ./Src/syscalls.o
 .debug_macro   0x0000000000028c81       0x10 ./Src/syscalls.o
 .debug_macro   0x0000000000028c91      0x241 ./Src/syscalls.o
 .debug_macro   0x0000000000028ed2       0x10 ./Src/syscalls.o
 .debug_macro   0x0000000000028ee2      0x189 ./Src/syscalls.o
 .debug_macro   0x000000000002906b       0x16 ./Src/syscalls.o
 .debug_macro   0x0000000000029081       0x88 ./Src/syscalls.o
 .debug_macro   0x0000000000029109       0xa7 ./Src/system_stm32l4xx.o
 .debug_macro   0x00000000000291b0      0x1e7 ./Drivers/STM32L4xx_HAL_Driver/Src/stm32l4xx_hal.o
 .debug_macro   0x0000000000029397      0x199 ./Drivers/STM32L4xx_HAL_Driver/Src/stm32l4xx_hal_cortex.o
 .debug_macro   0x0000000000029530      0x1d8 ./Drivers/STM32L4xx_HAL_Driver/Src/stm32l4xx_hal_gpio.o
 .debug_macro   0x0000000000029708      0x1c3 ./Drivers/STM32L4xx_HAL_Driver/Src/stm32l4xx_hal_pwr_ex.o
 .debug_macro   0x00000000000298cb      0x1db ./Drivers/STM32L4xx_HAL_Driver/Src/stm32l4xx_hal_rcc.o
 .debug_macro   0x0000000000029aa6      0x1c4 ./Drivers/STM32L4xx_HAL_Driver/Src/stm32l4xx_hal_uart.o

.comment        0x0000000000000000       0x79
 .comment       0x0000000000000000       0x79 ./Src/PMS5003_HAL_STM32.o
                                         0x7a (size before relaxing)
 .comment       0x0000000000000079       0x7a ./Src/it.o
 .comment       0x0000000000000079       0x7a ./Src/main.o
 .comment       0x0000000000000079       0x7a ./Src/msp.o
 .comment       0x0000000000000079       0x7a ./Src/syscalls.o
 .comment       0x0000000000000079       0x7a ./Src/system_stm32l4xx.o
 .comment       0x0000000000000079       0x7a ./Drivers/STM32L4xx_HAL_Driver/Src/stm32l4xx_hal.o
 .comment       0x0000000000000079       0x7a ./Drivers/STM32L4xx_HAL_Driver/Src/stm32l4xx_hal_cortex.o
 .comment       0x0000000000000079       0x7a ./Drivers/STM32L4xx_HAL_Driver/Src/stm32l4xx_hal_gpio.o
 .comment       0x0000000000000079       0x7a ./Drivers/STM32L4xx_HAL_Driver/Src/stm32l4xx_hal_pwr_ex.o
 .comment       0x0000000000000079       0x7a ./Drivers/STM32L4xx_HAL_Driver/Src/stm32l4xx_hal_rcc.o
 .comment       0x0000000000000079       0x7a ./Drivers/STM32L4xx_HAL_Driver/Src/stm32l4xx_hal_uart.o

.debug_frame    0x0000000000000000     0x2624
 .debug_frame   0x0000000000000000      0x118 ./Src/PMS5003_HAL_STM32.o
 .debug_frame   0x0000000000000118       0x2c ./Src/it.o
 .debug_frame   0x0000000000000144       0xe8 ./Src/main.o
 .debug_frame   0x000000000000022c       0x50 ./Src/msp.o
 .debug_frame   0x000000000000027c      0x2d0 ./Src/syscalls.o
 .debug_frame   0x000000000000054c       0x58 ./Src/system_stm32l4xx.o
 .debug_frame   0x00000000000005a4      0x498 ./Drivers/STM32L4xx_HAL_Driver/Src/stm32l4xx_hal.o
 .debug_frame   0x0000000000000a3c      0x498 ./Drivers/STM32L4xx_HAL_Driver/Src/stm32l4xx_hal_cortex.o
 .debug_frame   0x0000000000000ed4      0x14c ./Drivers/STM32L4xx_HAL_Driver/Src/stm32l4xx_hal_gpio.o
 .debug_frame   0x0000000000001020      0x5a4 ./Drivers/STM32L4xx_HAL_Driver/Src/stm32l4xx_hal_pwr_ex.o
 .debug_frame   0x00000000000015c4      0x220 ./Drivers/STM32L4xx_HAL_Driver/Src/stm32l4xx_hal_rcc.o
 .debug_frame   0x00000000000017e4      0x99c ./Drivers/STM32L4xx_HAL_Driver/Src/stm32l4xx_hal_uart.o
 .debug_frame   0x0000000000002180       0x2c /usr/local/Caskroom/gcc-arm-embedded/9-2019-q4-major/gcc-arm-none-eabi-9-2019-q4-major/bin/../lib/gcc/arm-none-eabi/9.2.1/thumb/v7e-m/nofp/libgcc.a(_aeabi_uldivmod.o)
 .debug_frame   0x00000000000021ac       0x34 /usr/local/Caskroom/gcc-arm-embedded/9-2019-q4-major/gcc-arm-none-eabi-9-2019-q4-major/bin/../lib/gcc/arm-none-eabi/9.2.1/thumb/v7e-m/nofp/libgcc.a(_udivmoddi4.o)
 .debug_frame   0x00000000000021e0       0x20 /usr/local/Caskroom/gcc-arm-embedded/9-2019-q4-major/gcc-arm-none-eabi-9-2019-q4-major/bin/../lib/gcc/arm-none-eabi/9.2.1/../../../../arm-none-eabi/lib/thumb/v7e-m/nofp/libg_nano.a(lib_a-errno.o)
 .debug_frame   0x0000000000002200       0x2c /usr/local/Caskroom/gcc-arm-embedded/9-2019-q4-major/gcc-arm-none-eabi-9-2019-q4-major/bin/../lib/gcc/arm-none-eabi/9.2.1/../../../../arm-none-eabi/lib/thumb/v7e-m/nofp/libg_nano.a(lib_a-init.o)
 .debug_frame   0x000000000000222c       0x20 /usr/local/Caskroom/gcc-arm-embedded/9-2019-q4-major/gcc-arm-none-eabi-9-2019-q4-major/bin/../lib/gcc/arm-none-eabi/9.2.1/../../../../arm-none-eabi/lib/thumb/v7e-m/nofp/libg_nano.a(lib_a-memset.o)
 .debug_frame   0x000000000000224c       0x6c /usr/local/Caskroom/gcc-arm-embedded/9-2019-q4-major/gcc-arm-none-eabi-9-2019-q4-major/bin/../lib/gcc/arm-none-eabi/9.2.1/../../../../arm-none-eabi/lib/thumb/v7e-m/nofp/libg_nano.a(lib_a-sprintf.o)
 .debug_frame   0x00000000000022b8       0x90 /usr/local/Caskroom/gcc-arm-embedded/9-2019-q4-major/gcc-arm-none-eabi-9-2019-q4-major/bin/../lib/gcc/arm-none-eabi/9.2.1/../../../../arm-none-eabi/lib/thumb/v7e-m/nofp/libg_nano.a(lib_a-nano-svfprintf.o)
 .debug_frame   0x0000000000002348       0x60 /usr/local/Caskroom/gcc-arm-embedded/9-2019-q4-major/gcc-arm-none-eabi-9-2019-q4-major/bin/../lib/gcc/arm-none-eabi/9.2.1/../../../../arm-none-eabi/lib/thumb/v7e-m/nofp/libg_nano.a(lib_a-nano-vfprintf_i.o)
 .debug_frame   0x00000000000023a8       0x28 /usr/local/Caskroom/gcc-arm-embedded/9-2019-q4-major/gcc-arm-none-eabi-9-2019-q4-major/bin/../lib/gcc/arm-none-eabi/9.2.1/../../../../arm-none-eabi/lib/thumb/v7e-m/nofp/libg_nano.a(lib_a-memcpy-stub.o)
 .debug_frame   0x00000000000023d0       0x28 /usr/local/Caskroom/gcc-arm-embedded/9-2019-q4-major/gcc-arm-none-eabi-9-2019-q4-major/bin/../lib/gcc/arm-none-eabi/9.2.1/../../../../arm-none-eabi/lib/thumb/v7e-m/nofp/libg_nano.a(lib_a-memmove.o)
 .debug_frame   0x00000000000023f8       0x38 /usr/local/Caskroom/gcc-arm-embedded/9-2019-q4-major/gcc-arm-none-eabi-9-2019-q4-major/bin/../lib/gcc/arm-none-eabi/9.2.1/../../../../arm-none-eabi/lib/thumb/v7e-m/nofp/libg_nano.a(lib_a-nano-freer.o)
 .debug_frame   0x0000000000002430       0x30 /usr/local/Caskroom/gcc-arm-embedded/9-2019-q4-major/gcc-arm-none-eabi-9-2019-q4-major/bin/../lib/gcc/arm-none-eabi/9.2.1/../../../../arm-none-eabi/lib/thumb/v7e-m/nofp/libg_nano.a(lib_a-nano-mallocr.o)
 .debug_frame   0x0000000000002460       0x3c /usr/local/Caskroom/gcc-arm-embedded/9-2019-q4-major/gcc-arm-none-eabi-9-2019-q4-major/bin/../lib/gcc/arm-none-eabi/9.2.1/../../../../arm-none-eabi/lib/thumb/v7e-m/nofp/libg_nano.a(lib_a-nano-reallocr.o)
 .debug_frame   0x000000000000249c       0x2c /usr/local/Caskroom/gcc-arm-embedded/9-2019-q4-major/gcc-arm-none-eabi-9-2019-q4-major/bin/../lib/gcc/arm-none-eabi/9.2.1/../../../../arm-none-eabi/lib/thumb/v7e-m/nofp/libg_nano.a(lib_a-sbrkr.o)
 .debug_frame   0x00000000000024c8       0x30 /usr/local/Caskroom/gcc-arm-embedded/9-2019-q4-major/gcc-arm-none-eabi-9-2019-q4-major/bin/../lib/gcc/arm-none-eabi/9.2.1/../../../../arm-none-eabi/lib/thumb/v7e-m/nofp/libg_nano.a(lib_a-mlock.o)
 .debug_frame   0x00000000000024f8       0x20 /usr/local/Caskroom/gcc-arm-embedded/9-2019-q4-major/gcc-arm-none-eabi-9-2019-q4-major/bin/../lib/gcc/arm-none-eabi/9.2.1/../../../../arm-none-eabi/lib/thumb/v7e-m/nofp/libg_nano.a(lib_a-nano-msizer.o)
 .debug_frame   0x0000000000002518       0x5c /usr/local/Caskroom/gcc-arm-embedded/9-2019-q4-major/gcc-arm-none-eabi-9-2019-q4-major/bin/../lib/gcc/arm-none-eabi/9.2.1/../../../../arm-none-eabi/lib/thumb/v7e-m/nofp/libg_nano.a(lib_a-reent.o)
 .debug_frame   0x0000000000002574       0xb0 /usr/local/Caskroom/gcc-arm-embedded/9-2019-q4-major/gcc-arm-none-eabi-9-2019-q4-major/bin/../lib/gcc/arm-none-eabi/9.2.1/../../../../arm-none-eabi/lib/thumb/v7e-m/nofp/libg_nano.a(lib_a-lock.o)
