22:00:03 **** Clean-only build of configuration Debug for project sdcard_fatfs ****
make -j11 clean 
rm -rf  ./startup/startup_stm32l4r5xx.o  ./Src/bsp_driver_sd.o ./Src/fatfs.o ./Src/fatfs_platform.o ./Src/main.o ./Src/sd_diskio.o ./Src/stm32l4xx_hal_msp.o ./Src/stm32l4xx_it.o ./Src/syscalls.o ./Src/system_stm32l4xx.o  ./Middlewares/Third_Party/FatFs/src/option/syscall.o  ./Middlewares/Third_Party/FatFs/src/diskio.o ./Middlewares/Third_Party/FatFs/src/ff.o ./Middlewares/Third_Party/FatFs/src/ff_gen_drv.o  ./Drivers/STM32L4xx_HAL_Driver/Src/stm32l4xx_hal.o ./Drivers/STM32L4xx_HAL_Driver/Src/stm32l4xx_hal_cortex.o ./Drivers/STM32L4xx_HAL_Driver/Src/stm32l4xx_hal_dma.o ./Drivers/STM32L4xx_HAL_Driver/Src/stm32l4xx_hal_dma_ex.o ./Drivers/STM32L4xx_HAL_Driver/Src/stm32l4xx_hal_exti.o ./Drivers/STM32L4xx_HAL_Driver/Src/stm32l4xx_hal_flash.o ./Drivers/STM32L4xx_HAL_Driver/Src/stm32l4xx_hal_flash_ex.o ./Drivers/STM32L4xx_HAL_Driver/Src/stm32l4xx_hal_flash_ramfunc.o ./Drivers/STM32L4xx_HAL_Driver/Src/stm32l4xx_hal_gpio.o ./Drivers/STM32L4xx_HAL_Driver/Src/stm32l4xx_hal_i2c.o ./Drivers/STM32L4xx_HAL_Driver/Src/stm32l4xx_hal_i2c_ex.o ./Drivers/STM32L4xx_HAL_Driver/Src/stm32l4xx_hal_pwr.o ./Drivers/STM32L4xx_HAL_Driver/Src/stm32l4xx_hal_pwr_ex.o ./Drivers/STM32L4xx_HAL_Driver/Src/stm32l4xx_hal_rcc.o ./Drivers/STM32L4xx_HAL_Driver/Src/stm32l4xx_hal_rcc_ex.o ./Drivers/STM32L4xx_HAL_Driver/Src/stm32l4xx_hal_sd.o ./Drivers/STM32L4xx_HAL_Driver/Src/stm32l4xx_hal_sd_ex.o ./Drivers/STM32L4xx_HAL_Driver/Src/stm32l4xx_hal_tim.o ./Drivers/STM32L4xx_HAL_Driver/Src/stm32l4xx_hal_tim_ex.o ./Drivers/STM32L4xx_HAL_Driver/Src/stm32l4xx_hal_uart.o ./Drivers/STM32L4xx_HAL_Driver/Src/stm32l4xx_hal_uart_ex.o ./Drivers/STM32L4xx_HAL_Driver/Src/stm32l4xx_ll_sdmmc.o  sdcard_fatfs.hex  sdcard_fatfs.siz  ./startup/startup_stm32l4r5xx.d  ./Src/bsp_driver_sd.d ./Src/fatfs.d ./Src/fatfs_platform.d ./Src/main.d ./Src/sd_diskio.d ./Src/stm32l4xx_hal_msp.d ./Src/stm32l4xx_it.d ./Src/syscalls.d ./Src/system_stm32l4xx.d  ./Middlewares/Third_Party/FatFs/src/option/syscall.d  ./Middlewares/Third_Party/FatFs/src/diskio.d ./Middlewares/Third_Party/FatFs/src/ff.d ./Middlewares/Third_Party/FatFs/src/ff_gen_drv.d  ./Drivers/STM32L4xx_HAL_Driver/Src/stm32l4xx_hal.d ./Drivers/STM32L4xx_HAL_Driver/Src/stm32l4xx_hal_cortex.d ./Drivers/STM32L4xx_HAL_Driver/Src/stm32l4xx_hal_dma.d ./Drivers/STM32L4xx_HAL_Driver/Src/stm32l4xx_hal_dma_ex.d ./Drivers/STM32L4xx_HAL_Driver/Src/stm32l4xx_hal_exti.d ./Drivers/STM32L4xx_HAL_Driver/Src/stm32l4xx_hal_flash.d ./Drivers/STM32L4xx_HAL_Driver/Src/stm32l4xx_hal_flash_ex.d ./Drivers/STM32L4xx_HAL_Driver/Src/stm32l4xx_hal_flash_ramfunc.d ./Drivers/STM32L4xx_HAL_Driver/Src/stm32l4xx_hal_gpio.d ./Drivers/STM32L4xx_HAL_Driver/Src/stm32l4xx_hal_i2c.d ./Drivers/STM32L4xx_HAL_Driver/Src/stm32l4xx_hal_i2c_ex.d ./Drivers/STM32L4xx_HAL_Driver/Src/stm32l4xx_hal_pwr.d ./Drivers/STM32L4xx_HAL_Driver/Src/stm32l4xx_hal_pwr_ex.d ./Drivers/STM32L4xx_HAL_Driver/Src/stm32l4xx_hal_rcc.d ./Drivers/STM32L4xx_HAL_Driver/Src/stm32l4xx_hal_rcc_ex.d ./Drivers/STM32L4xx_HAL_Driver/Src/stm32l4xx_hal_sd.d ./Drivers/STM32L4xx_HAL_Driver/Src/stm32l4xx_hal_sd_ex.d ./Drivers/STM32L4xx_HAL_Driver/Src/stm32l4xx_hal_tim.d ./Drivers/STM32L4xx_HAL_Driver/Src/stm32l4xx_hal_tim_ex.d ./Drivers/STM32L4xx_HAL_Driver/Src/stm32l4xx_hal_uart.d ./Drivers/STM32L4xx_HAL_Driver/Src/stm32l4xx_hal_uart_ex.d ./Drivers/STM32L4xx_HAL_Driver/Src/stm32l4xx_ll_sdmmc.d  sdcard_fatfs.elf
 
22:00:09 **** Build of configuration Debug for project sdcard_fatfs ****
make -j11 all 
Building file: ../startup/startup_stm32l4r5xx.S
Building file: ../Src/bsp_driver_sd.c
Building file: ../Src/fatfs.c
Invoking: GNU ARM Cross Assembler
arm-none-eabi-gcc -mcpu=cortex-m4 -mthumb -O0 -fmessage-length=0 -fsigned-char -ffunction-sections -fdata-sections -ffreestanding -fno-move-loop-invariants -Wall -Wextra  -g3 -x assembler-with-cpp -DSTM32L4R5xx -DDEBUG -DTRACE -DOS_USE_TRACE_SEMIHOSTING_DEBUG -I"/Users/khoahuynh/Documents/Document/STM32L4R5ZIT6_NucleoL4R5ZI/Eclipse/personal_projects/sdcard_fatfs/Drivers/CMSIS/Device/ST/STM32L4xx/Include" -I"/Users/khoahuynh/Documents/Document/STM32L4R5ZIT6_NucleoL4R5ZI/Eclipse/personal_projects/sdcard_fatfs/Middlewares/Third_Party/FatFs" -I"/Users/khoahuynh/Documents/Document/STM32L4R5ZIT6_NucleoL4R5ZI/Eclipse/personal_projects/sdcard_fatfs/Drivers/CMSIS/Include" -I"/Users/khoahuynh/Documents/Document/STM32L4R5ZIT6_NucleoL4R5ZI/Eclipse/personal_projects/sdcard_fatfs/Drivers/STM32L4xx_HAL_Driver/Inc" -I"/Users/khoahuynh/Documents/Document/STM32L4R5ZIT6_NucleoL4R5ZI/Eclipse/personal_projects/sdcard_fatfs/Drivers/STM32L4xx_HAL_Driver/Inc/Legacy" -I"/Users/khoahuynh/Documents/Document/STM32L4R5ZIT6_NucleoL4R5ZI/Eclipse/personal_projects/sdcard_fatfs/Inc" -MMD -MP -MF"startup/startup_stm32l4r5xx.d" -MT"startup/startup_stm32l4r5xx.o" -c -o "startup/startup_stm32l4r5xx.o" "../startup/startup_stm32l4r5xx.S"
Building file: ../Src/fatfs_platform.c
Invoking: GNU ARM Cross C Compiler
Invoking: GNU ARM Cross C Compiler
arm-none-eabi-gcc -mcpu=cortex-m4 -mthumb -O0 -fmessage-length=0 -fsigned-char -ffunction-sections -fdata-sections -ffreestanding -fno-move-loop-invariants -Wall -Wextra  -g3 -DSTM32L4R5xx -DDEBUG -DTRACE -DOS_USE_TRACE_SEMIHOSTING_DEBUG -I/Users/khoahuynh/Documents/Document/STM32L4R5ZIT6_NucleoL4R5ZI/Eclipse/personal_projects/sdcard_fatfs/Middlewares/Third_Party/FatFs -I"/Users/khoahuynh/Documents/Document/STM32L4R5ZIT6_NucleoL4R5ZI/Eclipse/personal_projects/sdcard_fatfs/Drivers/CMSIS/Device/ST/STM32L4xx/Include" -I"/Users/khoahuynh/Documents/Document/STM32L4R5ZIT6_NucleoL4R5ZI/Eclipse/personal_projects/sdcard_fatfs/Drivers/CMSIS/Include" -I"/Users/khoahuynh/Documents/Document/STM32L4R5ZIT6_NucleoL4R5ZI/Eclipse/personal_projects/sdcard_fatfs/Drivers/STM32L4xx_HAL_Driver/Inc" -I"/Users/khoahuynh/Documents/Document/STM32L4R5ZIT6_NucleoL4R5ZI/Eclipse/personal_projects/sdcard_fatfs/Drivers/STM32L4xx_HAL_Driver/Inc/Legacy" -I"/Users/khoahuynh/Documents/Document/STM32L4R5ZIT6_NucleoL4R5ZI/Eclipse/personal_projects/sdcard_fatfs/Inc" -std=gnu11 -MMD -MP -MF"Src/fatfs.d" -MT"Src/fatfs.o" -c -o "Src/fatfs.o" "../Src/fatfs.c"
arm-none-eabi-gcc -mcpu=cortex-m4 -mthumb -O0 -fmessage-length=0 -fsigned-char -ffunction-sections -fdata-sections -ffreestanding -fno-move-loop-invariants -Wall -Wextra  -g3 -DSTM32L4R5xx -DDEBUG -DTRACE -DOS_USE_TRACE_SEMIHOSTING_DEBUG -I/Users/khoahuynh/Documents/Document/STM32L4R5ZIT6_NucleoL4R5ZI/Eclipse/personal_projects/sdcard_fatfs/Middlewares/Third_Party/FatFs -I"/Users/khoahuynh/Documents/Document/STM32L4R5ZIT6_NucleoL4R5ZI/Eclipse/personal_projects/sdcard_fatfs/Drivers/CMSIS/Device/ST/STM32L4xx/Include" -I"/Users/khoahuynh/Documents/Document/STM32L4R5ZIT6_NucleoL4R5ZI/Eclipse/personal_projects/sdcard_fatfs/Drivers/CMSIS/Include" -I"/Users/khoahuynh/Documents/Document/STM32L4R5ZIT6_NucleoL4R5ZI/Eclipse/personal_projects/sdcard_fatfs/Drivers/STM32L4xx_HAL_Driver/Inc" -I"/Users/khoahuynh/Documents/Document/STM32L4R5ZIT6_NucleoL4R5ZI/Eclipse/personal_projects/sdcard_fatfs/Drivers/STM32L4xx_HAL_Driver/Inc/Legacy" -I"/Users/khoahuynh/Documents/Document/STM32L4R5ZIT6_NucleoL4R5ZI/Eclipse/personal_projects/sdcard_fatfs/Inc" -std=gnu11 -MMD -MP -MF"Src/bsp_driver_sd.d" -MT"Src/bsp_driver_sd.o" -c -o "Src/bsp_driver_sd.o" "../Src/bsp_driver_sd.c"
Building file: ../Src/main.c
Invoking: GNU ARM Cross C Compiler
arm-none-eabi-gcc -mcpu=cortex-m4 -mthumb -O0 -fmessage-length=0 -fsigned-char -ffunction-sections -fdata-sections -ffreestanding -fno-move-loop-invariants -Wall -Wextra  -g3 -DSTM32L4R5xx -DDEBUG -DTRACE -DOS_USE_TRACE_SEMIHOSTING_DEBUG -I/Users/khoahuynh/Documents/Document/STM32L4R5ZIT6_NucleoL4R5ZI/Eclipse/personal_projects/sdcard_fatfs/Middlewares/Third_Party/FatFs -I"/Users/khoahuynh/Documents/Document/STM32L4R5ZIT6_NucleoL4R5ZI/Eclipse/personal_projects/sdcard_fatfs/Drivers/CMSIS/Device/ST/STM32L4xx/Include" -I"/Users/khoahuynh/Documents/Document/STM32L4R5ZIT6_NucleoL4R5ZI/Eclipse/personal_projects/sdcard_fatfs/Drivers/CMSIS/Include" -I"/Users/khoahuynh/Documents/Document/STM32L4R5ZIT6_NucleoL4R5ZI/Eclipse/personal_projects/sdcard_fatfs/Drivers/STM32L4xx_HAL_Driver/Inc" -I"/Users/khoahuynh/Documents/Document/STM32L4R5ZIT6_NucleoL4R5ZI/Eclipse/personal_projects/sdcard_fatfs/Drivers/STM32L4xx_HAL_Driver/Inc/Legacy" -I"/Users/khoahuynh/Documents/Document/STM32L4R5ZIT6_NucleoL4R5ZI/Eclipse/personal_projects/sdcard_fatfs/Inc" -std=gnu11 -MMD -MP -MF"Src/fatfs_platform.d" -MT"Src/fatfs_platform.o" -c -o "Src/fatfs_platform.o" "../Src/fatfs_platform.c"
Building file: ../Src/sd_diskio.c
Invoking: GNU ARM Cross C Compiler
arm-none-eabi-gcc -mcpu=cortex-m4 -mthumb -O0 -fmessage-length=0 -fsigned-char -ffunction-sections -fdata-sections -ffreestanding -fno-move-loop-invariants -Wall -Wextra  -g3 -DSTM32L4R5xx -DDEBUG -DTRACE -DOS_USE_TRACE_SEMIHOSTING_DEBUG -I/Users/khoahuynh/Documents/Document/STM32L4R5ZIT6_NucleoL4R5ZI/Eclipse/personal_projects/sdcard_fatfs/Middlewares/Third_Party/FatFs -I"/Users/khoahuynh/Documents/Document/STM32L4R5ZIT6_NucleoL4R5ZI/Eclipse/personal_projects/sdcard_fatfs/Drivers/CMSIS/Device/ST/STM32L4xx/Include" -I"/Users/khoahuynh/Documents/Document/STM32L4R5ZIT6_NucleoL4R5ZI/Eclipse/personal_projects/sdcard_fatfs/Drivers/CMSIS/Include" -I"/Users/khoahuynh/Documents/Document/STM32L4R5ZIT6_NucleoL4R5ZI/Eclipse/personal_projects/sdcard_fatfs/Drivers/STM32L4xx_HAL_Driver/Inc" -I"/Users/khoahuynh/Documents/Document/STM32L4R5ZIT6_NucleoL4R5ZI/Eclipse/personal_projects/sdcard_fatfs/Drivers/STM32L4xx_HAL_Driver/Inc/Legacy" -I"/Users/khoahuynh/Documents/Document/STM32L4R5ZIT6_NucleoL4R5ZI/Eclipse/personal_projects/sdcard_fatfs/Inc" -std=gnu11 -MMD -MP -MF"Src/main.d" -MT"Src/main.o" -c -o "Src/main.o" "../Src/main.c"
Building file: ../Src/stm32l4xx_hal_msp.c
Invoking: GNU ARM Cross C Compiler
arm-none-eabi-gcc -mcpu=cortex-m4 -mthumb -O0 -fmessage-length=0 -fsigned-char -ffunction-sections -fdata-sections -ffreestanding -fno-move-loop-invariants -Wall -Wextra  -g3 -DSTM32L4R5xx -DDEBUG -DTRACE -DOS_USE_TRACE_SEMIHOSTING_DEBUG -I/Users/khoahuynh/Documents/Document/STM32L4R5ZIT6_NucleoL4R5ZI/Eclipse/personal_projects/sdcard_fatfs/Middlewares/Third_Party/FatFs -I"/Users/khoahuynh/Documents/Document/STM32L4R5ZIT6_NucleoL4R5ZI/Eclipse/personal_projects/sdcard_fatfs/Drivers/CMSIS/Device/ST/STM32L4xx/Include" -I"/Users/khoahuynh/Documents/Document/STM32L4R5ZIT6_NucleoL4R5ZI/Eclipse/personal_projects/sdcard_fatfs/Drivers/CMSIS/Include" -I"/Users/khoahuynh/Documents/Document/STM32L4R5ZIT6_NucleoL4R5ZI/Eclipse/personal_projects/sdcard_fatfs/Drivers/STM32L4xx_HAL_Driver/Inc" -I"/Users/khoahuynh/Documents/Document/STM32L4R5ZIT6_NucleoL4R5ZI/Eclipse/personal_projects/sdcard_fatfs/Drivers/STM32L4xx_HAL_Driver/Inc/Legacy" -I"/Users/khoahuynh/Documents/Document/STM32L4R5ZIT6_NucleoL4R5ZI/Eclipse/personal_projects/sdcard_fatfs/Inc" -std=gnu11 -MMD -MP -MF"Src/sd_diskio.d" -MT"Src/sd_diskio.o" -c -o "Src/sd_diskio.o" "../Src/sd_diskio.c"
Invoking: GNU ARM Cross C Compiler
arm-none-eabi-gcc -mcpu=cortex-m4 -mthumb -O0 -fmessage-length=0 -fsigned-char -ffunction-sections -fdata-sections -ffreestanding -fno-move-loop-invariants -Wall -Wextra  -g3 -DSTM32L4R5xx -DDEBUG -DTRACE -DOS_USE_TRACE_SEMIHOSTING_DEBUG -I/Users/khoahuynh/Documents/Document/STM32L4R5ZIT6_NucleoL4R5ZI/Eclipse/personal_projects/sdcard_fatfs/Middlewares/Third_Party/FatFs -I"/Users/khoahuynh/Documents/Document/STM32L4R5ZIT6_NucleoL4R5ZI/Eclipse/personal_projects/sdcard_fatfs/Drivers/CMSIS/Device/ST/STM32L4xx/Include" -I"/Users/khoahuynh/Documents/Document/STM32L4R5ZIT6_NucleoL4R5ZI/Eclipse/personal_projects/sdcard_fatfs/Drivers/CMSIS/Include" -I"/Users/khoahuynh/Documents/Document/STM32L4R5ZIT6_NucleoL4R5ZI/Eclipse/personal_projects/sdcard_fatfs/Drivers/STM32L4xx_HAL_Driver/Inc" -I"/Users/khoahuynh/Documents/Document/STM32L4R5ZIT6_NucleoL4R5ZI/Eclipse/personal_projects/sdcard_fatfs/Drivers/STM32L4xx_HAL_Driver/Inc/Legacy" -I"/Users/khoahuynh/Documents/Document/STM32L4R5ZIT6_NucleoL4R5ZI/Eclipse/personal_projects/sdcard_fatfs/Inc" -std=gnu11 -MMD -MP -MF"Src/stm32l4xx_hal_msp.d" -MT"Src/stm32l4xx_hal_msp.o" -c -o "Src/stm32l4xx_hal_msp.o" "../Src/stm32l4xx_hal_msp.c"
Building file: ../Src/stm32l4xx_it.c
Building file: ../Src/syscalls.c
Invoking: GNU ARM Cross C Compiler
Invoking: GNU ARM Cross C Compiler
arm-none-eabi-gcc -mcpu=cortex-m4 -mthumb -O0 -fmessage-length=0 -fsigned-char -ffunction-sections -fdata-sections -ffreestanding -fno-move-loop-invariants -Wall -Wextra  -g3 -DSTM32L4R5xx -DDEBUG -DTRACE -DOS_USE_TRACE_SEMIHOSTING_DEBUG -I/Users/khoahuynh/Documents/Document/STM32L4R5ZIT6_NucleoL4R5ZI/Eclipse/personal_projects/sdcard_fatfs/Middlewares/Third_Party/FatFs -I"/Users/khoahuynh/Documents/Document/STM32L4R5ZIT6_NucleoL4R5ZI/Eclipse/personal_projects/sdcard_fatfs/Drivers/CMSIS/Device/ST/STM32L4xx/Include" -I"/Users/khoahuynh/Documents/Document/STM32L4R5ZIT6_NucleoL4R5ZI/Eclipse/personal_projects/sdcard_fatfs/Drivers/CMSIS/Include" -I"/Users/khoahuynh/Documents/Document/STM32L4R5ZIT6_NucleoL4R5ZI/Eclipse/personal_projects/sdcard_fatfs/Drivers/STM32L4xx_HAL_Driver/Inc" -I"/Users/khoahuynh/Documents/Document/STM32L4R5ZIT6_NucleoL4R5ZI/Eclipse/personal_projects/sdcard_fatfs/Drivers/STM32L4xx_HAL_Driver/Inc/Legacy" -I"/Users/khoahuynh/Documents/Document/STM32L4R5ZIT6_NucleoL4R5ZI/Eclipse/personal_projects/sdcard_fatfs/Inc" -std=gnu11 -MMD -MP -MF"Src/syscalls.d" -MT"Src/syscalls.o" -c -o "Src/syscalls.o" "../Src/syscalls.c"
Building file: ../Src/system_stm32l4xx.c
Building file: ../Middlewares/Third_Party/FatFs/src/option/syscall.c
Invoking: GNU ARM Cross C Compiler
arm-none-eabi-gcc -mcpu=cortex-m4 -mthumb -O0 -fmessage-length=0 -fsigned-char -ffunction-sections -fdata-sections -ffreestanding -fno-move-loop-invariants -Wall -Wextra  -g3 -DSTM32L4R5xx -DDEBUG -DTRACE -DOS_USE_TRACE_SEMIHOSTING_DEBUG -I/Users/khoahuynh/Documents/Document/STM32L4R5ZIT6_NucleoL4R5ZI/Eclipse/personal_projects/sdcard_fatfs/Middlewares/Third_Party/FatFs -I"/Users/khoahuynh/Documents/Document/STM32L4R5ZIT6_NucleoL4R5ZI/Eclipse/personal_projects/sdcard_fatfs/Drivers/CMSIS/Device/ST/STM32L4xx/Include" -I"/Users/khoahuynh/Documents/Document/STM32L4R5ZIT6_NucleoL4R5ZI/Eclipse/personal_projects/sdcard_fatfs/Drivers/CMSIS/Include" -I"/Users/khoahuynh/Documents/Document/STM32L4R5ZIT6_NucleoL4R5ZI/Eclipse/personal_projects/sdcard_fatfs/Drivers/STM32L4xx_HAL_Driver/Inc" -I"/Users/khoahuynh/Documents/Document/STM32L4R5ZIT6_NucleoL4R5ZI/Eclipse/personal_projects/sdcard_fatfs/Drivers/STM32L4xx_HAL_Driver/Inc/Legacy" -I"/Users/khoahuynh/Documents/Document/STM32L4R5ZIT6_NucleoL4R5ZI/Eclipse/personal_projects/sdcard_fatfs/Inc" -std=gnu11 -MMD -MP -MF"Src/system_stm32l4xx.d" -MT"Src/system_stm32l4xx.o" -c -o "Src/system_stm32l4xx.o" "../Src/system_stm32l4xx.c"
Invoking: GNU ARM Cross C Compiler
arm-none-eabi-gcc -mcpu=cortex-m4 -mthumb -O0 -fmessage-length=0 -fsigned-char -ffunction-sections -fdata-sections -ffreestanding -fno-move-loop-invariants -Wall -Wextra  -g3 -DSTM32L4R5xx -DDEBUG -DTRACE -DOS_USE_TRACE_SEMIHOSTING_DEBUG -I/Users/khoahuynh/Documents/Document/STM32L4R5ZIT6_NucleoL4R5ZI/Eclipse/personal_projects/sdcard_fatfs/Middlewares/Third_Party/FatFs -I"/Users/khoahuynh/Documents/Document/STM32L4R5ZIT6_NucleoL4R5ZI/Eclipse/personal_projects/sdcard_fatfs/Drivers/CMSIS/Device/ST/STM32L4xx/Include" -I"/Users/khoahuynh/Documents/Document/STM32L4R5ZIT6_NucleoL4R5ZI/Eclipse/personal_projects/sdcard_fatfs/Drivers/CMSIS/Include" -I"/Users/khoahuynh/Documents/Document/STM32L4R5ZIT6_NucleoL4R5ZI/Eclipse/personal_projects/sdcard_fatfs/Drivers/STM32L4xx_HAL_Driver/Inc" -I"/Users/khoahuynh/Documents/Document/STM32L4R5ZIT6_NucleoL4R5ZI/Eclipse/personal_projects/sdcard_fatfs/Drivers/STM32L4xx_HAL_Driver/Inc/Legacy" -I"/Users/khoahuynh/Documents/Document/STM32L4R5ZIT6_NucleoL4R5ZI/Eclipse/personal_projects/sdcard_fatfs/Inc" -std=gnu11 -MMD -MP -MF"Middlewares/Third_Party/FatFs/src/option/syscall.d" -MT"Middlewares/Third_Party/FatFs/src/option/syscall.o" -c -o "Middlewares/Third_Party/FatFs/src/option/syscall.o" "../Middlewares/Third_Party/FatFs/src/option/syscall.c"
arm-none-eabi-gcc -mcpu=cortex-m4 -mthumb -O0 -fmessage-length=0 -fsigned-char -ffunction-sections -fdata-sections -ffreestanding -fno-move-loop-invariants -Wall -Wextra  -g3 -DSTM32L4R5xx -DDEBUG -DTRACE -DOS_USE_TRACE_SEMIHOSTING_DEBUG -I/Users/khoahuynh/Documents/Document/STM32L4R5ZIT6_NucleoL4R5ZI/Eclipse/personal_projects/sdcard_fatfs/Middlewares/Third_Party/FatFs -I"/Users/khoahuynh/Documents/Document/STM32L4R5ZIT6_NucleoL4R5ZI/Eclipse/personal_projects/sdcard_fatfs/Drivers/CMSIS/Device/ST/STM32L4xx/Include" -I"/Users/khoahuynh/Documents/Document/STM32L4R5ZIT6_NucleoL4R5ZI/Eclipse/personal_projects/sdcard_fatfs/Drivers/CMSIS/Include" -I"/Users/khoahuynh/Documents/Document/STM32L4R5ZIT6_NucleoL4R5ZI/Eclipse/personal_projects/sdcard_fatfs/Drivers/STM32L4xx_HAL_Driver/Inc" -I"/Users/khoahuynh/Documents/Document/STM32L4R5ZIT6_NucleoL4R5ZI/Eclipse/personal_projects/sdcard_fatfs/Drivers/STM32L4xx_HAL_Driver/Inc/Legacy" -I"/Users/khoahuynh/Documents/Document/STM32L4R5ZIT6_NucleoL4R5ZI/Eclipse/personal_projects/sdcard_fatfs/Inc" -std=gnu11 -MMD -MP -MF"Src/stm32l4xx_it.d" -MT"Src/stm32l4xx_it.o" -c -o "Src/stm32l4xx_it.o" "../Src/stm32l4xx_it.c"
In file included from ../Src/fatfs.c:19:
/Users/khoahuynh/Documents/Document/STM32L4R5ZIT6_NucleoL4R5ZI/Eclipse/personal_projects/sdcard_fatfs/Inc/fatfs.h:26:10: fatal error: ff.h: No such file or directory
   26 | #include "ff.h"
      |          ^~~~~~
compilation terminated.
make: *** [Src/fatfs.o] Error 1
make: *** Waiting for unfinished jobs....
../Src/sd_diskio.c:29:10: fatal error: ff_gen_drv.h: No such file or directory
   29 | #include "ff_gen_drv.h"
      |          ^~~~~~~~~~~~~~
compilation terminated.
make: *** [Src/sd_diskio.o] Error 1
Finished building: ../startup/startup_stm32l4r5xx.S
 
../Src/syscalls.c: In function '_kill':
../Src/syscalls.c:82:15: warning: unused parameter 'pid' [-Wunused-parameter]
   82 | int _kill(int pid, int sig)
      |           ~~~~^~~
../Src/syscalls.c:82:24: warning: unused parameter 'sig' [-Wunused-parameter]
   82 | int _kill(int pid, int sig)
      |                    ~~~~^~~
../Src/syscalls.c: In function '_read':
../Src/syscalls.c:94:37: warning: unused parameter 'file' [-Wunused-parameter]
   94 | __attribute__((weak)) int _read(int file, char *ptr, int len)
      |                                 ~~~~^~~~
../Src/syscalls.c: In function '_write':
../Src/syscalls.c:106:38: warning: unused parameter 'file' [-Wunused-parameter]
  106 | __attribute__((weak)) int _write(int file, char *ptr, int len)
      |                                  ~~~~^~~~
../Src/syscalls.c: In function '_close':
../Src/syscalls.c:140:16: warning: unused parameter 'file' [-Wunused-parameter]
  140 | int _close(int file)
      |            ~~~~^~~~
../Src/syscalls.c: In function '_fstat':
../Src/syscalls.c:146:16: warning: unused parameter 'file' [-Wunused-parameter]
  146 | int _fstat(int file, struct stat *st)
      |            ~~~~^~~~
../Src/syscalls.c: In function '_isatty':
../Src/syscalls.c:152:17: warning: unused parameter 'file' [-Wunused-parameter]
  152 | int _isatty(int file)
      |             ~~~~^~~~
../Src/syscalls.c: In function '_lseek':
../Src/syscalls.c:157:16: warning: unused parameter 'file' [-Wunused-parameter]
  157 | int _lseek(int file, int ptr, int dir)
      |            ~~~~^~~~
../Src/syscalls.c:157:26: warning: unused parameter 'ptr' [-Wunused-parameter]
  157 | int _lseek(int file, int ptr, int dir)
      |                      ~~~~^~~
../Src/syscalls.c:157:35: warning: unused parameter 'dir' [-Wunused-parameter]
  157 | int _lseek(int file, int ptr, int dir)
      |                               ~~~~^~~
../Src/syscalls.c: In function '_open':
../Src/syscalls.c:162:17: warning: unused parameter 'path' [-Wunused-parameter]
  162 | int _open(char *path, int flags, ...)
      |           ~~~~~~^~~~
../Src/syscalls.c:162:27: warning: unused parameter 'flags' [-Wunused-parameter]
  162 | int _open(char *path, int flags, ...)
      |                       ~~~~^~~~~
../Src/syscalls.c: In function '_wait':
../Src/syscalls.c:168:16: warning: unused parameter 'status' [-Wunused-parameter]
  168 | int _wait(int *status)
      |           ~~~~~^~~~~~
../Src/syscalls.c: In function '_unlink':
../Src/syscalls.c:174:19: warning: unused parameter 'name' [-Wunused-parameter]
  174 | int _unlink(char *name)
      |             ~~~~~~^~~~
../Src/syscalls.c: In function '_times':
../Src/syscalls.c:180:24: warning: unused parameter 'buf' [-Wunused-parameter]
  180 | int _times(struct tms *buf)
      |            ~~~~~~~~~~~~^~~
../Src/syscalls.c: In function '_stat':
../Src/syscalls.c:185:17: warning: unused parameter 'file' [-Wunused-parameter]
  185 | int _stat(char *file, struct stat *st)
      |           ~~~~~~^~~~
../Src/syscalls.c: In function '_link':
../Src/syscalls.c:191:17: warning: unused parameter 'old' [-Wunused-parameter]
  191 | int _link(char *old, char *new)
      |           ~~~~~~^~~
../Src/syscalls.c:191:28: warning: unused parameter 'new' [-Wunused-parameter]
  191 | int _link(char *old, char *new)
      |                      ~~~~~~^~~
../Src/syscalls.c: In function '_execve':
../Src/syscalls.c:203:19: warning: unused parameter 'name' [-Wunused-parameter]
  203 | int _execve(char *name, char **argv, char **env)
      |             ~~~~~~^~~~
../Src/syscalls.c:203:32: warning: unused parameter 'argv' [-Wunused-parameter]
  203 | int _execve(char *name, char **argv, char **env)
      |                         ~~~~~~~^~~~
../Src/syscalls.c:203:45: warning: unused parameter 'env' [-Wunused-parameter]
  203 | int _execve(char *name, char **argv, char **env)
      |                                      ~~~~~~~^~~
../Src/bsp_driver_sd.c: In function 'HAL_SD_AbortCallback':
../Src/bsp_driver_sd.c:229:45: warning: unused parameter 'hsd' [-Wunused-parameter]
  229 | void HAL_SD_AbortCallback(SD_HandleTypeDef *hsd)
      |                           ~~~~~~~~~~~~~~~~~~^~~
../Src/bsp_driver_sd.c: In function 'HAL_SD_TxCpltCallback':
../Src/bsp_driver_sd.c:239:46: warning: unused parameter 'hsd' [-Wunused-parameter]
  239 | void HAL_SD_TxCpltCallback(SD_HandleTypeDef *hsd)
      |                            ~~~~~~~~~~~~~~~~~~^~~
../Src/bsp_driver_sd.c: In function 'HAL_SD_RxCpltCallback':
../Src/bsp_driver_sd.c:249:46: warning: unused parameter 'hsd' [-Wunused-parameter]
  249 | void HAL_SD_RxCpltCallback(SD_HandleTypeDef *hsd)
      |                            ~~~~~~~~~~~~~~~~~~^~~
In file included from ../Src/main.c:23:
/Users/khoahuynh/Documents/Document/STM32L4R5ZIT6_NucleoL4R5ZI/Eclipse/personal_projects/sdcard_fatfs/Inc/fatfs.h:26:10: fatal error: ff.h: No such file or directory
   26 | #include "ff.h"
      |          ^~~~~~
compilation terminated.
make: *** [Src/main.o] Error 1
Finished building: ../Src/syscalls.c
 
Finished building: ../Src/system_stm32l4xx.c
 
Finished building: ../Src/fatfs_platform.c
 
Finished building: ../Src/bsp_driver_sd.c
 
Finished building: ../Src/stm32l4xx_it.c
Finished building: ../Src/stm32l4xx_hal_msp.c
 
 
Finished building: ../Middlewares/Third_Party/FatFs/src/option/syscall.c
 
"make -j11 all" terminated with exit code 2. Build might be incomplete.
22:01:14 **** Incremental Build of configuration Debug for project sdcard_fatfs ****
make -j11 all 
Building file: ../Src/fatfs.c
Building file: ../Src/main.c
Building file: ../Src/sd_diskio.c
Invoking: GNU ARM Cross C Compiler
Invoking: GNU ARM Cross C Compiler
arm-none-eabi-gcc -mcpu=cortex-m4 -mthumb -O0 -fmessage-length=0 -fsigned-char -ffunction-sections -fdata-sections -ffreestanding -fno-move-loop-invariants -Wall -Wextra  -g3 -DSTM32L4R5xx -DDEBUG -DTRACE -DOS_USE_TRACE_SEMIHOSTING_DEBUG -I/Users/khoahuynh/Documents/Document/STM32L4R5ZIT6_NucleoL4R5ZI/Eclipse/personal_projects/sdcard_fatfs/Middlewares/Third_Party/FatFs/src -I"/Users/khoahuynh/Documents/Document/STM32L4R5ZIT6_NucleoL4R5ZI/Eclipse/personal_projects/sdcard_fatfs/Drivers/CMSIS/Device/ST/STM32L4xx/Include" -I"/Users/khoahuynh/Documents/Document/STM32L4R5ZIT6_NucleoL4R5ZI/Eclipse/personal_projects/sdcard_fatfs/Drivers/CMSIS/Include" -I"/Users/khoahuynh/Documents/Document/STM32L4R5ZIT6_NucleoL4R5ZI/Eclipse/personal_projects/sdcard_fatfs/Drivers/STM32L4xx_HAL_Driver/Inc" -I"/Users/khoahuynh/Documents/Document/STM32L4R5ZIT6_NucleoL4R5ZI/Eclipse/personal_projects/sdcard_fatfs/Drivers/STM32L4xx_HAL_Driver/Inc/Legacy" -I"/Users/khoahuynh/Documents/Document/STM32L4R5ZIT6_NucleoL4R5ZI/Eclipse/personal_projects/sdcard_fatfs/Inc" -std=gnu11 -MMD -MP -MF"Src/main.d" -MT"Src/main.o" -c -o "Src/main.o" "../Src/main.c"
Invoking: GNU ARM Cross C Compiler
arm-none-eabi-gcc -mcpu=cortex-m4 -mthumb -O0 -fmessage-length=0 -fsigned-char -ffunction-sections -fdata-sections -ffreestanding -fno-move-loop-invariants -Wall -Wextra  -g3 -DSTM32L4R5xx -DDEBUG -DTRACE -DOS_USE_TRACE_SEMIHOSTING_DEBUG -I/Users/khoahuynh/Documents/Document/STM32L4R5ZIT6_NucleoL4R5ZI/Eclipse/personal_projects/sdcard_fatfs/Middlewares/Third_Party/FatFs/src -I"/Users/khoahuynh/Documents/Document/STM32L4R5ZIT6_NucleoL4R5ZI/Eclipse/personal_projects/sdcard_fatfs/Drivers/CMSIS/Device/ST/STM32L4xx/Include" -I"/Users/khoahuynh/Documents/Document/STM32L4R5ZIT6_NucleoL4R5ZI/Eclipse/personal_projects/sdcard_fatfs/Drivers/CMSIS/Include" -I"/Users/khoahuynh/Documents/Document/STM32L4R5ZIT6_NucleoL4R5ZI/Eclipse/personal_projects/sdcard_fatfs/Drivers/STM32L4xx_HAL_Driver/Inc" -I"/Users/khoahuynh/Documents/Document/STM32L4R5ZIT6_NucleoL4R5ZI/Eclipse/personal_projects/sdcard_fatfs/Drivers/STM32L4xx_HAL_Driver/Inc/Legacy" -I"/Users/khoahuynh/Documents/Document/STM32L4R5ZIT6_NucleoL4R5ZI/Eclipse/personal_projects/sdcard_fatfs/Inc" -std=gnu11 -MMD -MP -MF"Src/sd_diskio.d" -MT"Src/sd_diskio.o" -c -o "Src/sd_diskio.o" "../Src/sd_diskio.c"
arm-none-eabi-gcc -mcpu=cortex-m4 -mthumb -O0 -fmessage-length=0 -fsigned-char -ffunction-sections -fdata-sections -ffreestanding -fno-move-loop-invariants -Wall -Wextra  -g3 -DSTM32L4R5xx -DDEBUG -DTRACE -DOS_USE_TRACE_SEMIHOSTING_DEBUG -I/Users/khoahuynh/Documents/Document/STM32L4R5ZIT6_NucleoL4R5ZI/Eclipse/personal_projects/sdcard_fatfs/Middlewares/Third_Party/FatFs/src -I"/Users/khoahuynh/Documents/Document/STM32L4R5ZIT6_NucleoL4R5ZI/Eclipse/personal_projects/sdcard_fatfs/Drivers/CMSIS/Device/ST/STM32L4xx/Include" -I"/Users/khoahuynh/Documents/Document/STM32L4R5ZIT6_NucleoL4R5ZI/Eclipse/personal_projects/sdcard_fatfs/Drivers/CMSIS/Include" -I"/Users/khoahuynh/Documents/Document/STM32L4R5ZIT6_NucleoL4R5ZI/Eclipse/personal_projects/sdcard_fatfs/Drivers/STM32L4xx_HAL_Driver/Inc" -I"/Users/khoahuynh/Documents/Document/STM32L4R5ZIT6_NucleoL4R5ZI/Eclipse/personal_projects/sdcard_fatfs/Drivers/STM32L4xx_HAL_Driver/Inc/Legacy" -I"/Users/khoahuynh/Documents/Document/STM32L4R5ZIT6_NucleoL4R5ZI/Eclipse/personal_projects/sdcard_fatfs/Inc" -std=gnu11 -MMD -MP -MF"Src/fatfs.d" -MT"Src/fatfs.o" -c -o "Src/fatfs.o" "../Src/fatfs.c"
Building file: ../Middlewares/Third_Party/FatFs/src/diskio.c
Building file: ../Middlewares/Third_Party/FatFs/src/ff.c
Invoking: GNU ARM Cross C Compiler
Invoking: GNU ARM Cross C Compiler
arm-none-eabi-gcc -mcpu=cortex-m4 -mthumb -O0 -fmessage-length=0 -fsigned-char -ffunction-sections -fdata-sections -ffreestanding -fno-move-loop-invariants -Wall -Wextra  -g3 -DSTM32L4R5xx -DDEBUG -DTRACE -DOS_USE_TRACE_SEMIHOSTING_DEBUG -I/Users/khoahuynh/Documents/Document/STM32L4R5ZIT6_NucleoL4R5ZI/Eclipse/personal_projects/sdcard_fatfs/Middlewares/Third_Party/FatFs/src -I"/Users/khoahuynh/Documents/Document/STM32L4R5ZIT6_NucleoL4R5ZI/Eclipse/personal_projects/sdcard_fatfs/Drivers/CMSIS/Device/ST/STM32L4xx/Include" -I"/Users/khoahuynh/Documents/Document/STM32L4R5ZIT6_NucleoL4R5ZI/Eclipse/personal_projects/sdcard_fatfs/Drivers/CMSIS/Include" -I"/Users/khoahuynh/Documents/Document/STM32L4R5ZIT6_NucleoL4R5ZI/Eclipse/personal_projects/sdcard_fatfs/Drivers/STM32L4xx_HAL_Driver/Inc" -I"/Users/khoahuynh/Documents/Document/STM32L4R5ZIT6_NucleoL4R5ZI/Eclipse/personal_projects/sdcard_fatfs/Drivers/STM32L4xx_HAL_Driver/Inc/Legacy" -I"/Users/khoahuynh/Documents/Document/STM32L4R5ZIT6_NucleoL4R5ZI/Eclipse/personal_projects/sdcard_fatfs/Inc" -std=gnu11 -MMD -MP -MF"Middlewares/Third_Party/FatFs/src/diskio.d" -MT"Middlewares/Third_Party/FatFs/src/diskio.o" -c -o "Middlewares/Third_Party/FatFs/src/diskio.o" "../Middlewares/Third_Party/FatFs/src/diskio.c"
arm-none-eabi-gcc -mcpu=cortex-m4 -mthumb -O0 -fmessage-length=0 -fsigned-char -ffunction-sections -fdata-sections -ffreestanding -fno-move-loop-invariants -Wall -Wextra  -g3 -DSTM32L4R5xx -DDEBUG -DTRACE -DOS_USE_TRACE_SEMIHOSTING_DEBUG -I/Users/khoahuynh/Documents/Document/STM32L4R5ZIT6_NucleoL4R5ZI/Eclipse/personal_projects/sdcard_fatfs/Middlewares/Third_Party/FatFs/src -I"/Users/khoahuynh/Documents/Document/STM32L4R5ZIT6_NucleoL4R5ZI/Eclipse/personal_projects/sdcard_fatfs/Drivers/CMSIS/Device/ST/STM32L4xx/Include" -I"/Users/khoahuynh/Documents/Document/STM32L4R5ZIT6_NucleoL4R5ZI/Eclipse/personal_projects/sdcard_fatfs/Drivers/CMSIS/Include" -I"/Users/khoahuynh/Documents/Document/STM32L4R5ZIT6_NucleoL4R5ZI/Eclipse/personal_projects/sdcard_fatfs/Drivers/STM32L4xx_HAL_Driver/Inc" -I"/Users/khoahuynh/Documents/Document/STM32L4R5ZIT6_NucleoL4R5ZI/Eclipse/personal_projects/sdcard_fatfs/Drivers/STM32L4xx_HAL_Driver/Inc/Legacy" -I"/Users/khoahuynh/Documents/Document/STM32L4R5ZIT6_NucleoL4R5ZI/Eclipse/personal_projects/sdcard_fatfs/Inc" -std=gnu11 -MMD -MP -MF"Middlewares/Third_Party/FatFs/src/ff.d" -MT"Middlewares/Third_Party/FatFs/src/ff.o" -c -o "Middlewares/Third_Party/FatFs/src/ff.o" "../Middlewares/Third_Party/FatFs/src/ff.c"
Building file: ../Middlewares/Third_Party/FatFs/src/ff_gen_drv.c
Building file: ../Drivers/STM32L4xx_HAL_Driver/Src/stm32l4xx_hal.c
Invoking: GNU ARM Cross C Compiler
arm-none-eabi-gcc -mcpu=cortex-m4 -mthumb -O0 -fmessage-length=0 -fsigned-char -ffunction-sections -fdata-sections -ffreestanding -fno-move-loop-invariants -Wall -Wextra  -g3 -DSTM32L4R5xx -DDEBUG -DTRACE -DOS_USE_TRACE_SEMIHOSTING_DEBUG -I/Users/khoahuynh/Documents/Document/STM32L4R5ZIT6_NucleoL4R5ZI/Eclipse/personal_projects/sdcard_fatfs/Middlewares/Third_Party/FatFs/src -I"/Users/khoahuynh/Documents/Document/STM32L4R5ZIT6_NucleoL4R5ZI/Eclipse/personal_projects/sdcard_fatfs/Drivers/CMSIS/Device/ST/STM32L4xx/Include" -I"/Users/khoahuynh/Documents/Document/STM32L4R5ZIT6_NucleoL4R5ZI/Eclipse/personal_projects/sdcard_fatfs/Drivers/CMSIS/Include" -I"/Users/khoahuynh/Documents/Document/STM32L4R5ZIT6_NucleoL4R5ZI/Eclipse/personal_projects/sdcard_fatfs/Drivers/STM32L4xx_HAL_Driver/Inc" -I"/Users/khoahuynh/Documents/Document/STM32L4R5ZIT6_NucleoL4R5ZI/Eclipse/personal_projects/sdcard_fatfs/Drivers/STM32L4xx_HAL_Driver/Inc/Legacy" -I"/Users/khoahuynh/Documents/Document/STM32L4R5ZIT6_NucleoL4R5ZI/Eclipse/personal_projects/sdcard_fatfs/Inc" -std=gnu11 -MMD -MP -MF"Middlewares/Third_Party/FatFs/src/ff_gen_drv.d" -MT"Middlewares/Third_Party/FatFs/src/ff_gen_drv.o" -c -o "Middlewares/Third_Party/FatFs/src/ff_gen_drv.o" "../Middlewares/Third_Party/FatFs/src/ff_gen_drv.c"
Invoking: GNU ARM Cross C Compiler
arm-none-eabi-gcc -mcpu=cortex-m4 -mthumb -O0 -fmessage-length=0 -fsigned-char -ffunction-sections -fdata-sections -ffreestanding -fno-move-loop-invariants -Wall -Wextra  -g3 -DSTM32L4R5xx -DDEBUG -DTRACE -DOS_USE_TRACE_SEMIHOSTING_DEBUG -I/Users/khoahuynh/Documents/Document/STM32L4R5ZIT6_NucleoL4R5ZI/Eclipse/personal_projects/sdcard_fatfs/Middlewares/Third_Party/FatFs/src -I"/Users/khoahuynh/Documents/Document/STM32L4R5ZIT6_NucleoL4R5ZI/Eclipse/personal_projects/sdcard_fatfs/Drivers/CMSIS/Device/ST/STM32L4xx/Include" -I"/Users/khoahuynh/Documents/Document/STM32L4R5ZIT6_NucleoL4R5ZI/Eclipse/personal_projects/sdcard_fatfs/Drivers/CMSIS/Include" -I"/Users/khoahuynh/Documents/Document/STM32L4R5ZIT6_NucleoL4R5ZI/Eclipse/personal_projects/sdcard_fatfs/Drivers/STM32L4xx_HAL_Driver/Inc" -I"/Users/khoahuynh/Documents/Document/STM32L4R5ZIT6_NucleoL4R5ZI/Eclipse/personal_projects/sdcard_fatfs/Drivers/STM32L4xx_HAL_Driver/Inc/Legacy" -I"/Users/khoahuynh/Documents/Document/STM32L4R5ZIT6_NucleoL4R5ZI/Eclipse/personal_projects/sdcard_fatfs/Inc" -std=gnu11 -MMD -MP -MF"Drivers/STM32L4xx_HAL_Driver/Src/stm32l4xx_hal.d" -MT"Drivers/STM32L4xx_HAL_Driver/Src/stm32l4xx_hal.o" -c -o "Drivers/STM32L4xx_HAL_Driver/Src/stm32l4xx_hal.o" "../Drivers/STM32L4xx_HAL_Driver/Src/stm32l4xx_hal.c"
Building file: ../Drivers/STM32L4xx_HAL_Driver/Src/stm32l4xx_hal_cortex.c
Building file: ../Drivers/STM32L4xx_HAL_Driver/Src/stm32l4xx_hal_dma.c
Invoking: GNU ARM Cross C Compiler
Building file: ../Drivers/STM32L4xx_HAL_Driver/Src/stm32l4xx_hal_dma_ex.c
arm-none-eabi-gcc -mcpu=cortex-m4 -mthumb -O0 -fmessage-length=0 -fsigned-char -ffunction-sections -fdata-sections -ffreestanding -fno-move-loop-invariants -Wall -Wextra  -g3 -DSTM32L4R5xx -DDEBUG -DTRACE -DOS_USE_TRACE_SEMIHOSTING_DEBUG -I/Users/khoahuynh/Documents/Document/STM32L4R5ZIT6_NucleoL4R5ZI/Eclipse/personal_projects/sdcard_fatfs/Middlewares/Third_Party/FatFs/src -I"/Users/khoahuynh/Documents/Document/STM32L4R5ZIT6_NucleoL4R5ZI/Eclipse/personal_projects/sdcard_fatfs/Drivers/CMSIS/Device/ST/STM32L4xx/Include" -I"/Users/khoahuynh/Documents/Document/STM32L4R5ZIT6_NucleoL4R5ZI/Eclipse/personal_projects/sdcard_fatfs/Drivers/CMSIS/Include" -I"/Users/khoahuynh/Documents/Document/STM32L4R5ZIT6_NucleoL4R5ZI/Eclipse/personal_projects/sdcard_fatfs/Drivers/STM32L4xx_HAL_Driver/Inc" -I"/Users/khoahuynh/Documents/Document/STM32L4R5ZIT6_NucleoL4R5ZI/Eclipse/personal_projects/sdcard_fatfs/Drivers/STM32L4xx_HAL_Driver/Inc/Legacy" -I"/Users/khoahuynh/Documents/Document/STM32L4R5ZIT6_NucleoL4R5ZI/Eclipse/personal_projects/sdcard_fatfs/Inc" -std=gnu11 -MMD -MP -MF"Drivers/STM32L4xx_HAL_Driver/Src/stm32l4xx_hal_cortex.d" -MT"Drivers/STM32L4xx_HAL_Driver/Src/stm32l4xx_hal_cortex.o" -c -o "Drivers/STM32L4xx_HAL_Driver/Src/stm32l4xx_hal_cortex.o" "../Drivers/STM32L4xx_HAL_Driver/Src/stm32l4xx_hal_cortex.c"
Invoking: GNU ARM Cross C Compiler
Invoking: GNU ARM Cross C Compiler
arm-none-eabi-gcc -mcpu=cortex-m4 -mthumb -O0 -fmessage-length=0 -fsigned-char -ffunction-sections -fdata-sections -ffreestanding -fno-move-loop-invariants -Wall -Wextra  -g3 -DSTM32L4R5xx -DDEBUG -DTRACE -DOS_USE_TRACE_SEMIHOSTING_DEBUG -I/Users/khoahuynh/Documents/Document/STM32L4R5ZIT6_NucleoL4R5ZI/Eclipse/personal_projects/sdcard_fatfs/Middlewares/Third_Party/FatFs/src -I"/Users/khoahuynh/Documents/Document/STM32L4R5ZIT6_NucleoL4R5ZI/Eclipse/personal_projects/sdcard_fatfs/Drivers/CMSIS/Device/ST/STM32L4xx/Include" -I"/Users/khoahuynh/Documents/Document/STM32L4R5ZIT6_NucleoL4R5ZI/Eclipse/personal_projects/sdcard_fatfs/Drivers/CMSIS/Include" -I"/Users/khoahuynh/Documents/Document/STM32L4R5ZIT6_NucleoL4R5ZI/Eclipse/personal_projects/sdcard_fatfs/Drivers/STM32L4xx_HAL_Driver/Inc" -I"/Users/khoahuynh/Documents/Document/STM32L4R5ZIT6_NucleoL4R5ZI/Eclipse/personal_projects/sdcard_fatfs/Drivers/STM32L4xx_HAL_Driver/Inc/Legacy" -I"/Users/khoahuynh/Documents/Document/STM32L4R5ZIT6_NucleoL4R5ZI/Eclipse/personal_projects/sdcard_fatfs/Inc" -std=gnu11 -MMD -MP -MF"Drivers/STM32L4xx_HAL_Driver/Src/stm32l4xx_hal_dma.d" -MT"Drivers/STM32L4xx_HAL_Driver/Src/stm32l4xx_hal_dma.o" -c -o "Drivers/STM32L4xx_HAL_Driver/Src/stm32l4xx_hal_dma.o" "../Drivers/STM32L4xx_HAL_Driver/Src/stm32l4xx_hal_dma.c"
arm-none-eabi-gcc -mcpu=cortex-m4 -mthumb -O0 -fmessage-length=0 -fsigned-char -ffunction-sections -fdata-sections -ffreestanding -fno-move-loop-invariants -Wall -Wextra  -g3 -DSTM32L4R5xx -DDEBUG -DTRACE -DOS_USE_TRACE_SEMIHOSTING_DEBUG -I/Users/khoahuynh/Documents/Document/STM32L4R5ZIT6_NucleoL4R5ZI/Eclipse/personal_projects/sdcard_fatfs/Middlewares/Third_Party/FatFs/src -I"/Users/khoahuynh/Documents/Document/STM32L4R5ZIT6_NucleoL4R5ZI/Eclipse/personal_projects/sdcard_fatfs/Drivers/CMSIS/Device/ST/STM32L4xx/Include" -I"/Users/khoahuynh/Documents/Document/STM32L4R5ZIT6_NucleoL4R5ZI/Eclipse/personal_projects/sdcard_fatfs/Drivers/CMSIS/Include" -I"/Users/khoahuynh/Documents/Document/STM32L4R5ZIT6_NucleoL4R5ZI/Eclipse/personal_projects/sdcard_fatfs/Drivers/STM32L4xx_HAL_Driver/Inc" -I"/Users/khoahuynh/Documents/Document/STM32L4R5ZIT6_NucleoL4R5ZI/Eclipse/personal_projects/sdcard_fatfs/Drivers/STM32L4xx_HAL_Driver/Inc/Legacy" -I"/Users/khoahuynh/Documents/Document/STM32L4R5ZIT6_NucleoL4R5ZI/Eclipse/personal_projects/sdcard_fatfs/Inc" -std=gnu11 -MMD -MP -MF"Drivers/STM32L4xx_HAL_Driver/Src/stm32l4xx_hal_dma_ex.d" -MT"Drivers/STM32L4xx_HAL_Driver/Src/stm32l4xx_hal_dma_ex.o" -c -o "Drivers/STM32L4xx_HAL_Driver/Src/stm32l4xx_hal_dma_ex.o" "../Drivers/STM32L4xx_HAL_Driver/Src/stm32l4xx_hal_dma_ex.c"
Building file: ../Drivers/STM32L4xx_HAL_Driver/Src/stm32l4xx_hal_exti.c
Invoking: GNU ARM Cross C Compiler
arm-none-eabi-gcc -mcpu=cortex-m4 -mthumb -O0 -fmessage-length=0 -fsigned-char -ffunction-sections -fdata-sections -ffreestanding -fno-move-loop-invariants -Wall -Wextra  -g3 -DSTM32L4R5xx -DDEBUG -DTRACE -DOS_USE_TRACE_SEMIHOSTING_DEBUG -I/Users/khoahuynh/Documents/Document/STM32L4R5ZIT6_NucleoL4R5ZI/Eclipse/personal_projects/sdcard_fatfs/Middlewares/Third_Party/FatFs/src -I"/Users/khoahuynh/Documents/Document/STM32L4R5ZIT6_NucleoL4R5ZI/Eclipse/personal_projects/sdcard_fatfs/Drivers/CMSIS/Device/ST/STM32L4xx/Include" -I"/Users/khoahuynh/Documents/Document/STM32L4R5ZIT6_NucleoL4R5ZI/Eclipse/personal_projects/sdcard_fatfs/Drivers/CMSIS/Include" -I"/Users/khoahuynh/Documents/Document/STM32L4R5ZIT6_NucleoL4R5ZI/Eclipse/personal_projects/sdcard_fatfs/Drivers/STM32L4xx_HAL_Driver/Inc" -I"/Users/khoahuynh/Documents/Document/STM32L4R5ZIT6_NucleoL4R5ZI/Eclipse/personal_projects/sdcard_fatfs/Drivers/STM32L4xx_HAL_Driver/Inc/Legacy" -I"/Users/khoahuynh/Documents/Document/STM32L4R5ZIT6_NucleoL4R5ZI/Eclipse/personal_projects/sdcard_fatfs/Inc" -std=gnu11 -MMD -MP -MF"Drivers/STM32L4xx_HAL_Driver/Src/stm32l4xx_hal_exti.d" -MT"Drivers/STM32L4xx_HAL_Driver/Src/stm32l4xx_hal_exti.o" -c -o "Drivers/STM32L4xx_HAL_Driver/Src/stm32l4xx_hal_exti.o" "../Drivers/STM32L4xx_HAL_Driver/Src/stm32l4xx_hal_exti.c"
../Src/main.c: In function 'main':
../Src/main.c:110:23: warning: pointer targets in passing argument 2 of 'f_open' differ in signedness [-Wpointer-sign]
  110 |       f_open(&myFILE, myPath, FA_WRITE | FA_CREATE_ALWAYS);
      |                       ^~~~~~
      |                       |
      |                       uint8_t * {aka unsigned char *}
In file included from /Users/khoahuynh/Documents/Document/STM32L4R5ZIT6_NucleoL4R5ZI/Eclipse/personal_projects/sdcard_fatfs/Inc/fatfs.h:26,
                 from ../Src/main.c:23:
/Users/khoahuynh/Documents/Document/STM32L4R5ZIT6_NucleoL4R5ZI/Eclipse/personal_projects/sdcard_fatfs/Middlewares/Third_Party/FatFs/src/ff.h:242:39: note: expected 'const TCHAR *' {aka 'const char *'} but argument is of type 'uint8_t *' {aka 'unsigned char *'}
  242 | FRESULT f_open (FIL* fp, const TCHAR* path, BYTE mode);    /* Open or create a file */
      |                          ~~~~~~~~~~~~~^~~~
../Src/sd_diskio.c: In function 'SD_CheckStatus':
../Src/sd_diskio.c:91:36: warning: unused parameter 'lun' [-Wunused-parameter]
   91 | static DSTATUS SD_CheckStatus(BYTE lun)
      |                               ~~~~~^~~
../Src/sd_diskio.c: In function 'SD_read':
../Src/sd_diskio.c:148:22: warning: unused parameter 'lun' [-Wunused-parameter]
  148 | DRESULT SD_read(BYTE lun, BYTE *buff, DWORD sector, UINT count)
      |                 ~~~~~^~~
../Src/sd_diskio.c: In function 'SD_write':
../Src/sd_diskio.c:179:23: warning: unused parameter 'lun' [-Wunused-parameter]
  179 | DRESULT SD_write(BYTE lun, const BYTE *buff, DWORD sector, UINT count)
      |                  ~~~~~^~~
../Src/sd_diskio.c: In function 'SD_ioctl':
../Src/sd_diskio.c:209:23: warning: unused parameter 'lun' [-Wunused-parameter]
  209 | DRESULT SD_ioctl(BYTE lun, BYTE cmd, void *buff)
      |                  ~~~~~^~~
../Middlewares/Third_Party/FatFs/src/ff_gen_drv.c: In function 'FATFS_UnLinkDriverEx':
../Middlewares/Third_Party/FatFs/src/ff_gen_drv.c:80:50: warning: unused parameter 'lun' [-Wunused-parameter]
   80 | uint8_t FATFS_UnLinkDriverEx(char *path, uint8_t lun)
      |                                          ~~~~~~~~^~~
../Drivers/STM32L4xx_HAL_Driver/Src/stm32l4xx_hal_exti.c: In function 'HAL_EXTI_GetPending':
../Drivers/STM32L4xx_HAL_Driver/Src/stm32l4xx_hal_exti.c:543:66: warning: unused parameter 'Edge' [-Wunused-parameter]
  543 | uint32_t HAL_EXTI_GetPending(EXTI_HandleTypeDef *hexti, uint32_t Edge)
      |                                                         ~~~~~~~~~^~~~
../Drivers/STM32L4xx_HAL_Driver/Src/stm32l4xx_hal_exti.c: In function 'HAL_EXTI_ClearPending':
../Drivers/STM32L4xx_HAL_Driver/Src/stm32l4xx_hal_exti.c:579:64: warning: unused parameter 'Edge' [-Wunused-parameter]
  579 | void HAL_EXTI_ClearPending(EXTI_HandleTypeDef *hexti, uint32_t Edge)
      |                                                       ~~~~~~~~~^~~~
Finished building: ../Drivers/STM32L4xx_HAL_Driver/Src/stm32l4xx_hal_dma_ex.c
 
Building file: ../Drivers/STM32L4xx_HAL_Driver/Src/stm32l4xx_hal_flash.c
Invoking: GNU ARM Cross C Compiler
arm-none-eabi-gcc -mcpu=cortex-m4 -mthumb -O0 -fmessage-length=0 -fsigned-char -ffunction-sections -fdata-sections -ffreestanding -fno-move-loop-invariants -Wall -Wextra  -g3 -DSTM32L4R5xx -DDEBUG -DTRACE -DOS_USE_TRACE_SEMIHOSTING_DEBUG -I/Users/khoahuynh/Documents/Document/STM32L4R5ZIT6_NucleoL4R5ZI/Eclipse/personal_projects/sdcard_fatfs/Middlewares/Third_Party/FatFs/src -I"/Users/khoahuynh/Documents/Document/STM32L4R5ZIT6_NucleoL4R5ZI/Eclipse/personal_projects/sdcard_fatfs/Drivers/CMSIS/Device/ST/STM32L4xx/Include" -I"/Users/khoahuynh/Documents/Document/STM32L4R5ZIT6_NucleoL4R5ZI/Eclipse/personal_projects/sdcard_fatfs/Drivers/CMSIS/Include" -I"/Users/khoahuynh/Documents/Document/STM32L4R5ZIT6_NucleoL4R5ZI/Eclipse/personal_projects/sdcard_fatfs/Drivers/STM32L4xx_HAL_Driver/Inc" -I"/Users/khoahuynh/Documents/Document/STM32L4R5ZIT6_NucleoL4R5ZI/Eclipse/personal_projects/sdcard_fatfs/Drivers/STM32L4xx_HAL_Driver/Inc/Legacy" -I"/Users/khoahuynh/Documents/Document/STM32L4R5ZIT6_NucleoL4R5ZI/Eclipse/personal_projects/sdcard_fatfs/Inc" -std=gnu11 -MMD -MP -MF"Drivers/STM32L4xx_HAL_Driver/Src/stm32l4xx_hal_flash.d" -MT"Drivers/STM32L4xx_HAL_Driver/Src/stm32l4xx_hal_flash.o" -c -o "Drivers/STM32L4xx_HAL_Driver/Src/stm32l4xx_hal_flash.o" "../Drivers/STM32L4xx_HAL_Driver/Src/stm32l4xx_hal_flash.c"
Finished building: ../Middlewares/Third_Party/FatFs/src/diskio.c
Finished building: ../Drivers/STM32L4xx_HAL_Driver/Src/stm32l4xx_hal_cortex.c
 
 
Building file: ../Drivers/STM32L4xx_HAL_Driver/Src/stm32l4xx_hal_flash_ex.c
Building file: ../Drivers/STM32L4xx_HAL_Driver/Src/stm32l4xx_hal_flash_ramfunc.c
Invoking: GNU ARM Cross C Compiler
arm-none-eabi-gcc -mcpu=cortex-m4 -mthumb -O0 -fmessage-length=0 -fsigned-char -ffunction-sections -fdata-sections -ffreestanding -fno-move-loop-invariants -Wall -Wextra  -g3 -DSTM32L4R5xx -DDEBUG -DTRACE -DOS_USE_TRACE_SEMIHOSTING_DEBUG -I/Users/khoahuynh/Documents/Document/STM32L4R5ZIT6_NucleoL4R5ZI/Eclipse/personal_projects/sdcard_fatfs/Middlewares/Third_Party/FatFs/src -I"/Users/khoahuynh/Documents/Document/STM32L4R5ZIT6_NucleoL4R5ZI/Eclipse/personal_projects/sdcard_fatfs/Drivers/CMSIS/Device/ST/STM32L4xx/Include" -I"/Users/khoahuynh/Documents/Document/STM32L4R5ZIT6_NucleoL4R5ZI/Eclipse/personal_projects/sdcard_fatfs/Drivers/CMSIS/Include" -I"/Users/khoahuynh/Documents/Document/STM32L4R5ZIT6_NucleoL4R5ZI/Eclipse/personal_projects/sdcard_fatfs/Drivers/STM32L4xx_HAL_Driver/Inc" -I"/Users/khoahuynh/Documents/Document/STM32L4R5ZIT6_NucleoL4R5ZI/Eclipse/personal_projects/sdcard_fatfs/Drivers/STM32L4xx_HAL_Driver/Inc/Legacy" -I"/Users/khoahuynh/Documents/Document/STM32L4R5ZIT6_NucleoL4R5ZI/Eclipse/personal_projects/sdcard_fatfs/Inc" -std=gnu11 -MMD -MP -MF"Drivers/STM32L4xx_HAL_Driver/Src/stm32l4xx_hal_flash_ex.d" -MT"Drivers/STM32L4xx_HAL_Driver/Src/stm32l4xx_hal_flash_ex.o" -c -o "Drivers/STM32L4xx_HAL_Driver/Src/stm32l4xx_hal_flash_ex.o" "../Drivers/STM32L4xx_HAL_Driver/Src/stm32l4xx_hal_flash_ex.c"
Invoking: GNU ARM Cross C Compiler
arm-none-eabi-gcc -mcpu=cortex-m4 -mthumb -O0 -fmessage-length=0 -fsigned-char -ffunction-sections -fdata-sections -ffreestanding -fno-move-loop-invariants -Wall -Wextra  -g3 -DSTM32L4R5xx -DDEBUG -DTRACE -DOS_USE_TRACE_SEMIHOSTING_DEBUG -I/Users/khoahuynh/Documents/Document/STM32L4R5ZIT6_NucleoL4R5ZI/Eclipse/personal_projects/sdcard_fatfs/Middlewares/Third_Party/FatFs/src -I"/Users/khoahuynh/Documents/Document/STM32L4R5ZIT6_NucleoL4R5ZI/Eclipse/personal_projects/sdcard_fatfs/Drivers/CMSIS/Device/ST/STM32L4xx/Include" -I"/Users/khoahuynh/Documents/Document/STM32L4R5ZIT6_NucleoL4R5ZI/Eclipse/personal_projects/sdcard_fatfs/Drivers/CMSIS/Include" -I"/Users/khoahuynh/Documents/Document/STM32L4R5ZIT6_NucleoL4R5ZI/Eclipse/personal_projects/sdcard_fatfs/Drivers/STM32L4xx_HAL_Driver/Inc" -I"/Users/khoahuynh/Documents/Document/STM32L4R5ZIT6_NucleoL4R5ZI/Eclipse/personal_projects/sdcard_fatfs/Drivers/STM32L4xx_HAL_Driver/Inc/Legacy" -I"/Users/khoahuynh/Documents/Document/STM32L4R5ZIT6_NucleoL4R5ZI/Eclipse/personal_projects/sdcard_fatfs/Inc" -std=gnu11 -MMD -MP -MF"Drivers/STM32L4xx_HAL_Driver/Src/stm32l4xx_hal_flash_ramfunc.d" -MT"Drivers/STM32L4xx_HAL_Driver/Src/stm32l4xx_hal_flash_ramfunc.o" -c -o "Drivers/STM32L4xx_HAL_Driver/Src/stm32l4xx_hal_flash_ramfunc.o" "../Drivers/STM32L4xx_HAL_Driver/Src/stm32l4xx_hal_flash_ramfunc.c"
Finished building: ../Middlewares/Third_Party/FatFs/src/ff_gen_drv.c
Finished building: ../Src/fatfs.c
 
 
Finished building: ../Drivers/STM32L4xx_HAL_Driver/Src/stm32l4xx_hal.c
Building file: ../Drivers/STM32L4xx_HAL_Driver/Src/stm32l4xx_hal_gpio.c
 
Invoking: GNU ARM Cross C Compiler
arm-none-eabi-gcc -mcpu=cortex-m4 -mthumb -O0 -fmessage-length=0 -fsigned-char -ffunction-sections -fdata-sections -ffreestanding -fno-move-loop-invariants -Wall -Wextra  -g3 -DSTM32L4R5xx -DDEBUG -DTRACE -DOS_USE_TRACE_SEMIHOSTING_DEBUG -I/Users/khoahuynh/Documents/Document/STM32L4R5ZIT6_NucleoL4R5ZI/Eclipse/personal_projects/sdcard_fatfs/Middlewares/Third_Party/FatFs/src -I"/Users/khoahuynh/Documents/Document/STM32L4R5ZIT6_NucleoL4R5ZI/Eclipse/personal_projects/sdcard_fatfs/Drivers/CMSIS/Device/ST/STM32L4xx/Include" -I"/Users/khoahuynh/Documents/Document/STM32L4R5ZIT6_NucleoL4R5ZI/Eclipse/personal_projects/sdcard_fatfs/Drivers/CMSIS/Include" -I"/Users/khoahuynh/Documents/Document/STM32L4R5ZIT6_NucleoL4R5ZI/Eclipse/personal_projects/sdcard_fatfs/Drivers/STM32L4xx_HAL_Driver/Inc" -I"/Users/khoahuynh/Documents/Document/STM32L4R5ZIT6_NucleoL4R5ZI/Eclipse/personal_projects/sdcard_fatfs/Drivers/STM32L4xx_HAL_Driver/Inc/Legacy" -I"/Users/khoahuynh/Documents/Document/STM32L4R5ZIT6_NucleoL4R5ZI/Eclipse/personal_projects/sdcard_fatfs/Inc" -std=gnu11 -MMD -MP -MF"Drivers/STM32L4xx_HAL_Driver/Src/stm32l4xx_hal_gpio.d" -MT"Drivers/STM32L4xx_HAL_Driver/Src/stm32l4xx_hal_gpio.o" -c -o "Drivers/STM32L4xx_HAL_Driver/Src/stm32l4xx_hal_gpio.o" "../Drivers/STM32L4xx_HAL_Driver/Src/stm32l4xx_hal_gpio.c"
Building file: ../Drivers/STM32L4xx_HAL_Driver/Src/stm32l4xx_hal_i2c.c
Finished building: ../Src/sd_diskio.c
Invoking: GNU ARM Cross C Compiler
arm-none-eabi-gcc -mcpu=cortex-m4 -mthumb -O0 -fmessage-length=0 -fsigned-char -ffunction-sections -fdata-sections -ffreestanding -fno-move-loop-invariants -Wall -Wextra  -g3 -DSTM32L4R5xx -DDEBUG -DTRACE -DOS_USE_TRACE_SEMIHOSTING_DEBUG -I/Users/khoahuynh/Documents/Document/STM32L4R5ZIT6_NucleoL4R5ZI/Eclipse/personal_projects/sdcard_fatfs/Middlewares/Third_Party/FatFs/src -I"/Users/khoahuynh/Documents/Document/STM32L4R5ZIT6_NucleoL4R5ZI/Eclipse/personal_projects/sdcard_fatfs/Drivers/CMSIS/Device/ST/STM32L4xx/Include" -I"/Users/khoahuynh/Documents/Document/STM32L4R5ZIT6_NucleoL4R5ZI/Eclipse/personal_projects/sdcard_fatfs/Drivers/CMSIS/Include" -I"/Users/khoahuynh/Documents/Document/STM32L4R5ZIT6_NucleoL4R5ZI/Eclipse/personal_projects/sdcard_fatfs/Drivers/STM32L4xx_HAL_Driver/Inc" -I"/Users/khoahuynh/Documents/Document/STM32L4R5ZIT6_NucleoL4R5ZI/Eclipse/personal_projects/sdcard_fatfs/Drivers/STM32L4xx_HAL_Driver/Inc/Legacy" -I"/Users/khoahuynh/Documents/Document/STM32L4R5ZIT6_NucleoL4R5ZI/Eclipse/personal_projects/sdcard_fatfs/Inc" -std=gnu11 -MMD -MP -MF"Drivers/STM32L4xx_HAL_Driver/Src/stm32l4xx_hal_i2c.d" -MT"Drivers/STM32L4xx_HAL_Driver/Src/stm32l4xx_hal_i2c.o" -c -o "Drivers/STM32L4xx_HAL_Driver/Src/stm32l4xx_hal_i2c.o" "../Drivers/STM32L4xx_HAL_Driver/Src/stm32l4xx_hal_i2c.c"
 
Finished building: ../Drivers/STM32L4xx_HAL_Driver/Src/stm32l4xx_hal_exti.c
Finished building: ../Src/main.c
 
 
Building file: ../Drivers/STM32L4xx_HAL_Driver/Src/stm32l4xx_hal_i2c_ex.c
Building file: ../Drivers/STM32L4xx_HAL_Driver/Src/stm32l4xx_hal_pwr.c
Invoking: GNU ARM Cross C Compiler
arm-none-eabi-gcc -mcpu=cortex-m4 -mthumb -O0 -fmessage-length=0 -fsigned-char -ffunction-sections -fdata-sections -ffreestanding -fno-move-loop-invariants -Wall -Wextra  -g3 -DSTM32L4R5xx -DDEBUG -DTRACE -DOS_USE_TRACE_SEMIHOSTING_DEBUG -I/Users/khoahuynh/Documents/Document/STM32L4R5ZIT6_NucleoL4R5ZI/Eclipse/personal_projects/sdcard_fatfs/Middlewares/Third_Party/FatFs/src -I"/Users/khoahuynh/Documents/Document/STM32L4R5ZIT6_NucleoL4R5ZI/Eclipse/personal_projects/sdcard_fatfs/Drivers/CMSIS/Device/ST/STM32L4xx/Include" -I"/Users/khoahuynh/Documents/Document/STM32L4R5ZIT6_NucleoL4R5ZI/Eclipse/personal_projects/sdcard_fatfs/Drivers/CMSIS/Include" -I"/Users/khoahuynh/Documents/Document/STM32L4R5ZIT6_NucleoL4R5ZI/Eclipse/personal_projects/sdcard_fatfs/Drivers/STM32L4xx_HAL_Driver/Inc" -I"/Users/khoahuynh/Documents/Document/STM32L4R5ZIT6_NucleoL4R5ZI/Eclipse/personal_projects/sdcard_fatfs/Drivers/STM32L4xx_HAL_Driver/Inc/Legacy" -I"/Users/khoahuynh/Documents/Document/STM32L4R5ZIT6_NucleoL4R5ZI/Eclipse/personal_projects/sdcard_fatfs/Inc" -std=gnu11 -MMD -MP -MF"Drivers/STM32L4xx_HAL_Driver/Src/stm32l4xx_hal_i2c_ex.d" -MT"Drivers/STM32L4xx_HAL_Driver/Src/stm32l4xx_hal_i2c_ex.o" -c -o "Drivers/STM32L4xx_HAL_Driver/Src/stm32l4xx_hal_i2c_ex.o" "../Drivers/STM32L4xx_HAL_Driver/Src/stm32l4xx_hal_i2c_ex.c"
Invoking: GNU ARM Cross C Compiler
arm-none-eabi-gcc -mcpu=cortex-m4 -mthumb -O0 -fmessage-length=0 -fsigned-char -ffunction-sections -fdata-sections -ffreestanding -fno-move-loop-invariants -Wall -Wextra  -g3 -DSTM32L4R5xx -DDEBUG -DTRACE -DOS_USE_TRACE_SEMIHOSTING_DEBUG -I/Users/khoahuynh/Documents/Document/STM32L4R5ZIT6_NucleoL4R5ZI/Eclipse/personal_projects/sdcard_fatfs/Middlewares/Third_Party/FatFs/src -I"/Users/khoahuynh/Documents/Document/STM32L4R5ZIT6_NucleoL4R5ZI/Eclipse/personal_projects/sdcard_fatfs/Drivers/CMSIS/Device/ST/STM32L4xx/Include" -I"/Users/khoahuynh/Documents/Document/STM32L4R5ZIT6_NucleoL4R5ZI/Eclipse/personal_projects/sdcard_fatfs/Drivers/CMSIS/Include" -I"/Users/khoahuynh/Documents/Document/STM32L4R5ZIT6_NucleoL4R5ZI/Eclipse/personal_projects/sdcard_fatfs/Drivers/STM32L4xx_HAL_Driver/Inc" -I"/Users/khoahuynh/Documents/Document/STM32L4R5ZIT6_NucleoL4R5ZI/Eclipse/personal_projects/sdcard_fatfs/Drivers/STM32L4xx_HAL_Driver/Inc/Legacy" -I"/Users/khoahuynh/Documents/Document/STM32L4R5ZIT6_NucleoL4R5ZI/Eclipse/personal_projects/sdcard_fatfs/Inc" -std=gnu11 -MMD -MP -MF"Drivers/STM32L4xx_HAL_Driver/Src/stm32l4xx_hal_pwr.d" -MT"Drivers/STM32L4xx_HAL_Driver/Src/stm32l4xx_hal_pwr.o" -c -o "Drivers/STM32L4xx_HAL_Driver/Src/stm32l4xx_hal_pwr.o" "../Drivers/STM32L4xx_HAL_Driver/Src/stm32l4xx_hal_pwr.c"
Finished building: ../Drivers/STM32L4xx_HAL_Driver/Src/stm32l4xx_hal_dma.c
 
Building file: ../Drivers/STM32L4xx_HAL_Driver/Src/stm32l4xx_hal_pwr_ex.c
Building file: ../Drivers/STM32L4xx_HAL_Driver/Src/stm32l4xx_hal_rcc.c
Invoking: GNU ARM Cross C Compiler
arm-none-eabi-gcc -mcpu=cortex-m4 -mthumb -O0 -fmessage-length=0 -fsigned-char -ffunction-sections -fdata-sections -ffreestanding -fno-move-loop-invariants -Wall -Wextra  -g3 -DSTM32L4R5xx -DDEBUG -DTRACE -DOS_USE_TRACE_SEMIHOSTING_DEBUG -I/Users/khoahuynh/Documents/Document/STM32L4R5ZIT6_NucleoL4R5ZI/Eclipse/personal_projects/sdcard_fatfs/Middlewares/Third_Party/FatFs/src -I"/Users/khoahuynh/Documents/Document/STM32L4R5ZIT6_NucleoL4R5ZI/Eclipse/personal_projects/sdcard_fatfs/Drivers/CMSIS/Device/ST/STM32L4xx/Include" -I"/Users/khoahuynh/Documents/Document/STM32L4R5ZIT6_NucleoL4R5ZI/Eclipse/personal_projects/sdcard_fatfs/Drivers/CMSIS/Include" -I"/Users/khoahuynh/Documents/Document/STM32L4R5ZIT6_NucleoL4R5ZI/Eclipse/personal_projects/sdcard_fatfs/Drivers/STM32L4xx_HAL_Driver/Inc" -I"/Users/khoahuynh/Documents/Document/STM32L4R5ZIT6_NucleoL4R5ZI/Eclipse/personal_projects/sdcard_fatfs/Drivers/STM32L4xx_HAL_Driver/Inc/Legacy" -I"/Users/khoahuynh/Documents/Document/STM32L4R5ZIT6_NucleoL4R5ZI/Eclipse/personal_projects/sdcard_fatfs/Inc" -std=gnu11 -MMD -MP -MF"Drivers/STM32L4xx_HAL_Driver/Src/stm32l4xx_hal_pwr_ex.d" -MT"Drivers/STM32L4xx_HAL_Driver/Src/stm32l4xx_hal_pwr_ex.o" -c -o "Drivers/STM32L4xx_HAL_Driver/Src/stm32l4xx_hal_pwr_ex.o" "../Drivers/STM32L4xx_HAL_Driver/Src/stm32l4xx_hal_pwr_ex.c"
Invoking: GNU ARM Cross C Compiler
arm-none-eabi-gcc -mcpu=cortex-m4 -mthumb -O0 -fmessage-length=0 -fsigned-char -ffunction-sections -fdata-sections -ffreestanding -fno-move-loop-invariants -Wall -Wextra  -g3 -DSTM32L4R5xx -DDEBUG -DTRACE -DOS_USE_TRACE_SEMIHOSTING_DEBUG -I/Users/khoahuynh/Documents/Document/STM32L4R5ZIT6_NucleoL4R5ZI/Eclipse/personal_projects/sdcard_fatfs/Middlewares/Third_Party/FatFs/src -I"/Users/khoahuynh/Documents/Document/STM32L4R5ZIT6_NucleoL4R5ZI/Eclipse/personal_projects/sdcard_fatfs/Drivers/CMSIS/Device/ST/STM32L4xx/Include" -I"/Users/khoahuynh/Documents/Document/STM32L4R5ZIT6_NucleoL4R5ZI/Eclipse/personal_projects/sdcard_fatfs/Drivers/CMSIS/Include" -I"/Users/khoahuynh/Documents/Document/STM32L4R5ZIT6_NucleoL4R5ZI/Eclipse/personal_projects/sdcard_fatfs/Drivers/STM32L4xx_HAL_Driver/Inc" -I"/Users/khoahuynh/Documents/Document/STM32L4R5ZIT6_NucleoL4R5ZI/Eclipse/personal_projects/sdcard_fatfs/Drivers/STM32L4xx_HAL_Driver/Inc/Legacy" -I"/Users/khoahuynh/Documents/Document/STM32L4R5ZIT6_NucleoL4R5ZI/Eclipse/personal_projects/sdcard_fatfs/Inc" -std=gnu11 -MMD -MP -MF"Drivers/STM32L4xx_HAL_Driver/Src/stm32l4xx_hal_rcc.d" -MT"Drivers/STM32L4xx_HAL_Driver/Src/stm32l4xx_hal_rcc.o" -c -o "Drivers/STM32L4xx_HAL_Driver/Src/stm32l4xx_hal_rcc.o" "../Drivers/STM32L4xx_HAL_Driver/Src/stm32l4xx_hal_rcc.c"
Building file: ../Drivers/STM32L4xx_HAL_Driver/Src/stm32l4xx_hal_rcc_ex.c
Invoking: GNU ARM Cross C Compiler
arm-none-eabi-gcc -mcpu=cortex-m4 -mthumb -O0 -fmessage-length=0 -fsigned-char -ffunction-sections -fdata-sections -ffreestanding -fno-move-loop-invariants -Wall -Wextra  -g3 -DSTM32L4R5xx -DDEBUG -DTRACE -DOS_USE_TRACE_SEMIHOSTING_DEBUG -I/Users/khoahuynh/Documents/Document/STM32L4R5ZIT6_NucleoL4R5ZI/Eclipse/personal_projects/sdcard_fatfs/Middlewares/Third_Party/FatFs/src -I"/Users/khoahuynh/Documents/Document/STM32L4R5ZIT6_NucleoL4R5ZI/Eclipse/personal_projects/sdcard_fatfs/Drivers/CMSIS/Device/ST/STM32L4xx/Include" -I"/Users/khoahuynh/Documents/Document/STM32L4R5ZIT6_NucleoL4R5ZI/Eclipse/personal_projects/sdcard_fatfs/Drivers/CMSIS/Include" -I"/Users/khoahuynh/Documents/Document/STM32L4R5ZIT6_NucleoL4R5ZI/Eclipse/personal_projects/sdcard_fatfs/Drivers/STM32L4xx_HAL_Driver/Inc" -I"/Users/khoahuynh/Documents/Document/STM32L4R5ZIT6_NucleoL4R5ZI/Eclipse/personal_projects/sdcard_fatfs/Drivers/STM32L4xx_HAL_Driver/Inc/Legacy" -I"/Users/khoahuynh/Documents/Document/STM32L4R5ZIT6_NucleoL4R5ZI/Eclipse/personal_projects/sdcard_fatfs/Inc" -std=gnu11 -MMD -MP -MF"Drivers/STM32L4xx_HAL_Driver/Src/stm32l4xx_hal_rcc_ex.d" -MT"Drivers/STM32L4xx_HAL_Driver/Src/stm32l4xx_hal_rcc_ex.o" -c -o "Drivers/STM32L4xx_HAL_Driver/Src/stm32l4xx_hal_rcc_ex.o" "../Drivers/STM32L4xx_HAL_Driver/Src/stm32l4xx_hal_rcc_ex.c"
Finished building: ../Drivers/STM32L4xx_HAL_Driver/Src/stm32l4xx_hal_flash_ramfunc.c
Finished building: ../Drivers/STM32L4xx_HAL_Driver/Src/stm32l4xx_hal_flash.c
 
 
Building file: ../Drivers/STM32L4xx_HAL_Driver/Src/stm32l4xx_hal_sd.c
Building file: ../Drivers/STM32L4xx_HAL_Driver/Src/stm32l4xx_hal_sd_ex.c
Invoking: GNU ARM Cross C Compiler
arm-none-eabi-gcc -mcpu=cortex-m4 -mthumb -O0 -fmessage-length=0 -fsigned-char -ffunction-sections -fdata-sections -ffreestanding -fno-move-loop-invariants -Wall -Wextra  -g3 -DSTM32L4R5xx -DDEBUG -DTRACE -DOS_USE_TRACE_SEMIHOSTING_DEBUG -I/Users/khoahuynh/Documents/Document/STM32L4R5ZIT6_NucleoL4R5ZI/Eclipse/personal_projects/sdcard_fatfs/Middlewares/Third_Party/FatFs/src -I"/Users/khoahuynh/Documents/Document/STM32L4R5ZIT6_NucleoL4R5ZI/Eclipse/personal_projects/sdcard_fatfs/Drivers/CMSIS/Device/ST/STM32L4xx/Include" -I"/Users/khoahuynh/Documents/Document/STM32L4R5ZIT6_NucleoL4R5ZI/Eclipse/personal_projects/sdcard_fatfs/Drivers/CMSIS/Include" -I"/Users/khoahuynh/Documents/Document/STM32L4R5ZIT6_NucleoL4R5ZI/Eclipse/personal_projects/sdcard_fatfs/Drivers/STM32L4xx_HAL_Driver/Inc" -I"/Users/khoahuynh/Documents/Document/STM32L4R5ZIT6_NucleoL4R5ZI/Eclipse/personal_projects/sdcard_fatfs/Drivers/STM32L4xx_HAL_Driver/Inc/Legacy" -I"/Users/khoahuynh/Documents/Document/STM32L4R5ZIT6_NucleoL4R5ZI/Eclipse/personal_projects/sdcard_fatfs/Inc" -std=gnu11 -MMD -MP -MF"Drivers/STM32L4xx_HAL_Driver/Src/stm32l4xx_hal_sd.d" -MT"Drivers/STM32L4xx_HAL_Driver/Src/stm32l4xx_hal_sd.o" -c -o "Drivers/STM32L4xx_HAL_Driver/Src/stm32l4xx_hal_sd.o" "../Drivers/STM32L4xx_HAL_Driver/Src/stm32l4xx_hal_sd.c"
Invoking: GNU ARM Cross C Compiler
arm-none-eabi-gcc -mcpu=cortex-m4 -mthumb -O0 -fmessage-length=0 -fsigned-char -ffunction-sections -fdata-sections -ffreestanding -fno-move-loop-invariants -Wall -Wextra  -g3 -DSTM32L4R5xx -DDEBUG -DTRACE -DOS_USE_TRACE_SEMIHOSTING_DEBUG -I/Users/khoahuynh/Documents/Document/STM32L4R5ZIT6_NucleoL4R5ZI/Eclipse/personal_projects/sdcard_fatfs/Middlewares/Third_Party/FatFs/src -I"/Users/khoahuynh/Documents/Document/STM32L4R5ZIT6_NucleoL4R5ZI/Eclipse/personal_projects/sdcard_fatfs/Drivers/CMSIS/Device/ST/STM32L4xx/Include" -I"/Users/khoahuynh/Documents/Document/STM32L4R5ZIT6_NucleoL4R5ZI/Eclipse/personal_projects/sdcard_fatfs/Drivers/CMSIS/Include" -I"/Users/khoahuynh/Documents/Document/STM32L4R5ZIT6_NucleoL4R5ZI/Eclipse/personal_projects/sdcard_fatfs/Drivers/STM32L4xx_HAL_Driver/Inc" -I"/Users/khoahuynh/Documents/Document/STM32L4R5ZIT6_NucleoL4R5ZI/Eclipse/personal_projects/sdcard_fatfs/Drivers/STM32L4xx_HAL_Driver/Inc/Legacy" -I"/Users/khoahuynh/Documents/Document/STM32L4R5ZIT6_NucleoL4R5ZI/Eclipse/personal_projects/sdcard_fatfs/Inc" -std=gnu11 -MMD -MP -MF"Drivers/STM32L4xx_HAL_Driver/Src/stm32l4xx_hal_sd_ex.d" -MT"Drivers/STM32L4xx_HAL_Driver/Src/stm32l4xx_hal_sd_ex.o" -c -o "Drivers/STM32L4xx_HAL_Driver/Src/stm32l4xx_hal_sd_ex.o" "../Drivers/STM32L4xx_HAL_Driver/Src/stm32l4xx_hal_sd_ex.c"
Finished building: ../Drivers/STM32L4xx_HAL_Driver/Src/stm32l4xx_hal_gpio.c
 
Building file: ../Drivers/STM32L4xx_HAL_Driver/Src/stm32l4xx_hal_tim.c
Invoking: GNU ARM Cross C Compiler
arm-none-eabi-gcc -mcpu=cortex-m4 -mthumb -O0 -fmessage-length=0 -fsigned-char -ffunction-sections -fdata-sections -ffreestanding -fno-move-loop-invariants -Wall -Wextra  -g3 -DSTM32L4R5xx -DDEBUG -DTRACE -DOS_USE_TRACE_SEMIHOSTING_DEBUG -I/Users/khoahuynh/Documents/Document/STM32L4R5ZIT6_NucleoL4R5ZI/Eclipse/personal_projects/sdcard_fatfs/Middlewares/Third_Party/FatFs/src -I"/Users/khoahuynh/Documents/Document/STM32L4R5ZIT6_NucleoL4R5ZI/Eclipse/personal_projects/sdcard_fatfs/Drivers/CMSIS/Device/ST/STM32L4xx/Include" -I"/Users/khoahuynh/Documents/Document/STM32L4R5ZIT6_NucleoL4R5ZI/Eclipse/personal_projects/sdcard_fatfs/Drivers/CMSIS/Include" -I"/Users/khoahuynh/Documents/Document/STM32L4R5ZIT6_NucleoL4R5ZI/Eclipse/personal_projects/sdcard_fatfs/Drivers/STM32L4xx_HAL_Driver/Inc" -I"/Users/khoahuynh/Documents/Document/STM32L4R5ZIT6_NucleoL4R5ZI/Eclipse/personal_projects/sdcard_fatfs/Drivers/STM32L4xx_HAL_Driver/Inc/Legacy" -I"/Users/khoahuynh/Documents/Document/STM32L4R5ZIT6_NucleoL4R5ZI/Eclipse/personal_projects/sdcard_fatfs/Inc" -std=gnu11 -MMD -MP -MF"Drivers/STM32L4xx_HAL_Driver/Src/stm32l4xx_hal_tim.d" -MT"Drivers/STM32L4xx_HAL_Driver/Src/stm32l4xx_hal_tim.o" -c -o "Drivers/STM32L4xx_HAL_Driver/Src/stm32l4xx_hal_tim.o" "../Drivers/STM32L4xx_HAL_Driver/Src/stm32l4xx_hal_tim.c"
Finished building: ../Drivers/STM32L4xx_HAL_Driver/Src/stm32l4xx_hal_i2c_ex.c
 
Building file: ../Drivers/STM32L4xx_HAL_Driver/Src/stm32l4xx_hal_tim_ex.c
Invoking: GNU ARM Cross C Compiler
arm-none-eabi-gcc -mcpu=cortex-m4 -mthumb -O0 -fmessage-length=0 -fsigned-char -ffunction-sections -fdata-sections -ffreestanding -fno-move-loop-invariants -Wall -Wextra  -g3 -DSTM32L4R5xx -DDEBUG -DTRACE -DOS_USE_TRACE_SEMIHOSTING_DEBUG -I/Users/khoahuynh/Documents/Document/STM32L4R5ZIT6_NucleoL4R5ZI/Eclipse/personal_projects/sdcard_fatfs/Middlewares/Third_Party/FatFs/src -I"/Users/khoahuynh/Documents/Document/STM32L4R5ZIT6_NucleoL4R5ZI/Eclipse/personal_projects/sdcard_fatfs/Drivers/CMSIS/Device/ST/STM32L4xx/Include" -I"/Users/khoahuynh/Documents/Document/STM32L4R5ZIT6_NucleoL4R5ZI/Eclipse/personal_projects/sdcard_fatfs/Drivers/CMSIS/Include" -I"/Users/khoahuynh/Documents/Document/STM32L4R5ZIT6_NucleoL4R5ZI/Eclipse/personal_projects/sdcard_fatfs/Drivers/STM32L4xx_HAL_Driver/Inc" -I"/Users/khoahuynh/Documents/Document/STM32L4R5ZIT6_NucleoL4R5ZI/Eclipse/personal_projects/sdcard_fatfs/Drivers/STM32L4xx_HAL_Driver/Inc/Legacy" -I"/Users/khoahuynh/Documents/Document/STM32L4R5ZIT6_NucleoL4R5ZI/Eclipse/personal_projects/sdcard_fatfs/Inc" -std=gnu11 -MMD -MP -MF"Drivers/STM32L4xx_HAL_Driver/Src/stm32l4xx_hal_tim_ex.d" -MT"Drivers/STM32L4xx_HAL_Driver/Src/stm32l4xx_hal_tim_ex.o" -c -o "Drivers/STM32L4xx_HAL_Driver/Src/stm32l4xx_hal_tim_ex.o" "../Drivers/STM32L4xx_HAL_Driver/Src/stm32l4xx_hal_tim_ex.c"
Finished building: ../Drivers/STM32L4xx_HAL_Driver/Src/stm32l4xx_hal_pwr.c
 
Finished building: ../Drivers/STM32L4xx_HAL_Driver/Src/stm32l4xx_hal_flash_ex.c
Finished building: ../Middlewares/Third_Party/FatFs/src/ff.c
 
 
Building file: ../Drivers/STM32L4xx_HAL_Driver/Src/stm32l4xx_hal_uart.c
Building file: ../Drivers/STM32L4xx_HAL_Driver/Src/stm32l4xx_hal_uart_ex.c
Invoking: GNU ARM Cross C Compiler
arm-none-eabi-gcc -mcpu=cortex-m4 -mthumb -O0 -fmessage-length=0 -fsigned-char -ffunction-sections -fdata-sections -ffreestanding -fno-move-loop-invariants -Wall -Wextra  -g3 -DSTM32L4R5xx -DDEBUG -DTRACE -DOS_USE_TRACE_SEMIHOSTING_DEBUG -I/Users/khoahuynh/Documents/Document/STM32L4R5ZIT6_NucleoL4R5ZI/Eclipse/personal_projects/sdcard_fatfs/Middlewares/Third_Party/FatFs/src -I"/Users/khoahuynh/Documents/Document/STM32L4R5ZIT6_NucleoL4R5ZI/Eclipse/personal_projects/sdcard_fatfs/Drivers/CMSIS/Device/ST/STM32L4xx/Include" -I"/Users/khoahuynh/Documents/Document/STM32L4R5ZIT6_NucleoL4R5ZI/Eclipse/personal_projects/sdcard_fatfs/Drivers/CMSIS/Include" -I"/Users/khoahuynh/Documents/Document/STM32L4R5ZIT6_NucleoL4R5ZI/Eclipse/personal_projects/sdcard_fatfs/Drivers/STM32L4xx_HAL_Driver/Inc" -I"/Users/khoahuynh/Documents/Document/STM32L4R5ZIT6_NucleoL4R5ZI/Eclipse/personal_projects/sdcard_fatfs/Drivers/STM32L4xx_HAL_Driver/Inc/Legacy" -I"/Users/khoahuynh/Documents/Document/STM32L4R5ZIT6_NucleoL4R5ZI/Eclipse/personal_projects/sdcard_fatfs/Inc" -std=gnu11 -MMD -MP -MF"Drivers/STM32L4xx_HAL_Driver/Src/stm32l4xx_hal_uart.d" -MT"Drivers/STM32L4xx_HAL_Driver/Src/stm32l4xx_hal_uart.o" -c -o "Drivers/STM32L4xx_HAL_Driver/Src/stm32l4xx_hal_uart.o" "../Drivers/STM32L4xx_HAL_Driver/Src/stm32l4xx_hal_uart.c"
Invoking: GNU ARM Cross C Compiler
arm-none-eabi-gcc -mcpu=cortex-m4 -mthumb -O0 -fmessage-length=0 -fsigned-char -ffunction-sections -fdata-sections -ffreestanding -fno-move-loop-invariants -Wall -Wextra  -g3 -DSTM32L4R5xx -DDEBUG -DTRACE -DOS_USE_TRACE_SEMIHOSTING_DEBUG -I/Users/khoahuynh/Documents/Document/STM32L4R5ZIT6_NucleoL4R5ZI/Eclipse/personal_projects/sdcard_fatfs/Middlewares/Third_Party/FatFs/src -I"/Users/khoahuynh/Documents/Document/STM32L4R5ZIT6_NucleoL4R5ZI/Eclipse/personal_projects/sdcard_fatfs/Drivers/CMSIS/Device/ST/STM32L4xx/Include" -I"/Users/khoahuynh/Documents/Document/STM32L4R5ZIT6_NucleoL4R5ZI/Eclipse/personal_projects/sdcard_fatfs/Drivers/CMSIS/Include" -I"/Users/khoahuynh/Documents/Document/STM32L4R5ZIT6_NucleoL4R5ZI/Eclipse/personal_projects/sdcard_fatfs/Drivers/STM32L4xx_HAL_Driver/Inc" -I"/Users/khoahuynh/Documents/Document/STM32L4R5ZIT6_NucleoL4R5ZI/Eclipse/personal_projects/sdcard_fatfs/Drivers/STM32L4xx_HAL_Driver/Inc/Legacy" -I"/Users/khoahuynh/Documents/Document/STM32L4R5ZIT6_NucleoL4R5ZI/Eclipse/personal_projects/sdcard_fatfs/Inc" -std=gnu11 -MMD -MP -MF"Drivers/STM32L4xx_HAL_Driver/Src/stm32l4xx_hal_uart_ex.d" -MT"Drivers/STM32L4xx_HAL_Driver/Src/stm32l4xx_hal_uart_ex.o" -c -o "Drivers/STM32L4xx_HAL_Driver/Src/stm32l4xx_hal_uart_ex.o" "../Drivers/STM32L4xx_HAL_Driver/Src/stm32l4xx_hal_uart_ex.c"
Building file: ../Drivers/STM32L4xx_HAL_Driver/Src/stm32l4xx_ll_sdmmc.c
Invoking: GNU ARM Cross C Compiler
arm-none-eabi-gcc -mcpu=cortex-m4 -mthumb -O0 -fmessage-length=0 -fsigned-char -ffunction-sections -fdata-sections -ffreestanding -fno-move-loop-invariants -Wall -Wextra  -g3 -DSTM32L4R5xx -DDEBUG -DTRACE -DOS_USE_TRACE_SEMIHOSTING_DEBUG -I/Users/khoahuynh/Documents/Document/STM32L4R5ZIT6_NucleoL4R5ZI/Eclipse/personal_projects/sdcard_fatfs/Middlewares/Third_Party/FatFs/src -I"/Users/khoahuynh/Documents/Document/STM32L4R5ZIT6_NucleoL4R5ZI/Eclipse/personal_projects/sdcard_fatfs/Drivers/CMSIS/Device/ST/STM32L4xx/Include" -I"/Users/khoahuynh/Documents/Document/STM32L4R5ZIT6_NucleoL4R5ZI/Eclipse/personal_projects/sdcard_fatfs/Drivers/CMSIS/Include" -I"/Users/khoahuynh/Documents/Document/STM32L4R5ZIT6_NucleoL4R5ZI/Eclipse/personal_projects/sdcard_fatfs/Drivers/STM32L4xx_HAL_Driver/Inc" -I"/Users/khoahuynh/Documents/Document/STM32L4R5ZIT6_NucleoL4R5ZI/Eclipse/personal_projects/sdcard_fatfs/Drivers/STM32L4xx_HAL_Driver/Inc/Legacy" -I"/Users/khoahuynh/Documents/Document/STM32L4R5ZIT6_NucleoL4R5ZI/Eclipse/personal_projects/sdcard_fatfs/Inc" -std=gnu11 -MMD -MP -MF"Drivers/STM32L4xx_HAL_Driver/Src/stm32l4xx_ll_sdmmc.d" -MT"Drivers/STM32L4xx_HAL_Driver/Src/stm32l4xx_ll_sdmmc.o" -c -o "Drivers/STM32L4xx_HAL_Driver/Src/stm32l4xx_ll_sdmmc.o" "../Drivers/STM32L4xx_HAL_Driver/Src/stm32l4xx_ll_sdmmc.c"
Finished building: ../Drivers/STM32L4xx_HAL_Driver/Src/stm32l4xx_hal_rcc.c
Finished building: ../Drivers/STM32L4xx_HAL_Driver/Src/stm32l4xx_hal_pwr_ex.c
 
 
Finished building: ../Drivers/STM32L4xx_HAL_Driver/Src/stm32l4xx_hal_rcc_ex.c
 
Finished building: ../Drivers/STM32L4xx_HAL_Driver/Src/stm32l4xx_hal_tim.c
Finished building: ../Drivers/STM32L4xx_HAL_Driver/Src/stm32l4xx_hal_sd_ex.c
 
 
Finished building: ../Drivers/STM32L4xx_HAL_Driver/Src/stm32l4xx_hal_tim_ex.c
 
Finished building: ../Drivers/STM32L4xx_HAL_Driver/Src/stm32l4xx_hal_i2c.c
Finished building: ../Drivers/STM32L4xx_HAL_Driver/Src/stm32l4xx_hal_uart_ex.c
 
 
Finished building: ../Drivers/STM32L4xx_HAL_Driver/Src/stm32l4xx_ll_sdmmc.c
 
Finished building: ../Drivers/STM32L4xx_HAL_Driver/Src/stm32l4xx_hal_sd.c
 
Finished building: ../Drivers/STM32L4xx_HAL_Driver/Src/stm32l4xx_hal_uart.c
 
Building target: sdcard_fatfs.elf
Invoking: GNU ARM Cross C++ Linker
arm-none-eabi-g++ -mcpu=cortex-m4 -mthumb -O0 -fmessage-length=0 -fsigned-char -ffunction-sections -fdata-sections -ffreestanding -fno-move-loop-invariants -Wall -Wextra  -g3 -T "/Users/khoahuynh/Documents/Document/STM32L4R5ZIT6_NucleoL4R5ZI/Eclipse/personal_projects/sdcard_fatfs/STM32L4R5ZITx_FLASH.ld" -Xlinker --gc-sections -Wl,-Map,"sdcard_fatfs.map" --specs=nano.specs -o "sdcard_fatfs.elf"  ./startup/startup_stm32l4r5xx.o  ./Src/bsp_driver_sd.o ./Src/fatfs.o ./Src/fatfs_platform.o ./Src/main.o ./Src/sd_diskio.o ./Src/stm32l4xx_hal_msp.o ./Src/stm32l4xx_it.o ./Src/syscalls.o ./Src/system_stm32l4xx.o  ./Middlewares/Third_Party/FatFs/src/option/syscall.o  ./Middlewares/Third_Party/FatFs/src/diskio.o ./Middlewares/Third_Party/FatFs/src/ff.o ./Middlewares/Third_Party/FatFs/src/ff_gen_drv.o  ./Drivers/STM32L4xx_HAL_Driver/Src/stm32l4xx_hal.o ./Drivers/STM32L4xx_HAL_Driver/Src/stm32l4xx_hal_cortex.o ./Drivers/STM32L4xx_HAL_Driver/Src/stm32l4xx_hal_dma.o ./Drivers/STM32L4xx_HAL_Driver/Src/stm32l4xx_hal_dma_ex.o ./Drivers/STM32L4xx_HAL_Driver/Src/stm32l4xx_hal_exti.o ./Drivers/STM32L4xx_HAL_Driver/Src/stm32l4xx_hal_flash.o ./Drivers/STM32L4xx_HAL_Driver/Src/stm32l4xx_hal_flash_ex.o ./Drivers/STM32L4xx_HAL_Driver/Src/stm32l4xx_hal_flash_ramfunc.o ./Drivers/STM32L4xx_HAL_Driver/Src/stm32l4xx_hal_gpio.o ./Drivers/STM32L4xx_HAL_Driver/Src/stm32l4xx_hal_i2c.o ./Drivers/STM32L4xx_HAL_Driver/Src/stm32l4xx_hal_i2c_ex.o ./Drivers/STM32L4xx_HAL_Driver/Src/stm32l4xx_hal_pwr.o ./Drivers/STM32L4xx_HAL_Driver/Src/stm32l4xx_hal_pwr_ex.o ./Drivers/STM32L4xx_HAL_Driver/Src/stm32l4xx_hal_rcc.o ./Drivers/STM32L4xx_HAL_Driver/Src/stm32l4xx_hal_rcc_ex.o ./Drivers/STM32L4xx_HAL_Driver/Src/stm32l4xx_hal_sd.o ./Drivers/STM32L4xx_HAL_Driver/Src/stm32l4xx_hal_sd_ex.o ./Drivers/STM32L4xx_HAL_Driver/Src/stm32l4xx_hal_tim.o ./Drivers/STM32L4xx_HAL_Driver/Src/stm32l4xx_hal_tim_ex.o ./Drivers/STM32L4xx_HAL_Driver/Src/stm32l4xx_hal_uart.o ./Drivers/STM32L4xx_HAL_Driver/Src/stm32l4xx_hal_uart_ex.o ./Drivers/STM32L4xx_HAL_Driver/Src/stm32l4xx_ll_sdmmc.o   
Finished building target: sdcard_fatfs.elf
 
Invoking: GNU ARM Cross Create Flash Image
arm-none-eabi-objcopy -O ihex "sdcard_fatfs.elf"  "sdcard_fatfs.hex"
Invoking: GNU ARM Cross Print Size
arm-none-eabi-size --format=berkeley "sdcard_fatfs.elf"
   text	   data	    bss	    dec	    hex	filename
  37104	     32	   3296	  40432	   9df0	sdcard_fatfs.elf
Finished building: sdcard_fatfs.siz
 
Finished building: sdcard_fatfs.hex
 
22:01:33 **** Incremental Build of configuration Debug for project sdcard_fatfs ****
make -j11 all 
Invoking: GNU ARM Cross Print Size
arm-none-eabi-size --format=berkeley "sdcard_fatfs.elf"
   text	   data	    bss	    dec	    hex	filename
  37104	     32	   3296	  40432	   9df0	sdcard_fatfs.elf
Finished building: sdcard_fatfs.siz
 
22:02:18 **** Incremental Build of configuration Debug for project sdcard_fatfs ****
make -j11 all 
Invoking: GNU ARM Cross Print Size
arm-none-eabi-size --format=berkeley "sdcard_fatfs.elf"
   text	   data	    bss	    dec	    hex	filename
  37104	     32	   3296	  40432	   9df0	sdcard_fatfs.elf
Finished building: sdcard_fatfs.siz
 
22:02:34 **** Incremental Build of configuration Debug for project sdcard_fatfs ****
make -j11 all 
Invoking: GNU ARM Cross Print Size
arm-none-eabi-size --format=berkeley "sdcard_fatfs.elf"
   text	   data	    bss	    dec	    hex	filename
  37104	     32	   3296	  40432	   9df0	sdcard_fatfs.elf
Finished building: sdcard_fatfs.siz
 
22:13:36 **** Incremental Build of configuration Debug for project sdcard_fatfs ****
make -j11 all 
Building file: ../Src/stm32l4xx_hal_msp.c
Invoking: GNU ARM Cross C Compiler
arm-none-eabi-gcc -mcpu=cortex-m4 -mthumb -O0 -fmessage-length=0 -fsigned-char -ffunction-sections -fdata-sections -ffreestanding -fno-move-loop-invariants -Wall -Wextra  -g3 -DSTM32L4R5xx -DDEBUG -DTRACE -DOS_USE_TRACE_SEMIHOSTING_DEBUG -I/Users/khoahuynh/Documents/Document/STM32L4R5ZIT6_NucleoL4R5ZI/Eclipse/personal_projects/sdcard_fatfs/Middlewares/Third_Party/FatFs/src -I"/Users/khoahuynh/Documents/Document/STM32L4R5ZIT6_NucleoL4R5ZI/Eclipse/personal_projects/sdcard_fatfs/Drivers/CMSIS/Device/ST/STM32L4xx/Include" -I"/Users/khoahuynh/Documents/Document/STM32L4R5ZIT6_NucleoL4R5ZI/Eclipse/personal_projects/sdcard_fatfs/Drivers/CMSIS/Include" -I"/Users/khoahuynh/Documents/Document/STM32L4R5ZIT6_NucleoL4R5ZI/Eclipse/personal_projects/sdcard_fatfs/Drivers/STM32L4xx_HAL_Driver/Inc" -I"/Users/khoahuynh/Documents/Document/STM32L4R5ZIT6_NucleoL4R5ZI/Eclipse/personal_projects/sdcard_fatfs/Drivers/STM32L4xx_HAL_Driver/Inc/Legacy" -I"/Users/khoahuynh/Documents/Document/STM32L4R5ZIT6_NucleoL4R5ZI/Eclipse/personal_projects/sdcard_fatfs/Inc" -std=gnu11 -MMD -MP -MF"Src/stm32l4xx_hal_msp.d" -MT"Src/stm32l4xx_hal_msp.o" -c -o "Src/stm32l4xx_hal_msp.o" "../Src/stm32l4xx_hal_msp.c"
Finished building: ../Src/stm32l4xx_hal_msp.c
 
Building target: sdcard_fatfs.elf
Invoking: GNU ARM Cross C++ Linker
arm-none-eabi-g++ -mcpu=cortex-m4 -mthumb -O0 -fmessage-length=0 -fsigned-char -ffunction-sections -fdata-sections -ffreestanding -fno-move-loop-invariants -Wall -Wextra  -g3 -T "/Users/khoahuynh/Documents/Document/STM32L4R5ZIT6_NucleoL4R5ZI/Eclipse/personal_projects/sdcard_fatfs/STM32L4R5ZITx_FLASH.ld" -Xlinker --gc-sections -Wl,-Map,"sdcard_fatfs.map" --specs=nano.specs -o "sdcard_fatfs.elf"  ./startup/startup_stm32l4r5xx.o  ./Src/bsp_driver_sd.o ./Src/fatfs.o ./Src/fatfs_platform.o ./Src/main.o ./Src/sd_diskio.o ./Src/stm32l4xx_hal_msp.o ./Src/stm32l4xx_it.o ./Src/syscalls.o ./Src/system_stm32l4xx.o  ./Middlewares/Third_Party/FatFs/src/option/syscall.o  ./Middlewares/Third_Party/FatFs/src/diskio.o ./Middlewares/Third_Party/FatFs/src/ff.o ./Middlewares/Third_Party/FatFs/src/ff_gen_drv.o  ./Drivers/STM32L4xx_HAL_Driver/Src/stm32l4xx_hal.o ./Drivers/STM32L4xx_HAL_Driver/Src/stm32l4xx_hal_cortex.o ./Drivers/STM32L4xx_HAL_Driver/Src/stm32l4xx_hal_dma.o ./Drivers/STM32L4xx_HAL_Driver/Src/stm32l4xx_hal_dma_ex.o ./Drivers/STM32L4xx_HAL_Driver/Src/stm32l4xx_hal_exti.o ./Drivers/STM32L4xx_HAL_Driver/Src/stm32l4xx_hal_flash.o ./Drivers/STM32L4xx_HAL_Driver/Src/stm32l4xx_hal_flash_ex.o ./Drivers/STM32L4xx_HAL_Driver/Src/stm32l4xx_hal_flash_ramfunc.o ./Drivers/STM32L4xx_HAL_Driver/Src/stm32l4xx_hal_gpio.o ./Drivers/STM32L4xx_HAL_Driver/Src/stm32l4xx_hal_i2c.o ./Drivers/STM32L4xx_HAL_Driver/Src/stm32l4xx_hal_i2c_ex.o ./Drivers/STM32L4xx_HAL_Driver/Src/stm32l4xx_hal_pwr.o ./Drivers/STM32L4xx_HAL_Driver/Src/stm32l4xx_hal_pwr_ex.o ./Drivers/STM32L4xx_HAL_Driver/Src/stm32l4xx_hal_rcc.o ./Drivers/STM32L4xx_HAL_Driver/Src/stm32l4xx_hal_rcc_ex.o ./Drivers/STM32L4xx_HAL_Driver/Src/stm32l4xx_hal_sd.o ./Drivers/STM32L4xx_HAL_Driver/Src/stm32l4xx_hal_sd_ex.o ./Drivers/STM32L4xx_HAL_Driver/Src/stm32l4xx_hal_tim.o ./Drivers/STM32L4xx_HAL_Driver/Src/stm32l4xx_hal_tim_ex.o ./Drivers/STM32L4xx_HAL_Driver/Src/stm32l4xx_hal_uart.o ./Drivers/STM32L4xx_HAL_Driver/Src/stm32l4xx_hal_uart_ex.o ./Drivers/STM32L4xx_HAL_Driver/Src/stm32l4xx_ll_sdmmc.o   
Finished building target: sdcard_fatfs.elf
 
Invoking: GNU ARM Cross Create Flash Image
arm-none-eabi-objcopy -O ihex "sdcard_fatfs.elf"  "sdcard_fatfs.hex"
Invoking: GNU ARM Cross Print Size
arm-none-eabi-size --format=berkeley "sdcard_fatfs.elf"
   text	   data	    bss	    dec	    hex	filename
  37104	     32	   3296	  40432	   9df0	sdcard_fatfs.elf
Finished building: sdcard_fatfs.siz
 
Finished building: sdcard_fatfs.hex
 
22:13:42 **** Incremental Build of configuration Debug for project sdcard_fatfs ****
make -j11 all 
Invoking: GNU ARM Cross Print Size
arm-none-eabi-size --format=berkeley "sdcard_fatfs.elf"
   text	   data	    bss	    dec	    hex	filename
  37104	     32	   3296	  40432	   9df0	sdcard_fatfs.elf
Finished building: sdcard_fatfs.siz
 
22:13:48 **** Incremental Build of configuration Debug for project sdcard_fatfs ****
make -j11 all 
Building file: ../Drivers/STM32L4xx_HAL_Driver/Src/stm32l4xx_ll_sdmmc.c
Invoking: GNU ARM Cross C Compiler
arm-none-eabi-gcc -mcpu=cortex-m4 -mthumb -O0 -fmessage-length=0 -fsigned-char -ffunction-sections -fdata-sections -ffreestanding -fno-move-loop-invariants -Wall -Wextra  -g3 -DSTM32L4R5xx -DDEBUG -DTRACE -DOS_USE_TRACE_SEMIHOSTING_DEBUG -I/Users/khoahuynh/Documents/Document/STM32L4R5ZIT6_NucleoL4R5ZI/Eclipse/personal_projects/sdcard_fatfs/Middlewares/Third_Party/FatFs/src -I"/Users/khoahuynh/Documents/Document/STM32L4R5ZIT6_NucleoL4R5ZI/Eclipse/personal_projects/sdcard_fatfs/Drivers/CMSIS/Device/ST/STM32L4xx/Include" -I"/Users/khoahuynh/Documents/Document/STM32L4R5ZIT6_NucleoL4R5ZI/Eclipse/personal_projects/sdcard_fatfs/Drivers/CMSIS/Include" -I"/Users/khoahuynh/Documents/Document/STM32L4R5ZIT6_NucleoL4R5ZI/Eclipse/personal_projects/sdcard_fatfs/Drivers/STM32L4xx_HAL_Driver/Inc" -I"/Users/khoahuynh/Documents/Document/STM32L4R5ZIT6_NucleoL4R5ZI/Eclipse/personal_projects/sdcard_fatfs/Drivers/STM32L4xx_HAL_Driver/Inc/Legacy" -I"/Users/khoahuynh/Documents/Document/STM32L4R5ZIT6_NucleoL4R5ZI/Eclipse/personal_projects/sdcard_fatfs/Inc" -std=gnu11 -MMD -MP -MF"Drivers/STM32L4xx_HAL_Driver/Src/stm32l4xx_ll_sdmmc.d" -MT"Drivers/STM32L4xx_HAL_Driver/Src/stm32l4xx_ll_sdmmc.o" -c -o "Drivers/STM32L4xx_HAL_Driver/Src/stm32l4xx_ll_sdmmc.o" "../Drivers/STM32L4xx_HAL_Driver/Src/stm32l4xx_ll_sdmmc.c"
../Drivers/STM32L4xx_HAL_Driver/Src/stm32l4xx_ll_sdmmc.c: In function 'SDMMC_GetCmdError':
../Drivers/STM32L4xx_HAL_Driver/Src/stm32l4xx_ll_sdmmc.c:1249:24: error: 'SD_initialize' undeclared (first use in this function)
 1249 |     if (count-- == 0U) SD_initialize
      |                        ^~~~~~~~~~~~~
../Drivers/STM32L4xx_HAL_Driver/Src/stm32l4xx_ll_sdmmc.c:1249:24: note: each undeclared identifier is reported only once for each function it appears in
../Drivers/STM32L4xx_HAL_Driver/Src/stm32l4xx_ll_sdmmc.c:1249:37: error: expected ';' before '{' token
 1249 |     if (count-- == 0U) SD_initialize
      |                                     ^
      |                                     ;
 1250 |     {
      |     ~                                
make: *** [Drivers/STM32L4xx_HAL_Driver/Src/stm32l4xx_ll_sdmmc.o] Error 1
"make -j11 all" terminated with exit code 2. Build might be incomplete.
22:14:40 **** Incremental Build of configuration Debug for project sdcard_fatfs ****
make -j11 all 
Building file: ../Drivers/STM32L4xx_HAL_Driver/Src/stm32l4xx_ll_sdmmc.c
Invoking: GNU ARM Cross C Compiler
arm-none-eabi-gcc -mcpu=cortex-m4 -mthumb -O0 -fmessage-length=0 -fsigned-char -ffunction-sections -fdata-sections -ffreestanding -fno-move-loop-invariants -Wall -Wextra  -g3 -DSTM32L4R5xx -DDEBUG -DTRACE -DOS_USE_TRACE_SEMIHOSTING_DEBUG -I/Users/khoahuynh/Documents/Document/STM32L4R5ZIT6_NucleoL4R5ZI/Eclipse/personal_projects/sdcard_fatfs/Middlewares/Third_Party/FatFs/src -I"/Users/khoahuynh/Documents/Document/STM32L4R5ZIT6_NucleoL4R5ZI/Eclipse/personal_projects/sdcard_fatfs/Drivers/CMSIS/Device/ST/STM32L4xx/Include" -I"/Users/khoahuynh/Documents/Document/STM32L4R5ZIT6_NucleoL4R5ZI/Eclipse/personal_projects/sdcard_fatfs/Drivers/CMSIS/Include" -I"/Users/khoahuynh/Documents/Document/STM32L4R5ZIT6_NucleoL4R5ZI/Eclipse/personal_projects/sdcard_fatfs/Drivers/STM32L4xx_HAL_Driver/Inc" -I"/Users/khoahuynh/Documents/Document/STM32L4R5ZIT6_NucleoL4R5ZI/Eclipse/personal_projects/sdcard_fatfs/Drivers/STM32L4xx_HAL_Driver/Inc/Legacy" -I"/Users/khoahuynh/Documents/Document/STM32L4R5ZIT6_NucleoL4R5ZI/Eclipse/personal_projects/sdcard_fatfs/Inc" -std=gnu11 -MMD -MP -MF"Drivers/STM32L4xx_HAL_Driver/Src/stm32l4xx_ll_sdmmc.d" -MT"Drivers/STM32L4xx_HAL_Driver/Src/stm32l4xx_ll_sdmmc.o" -c -o "Drivers/STM32L4xx_HAL_Driver/Src/stm32l4xx_ll_sdmmc.o" "../Drivers/STM32L4xx_HAL_Driver/Src/stm32l4xx_ll_sdmmc.c"
../Drivers/STM32L4xx_HAL_Driver/Src/stm32l4xx_ll_sdmmc.c: In function 'SDMMC_GetCmdError':
../Drivers/STM32L4xx_HAL_Driver/Src/stm32l4xx_ll_sdmmc.c:1249:24: error: 'SD_initialize' undeclared (first use in this function)
 1249 |     if (count-- == 0U) SD_initialize
      |                        ^~~~~~~~~~~~~
../Drivers/STM32L4xx_HAL_Driver/Src/stm32l4xx_ll_sdmmc.c:1249:24: note: each undeclared identifier is reported only once for each function it appears in
../Drivers/STM32L4xx_HAL_Driver/Src/stm32l4xx_ll_sdmmc.c:1249:37: error: expected ';' before '{' token
 1249 |     if (count-- == 0U) SD_initialize
      |                                     ^
      |                                     ;
 1250 |     {
      |     ~                                
make: *** [Drivers/STM32L4xx_HAL_Driver/Src/stm32l4xx_ll_sdmmc.o] Error 1
"make -j11 all" terminated with exit code 2. Build might be incomplete.
22:20:38 **** Incremental Build of configuration Debug for project sdcard_fatfs ****
make -j11 all 
Building file: ../Drivers/STM32L4xx_HAL_Driver/Src/stm32l4xx_ll_sdmmc.c
Invoking: GNU ARM Cross C Compiler
arm-none-eabi-gcc -mcpu=cortex-m4 -mthumb -O0 -fmessage-length=0 -fsigned-char -ffunction-sections -fdata-sections -ffreestanding -fno-move-loop-invariants -Wall -Wextra  -g3 -DSTM32L4R5xx -DDEBUG -DTRACE -DOS_USE_TRACE_SEMIHOSTING_DEBUG -I/Users/khoahuynh/Documents/Document/STM32L4R5ZIT6_NucleoL4R5ZI/Eclipse/personal_projects/sdcard_fatfs/Middlewares/Third_Party/FatFs/src -I"/Users/khoahuynh/Documents/Document/STM32L4R5ZIT6_NucleoL4R5ZI/Eclipse/personal_projects/sdcard_fatfs/Drivers/CMSIS/Device/ST/STM32L4xx/Include" -I"/Users/khoahuynh/Documents/Document/STM32L4R5ZIT6_NucleoL4R5ZI/Eclipse/personal_projects/sdcard_fatfs/Drivers/CMSIS/Include" -I"/Users/khoahuynh/Documents/Document/STM32L4R5ZIT6_NucleoL4R5ZI/Eclipse/personal_projects/sdcard_fatfs/Drivers/STM32L4xx_HAL_Driver/Inc" -I"/Users/khoahuynh/Documents/Document/STM32L4R5ZIT6_NucleoL4R5ZI/Eclipse/personal_projects/sdcard_fatfs/Drivers/STM32L4xx_HAL_Driver/Inc/Legacy" -I"/Users/khoahuynh/Documents/Document/STM32L4R5ZIT6_NucleoL4R5ZI/Eclipse/personal_projects/sdcard_fatfs/Inc" -std=gnu11 -MMD -MP -MF"Drivers/STM32L4xx_HAL_Driver/Src/stm32l4xx_ll_sdmmc.d" -MT"Drivers/STM32L4xx_HAL_Driver/Src/stm32l4xx_ll_sdmmc.o" -c -o "Drivers/STM32L4xx_HAL_Driver/Src/stm32l4xx_ll_sdmmc.o" "../Drivers/STM32L4xx_HAL_Driver/Src/stm32l4xx_ll_sdmmc.c"
../Drivers/STM32L4xx_HAL_Driver/Src/stm32l4xx_ll_sdmmc.c: In function 'SDMMC_GetCmdError':
../Drivers/STM32L4xx_HAL_Driver/Src/stm32l4xx_ll_sdmmc.c:1249:24: error: 'SD_initialize' undeclared (first use in this function)
 1249 |     if (count-- == 0U) SD_initialize
      |                        ^~~~~~~~~~~~~
../Drivers/STM32L4xx_HAL_Driver/Src/stm32l4xx_ll_sdmmc.c:1249:24: note: each undeclared identifier is reported only once for each function it appears in
../Drivers/STM32L4xx_HAL_Driver/Src/stm32l4xx_ll_sdmmc.c:1249:37: error: expected ';' before '{' token
 1249 |     if (count-- == 0U) SD_initialize
      |                                     ^
      |                                     ;
 1250 |     {
      |     ~                                
make: *** [Drivers/STM32L4xx_HAL_Driver/Src/stm32l4xx_ll_sdmmc.o] Error 1
"make -j11 all" terminated with exit code 2. Build might be incomplete.
22:29:50 **** Incremental Build of configuration Debug for project sdcard_fatfs ****
make -j11 all 
Building file: ../Drivers/STM32L4xx_HAL_Driver/Src/stm32l4xx_ll_sdmmc.c
Invoking: GNU ARM Cross C Compiler
arm-none-eabi-gcc -mcpu=cortex-m4 -mthumb -O0 -fmessage-length=0 -fsigned-char -ffunction-sections -fdata-sections -ffreestanding -fno-move-loop-invariants -Wall -Wextra  -g3 -DSTM32L4R5xx -DDEBUG -DTRACE -DOS_USE_TRACE_SEMIHOSTING_DEBUG -I/Users/khoahuynh/Documents/Document/STM32L4R5ZIT6_NucleoL4R5ZI/Eclipse/personal_projects/sdcard_fatfs/Middlewares/Third_Party/FatFs/src -I"/Users/khoahuynh/Documents/Document/STM32L4R5ZIT6_NucleoL4R5ZI/Eclipse/personal_projects/sdcard_fatfs/Drivers/CMSIS/Device/ST/STM32L4xx/Include" -I"/Users/khoahuynh/Documents/Document/STM32L4R5ZIT6_NucleoL4R5ZI/Eclipse/personal_projects/sdcard_fatfs/Drivers/CMSIS/Include" -I"/Users/khoahuynh/Documents/Document/STM32L4R5ZIT6_NucleoL4R5ZI/Eclipse/personal_projects/sdcard_fatfs/Drivers/STM32L4xx_HAL_Driver/Inc" -I"/Users/khoahuynh/Documents/Document/STM32L4R5ZIT6_NucleoL4R5ZI/Eclipse/personal_projects/sdcard_fatfs/Drivers/STM32L4xx_HAL_Driver/Inc/Legacy" -I"/Users/khoahuynh/Documents/Document/STM32L4R5ZIT6_NucleoL4R5ZI/Eclipse/personal_projects/sdcard_fatfs/Inc" -std=gnu11 -MMD -MP -MF"Drivers/STM32L4xx_HAL_Driver/Src/stm32l4xx_ll_sdmmc.d" -MT"Drivers/STM32L4xx_HAL_Driver/Src/stm32l4xx_ll_sdmmc.o" -c -o "Drivers/STM32L4xx_HAL_Driver/Src/stm32l4xx_ll_sdmmc.o" "../Drivers/STM32L4xx_HAL_Driver/Src/stm32l4xx_ll_sdmmc.c"
Finished building: ../Drivers/STM32L4xx_HAL_Driver/Src/stm32l4xx_ll_sdmmc.c
 
Building target: sdcard_fatfs.elf
Invoking: GNU ARM Cross C++ Linker
arm-none-eabi-g++ -mcpu=cortex-m4 -mthumb -O0 -fmessage-length=0 -fsigned-char -ffunction-sections -fdata-sections -ffreestanding -fno-move-loop-invariants -Wall -Wextra  -g3 -T "/Users/khoahuynh/Documents/Document/STM32L4R5ZIT6_NucleoL4R5ZI/Eclipse/personal_projects/sdcard_fatfs/STM32L4R5ZITx_FLASH.ld" -Xlinker --gc-sections -Wl,-Map,"sdcard_fatfs.map" --specs=nano.specs -o "sdcard_fatfs.elf"  ./startup/startup_stm32l4r5xx.o  ./Src/bsp_driver_sd.o ./Src/fatfs.o ./Src/fatfs_platform.o ./Src/main.o ./Src/sd_diskio.o ./Src/stm32l4xx_hal_msp.o ./Src/stm32l4xx_it.o ./Src/syscalls.o ./Src/system_stm32l4xx.o  ./Middlewares/Third_Party/FatFs/src/option/syscall.o  ./Middlewares/Third_Party/FatFs/src/diskio.o ./Middlewares/Third_Party/FatFs/src/ff.o ./Middlewares/Third_Party/FatFs/src/ff_gen_drv.o  ./Drivers/STM32L4xx_HAL_Driver/Src/stm32l4xx_hal.o ./Drivers/STM32L4xx_HAL_Driver/Src/stm32l4xx_hal_cortex.o ./Drivers/STM32L4xx_HAL_Driver/Src/stm32l4xx_hal_dma.o ./Drivers/STM32L4xx_HAL_Driver/Src/stm32l4xx_hal_dma_ex.o ./Drivers/STM32L4xx_HAL_Driver/Src/stm32l4xx_hal_exti.o ./Drivers/STM32L4xx_HAL_Driver/Src/stm32l4xx_hal_flash.o ./Drivers/STM32L4xx_HAL_Driver/Src/stm32l4xx_hal_flash_ex.o ./Drivers/STM32L4xx_HAL_Driver/Src/stm32l4xx_hal_flash_ramfunc.o ./Drivers/STM32L4xx_HAL_Driver/Src/stm32l4xx_hal_gpio.o ./Drivers/STM32L4xx_HAL_Driver/Src/stm32l4xx_hal_i2c.o ./Drivers/STM32L4xx_HAL_Driver/Src/stm32l4xx_hal_i2c_ex.o ./Drivers/STM32L4xx_HAL_Driver/Src/stm32l4xx_hal_pwr.o ./Drivers/STM32L4xx_HAL_Driver/Src/stm32l4xx_hal_pwr_ex.o ./Drivers/STM32L4xx_HAL_Driver/Src/stm32l4xx_hal_rcc.o ./Drivers/STM32L4xx_HAL_Driver/Src/stm32l4xx_hal_rcc_ex.o ./Drivers/STM32L4xx_HAL_Driver/Src/stm32l4xx_hal_sd.o ./Drivers/STM32L4xx_HAL_Driver/Src/stm32l4xx_hal_sd_ex.o ./Drivers/STM32L4xx_HAL_Driver/Src/stm32l4xx_hal_tim.o ./Drivers/STM32L4xx_HAL_Driver/Src/stm32l4xx_hal_tim_ex.o ./Drivers/STM32L4xx_HAL_Driver/Src/stm32l4xx_hal_uart.o ./Drivers/STM32L4xx_HAL_Driver/Src/stm32l4xx_hal_uart_ex.o ./Drivers/STM32L4xx_HAL_Driver/Src/stm32l4xx_ll_sdmmc.o   
Finished building target: sdcard_fatfs.elf
 
Invoking: GNU ARM Cross Create Flash Image
Invoking: GNU ARM Cross Print Size
arm-none-eabi-objcopy -O ihex "sdcard_fatfs.elf"  "sdcard_fatfs.hex"
arm-none-eabi-size --format=berkeley "sdcard_fatfs.elf"
   text	   data	    bss	    dec	    hex	filename
  37104	     32	   3296	  40432	   9df0	sdcard_fatfs.elf
Finished building: sdcard_fatfs.siz
 
Finished building: sdcard_fatfs.hex
 
22:32:58 **** Incremental Build of configuration Debug for project sdcard_fatfs ****
make -j11 all 
Invoking: GNU ARM Cross Print Size
arm-none-eabi-size --format=berkeley "sdcard_fatfs.elf"
   text	   data	    bss	    dec	    hex	filename
  37104	     32	   3296	  40432	   9df0	sdcard_fatfs.elf
Finished building: sdcard_fatfs.siz
 
22:40:55 **** Incremental Build of configuration Debug for project sdcard_fatfs ****
make -j11 all 
Building file: ../Src/main.c
Invoking: GNU ARM Cross C Compiler
arm-none-eabi-gcc -mcpu=cortex-m4 -mthumb -O0 -fmessage-length=0 -fsigned-char -ffunction-sections -fdata-sections -ffreestanding -fno-move-loop-invariants -Wall -Wextra  -g3 -DSTM32L4R5xx -DDEBUG -DTRACE -DOS_USE_TRACE_SEMIHOSTING_DEBUG -I/Users/khoahuynh/Documents/Document/STM32L4R5ZIT6_NucleoL4R5ZI/Eclipse/personal_projects/sdcard_fatfs/Middlewares/Third_Party/FatFs/src -I"/Users/khoahuynh/Documents/Document/STM32L4R5ZIT6_NucleoL4R5ZI/Eclipse/personal_projects/sdcard_fatfs/Drivers/CMSIS/Device/ST/STM32L4xx/Include" -I"/Users/khoahuynh/Documents/Document/STM32L4R5ZIT6_NucleoL4R5ZI/Eclipse/personal_projects/sdcard_fatfs/Drivers/CMSIS/Include" -I"/Users/khoahuynh/Documents/Document/STM32L4R5ZIT6_NucleoL4R5ZI/Eclipse/personal_projects/sdcard_fatfs/Drivers/STM32L4xx_HAL_Driver/Inc" -I"/Users/khoahuynh/Documents/Document/STM32L4R5ZIT6_NucleoL4R5ZI/Eclipse/personal_projects/sdcard_fatfs/Drivers/STM32L4xx_HAL_Driver/Inc/Legacy" -I"/Users/khoahuynh/Documents/Document/STM32L4R5ZIT6_NucleoL4R5ZI/Eclipse/personal_projects/sdcard_fatfs/Inc" -std=gnu11 -MMD -MP -MF"Src/main.d" -MT"Src/main.o" -c -o "Src/main.o" "../Src/main.c"
../Src/main.c: In function 'main':
../Src/main.c:111:23: warning: pointer targets in passing argument 2 of 'f_open' differ in signedness [-Wpointer-sign]
  111 |       f_open(&myFILE, myPath, FA_WRITE | FA_CREATE_ALWAYS);
      |                       ^~~~~~
      |                       |
      |                       uint8_t * {aka unsigned char *}
In file included from /Users/khoahuynh/Documents/Document/STM32L4R5ZIT6_NucleoL4R5ZI/Eclipse/personal_projects/sdcard_fatfs/Inc/fatfs.h:26,
                 from ../Src/main.c:23:
/Users/khoahuynh/Documents/Document/STM32L4R5ZIT6_NucleoL4R5ZI/Eclipse/personal_projects/sdcard_fatfs/Middlewares/Third_Party/FatFs/src/ff.h:242:39: note: expected 'const TCHAR *' {aka 'const char *'} but argument is of type 'uint8_t *' {aka 'unsigned char *'}
  242 | FRESULT f_open (FIL* fp, const TCHAR* path, BYTE mode);    /* Open or create a file */
      |                          ~~~~~~~~~~~~~^~~~
Finished building: ../Src/main.c
 
Building target: sdcard_fatfs.elf
Invoking: GNU ARM Cross C++ Linker
arm-none-eabi-g++ -mcpu=cortex-m4 -mthumb -O0 -fmessage-length=0 -fsigned-char -ffunction-sections -fdata-sections -ffreestanding -fno-move-loop-invariants -Wall -Wextra  -g3 -T "/Users/khoahuynh/Documents/Document/STM32L4R5ZIT6_NucleoL4R5ZI/Eclipse/personal_projects/sdcard_fatfs/STM32L4R5ZITx_FLASH.ld" -Xlinker --gc-sections -Wl,-Map,"sdcard_fatfs.map" --specs=nano.specs -o "sdcard_fatfs.elf"  ./startup/startup_stm32l4r5xx.o  ./Src/bsp_driver_sd.o ./Src/fatfs.o ./Src/fatfs_platform.o ./Src/main.o ./Src/sd_diskio.o ./Src/stm32l4xx_hal_msp.o ./Src/stm32l4xx_it.o ./Src/syscalls.o ./Src/system_stm32l4xx.o  ./Middlewares/Third_Party/FatFs/src/option/syscall.o  ./Middlewares/Third_Party/FatFs/src/diskio.o ./Middlewares/Third_Party/FatFs/src/ff.o ./Middlewares/Third_Party/FatFs/src/ff_gen_drv.o  ./Drivers/STM32L4xx_HAL_Driver/Src/stm32l4xx_hal.o ./Drivers/STM32L4xx_HAL_Driver/Src/stm32l4xx_hal_cortex.o ./Drivers/STM32L4xx_HAL_Driver/Src/stm32l4xx_hal_dma.o ./Drivers/STM32L4xx_HAL_Driver/Src/stm32l4xx_hal_dma_ex.o ./Drivers/STM32L4xx_HAL_Driver/Src/stm32l4xx_hal_exti.o ./Drivers/STM32L4xx_HAL_Driver/Src/stm32l4xx_hal_flash.o ./Drivers/STM32L4xx_HAL_Driver/Src/stm32l4xx_hal_flash_ex.o ./Drivers/STM32L4xx_HAL_Driver/Src/stm32l4xx_hal_flash_ramfunc.o ./Drivers/STM32L4xx_HAL_Driver/Src/stm32l4xx_hal_gpio.o ./Drivers/STM32L4xx_HAL_Driver/Src/stm32l4xx_hal_i2c.o ./Drivers/STM32L4xx_HAL_Driver/Src/stm32l4xx_hal_i2c_ex.o ./Drivers/STM32L4xx_HAL_Driver/Src/stm32l4xx_hal_pwr.o ./Drivers/STM32L4xx_HAL_Driver/Src/stm32l4xx_hal_pwr_ex.o ./Drivers/STM32L4xx_HAL_Driver/Src/stm32l4xx_hal_rcc.o ./Drivers/STM32L4xx_HAL_Driver/Src/stm32l4xx_hal_rcc_ex.o ./Drivers/STM32L4xx_HAL_Driver/Src/stm32l4xx_hal_sd.o ./Drivers/STM32L4xx_HAL_Driver/Src/stm32l4xx_hal_sd_ex.o ./Drivers/STM32L4xx_HAL_Driver/Src/stm32l4xx_hal_tim.o ./Drivers/STM32L4xx_HAL_Driver/Src/stm32l4xx_hal_tim_ex.o ./Drivers/STM32L4xx_HAL_Driver/Src/stm32l4xx_hal_uart.o ./Drivers/STM32L4xx_HAL_Driver/Src/stm32l4xx_hal_uart_ex.o ./Drivers/STM32L4xx_HAL_Driver/Src/stm32l4xx_ll_sdmmc.o   
Finished building target: sdcard_fatfs.elf
 
Invoking: GNU ARM Cross Create Flash Image
arm-none-eabi-objcopy -O ihex "sdcard_fatfs.elf"  "sdcard_fatfs.hex"
Invoking: GNU ARM Cross Print Size
arm-none-eabi-size --format=berkeley "sdcard_fatfs.elf"
   text	   data	    bss	    dec	    hex	filename
  37104	     32	   3296	  40432	   9df0	sdcard_fatfs.elf
Finished building: sdcard_fatfs.siz
 
Finished building: sdcard_fatfs.hex
 
22:40:58 **** Incremental Build of configuration Debug for project sdcard_fatfs ****
make -j11 all 
Invoking: GNU ARM Cross Print Size
arm-none-eabi-size --format=berkeley "sdcard_fatfs.elf"
   text	   data	    bss	    dec	    hex	filename
  37104	     32	   3296	  40432	   9df0	sdcard_fatfs.elf
Finished building: sdcard_fatfs.siz
 
