14:50:32 **** Build of configuration Debug for project CAN_LoopBack ****
make -j11 all 
Building file: ../Src/main.c
Invoking: GNU ARM Cross C Compiler
arm-none-eabi-gcc -mcpu=cortex-m4 -mthumb -O0 -fmessage-length=0 -fsigned-char -ffunction-sections -fdata-sections -ffreestanding -fno-move-loop-invariants -Wall -Wextra  -g3 -DSTM32L4R5xx -DDEBUG -DTRACE -DOS_USE_TRACE_SEMIHOSTING_DEBUG -I"/Users/khoahuynh/Documents/Document/STM32L4R5ZIT6_NucleoL4R5ZI/Eclipse/MasteringMCU2-PracticeWS/CAN_LoopBack/Drivers/CMSIS/Device/ST/STM32L4xx/Include" -I"/Users/khoahuynh/Documents/Document/STM32L4R5ZIT6_NucleoL4R5ZI/Eclipse/MasteringMCU2-PracticeWS/CAN_LoopBack/Drivers/CMSIS/Include" -I"/Users/khoahuynh/Documents/Document/STM32L4R5ZIT6_NucleoL4R5ZI/Eclipse/MasteringMCU2-PracticeWS/CAN_LoopBack/Drivers/STM32L4xx_HAL_Driver/Inc" -I"/Users/khoahuynh/Documents/Document/STM32L4R5ZIT6_NucleoL4R5ZI/Eclipse/MasteringMCU2-PracticeWS/CAN_LoopBack/Drivers/STM32L4xx_HAL_Driver/Inc/Legacy" -I"/Users/khoahuynh/Documents/Document/STM32L4R5ZIT6_NucleoL4R5ZI/Eclipse/MasteringMCU2-PracticeWS/CAN_LoopBack/Inc" -std=gnu11 -MMD -MP -MF"Src/main.d" -MT"Src/main.o" -c -o "Src/main.o" "../Src/main.c"
Finished building: ../Src/main.c
 
Building target: CAN_LoopBack.elf
Invoking: GNU ARM Cross C++ Linker
arm-none-eabi-g++ -mcpu=cortex-m4 -mthumb -O0 -fmessage-length=0 -fsigned-char -ffunction-sections -fdata-sections -ffreestanding -fno-move-loop-invariants -Wall -Wextra  -g3 -T "/Users/khoahuynh/Documents/Document/STM32L4R5ZIT6_NucleoL4R5ZI/Eclipse/MasteringMCU2-PracticeWS/CAN_LoopBack/STM32L4R5ZITx_FLASH.ld" -Xlinker --gc-sections -Wl,-Map,"CAN_LoopBack.map" --specs=nano.specs -o "CAN_LoopBack.elf"  ./startup/startup_stm32l4r5xx.o  ./Src/it.o ./Src/main.o ./Src/msp.o ./Src/syscalls.o ./Src/system_stm32l4xx.o  ./Drivers/STM32L4xx_HAL_Driver/Src/stm32l4xx_hal.o ./Drivers/STM32L4xx_HAL_Driver/Src/stm32l4xx_hal_can.o ./Drivers/STM32L4xx_HAL_Driver/Src/stm32l4xx_hal_cortex.o ./Drivers/STM32L4xx_HAL_Driver/Src/stm32l4xx_hal_dma.o ./Drivers/STM32L4xx_HAL_Driver/Src/stm32l4xx_hal_dma_ex.o ./Drivers/STM32L4xx_HAL_Driver/Src/stm32l4xx_hal_exti.o ./Drivers/STM32L4xx_HAL_Driver/Src/stm32l4xx_hal_flash.o ./Drivers/STM32L4xx_HAL_Driver/Src/stm32l4xx_hal_flash_ex.o ./Drivers/STM32L4xx_HAL_Driver/Src/stm32l4xx_hal_flash_ramfunc.o ./Drivers/STM32L4xx_HAL_Driver/Src/stm32l4xx_hal_gpio.o ./Drivers/STM32L4xx_HAL_Driver/Src/stm32l4xx_hal_i2c.o ./Drivers/STM32L4xx_HAL_Driver/Src/stm32l4xx_hal_i2c_ex.o ./Drivers/STM32L4xx_HAL_Driver/Src/stm32l4xx_hal_pcd.o ./Drivers/STM32L4xx_HAL_Driver/Src/stm32l4xx_hal_pcd_ex.o ./Drivers/STM32L4xx_HAL_Driver/Src/stm32l4xx_hal_pwr.o ./Drivers/STM32L4xx_HAL_Driver/Src/stm32l4xx_hal_pwr_ex.o ./Drivers/STM32L4xx_HAL_Driver/Src/stm32l4xx_hal_rcc.o ./Drivers/STM32L4xx_HAL_Driver/Src/stm32l4xx_hal_rcc_ex.o ./Drivers/STM32L4xx_HAL_Driver/Src/stm32l4xx_hal_tim.o ./Drivers/STM32L4xx_HAL_Driver/Src/stm32l4xx_hal_tim_ex.o ./Drivers/STM32L4xx_HAL_Driver/Src/stm32l4xx_hal_uart.o ./Drivers/STM32L4xx_HAL_Driver/Src/stm32l4xx_hal_uart_ex.o ./Drivers/STM32L4xx_HAL_Driver/Src/stm32l4xx_ll_usb.o   
Finished building target: CAN_LoopBack.elf
 
Invoking: GNU ARM Cross Create Flash Image
arm-none-eabi-objcopy -O ihex "CAN_LoopBack.elf"  "CAN_LoopBack.hex"
Invoking: GNU ARM Cross Print Size
arm-none-eabi-size --format=berkeley "CAN_LoopBack.elf"
   text	   data	    bss	    dec	    hex	filename
  17664	     48	   1840	  19552	   4c60	CAN_LoopBack.elf
Finished building: CAN_LoopBack.siz
 
Finished building: CAN_LoopBack.hex
 

14:50:33 Build Finished. 0 errors, 0 warnings. (took 653ms)

