16:06:02 **** Incremental Build of configuration Debug for project RTC_AlarmA_STANDBYMODE ****
make -j11 all 
Building file: ../Src/main.c
Invoking: GNU ARM Cross C Compiler
arm-none-eabi-gcc -mcpu=cortex-m4 -mthumb -O0 -fmessage-length=0 -fsigned-char -ffunction-sections -fdata-sections -ffreestanding -fno-move-loop-invariants -Wall -Wextra  -g3 -DSTM32L4R5xx -DDEBUG -DTRACE -DOS_USE_TRACE_SEMIHOSTING_DEBUG -I"/Users/khoahuynh/Documents/Document/STM32L4R5ZIT6_NucleoL4R5ZI/Eclipse/MasteringMCU2-PracticeWS/RTC_AlarmA_STANDBYMODE/Drivers/CMSIS/Device/ST/STM32L4xx/Include" -I"/Users/khoahuynh/Documents/Document/STM32L4R5ZIT6_NucleoL4R5ZI/Eclipse/MasteringMCU2-PracticeWS/RTC_AlarmA_STANDBYMODE/Drivers/CMSIS/Include" -I"/Users/khoahuynh/Documents/Document/STM32L4R5ZIT6_NucleoL4R5ZI/Eclipse/MasteringMCU2-PracticeWS/RTC_AlarmA_STANDBYMODE/Drivers/STM32L4xx_HAL_Driver/Inc" -I"/Users/khoahuynh/Documents/Document/STM32L4R5ZIT6_NucleoL4R5ZI/Eclipse/MasteringMCU2-PracticeWS/RTC_AlarmA_STANDBYMODE/Drivers/STM32L4xx_HAL_Driver/Inc/Legacy" -I"/Users/khoahuynh/Documents/Document/STM32L4R5ZIT6_NucleoL4R5ZI/Eclipse/MasteringMCU2-PracticeWS/RTC_AlarmA_STANDBYMODE/Inc" -I"../include" -I"../system/include" -I"../system/include/cmsis" -I"../system/include/DEVICE" -std=gnu11 -MMD -MP -MF"Src/main.d" -MT"Src/main.o" -c -o "Src/main.o" "../Src/main.c"
Finished building: ../Src/main.c
 
Building target: RTC_AlarmA_STANDBYMODE.elf
Invoking: GNU ARM Cross C++ Linker
arm-none-eabi-g++ -mcpu=cortex-m4 -mthumb -O0 -fmessage-length=0 -fsigned-char -ffunction-sections -fdata-sections -ffreestanding -fno-move-loop-invariants -Wall -Wextra  -g3 -T "/Users/khoahuynh/Documents/Document/STM32L4R5ZIT6_NucleoL4R5ZI/Eclipse/MasteringMCU2-PracticeWS/RTC_AlarmA_STANDBYMODE/STM32L4R5ZITx_FLASH.ld" -Xlinker --gc-sections -Wl,-Map,"RTC_AlarmA_STANDBYMODE.map" --specs=nano.specs -o "RTC_AlarmA_STANDBYMODE.elf"  ./startup/startup_stm32l4r5xx.o  ./Src/it.o ./Src/main.o ./Src/msp.o ./Src/syscalls.o ./Src/system_stm32l4xx.o  ./Drivers/STM32L4xx_HAL_Driver/Src/stm32l4xx_hal.o ./Drivers/STM32L4xx_HAL_Driver/Src/stm32l4xx_hal_cortex.o ./Drivers/STM32L4xx_HAL_Driver/Src/stm32l4xx_hal_dma.o ./Drivers/STM32L4xx_HAL_Driver/Src/stm32l4xx_hal_dma_ex.o ./Drivers/STM32L4xx_HAL_Driver/Src/stm32l4xx_hal_exti.o ./Drivers/STM32L4xx_HAL_Driver/Src/stm32l4xx_hal_flash.o ./Drivers/STM32L4xx_HAL_Driver/Src/stm32l4xx_hal_flash_ex.o ./Drivers/STM32L4xx_HAL_Driver/Src/stm32l4xx_hal_flash_ramfunc.o ./Drivers/STM32L4xx_HAL_Driver/Src/stm32l4xx_hal_gpio.o ./Drivers/STM32L4xx_HAL_Driver/Src/stm32l4xx_hal_i2c.o ./Drivers/STM32L4xx_HAL_Driver/Src/stm32l4xx_hal_i2c_ex.o ./Drivers/STM32L4xx_HAL_Driver/Src/stm32l4xx_hal_pwr.o ./Drivers/STM32L4xx_HAL_Driver/Src/stm32l4xx_hal_pwr_ex.o ./Drivers/STM32L4xx_HAL_Driver/Src/stm32l4xx_hal_rcc.o ./Drivers/STM32L4xx_HAL_Driver/Src/stm32l4xx_hal_rcc_ex.o ./Drivers/STM32L4xx_HAL_Driver/Src/stm32l4xx_hal_rtc.o ./Drivers/STM32L4xx_HAL_Driver/Src/stm32l4xx_hal_rtc_ex.o ./Drivers/STM32L4xx_HAL_Driver/Src/stm32l4xx_hal_tim.o ./Drivers/STM32L4xx_HAL_Driver/Src/stm32l4xx_hal_tim_ex.o ./Drivers/STM32L4xx_HAL_Driver/Src/stm32l4xx_hal_uart.o ./Drivers/STM32L4xx_HAL_Driver/Src/stm32l4xx_hal_uart_ex.o   
Finished building target: RTC_AlarmA_STANDBYMODE.elf
 
Invoking: GNU ARM Cross Create Flash Image
arm-none-eabi-objcopy -O ihex "RTC_AlarmA_STANDBYMODE.elf"  "RTC_AlarmA_STANDBYMODE.hex"
Invoking: GNU ARM Cross Print Size
arm-none-eabi-size --format=berkeley "RTC_AlarmA_STANDBYMODE.elf"
   text	   data	    bss	    dec	    hex	filename
  22888	    128	   1872	  24888	   6138	RTC_AlarmA_STANDBYMODE.elf
Finished building: RTC_AlarmA_STANDBYMODE.siz
 
Finished building: RTC_AlarmA_STANDBYMODE.hex
 

16:06:02 Build Finished. 0 errors, 0 warnings. (took 579ms)

