Archive member included to satisfy reference by file (symbol)

/Users/khoahuynh/Library/xPacks/@gnu-mcu-eclipse/arm-none-eabi-gcc/8.2.1-1.7.1/.content/bin/../lib/gcc/arm-none-eabi/8.2.1/thumb/v7e-m/nofp/libgcc.a(_aeabi_uldivmod.o)
                              ./Drivers/STM32L4xx_HAL_Driver/Src/stm32l4xx_hal_uart.o (__aeabi_uldivmod)
/Users/khoahuynh/Library/xPacks/@gnu-mcu-eclipse/arm-none-eabi-gcc/8.2.1-1.7.1/.content/bin/../lib/gcc/arm-none-eabi/8.2.1/thumb/v7e-m/nofp/libgcc.a(_udivmoddi4.o)
                              /Users/khoahuynh/Library/xPacks/@gnu-mcu-eclipse/arm-none-eabi-gcc/8.2.1-1.7.1/.content/bin/../lib/gcc/arm-none-eabi/8.2.1/thumb/v7e-m/nofp/libgcc.a(_aeabi_uldivmod.o) (__udivmoddi4)
/Users/khoahuynh/Library/xPacks/@gnu-mcu-eclipse/arm-none-eabi-gcc/8.2.1-1.7.1/.content/bin/../lib/gcc/arm-none-eabi/8.2.1/thumb/v7e-m/nofp/libgcc.a(_dvmd_tls.o)
                              /Users/khoahuynh/Library/xPacks/@gnu-mcu-eclipse/arm-none-eabi-gcc/8.2.1-1.7.1/.content/bin/../lib/gcc/arm-none-eabi/8.2.1/thumb/v7e-m/nofp/libgcc.a(_aeabi_uldivmod.o) (__aeabi_ldiv0)
/Users/khoahuynh/Library/xPacks/@gnu-mcu-eclipse/arm-none-eabi-gcc/8.2.1-1.7.1/.content/bin/../lib/gcc/arm-none-eabi/8.2.1/../../../../arm-none-eabi/lib/thumb/v7e-m/nofp/libg_nano.a(lib_a-errno.o)
                              ./Src/syscalls.o (__errno)
/Users/khoahuynh/Library/xPacks/@gnu-mcu-eclipse/arm-none-eabi-gcc/8.2.1-1.7.1/.content/bin/../lib/gcc/arm-none-eabi/8.2.1/../../../../arm-none-eabi/lib/thumb/v7e-m/nofp/libg_nano.a(lib_a-exit.o)
                              /Users/khoahuynh/Library/xPacks/@gnu-mcu-eclipse/arm-none-eabi-gcc/8.2.1-1.7.1/.content/bin/../lib/gcc/arm-none-eabi/8.2.1/../../../../arm-none-eabi/lib/thumb/v7e-m/nofp/crt0.o (exit)
/Users/khoahuynh/Library/xPacks/@gnu-mcu-eclipse/arm-none-eabi-gcc/8.2.1-1.7.1/.content/bin/../lib/gcc/arm-none-eabi/8.2.1/../../../../arm-none-eabi/lib/thumb/v7e-m/nofp/libg_nano.a(lib_a-impure.o)
                              /Users/khoahuynh/Library/xPacks/@gnu-mcu-eclipse/arm-none-eabi-gcc/8.2.1-1.7.1/.content/bin/../lib/gcc/arm-none-eabi/8.2.1/../../../../arm-none-eabi/lib/thumb/v7e-m/nofp/libg_nano.a(lib_a-exit.o) (_global_impure_ptr)
/Users/khoahuynh/Library/xPacks/@gnu-mcu-eclipse/arm-none-eabi-gcc/8.2.1-1.7.1/.content/bin/../lib/gcc/arm-none-eabi/8.2.1/../../../../arm-none-eabi/lib/thumb/v7e-m/nofp/libg_nano.a(lib_a-init.o)
                              /Users/khoahuynh/Library/xPacks/@gnu-mcu-eclipse/arm-none-eabi-gcc/8.2.1-1.7.1/.content/bin/../lib/gcc/arm-none-eabi/8.2.1/../../../../arm-none-eabi/lib/thumb/v7e-m/nofp/crt0.o (__libc_init_array)
/Users/khoahuynh/Library/xPacks/@gnu-mcu-eclipse/arm-none-eabi-gcc/8.2.1-1.7.1/.content/bin/../lib/gcc/arm-none-eabi/8.2.1/../../../../arm-none-eabi/lib/thumb/v7e-m/nofp/libg_nano.a(lib_a-memset.o)
                              /Users/khoahuynh/Library/xPacks/@gnu-mcu-eclipse/arm-none-eabi-gcc/8.2.1-1.7.1/.content/bin/../lib/gcc/arm-none-eabi/8.2.1/../../../../arm-none-eabi/lib/thumb/v7e-m/nofp/crt0.o (memset)
/Users/khoahuynh/Library/xPacks/@gnu-mcu-eclipse/arm-none-eabi-gcc/8.2.1-1.7.1/.content/bin/../lib/gcc/arm-none-eabi/8.2.1/../../../../arm-none-eabi/lib/thumb/v7e-m/nofp/libg_nano.a(lib_a-strlen.o)
                              ./Src/main.o (strlen)

Allocating common symbols
Common symbol       size              file

huart3              0x8c              ./Src/main.o
uwTick              0x4               ./Drivers/STM32L4xx_HAL_Driver/Src/stm32l4xx_hal.o

Discarded input sections

 .text          0x0000000000000000        0x0 /Users/khoahuynh/Library/xPacks/@gnu-mcu-eclipse/arm-none-eabi-gcc/8.2.1-1.7.1/.content/bin/../lib/gcc/arm-none-eabi/8.2.1/thumb/v7e-m/nofp/crti.o
 .data          0x0000000000000000        0x0 /Users/khoahuynh/Library/xPacks/@gnu-mcu-eclipse/arm-none-eabi-gcc/8.2.1-1.7.1/.content/bin/../lib/gcc/arm-none-eabi/8.2.1/thumb/v7e-m/nofp/crti.o
 .bss           0x0000000000000000        0x0 /Users/khoahuynh/Library/xPacks/@gnu-mcu-eclipse/arm-none-eabi-gcc/8.2.1-1.7.1/.content/bin/../lib/gcc/arm-none-eabi/8.2.1/thumb/v7e-m/nofp/crti.o
 .text          0x0000000000000000        0x0 /Users/khoahuynh/Library/xPacks/@gnu-mcu-eclipse/arm-none-eabi-gcc/8.2.1-1.7.1/.content/bin/../lib/gcc/arm-none-eabi/8.2.1/thumb/v7e-m/nofp/crtbegin.o
 .data          0x0000000000000000        0x0 /Users/khoahuynh/Library/xPacks/@gnu-mcu-eclipse/arm-none-eabi-gcc/8.2.1-1.7.1/.content/bin/../lib/gcc/arm-none-eabi/8.2.1/thumb/v7e-m/nofp/crtbegin.o
 .bss           0x0000000000000000        0x0 /Users/khoahuynh/Library/xPacks/@gnu-mcu-eclipse/arm-none-eabi-gcc/8.2.1-1.7.1/.content/bin/../lib/gcc/arm-none-eabi/8.2.1/thumb/v7e-m/nofp/crtbegin.o
 .data.__dso_handle
                0x0000000000000000        0x4 /Users/khoahuynh/Library/xPacks/@gnu-mcu-eclipse/arm-none-eabi-gcc/8.2.1-1.7.1/.content/bin/../lib/gcc/arm-none-eabi/8.2.1/thumb/v7e-m/nofp/crtbegin.o
[...]
Memory Configuration

Name             Origin             Length             Attributes
RAM              0x0000000020000000 0x00000000000a0000 xrw
FLASH            0x0000000008000000 0x0000000000200000 xr
*default*        0x0000000000000000 0xffffffffffffffff

Linker script and memory map

LOAD /Users/khoahuynh/Library/xPacks/@gnu-mcu-eclipse/arm-none-eabi-gcc/8.2.1-1.7.1/.content/bin/../lib/gcc/arm-none-eabi/8.2.1/thumb/v7e-m/nofp/crti.o
LOAD /Users/khoahuynh/Library/xPacks/@gnu-mcu-eclipse/arm-none-eabi-gcc/8.2.1-1.7.1/.content/bin/../lib/gcc/arm-none-eabi/8.2.1/thumb/v7e-m/nofp/crtbegin.o
LOAD /Users/khoahuynh/Library/xPacks/@gnu-mcu-eclipse/arm-none-eabi-gcc/8.2.1-1.7.1/.content/bin/../lib/gcc/arm-none-eabi/8.2.1/../../../../arm-none-eabi/lib/thumb/v7e-m/nofp/crt0.o
LOAD ./startup/startup_stm32l4r5xx.o
LOAD ./Src/it.o
LOAD ./Src/main.o
LOAD ./Src/msp.o
LOAD ./Src/syscalls.o
LOAD ./Src/system_stm32l4xx.o
LOAD ./Drivers/STM32L4xx_HAL_Driver/Src/stm32l4xx_hal.o
LOAD ./Drivers/STM32L4xx_HAL_Driver/Src/stm32l4xx_hal_cortex.o
LOAD ./Drivers/STM32L4xx_HAL_Driver/Src/stm32l4xx_hal_dma.o
LOAD ./Drivers/STM32L4xx_HAL_Driver/Src/stm32l4xx_hal_dma_ex.o
LOAD ./Drivers/STM32L4xx_HAL_Driver/Src/stm32l4xx_hal_exti.o
LOAD ./Drivers/STM32L4xx_HAL_Driver/Src/stm32l4xx_hal_flash.o
LOAD ./Drivers/STM32L4xx_HAL_Driver/Src/stm32l4xx_hal_flash_ex.o
LOAD ./Drivers/STM32L4xx_HAL_Driver/Src/stm32l4xx_hal_flash_ramfunc.o
LOAD ./Drivers/STM32L4xx_HAL_Driver/Src/stm32l4xx_hal_gpio.o
LOAD ./Drivers/STM32L4xx_HAL_Driver/Src/stm32l4xx_hal_i2c.o
LOAD ./Drivers/STM32L4xx_HAL_Driver/Src/stm32l4xx_hal_i2c_ex.o
LOAD ./Drivers/STM32L4xx_HAL_Driver/Src/stm32l4xx_hal_pwr.o
LOAD ./Drivers/STM32L4xx_HAL_Driver/Src/stm32l4xx_hal_pwr_ex.o
LOAD ./Drivers/STM32L4xx_HAL_Driver/Src/stm32l4xx_hal_rcc.o
LOAD ./Drivers/STM32L4xx_HAL_Driver/Src/stm32l4xx_hal_rcc_ex.o
LOAD ./Drivers/STM32L4xx_HAL_Driver/Src/stm32l4xx_hal_tim.o
LOAD ./Drivers/STM32L4xx_HAL_Driver/Src/stm32l4xx_hal_tim_ex.o
LOAD ./Drivers/STM32L4xx_HAL_Driver/Src/stm32l4xx_hal_uart.o
LOAD ./Drivers/STM32L4xx_HAL_Driver/Src/stm32l4xx_hal_uart_ex.o
LOAD /Users/khoahuynh/Library/xPacks/@gnu-mcu-eclipse/arm-none-eabi-gcc/8.2.1-1.7.1/.content/bin/../lib/gcc/arm-none-eabi/8.2.1/../../../../arm-none-eabi/lib/thumb/v7e-m/nofp/libstdc++_nano.a
LOAD /Users/khoahuynh/Library/xPacks/@gnu-mcu-eclipse/arm-none-eabi-gcc/8.2.1-1.7.1/.content/bin/../lib/gcc/arm-none-eabi/8.2.1/../../../../arm-none-eabi/lib/thumb/v7e-m/nofp/libm.a
START GROUP
LOAD /Users/khoahuynh/Library/xPacks/@gnu-mcu-eclipse/arm-none-eabi-gcc/8.2.1-1.7.1/.content/bin/../lib/gcc/arm-none-eabi/8.2.1/thumb/v7e-m/nofp/libgcc.a
LOAD /Users/khoahuynh/Library/xPacks/@gnu-mcu-eclipse/arm-none-eabi-gcc/8.2.1-1.7.1/.content/bin/../lib/gcc/arm-none-eabi/8.2.1/../../../../arm-none-eabi/lib/thumb/v7e-m/nofp/libg_nano.a
LOAD /Users/khoahuynh/Library/xPacks/@gnu-mcu-eclipse/arm-none-eabi-gcc/8.2.1-1.7.1/.content/bin/../lib/gcc/arm-none-eabi/8.2.1/../../../../arm-none-eabi/lib/thumb/v7e-m/nofp/libc_nano.a
END GROUP
START GROUP
LOAD /Users/khoahuynh/Library/xPacks/@gnu-mcu-eclipse/arm-none-eabi-gcc/8.2.1-1.7.1/.content/bin/../lib/gcc/arm-none-eabi/8.2.1/thumb/v7e-m/nofp/libgcc.a
LOAD /Users/khoahuynh/Library/xPacks/@gnu-mcu-eclipse/arm-none-eabi-gcc/8.2.1-1.7.1/.content/bin/../lib/gcc/arm-none-eabi/8.2.1/../../../../arm-none-eabi/lib/thumb/v7e-m/nofp/libc_nano.a
END GROUP
LOAD /Users/khoahuynh/Library/xPacks/@gnu-mcu-eclipse/arm-none-eabi-gcc/8.2.1-1.7.1/.content/bin/../lib/gcc/arm-none-eabi/8.2.1/thumb/v7e-m/nofp/crtend.o
LOAD /Users/khoahuynh/Library/xPacks/@gnu-mcu-eclipse/arm-none-eabi-gcc/8.2.1-1.7.1/.content/bin/../lib/gcc/arm-none-eabi/8.2.1/thumb/v7e-m/nofp/crtn.o
                0x00000000200a0000                _estack = 0x200a0000
                0x0000000000000200                _Min_Heap_Size = 0x200
                0x0000000000000400                _Min_Stack_Size = 0x400

.isr_vector     0x0000000008000000      0x1c0
                0x0000000008000000                . = ALIGN (0x8)
 *(.isr_vector)
 .isr_vector    0x0000000008000000      0x1bc ./startup/startup_stm32l4r5xx.o
                0x0000000008000000                g_pfnVectors
                0x00000000080001c0                . = ALIGN (0x8)
 *fill*         0x00000000080001bc        0x4 

.text           0x00000000080001c0     0x1a20
                0x00000000080001c0                . = ALIGN (0x8)
 *(.text)
 .text          0x00000000080001c0       0x30 /Users/khoahuynh/Library/xPacks/@gnu-mcu-eclipse/arm-none-eabi-gcc/8.2.1-1.7.1/.content/bin/../lib/gcc/arm-none-eabi/8.2.1/thumb/v7e-m/nofp/libgcc.a(_aeabi_uldivmod.o)
                0x00000000080001c0                __aeabi_uldivmod
 .text          0x00000000080001f0        0x4 /Users/khoahuynh/Library/xPacks/@gnu-mcu-eclipse/arm-none-eabi-gcc/8.2.1-1.7.1/.content/bin/../lib/gcc/arm-none-eabi/8.2.1/thumb/v7e-m/nofp/libgcc.a(_dvmd_tls.o)
                0x00000000080001f0                __aeabi_ldiv0
                0x00000000080001f0                __aeabi_idiv0
 .text          0x00000000080001f4       0x10 /Users/khoahuynh/Library/xPacks/@gnu-mcu-eclipse/arm-none-eabi-gcc/8.2.1-1.7.1/.content/bin/../lib/gcc/arm-none-eabi/8.2.1/../../../../arm-none-eabi/lib/thumb/v7e-m/nofp/libg_nano.a(lib_a-strlen.o)
                0x00000000080001f4                strlen
 *(.text*)
 .text.deregister_tm_clones
                0x0000000008000204       0x1c /Users/khoahuynh/Library/xPacks/@gnu-mcu-eclipse/arm-none-eabi-gcc/8.2.1-1.7.1/.content/bin/../lib/gcc/arm-none-eabi/8.2.1/thumb/v7e-m/nofp/crtbegin.o
 .text.register_tm_clones
                0x0000000008000220       0x24 /Users/khoahuynh/Library/xPacks/@gnu-mcu-eclipse/arm-none-eabi-gcc/8.2.1-1.7.1/.content/bin/../lib/gcc/arm-none-eabi/8.2.1/thumb/v7e-m/nofp/crtbegin.o
 .text.__do_global_dtors_aux
                0x0000000008000244       0x28 /Users/khoahuynh/Library/xPacks/@gnu-mcu-eclipse/arm-none-eabi-gcc/8.2.1-1.7.1/.content/bin/../lib/gcc/arm-none-eabi/8.2.1/thumb/v7e-m/nofp/crtbegin.o
 .text.frame_dummy
                0x000000000800026c       0x24 /Users/khoahuynh/Library/xPacks/@gnu-mcu-eclipse/arm-none-eabi-gcc/8.2.1-1.7.1/.content/bin/../lib/gcc/arm-none-eabi/8.2.1/thumb/v7e-m/nofp/crtbegin.o
 .text.Reset_Handler
                0x0000000008000290       0x50 ./startup/startup_stm32l4r5xx.o
                0x0000000008000290                Reset_Handler
 .text.Default_Handler
                0x00000000080002e0        0x2 ./startup/startup_stm32l4r5xx.o
                0x00000000080002e0                TIM1_BRK_TIM15_IRQHandler
                0x00000000080002e0                EXTI2_IRQHandler
                0x00000000080002e0                TIM8_TRG_COM_IRQHandler
                0x00000000080002e0                TIM8_CC_IRQHandler
                0x00000000080002e0                DebugMon_Handler
                0x00000000080002e0                TIM1_CC_IRQHandler
                0x00000000080002e0                TSC_IRQHandler
                0x00000000080002e0                HardFault_Handler
                0x00000000080002e0                TAMP_STAMP_IRQHandler
                0x00000000080002e0                PendSV_Handler
                0x00000000080002e0                NMI_Handler
                0x00000000080002e0                EXTI3_IRQHandler
                0x00000000080002e0                LPTIM2_IRQHandler
                0x00000000080002e0                DFSDM1_FLT1_IRQHandler
                0x00000000080002e0                GFXMMU_IRQHandler
                0x00000000080002e0                I2C3_ER_IRQHandler
                0x00000000080002e0                DFSDM1_FLT2_IRQHandler
                0x00000000080002e0                EXTI0_IRQHandler
                0x00000000080002e0                I2C2_EV_IRQHandler
                0x00000000080002e0                CAN1_RX0_IRQHandler
                0x00000000080002e0                FPU_IRQHandler
                0x00000000080002e0                TIM1_UP_TIM16_IRQHandler
                0x00000000080002e0                UsageFault_Handler
                0x00000000080002e0                LTDC_ER_IRQHandler
                0x00000000080002e0                SPI1_IRQHandler
                0x00000000080002e0                OCTOSPI1_IRQHandler
                0x00000000080002e0                TIM6_DAC_IRQHandler
                0x00000000080002e0                DCMI_IRQHandler
                0x00000000080002e0                TIM8_UP_IRQHandler
                0x00000000080002e0                OCTOSPI2_IRQHandler
                0x00000000080002e0                DMA2_Channel2_IRQHandler
                0x00000000080002e0                DMA1_Channel4_IRQHandler
                0x00000000080002e0                SAI2_IRQHandler
                0x00000000080002e0                ADC1_IRQHandler
                0x00000000080002e0                DFSDM1_FLT3_IRQHandler
                0x00000000080002e0                USART3_IRQHandler
                0x00000000080002e0                DMA1_Channel7_IRQHandler
                0x00000000080002e0                CAN1_RX1_IRQHandler
                0x00000000080002e0                UART5_IRQHandler
                0x00000000080002e0                TIM4_IRQHandler
                0x00000000080002e0                DMA2_Channel1_IRQHandler
                0x00000000080002e0                I2C1_EV_IRQHandler
                0x00000000080002e0                DMAMUX1_OVR_IRQHandler
                0x00000000080002e0                DMA1_Channel6_IRQHandler
                0x00000000080002e0                UART4_IRQHandler
                0x00000000080002e0                DMA2_Channel4_IRQHandler
                0x00000000080002e0                TIM3_IRQHandler
                0x00000000080002e0                RCC_IRQHandler
                0x00000000080002e0                DMA1_Channel1_IRQHandler
                0x00000000080002e0                Default_Handler
                0x00000000080002e0                DMA2_Channel7_IRQHandler
                0x00000000080002e0                EXTI15_10_IRQHandler
                0x00000000080002e0                TIM7_IRQHandler
                0x00000000080002e0                SDMMC1_IRQHandler
                0x00000000080002e0                TIM5_IRQHandler
                0x00000000080002e0                I2C3_EV_IRQHandler
                0x00000000080002e0                EXTI9_5_IRQHandler
                0x00000000080002e0                RTC_WKUP_IRQHandler
                0x00000000080002e0                LTDC_IRQHandler
                0x00000000080002e0                PVD_PVM_IRQHandler
                0x00000000080002e0                SPI2_IRQHandler
                0x00000000080002e0                MemManage_Handler
                0x00000000080002e0                CAN1_TX_IRQHandler
                0x00000000080002e0                SVC_Handler
                0x00000000080002e0                DMA2_Channel5_IRQHandler
                0x00000000080002e0                CRS_IRQHandler
                0x00000000080002e0                DMA1_Channel5_IRQHandler
                0x00000000080002e0                EXTI4_IRQHandler
                0x00000000080002e0                RNG_IRQHandler
                0x00000000080002e0                TIM1_TRG_COM_TIM17_IRQHandler
                0x00000000080002e0                DMA1_Channel3_IRQHandler
                0x00000000080002e0                COMP_IRQHandler
                0x00000000080002e0                WWDG_IRQHandler
                0x00000000080002e0                I2C4_EV_IRQHandler
                0x00000000080002e0                LPUART1_IRQHandler
                0x00000000080002e0                DMA2_Channel6_IRQHandler
                0x00000000080002e0                TIM2_IRQHandler
                0x00000000080002e0                DMA2D_IRQHandler
                0x00000000080002e0                EXTI1_IRQHandler
                0x00000000080002e0                USART2_IRQHandler
                0x00000000080002e0                DFSDM1_FLT0_IRQHandler
                0x00000000080002e0                I2C2_ER_IRQHandler
                0x00000000080002e0                DMA1_Channel2_IRQHandler
                0x00000000080002e0                TIM8_BRK_IRQHandler
                0x00000000080002e0                CAN1_SCE_IRQHandler
                0x00000000080002e0                FLASH_IRQHandler
                0x00000000080002e0                BusFault_Handler
                0x00000000080002e0                USART1_IRQHandler
                0x00000000080002e0                OTG_FS_IRQHandler
                0x00000000080002e0                SPI3_IRQHandler
                0x00000000080002e0                I2C1_ER_IRQHandler
                0x00000000080002e0                FMC_IRQHandler
                0x00000000080002e0                LPTIM1_IRQHandler
                0x00000000080002e0                I2C4_ER_IRQHandler
                0x00000000080002e0                SAI1_IRQHandler
                0x00000000080002e0                DMA2_Channel3_IRQHandler
                0x00000000080002e0                RTC_Alarm_IRQHandler
 .text.SysTick_Handler
                0x00000000080002e2        0xc ./Src/it.o
                0x00000000080002e2                SysTick_Handler
 *fill*         0x00000000080002ee        0x2 
 .text.UART3_Init
                0x00000000080002f0       0x2c ./Src/main.o
                0x00000000080002f0                UART3_Init
 .text.main     0x000000000800031c       0x30 ./Src/main.o
                0x000000000800031c                main
 .text.HAL_MspInit
                0x000000000800034c       0x3c ./Src/msp.o
                0x000000000800034c                HAL_MspInit
 .text.HAL_UART_MspInit
                0x0000000008000388       0x70 ./Src/msp.o
                0x0000000008000388                HAL_UART_MspInit
 .text.SystemInit
                0x00000000080003f8       0x3c ./Src/system_stm32l4xx.o
                0x00000000080003f8                SystemInit
 .text.HAL_InitTick
                0x0000000008000434       0x50 ./Drivers/STM32L4xx_HAL_Driver/Src/stm32l4xx_hal.o
                0x0000000008000434                HAL_InitTick
 .text.HAL_Init
                0x0000000008000484       0x1e ./Drivers/STM32L4xx_HAL_Driver/Src/stm32l4xx_hal.o
                0x0000000008000484                HAL_Init
 *fill*         0x00000000080004a2        0x2 
 .text.HAL_IncTick
                0x00000000080004a4       0x18 ./Drivers/STM32L4xx_HAL_Driver/Src/stm32l4xx_hal.o
                0x00000000080004a4                HAL_IncTick
 .text.HAL_GetTick
                0x00000000080004bc        0xc ./Drivers/STM32L4xx_HAL_Driver/Src/stm32l4xx_hal.o
                0x00000000080004bc                HAL_GetTick
 .text.HAL_NVIC_SetPriorityGrouping
                0x00000000080004c8       0x24 ./Drivers/STM32L4xx_HAL_Driver/Src/stm32l4xx_hal_cortex.o
                0x00000000080004c8                HAL_NVIC_SetPriorityGrouping
 .text.HAL_NVIC_SetPriority
                0x00000000080004ec       0x68 ./Drivers/STM32L4xx_HAL_Driver/Src/stm32l4xx_hal_cortex.o
                0x00000000080004ec                HAL_NVIC_SetPriority
 .text.HAL_NVIC_EnableIRQ
                0x0000000008000554       0x1c ./Drivers/STM32L4xx_HAL_Driver/Src/stm32l4xx_hal_cortex.o
                0x0000000008000554                HAL_NVIC_EnableIRQ
 .text.HAL_SYSTICK_Config
                0x0000000008000570       0x2c ./Drivers/STM32L4xx_HAL_Driver/Src/stm32l4xx_hal_cortex.o
                0x0000000008000570                HAL_SYSTICK_Config
 .text.HAL_SYSTICK_Callback
                0x000000000800059c        0x2 ./Drivers/STM32L4xx_HAL_Driver/Src/stm32l4xx_hal_cortex.o
                0x000000000800059c                HAL_SYSTICK_Callback
 .text.HAL_SYSTICK_IRQHandler
                0x000000000800059e        0x8 ./Drivers/STM32L4xx_HAL_Driver/Src/stm32l4xx_hal_cortex.o
                0x000000000800059e                HAL_SYSTICK_IRQHandler
 *fill*         0x00000000080005a6        0x2 
 .text.HAL_GPIO_Init
                0x00000000080005a8      0x1b8 ./Drivers/STM32L4xx_HAL_Driver/Src/stm32l4xx_hal_gpio.o
                0x00000000080005a8                HAL_GPIO_Init
 .text.HAL_RCC_GetSysClockFreq
                0x0000000008000760       0xb4 ./Drivers/STM32L4xx_HAL_Driver/Src/stm32l4xx_hal_rcc.o
                0x0000000008000760                HAL_RCC_GetSysClockFreq
 .text.HAL_RCC_GetHCLKFreq
                0x0000000008000814        0xc ./Drivers/STM32L4xx_HAL_Driver/Src/stm32l4xx_hal_rcc.o
                0x0000000008000814                HAL_RCC_GetHCLKFreq
 .text.HAL_RCC_GetPCLK1Freq
                0x0000000008000820       0x24 ./Drivers/STM32L4xx_HAL_Driver/Src/stm32l4xx_hal_rcc.o
                0x0000000008000820                HAL_RCC_GetPCLK1Freq
 .text.HAL_RCC_GetPCLK2Freq
                0x0000000008000844       0x24 ./Drivers/STM32L4xx_HAL_Driver/Src/stm32l4xx_hal_rcc.o
                0x0000000008000844                HAL_RCC_GetPCLK2Freq
 .text.UART_SetConfig
                0x0000000008000868      0xd60 ./Drivers/STM32L4xx_HAL_Driver/Src/stm32l4xx_hal_uart.o
                0x0000000008000868                UART_SetConfig
 .text.UART_AdvFeatureConfig
                0x00000000080015c8       0xca ./Drivers/STM32L4xx_HAL_Driver/Src/stm32l4xx_hal_uart.o
                0x00000000080015c8                UART_AdvFeatureConfig
 .text.UART_WaitOnFlagUntilTimeout
                0x0000000008001692       0x64 ./Drivers/STM32L4xx_HAL_Driver/Src/stm32l4xx_hal_uart.o
                0x0000000008001692                UART_WaitOnFlagUntilTimeout
 .text.HAL_UART_Transmit
                0x00000000080016f6       0xe0 ./Drivers/STM32L4xx_HAL_Driver/Src/stm32l4xx_hal_uart.o
                0x00000000080016f6                HAL_UART_Transmit
 .text.UART_CheckIdleState
                0x00000000080017d6       0x72 ./Drivers/STM32L4xx_HAL_Driver/Src/stm32l4xx_hal_uart.o
                0x00000000080017d6                UART_CheckIdleState
 .text.HAL_UART_Init
                0x0000000008001848       0x66 ./Drivers/STM32L4xx_HAL_Driver/Src/stm32l4xx_hal_uart.o
                0x0000000008001848                HAL_UART_Init
 *fill*         0x00000000080018ae        0x2 
 .text.__udivmoddi4
                0x00000000080018b0      0x2d0 /Users/khoahuynh/Library/xPacks/@gnu-mcu-eclipse/arm-none-eabi-gcc/8.2.1-1.7.1/.content/bin/../lib/gcc/arm-none-eabi/8.2.1/thumb/v7e-m/nofp/libgcc.a(_udivmoddi4.o)
                0x00000000080018b0                __udivmoddi4
 .text.__libc_init_array
                0x0000000008001b80       0x48 /Users/khoahuynh/Library/xPacks/@gnu-mcu-eclipse/arm-none-eabi-gcc/8.2.1-1.7.1/.content/bin/../lib/gcc/arm-none-eabi/8.2.1/../../../../arm-none-eabi/lib/thumb/v7e-m/nofp/libg_nano.a(lib_a-init.o)
                0x0000000008001b80                __libc_init_array
 *(.glue_7)
 .glue_7        0x0000000008001bc8        0x0 linker stubs
 *(.glue_7t)
 .glue_7t       0x0000000008001bc8        0x0 linker stubs
 *(.eh_frame)
 .eh_frame      0x0000000008001bc8        0x0 /Users/khoahuynh/Library/xPacks/@gnu-mcu-eclipse/arm-none-eabi-gcc/8.2.1-1.7.1/.content/bin/../lib/gcc/arm-none-eabi/8.2.1/thumb/v7e-m/nofp/crtbegin.o
 *(.init)
 .init          0x0000000008001bc8        0x4 /Users/khoahuynh/Library/xPacks/@gnu-mcu-eclipse/arm-none-eabi-gcc/8.2.1-1.7.1/.content/bin/../lib/gcc/arm-none-eabi/8.2.1/thumb/v7e-m/nofp/crti.o
                0x0000000008001bc8                _init
 .init          0x0000000008001bcc        0x8 /Users/khoahuynh/Library/xPacks/@gnu-mcu-eclipse/arm-none-eabi-gcc/8.2.1-1.7.1/.content/bin/../lib/gcc/arm-none-eabi/8.2.1/thumb/v7e-m/nofp/crtn.o
 *(.fini)
 .fini          0x0000000008001bd4        0x4 /Users/khoahuynh/Library/xPacks/@gnu-mcu-eclipse/arm-none-eabi-gcc/8.2.1-1.7.1/.content/bin/../lib/gcc/arm-none-eabi/8.2.1/thumb/v7e-m/nofp/crti.o
                0x0000000008001bd4                _fini
 .fini          0x0000000008001bd8        0x8 /Users/khoahuynh/Library/xPacks/@gnu-mcu-eclipse/arm-none-eabi-gcc/8.2.1-1.7.1/.content/bin/../lib/gcc/arm-none-eabi/8.2.1/thumb/v7e-m/nofp/crtn.o
                0x0000000008001be0                . = ALIGN (0x8)
                0x0000000008001be0                _etext = .

.vfp11_veneer   0x0000000008001be0        0x0
 .vfp11_veneer  0x0000000008001be0        0x0 linker stubs

.v4_bx          0x0000000008001be0        0x0
 .v4_bx         0x0000000008001be0        0x0 linker stubs

.iplt           0x0000000008001be0        0x0
 .iplt          0x0000000008001be0        0x0 /Users/khoahuynh/Library/xPacks/@gnu-mcu-eclipse/arm-none-eabi-gcc/8.2.1-1.7.1/.content/bin/../lib/gcc/arm-none-eabi/8.2.1/thumb/v7e-m/nofp/crtbegin.o

.rodata         0x0000000008001be0       0x58
                0x0000000008001be0                . = ALIGN (0x8)
 *(.rodata)
 *(.rodata*)
 .rodata.str1.4
                0x0000000008001be0       0x20 ./Src/main.o
                                         0x1d (size before relaxing)
 .rodata.APBPrescTable
                0x0000000008001c00        0x8 ./Src/system_stm32l4xx.o
                0x0000000008001c00                APBPrescTable
 .rodata.MSIRangeTable
                0x0000000008001c08       0x30 ./Src/system_stm32l4xx.o
                0x0000000008001c08                MSIRangeTable
                0x0000000008001c38                . = ALIGN (0x8)

.ARM.extab      0x0000000008001c38        0x0
                0x0000000008001c38                . = ALIGN (0x8)
 *(.ARM.extab* .gnu.linkonce.armextab.*)
                0x0000000008001c38                . = ALIGN (0x8)

.ARM            0x0000000008001c38        0x8
                0x0000000008001c38                . = ALIGN (0x8)
                0x0000000008001c38                __exidx_start = .
 *(.ARM.exidx*)
 .ARM.exidx.text.__udivmoddi4
                0x0000000008001c38        0x8 /Users/khoahuynh/Library/xPacks/@gnu-mcu-eclipse/arm-none-eabi-gcc/8.2.1-1.7.1/.content/bin/../lib/gcc/arm-none-eabi/8.2.1/thumb/v7e-m/nofp/libgcc.a(_udivmoddi4.o)
                0x0000000008001c40                __exidx_end = .
                0x0000000008001c40                . = ALIGN (0x8)

.rel.dyn        0x0000000008001c40        0x0
 .rel.iplt      0x0000000008001c40        0x0 /Users/khoahuynh/Library/xPacks/@gnu-mcu-eclipse/arm-none-eabi-gcc/8.2.1-1.7.1/.content/bin/../lib/gcc/arm-none-eabi/8.2.1/thumb/v7e-m/nofp/crtbegin.o

.preinit_array  0x0000000008001c40        0x0
                0x0000000008001c40                . = ALIGN (0x8)
                0x0000000008001c40                PROVIDE (__preinit_array_start = .)
 *(.preinit_array*)
                0x0000000008001c40                PROVIDE (__preinit_array_end = .)
                0x0000000008001c40                . = ALIGN (0x8)

.init_array     0x0000000008001c40        0x8
                0x0000000008001c40                . = ALIGN (0x8)
                0x0000000008001c40                PROVIDE (__init_array_start = .)
 *(SORT_BY_NAME(.init_array.*))
 *(.init_array*)
 .init_array    0x0000000008001c40        0x4 /Users/khoahuynh/Library/xPacks/@gnu-mcu-eclipse/arm-none-eabi-gcc/8.2.1-1.7.1/.content/bin/../lib/gcc/arm-none-eabi/8.2.1/thumb/v7e-m/nofp/crtbegin.o
                0x0000000008001c44                PROVIDE (__init_array_end = .)
                0x0000000008001c48                . = ALIGN (0x8)
 *fill*         0x0000000008001c44        0x4 

.fini_array     0x0000000008001c48        0x8
                0x0000000008001c48                . = ALIGN (0x8)
                [!provide]                        PROVIDE (__fini_array_start = .)
 *(SORT_BY_NAME(.fini_array.*))
 *(.fini_array*)
 .fini_array    0x0000000008001c48        0x4 /Users/khoahuynh/Library/xPacks/@gnu-mcu-eclipse/arm-none-eabi-gcc/8.2.1-1.7.1/.content/bin/../lib/gcc/arm-none-eabi/8.2.1/thumb/v7e-m/nofp/crtbegin.o
                [!provide]                        PROVIDE (__fini_array_end = .)
                0x0000000008001c50                . = ALIGN (0x8)
 *fill*         0x0000000008001c4c        0x4 
                0x0000000008001c50                _sidata = LOADADDR (.data)

.data           0x0000000020000000       0x10 load address 0x0000000008001c50
                0x0000000020000000                . = ALIGN (0x8)
                0x0000000020000000                _sdata = .
 *(.data)
 *(.data*)
 .data.my_mes   0x0000000020000000        0x4 ./Src/main.o
                0x0000000020000000                my_mes
 .data.SystemCoreClock
                0x0000000020000004        0x4 ./Src/system_stm32l4xx.o
                0x0000000020000004                SystemCoreClock
 .data.uwTickFreq
                0x0000000020000008        0x4 ./Drivers/STM32L4xx_HAL_Driver/Src/stm32l4xx_hal.o
                0x0000000020000008                uwTickFreq
 .data.uwTickPrio
                0x000000002000000c        0x4 ./Drivers/STM32L4xx_HAL_Driver/Src/stm32l4xx_hal.o
                0x000000002000000c                uwTickPrio
                0x0000000020000010                . = ALIGN (0x8)
                0x0000000020000010                _edata = .

.tm_clone_table
                0x0000000020000010        0x0 load address 0x0000000008001c60
 .tm_clone_table
                0x0000000020000010        0x0 /Users/khoahuynh/Library/xPacks/@gnu-mcu-eclipse/arm-none-eabi-gcc/8.2.1-1.7.1/.content/bin/../lib/gcc/arm-none-eabi/8.2.1/thumb/v7e-m/nofp/crtbegin.o
 .tm_clone_table
                0x0000000020000010        0x0 /Users/khoahuynh/Library/xPacks/@gnu-mcu-eclipse/arm-none-eabi-gcc/8.2.1-1.7.1/.content/bin/../lib/gcc/arm-none-eabi/8.2.1/thumb/v7e-m/nofp/crtend.o

.igot.plt       0x0000000020000010        0x0 load address 0x0000000008001c60
 .igot.plt      0x0000000020000010        0x0 /Users/khoahuynh/Library/xPacks/@gnu-mcu-eclipse/arm-none-eabi-gcc/8.2.1-1.7.1/.content/bin/../lib/gcc/arm-none-eabi/8.2.1/thumb/v7e-m/nofp/crtbegin.o
                0x0000000020000010                . = ALIGN (0x4)

.bss            0x0000000020000010       0xac load address 0x0000000008001c60
                0x0000000020000010                _sbss = .
                0x0000000020000010                __bss_start__ = _sbss
 *(.bss)
 *(.bss*)
 .bss.completed.6707
                0x0000000020000010        0x1 /Users/khoahuynh/Library/xPacks/@gnu-mcu-eclipse/arm-none-eabi-gcc/8.2.1-1.7.1/.content/bin/../lib/gcc/arm-none-eabi/8.2.1/thumb/v7e-m/nofp/crtbegin.o
 *fill*         0x0000000020000011        0x3 
 .bss.object.6712
                0x0000000020000014       0x18 /Users/khoahuynh/Library/xPacks/@gnu-mcu-eclipse/arm-none-eabi-gcc/8.2.1-1.7.1/.content/bin/../lib/gcc/arm-none-eabi/8.2.1/thumb/v7e-m/nofp/crtbegin.o
 *(COMMON)
 COMMON         0x000000002000002c       0x8c ./Src/main.o
                0x000000002000002c                huart3
 COMMON         0x00000000200000b8        0x4 ./Drivers/STM32L4xx_HAL_Driver/Src/stm32l4xx_hal.o
                0x00000000200000b8                uwTick
                0x00000000200000bc                . = ALIGN (0x4)
                0x00000000200000bc                _ebss = .
                0x00000000200000bc                __bss_end__ = _ebss

._user_heap_stack
                0x00000000200000bc      0x604 load address 0x0000000008001c60
                0x00000000200000c0                . = ALIGN (0x8)
 *fill*         0x00000000200000bc        0x4 
                0x00000000200000c0                PROVIDE (end = .)
                [!provide]                        PROVIDE (_end = .)
                0x00000000200002c0                . = (. + _Min_Heap_Size)
 *fill*         0x00000000200000c0      0x200 
                0x00000000200006c0                . = (. + _Min_Stack_Size)
 *fill*         0x00000000200002c0      0x400 
                0x00000000200006c0                . = ALIGN (0x8)

/DISCARD/
 libc.a(*)
 libm.a(*)
 libgcc.a(*)

.ARM.attributes
                0x0000000000000000       0x2a
 *(.ARM.attributes)
 .ARM.attributes
                0x0000000000000000       0x1e /Users/khoahuynh/Library/xPacks/@gnu-mcu-eclipse/arm-none-eabi-gcc/8.2.1-1.7.1/.content/bin/../lib/gcc/arm-none-eabi/8.2.1/thumb/v7e-m/nofp/crti.o
 .ARM.attributes
                0x000000000000001e       0x2e /Users/khoahuynh/Library/xPacks/@gnu-mcu-eclipse/arm-none-eabi-gcc/8.2.1-1.7.1/.content/bin/../lib/gcc/arm-none-eabi/8.2.1/thumb/v7e-m/nofp/crtbegin.o
 .ARM.attributes
                0x000000000000004c       0x21 ./startup/startup_stm32l4r5xx.o
 .ARM.attributes
                0x000000000000006d       0x2e ./Src/it.o
 .ARM.attributes
                0x000000000000009b       0x2e ./Src/main.o
 .ARM.attributes
                0x00000000000000c9       0x2e ./Src/msp.o
 .ARM.attributes
                0x00000000000000f7       0x2e ./Src/system_stm32l4xx.o
 .ARM.attributes
                0x0000000000000125       0x2e ./Drivers/STM32L4xx_HAL_Driver/Src/stm32l4xx_hal.o
 .ARM.attributes
                0x0000000000000153       0x2e ./Drivers/STM32L4xx_HAL_Driver/Src/stm32l4xx_hal_cortex.o
 .ARM.attributes
                0x0000000000000181       0x2e ./Drivers/STM32L4xx_HAL_Driver/Src/stm32l4xx_hal_gpio.o
 .ARM.attributes
                0x00000000000001af       0x2e ./Drivers/STM32L4xx_HAL_Driver/Src/stm32l4xx_hal_rcc.o
 .ARM.attributes
                0x00000000000001dd       0x2e ./Drivers/STM32L4xx_HAL_Driver/Src/stm32l4xx_hal_uart.o
 .ARM.attributes
                0x000000000000020b       0x1e /Users/khoahuynh/Library/xPacks/@gnu-mcu-eclipse/arm-none-eabi-gcc/8.2.1-1.7.1/.content/bin/../lib/gcc/arm-none-eabi/8.2.1/thumb/v7e-m/nofp/libgcc.a(_aeabi_uldivmod.o)
 .ARM.attributes
                0x0000000000000229       0x2e /Users/khoahuynh/Library/xPacks/@gnu-mcu-eclipse/arm-none-eabi-gcc/8.2.1-1.7.1/.content/bin/../lib/gcc/arm-none-eabi/8.2.1/thumb/v7e-m/nofp/libgcc.a(_udivmoddi4.o)
 .ARM.attributes
                0x0000000000000257       0x1e /Users/khoahuynh/Library/xPacks/@gnu-mcu-eclipse/arm-none-eabi-gcc/8.2.1-1.7.1/.content/bin/../lib/gcc/arm-none-eabi/8.2.1/thumb/v7e-m/nofp/libgcc.a(_dvmd_tls.o)
 .ARM.attributes
                0x0000000000000275       0x2e /Users/khoahuynh/Library/xPacks/@gnu-mcu-eclipse/arm-none-eabi-gcc/8.2.1-1.7.1/.content/bin/../lib/gcc/arm-none-eabi/8.2.1/../../../../arm-none-eabi/lib/thumb/v7e-m/nofp/libg_nano.a(lib_a-init.o)
 .ARM.attributes
                0x00000000000002a3       0x17 /Users/khoahuynh/Library/xPacks/@gnu-mcu-eclipse/arm-none-eabi-gcc/8.2.1-1.7.1/.content/bin/../lib/gcc/arm-none-eabi/8.2.1/../../../../arm-none-eabi/lib/thumb/v7e-m/nofp/libg_nano.a(lib_a-strlen.o)
 .ARM.attributes
                0x00000000000002ba       0x2e /Users/khoahuynh/Library/xPacks/@gnu-mcu-eclipse/arm-none-eabi-gcc/8.2.1-1.7.1/.content/bin/../lib/gcc/arm-none-eabi/8.2.1/thumb/v7e-m/nofp/crtend.o
 .ARM.attributes
                0x00000000000002e8       0x1e /Users/khoahuynh/Library/xPacks/@gnu-mcu-eclipse/arm-none-eabi-gcc/8.2.1-1.7.1/.content/bin/../lib/gcc/arm-none-eabi/8.2.1/thumb/v7e-m/nofp/crtn.o
OUTPUT(USART_Example.elf elf32-littlearm)

.debug_line     0x0000000000000000     0x775e
 .debug_line    0x0000000000000000       0x7e ./startup/startup_stm32l4r5xx.o
 .debug_line    0x000000000000007e       0x43 ./Src/it.o
 .debug_line    0x00000000000000c1      0x8d9 ./Src/main.o
 .debug_line    0x000000000000099a      0x68e ./Src/msp.o
 .debug_line    0x0000000000001028      0x3cb ./Src/system_stm32l4xx.o
 .debug_line    0x00000000000013f3      0xad5 ./Drivers/STM32L4xx_HAL_Driver/Src/stm32l4xx_hal.o
 .debug_line    0x0000000000001ec8      0xbe3 ./Drivers/STM32L4xx_HAL_Driver/Src/stm32l4xx_hal_cortex.o
 .debug_line    0x0000000000002aab      0xb29 ./Drivers/STM32L4xx_HAL_Driver/Src/stm32l4xx_hal_gpio.o
 .debug_line    0x00000000000035d4     0x1379 ./Drivers/STM32L4xx_HAL_Driver/Src/stm32l4xx_hal_rcc.o
 .debug_line    0x000000000000494d     0x2e11 ./Drivers/STM32L4xx_HAL_Driver/Src/stm32l4xx_hal_uart.o

.debug_info     0x0000000000000000     0x8bbc
 .debug_info    0x0000000000000000       0x22 ./startup/startup_stm32l4r5xx.o
 .debug_info    0x0000000000000022       0x96 ./Src/it.o
 .debug_info    0x00000000000000b8     0x12fa ./Src/main.o
 .debug_info    0x00000000000013b2     0x1221 ./Src/msp.o
 .debug_info    0x00000000000025d3      0x621 ./Src/system_stm32l4xx.o
 .debug_info    0x0000000000002bf4      0xd89 ./Drivers/STM32L4xx_HAL_Driver/Src/stm32l4xx_hal.o
 .debug_info    0x000000000000397d     0x1282 ./Drivers/STM32L4xx_HAL_Driver/Src/stm32l4xx_hal_cortex.o
 .debug_info    0x0000000000004bff      0xa37 ./Drivers/STM32L4xx_HAL_Driver/Src/stm32l4xx_hal_gpio.o
 .debug_info    0x0000000000005636     0x11a5 ./Drivers/STM32L4xx_HAL_Driver/Src/stm32l4xx_hal_rcc.o
 .debug_info    0x00000000000067db     0x23e1 ./Drivers/STM32L4xx_HAL_Driver/Src/stm32l4xx_hal_uart.o

.debug_abbrev   0x0000000000000000     0x1348
 .debug_abbrev  0x0000000000000000       0x12 ./startup/startup_stm32l4r5xx.o
 .debug_abbrev  0x0000000000000012       0x76 ./Src/it.o
 .debug_abbrev  0x0000000000000088      0x2c9 ./Src/main.o
 .debug_abbrev  0x0000000000000351      0x1cc ./Src/msp.o
 .debug_abbrev  0x000000000000051d      0x154 ./Src/system_stm32l4xx.o
 .debug_abbrev  0x0000000000000671      0x23c ./Drivers/STM32L4xx_HAL_Driver/Src/stm32l4xx_hal.o
 .debug_abbrev  0x00000000000008ad      0x39e ./Drivers/STM32L4xx_HAL_Driver/Src/stm32l4xx_hal_cortex.o
 .debug_abbrev  0x0000000000000c4b      0x216 ./Drivers/STM32L4xx_HAL_Driver/Src/stm32l4xx_hal_gpio.o
 .debug_abbrev  0x0000000000000e61      0x274 ./Drivers/STM32L4xx_HAL_Driver/Src/stm32l4xx_hal_rcc.o
 .debug_abbrev  0x00000000000010d5      0x273 ./Drivers/STM32L4xx_HAL_Driver/Src/stm32l4xx_hal_uart.o

.debug_aranges  0x0000000000000000      0x5a8
 .debug_aranges
                0x0000000000000000       0x28 ./startup/startup_stm32l4r5xx.o
 .debug_aranges
                0x0000000000000028       0x20 ./Src/it.o
 .debug_aranges
                0x0000000000000048       0x38 ./Src/main.o
 .debug_aranges
                0x0000000000000080       0x28 ./Src/msp.o
 .debug_aranges
                0x00000000000000a8       0x28 ./Src/system_stm32l4xx.o
 .debug_aranges
                0x00000000000000d0      0x130 ./Drivers/STM32L4xx_HAL_Driver/Src/stm32l4xx_hal.o
 .debug_aranges
                0x0000000000000200       0xa8 ./Drivers/STM32L4xx_HAL_Driver/Src/stm32l4xx_hal_cortex.o
 .debug_aranges
                0x00000000000002a8       0x58 ./Drivers/STM32L4xx_HAL_Driver/Src/stm32l4xx_hal_gpio.o
 .debug_aranges
                0x0000000000000300       0x90 ./Drivers/STM32L4xx_HAL_Driver/Src/stm32l4xx_hal_rcc.o
 .debug_aranges
                0x0000000000000390      0x218 ./Drivers/STM32L4xx_HAL_Driver/Src/stm32l4xx_hal_uart.o

.debug_str      0x0000000000000000    0xfb2b6
 .debug_str     0x0000000000000000       0xa4 ./startup/startup_stm32l4r5xx.o
 .debug_str     0x00000000000000a4     0x2d88 ./Src/it.o
                                       0x2dfc (size before relaxing)
 .debug_str     0x0000000000002e2c    0xf363f ./Src/main.o
                                      0xf673a (size before relaxing)
 .debug_str     0x00000000000f646b     0x3396 ./Src/msp.o
                                      0xf6bca (size before relaxing)
 .debug_str     0x00000000000f9801       0xae ./Src/system_stm32l4xx.o
                                      0xac5a4 (size before relaxing)
 .debug_str     0x00000000000f98af      0x5c6 ./Drivers/STM32L4xx_HAL_Driver/Src/stm32l4xx_hal.o
                                      0xf6cd3 (size before relaxing)
 .debug_str     0x00000000000f9e75      0x32a ./Drivers/STM32L4xx_HAL_Driver/Src/stm32l4xx_hal_cortex.o
                                      0xf69f7 (size before relaxing)
 .debug_str     0x00000000000fa19f      0x244 ./Drivers/STM32L4xx_HAL_Driver/Src/stm32l4xx_hal_gpio.o
                                      0xf63ef (size before relaxing)
 .debug_str     0x00000000000fa3e3      0x5b7 ./Drivers/STM32L4xx_HAL_Driver/Src/stm32l4xx_hal_rcc.o
                                      0xf679f (size before relaxing)
 .debug_str     0x00000000000fa99a      0x91c ./Drivers/STM32L4xx_HAL_Driver/Src/stm32l4xx_hal_uart.o
                                      0xf6f9a (size before relaxing)

.debug_ranges   0x0000000000000000      0x570
 .debug_ranges  0x0000000000000000       0x20 ./startup/startup_stm32l4r5xx.o
 .debug_ranges  0x0000000000000020       0x10 ./Src/it.o
 .debug_ranges  0x0000000000000030       0x28 ./Src/main.o
 .debug_ranges  0x0000000000000058       0x18 ./Src/msp.o
 .debug_ranges  0x0000000000000070       0x18 ./Src/system_stm32l4xx.o
 .debug_ranges  0x0000000000000088      0x120 ./Drivers/STM32L4xx_HAL_Driver/Src/stm32l4xx_hal.o
 .debug_ranges  0x00000000000001a8       0xe0 ./Drivers/STM32L4xx_HAL_Driver/Src/stm32l4xx_hal_cortex.o
 .debug_ranges  0x0000000000000288       0x48 ./Drivers/STM32L4xx_HAL_Driver/Src/stm32l4xx_hal_gpio.o
 .debug_ranges  0x00000000000002d0       0x98 ./Drivers/STM32L4xx_HAL_Driver/Src/stm32l4xx_hal_rcc.o
 .debug_ranges  0x0000000000000368      0x208 ./Drivers/STM32L4xx_HAL_Driver/Src/stm32l4xx_hal_uart.o

.debug_macro    0x0000000000000000    0x2827e
 .debug_macro   0x0000000000000000       0x11 ./Src/it.o
 .debug_macro   0x0000000000000011      0xa84 ./Src/it.o
 .debug_macro   0x0000000000000a95      0x275 ./Src/main.o
 .debug_macro   0x0000000000000d0a       0xba ./Src/main.o
 .debug_macro   0x0000000000000dc4       0x2e ./Src/main.o
 .debug_macro   0x0000000000000df2       0x28 ./Src/main.o
 .debug_macro   0x0000000000000e1a      0x34e ./Src/main.o
 .debug_macro   0x0000000000001168       0x1c ./Src/main.o
 .debug_macro   0x0000000000001184       0x22 ./Src/main.o
 .debug_macro   0x00000000000011a6       0xdf ./Src/main.o
 .debug_macro   0x0000000000001285     0x102d ./Src/main.o
 .debug_macro   0x00000000000022b2      0x11f ./Src/main.o
 .debug_macro   0x00000000000023d1    0x1caae ./Src/main.o
 .debug_macro   0x000000000001ee7f       0x43 ./Src/main.o
 .debug_macro   0x000000000001eec2     0x3820 ./Src/main.o
 .debug_macro   0x00000000000226e2      0x174 ./Src/main.o
 .debug_macro   0x0000000000022856       0x5a ./Src/main.o
 .debug_macro   0x00000000000228b0     0x180d ./Src/main.o
 .debug_macro   0x00000000000240bd      0x7ce ./Src/main.o
 .debug_macro   0x000000000002488b      0x241 ./Src/main.o
 .debug_macro   0x0000000000024acc      0x13d ./Src/main.o
 .debug_macro   0x0000000000024c09      0x21e ./Src/main.o
 .debug_macro   0x0000000000024e27      0x486 ./Src/main.o
 .debug_macro   0x00000000000252ad      0x1ce ./Src/main.o
 .debug_macro   0x000000000002547b       0x43 ./Src/main.o
 .debug_macro   0x00000000000254be      0x236 ./Src/main.o
 .debug_macro   0x00000000000256f4      0x408 ./Src/main.o
 .debug_macro   0x0000000000025afc       0x1c ./Src/main.o
 .debug_macro   0x0000000000025b18      0x100 ./Src/main.o
 .debug_macro   0x0000000000025c18      0x22c ./Src/main.o
 .debug_macro   0x0000000000025e44       0x5e ./Src/main.o
 .debug_macro   0x0000000000025ea2       0xa5 ./Src/main.o
 .debug_macro   0x0000000000025f47      0x122 ./Src/main.o
 .debug_macro   0x0000000000026069      0x3e2 ./Src/main.o
 .debug_macro   0x000000000002644b      0x63f ./Src/main.o
 .debug_macro   0x0000000000026a8a       0xa6 ./Src/main.o
 .debug_macro   0x0000000000026b30       0x22 ./Src/main.o
 .debug_macro   0x0000000000026b52       0x5e ./Src/main.o
 .debug_macro   0x0000000000026bb0       0x18 ./Src/main.o
 .debug_macro   0x0000000000026bc8       0x94 ./Src/main.o
 .debug_macro   0x0000000000026c5c       0x35 ./Src/main.o
 .debug_macro   0x0000000000026c91       0x34 ./Src/main.o
 .debug_macro   0x0000000000026cc5       0x57 ./Src/main.o
 .debug_macro   0x0000000000026d1c       0x58 ./Src/main.o
 .debug_macro   0x0000000000026d74       0x1f ./Src/main.o
 .debug_macro   0x0000000000026d93       0x43 ./Src/main.o
 .debug_macro   0x0000000000026dd6       0x20 ./Src/main.o
 .debug_macro   0x0000000000026df6      0x18e ./Src/main.o
 .debug_macro   0x0000000000026f84      0x333 ./Src/main.o
 .debug_macro   0x00000000000272b7       0x10 ./Src/main.o
 .debug_macro   0x00000000000272c7       0x35 ./Src/main.o
 .debug_macro   0x00000000000272fc      0x199 ./Src/msp.o
 .debug_macro   0x0000000000027495      0x44b ./Src/msp.o
 .debug_macro   0x00000000000278e0       0xa7 ./Src/system_stm32l4xx.o
 .debug_macro   0x0000000000027987      0x1e7 ./Drivers/STM32L4xx_HAL_Driver/Src/stm32l4xx_hal.o
 .debug_macro   0x0000000000027b6e      0x199 ./Drivers/STM32L4xx_HAL_Driver/Src/stm32l4xx_hal_cortex.o
 .debug_macro   0x0000000000027d07      0x1d8 ./Drivers/STM32L4xx_HAL_Driver/Src/stm32l4xx_hal_gpio.o
 .debug_macro   0x0000000000027edf      0x1db ./Drivers/STM32L4xx_HAL_Driver/Src/stm32l4xx_hal_rcc.o
 .debug_macro   0x00000000000280ba      0x1c4 ./Drivers/STM32L4xx_HAL_Driver/Src/stm32l4xx_hal_uart.o

.comment        0x0000000000000000       0x68
 .comment       0x0000000000000000       0x68 ./Src/it.o
                                         0x69 (size before relaxing)
 .comment       0x0000000000000068       0x69 ./Src/main.o
 .comment       0x0000000000000068       0x69 ./Src/msp.o
 .comment       0x0000000000000068       0x69 ./Src/system_stm32l4xx.o
 .comment       0x0000000000000068       0x69 ./Drivers/STM32L4xx_HAL_Driver/Src/stm32l4xx_hal.o
 .comment       0x0000000000000068       0x69 ./Drivers/STM32L4xx_HAL_Driver/Src/stm32l4xx_hal_cortex.o
 .comment       0x0000000000000068       0x69 ./Drivers/STM32L4xx_HAL_Driver/Src/stm32l4xx_hal_gpio.o
 .comment       0x0000000000000068       0x69 ./Drivers/STM32L4xx_HAL_Driver/Src/stm32l4xx_hal_rcc.o
 .comment       0x0000000000000068       0x69 ./Drivers/STM32L4xx_HAL_Driver/Src/stm32l4xx_hal_uart.o

.debug_frame    0x0000000000000000      0xdac
 .debug_frame   0x0000000000000000       0x28 ./Src/it.o
 .debug_frame   0x0000000000000028       0x60 ./Src/main.o
 .debug_frame   0x0000000000000088       0x48 ./Src/msp.o
 .debug_frame   0x00000000000000d0       0x30 ./Src/system_stm32l4xx.o
 .debug_frame   0x0000000000000100      0x274 ./Drivers/STM32L4xx_HAL_Driver/Src/stm32l4xx_hal.o
 .debug_frame   0x0000000000000374      0x15c ./Drivers/STM32L4xx_HAL_Driver/Src/stm32l4xx_hal_cortex.o
 .debug_frame   0x00000000000004d0       0xd8 ./Drivers/STM32L4xx_HAL_Driver/Src/stm32l4xx_hal_gpio.o
 .debug_frame   0x00000000000005a8      0x1a4 ./Drivers/STM32L4xx_HAL_Driver/Src/stm32l4xx_hal_rcc.o
 .debug_frame   0x000000000000074c      0x5d4 ./Drivers/STM32L4xx_HAL_Driver/Src/stm32l4xx_hal_uart.o
 .debug_frame   0x0000000000000d20       0x2c /Users/khoahuynh/Library/xPacks/@gnu-mcu-eclipse/arm-none-eabi-gcc/8.2.1-1.7.1/.content/bin/../lib/gcc/arm-none-eabi/8.2.1/thumb/v7e-m/nofp/libgcc.a(_aeabi_uldivmod.o)
 .debug_frame   0x0000000000000d4c       0x34 /Users/khoahuynh/Library/xPacks/@gnu-mcu-eclipse/arm-none-eabi-gcc/8.2.1-1.7.1/.content/bin/../lib/gcc/arm-none-eabi/8.2.1/thumb/v7e-m/nofp/libgcc.a(_udivmoddi4.o)
 .debug_frame   0x0000000000000d80       0x2c /Users/khoahuynh/Library/xPacks/@gnu-mcu-eclipse/arm-none-eabi-gcc/8.2.1-1.7.1/.content/bin/../lib/gcc/arm-none-eabi/8.2.1/../../../../arm-none-eabi/lib/thumb/v7e-m/nofp/libg_nano.a(lib_a-init.o)

.debug_loc      0x0000000000000000     0x376b
 .debug_loc     0x0000000000000000       0x15 ./Src/main.o
 .debug_loc     0x0000000000000015       0x25 ./Src/msp.o
 .debug_loc     0x000000000000003a      0x1fc ./Src/system_stm32l4xx.o
 .debug_loc     0x0000000000000236      0x252 ./Drivers/STM32L4xx_HAL_Driver/Src/stm32l4xx_hal.o
 .debug_loc     0x0000000000000488      0x700 ./Drivers/STM32L4xx_HAL_Driver/Src/stm32l4xx_hal_cortex.o
 .debug_loc     0x0000000000000b88      0x327 ./Drivers/STM32L4xx_HAL_Driver/Src/stm32l4xx_hal_gpio.o
 .debug_loc     0x0000000000000eaf      0xa4c ./Drivers/STM32L4xx_HAL_Driver/Src/stm32l4xx_hal_rcc.o
 .debug_loc     0x00000000000018fb     0x1e70 ./Drivers/STM32L4xx_HAL_Driver/Src/stm32l4xx_hal_uart.o
