Archive member included to satisfy reference by file (symbol)

/Users/khoahuynh/Library/xPacks/@xpack-dev-tools/arm-none-eabi-gcc/9.2.1-1.1.1/.content/bin/../lib/gcc/arm-none-eabi/9.2.1/thumb/v7e-m/nofp/libgcc.a(_aeabi_uldivmod.o)
                              ./Drivers/STM32L4xx_HAL_Driver/Src/stm32l4xx_hal_uart.o (__aeabi_uldivmod)
/Users/khoahuynh/Library/xPacks/@xpack-dev-tools/arm-none-eabi-gcc/9.2.1-1.1.1/.content/bin/../lib/gcc/arm-none-eabi/9.2.1/thumb/v7e-m/nofp/libgcc.a(_udivmoddi4.o)
                              /Users/khoahuynh/Library/xPacks/@xpack-dev-tools/arm-none-eabi-gcc/9.2.1-1.1.1/.content/bin/../lib/gcc/arm-none-eabi/9.2.1/thumb/v7e-m/nofp/libgcc.a(_aeabi_uldivmod.o) (__udivmoddi4)
/Users/khoahuynh/Library/xPacks/@xpack-dev-tools/arm-none-eabi-gcc/9.2.1-1.1.1/.content/bin/../lib/gcc/arm-none-eabi/9.2.1/thumb/v7e-m/nofp/libgcc.a(_dvmd_tls.o)
                              /Users/khoahuynh/Library/xPacks/@xpack-dev-tools/arm-none-eabi-gcc/9.2.1-1.1.1/.content/bin/../lib/gcc/arm-none-eabi/9.2.1/thumb/v7e-m/nofp/libgcc.a(_aeabi_uldivmod.o) (__aeabi_ldiv0)
/Users/khoahuynh/Library/xPacks/@xpack-dev-tools/arm-none-eabi-gcc/9.2.1-1.1.1/.content/bin/../lib/gcc/arm-none-eabi/9.2.1/../../../../arm-none-eabi/lib/thumb/v7e-m/nofp/libg_nano.a(lib_a-errno.o)
                              ./Src/syscalls.o (__errno)
/Users/khoahuynh/Library/xPacks/@xpack-dev-tools/arm-none-eabi-gcc/9.2.1-1.1.1/.content/bin/../lib/gcc/arm-none-eabi/9.2.1/../../../../arm-none-eabi/lib/thumb/v7e-m/nofp/libg_nano.a(lib_a-exit.o)
                              /Users/khoahuynh/Library/xPacks/@xpack-dev-tools/arm-none-eabi-gcc/9.2.1-1.1.1/.content/bin/../lib/gcc/arm-none-eabi/9.2.1/../../../../arm-none-eabi/lib/thumb/v7e-m/nofp/crt0.o (exit)
/Users/khoahuynh/Library/xPacks/@xpack-dev-tools/arm-none-eabi-gcc/9.2.1-1.1.1/.content/bin/../lib/gcc/arm-none-eabi/9.2.1/../../../../arm-none-eabi/lib/thumb/v7e-m/nofp/libg_nano.a(lib_a-impure.o)
                              /Users/khoahuynh/Library/xPacks/@xpack-dev-tools/arm-none-eabi-gcc/9.2.1-1.1.1/.content/bin/../lib/gcc/arm-none-eabi/9.2.1/../../../../arm-none-eabi/lib/thumb/v7e-m/nofp/libg_nano.a(lib_a-exit.o) (_global_impure_ptr)
/Users/khoahuynh/Library/xPacks/@xpack-dev-tools/arm-none-eabi-gcc/9.2.1-1.1.1/.content/bin/../lib/gcc/arm-none-eabi/9.2.1/../../../../arm-none-eabi/lib/thumb/v7e-m/nofp/libg_nano.a(lib_a-init.o)
                              /Users/khoahuynh/Library/xPacks/@xpack-dev-tools/arm-none-eabi-gcc/9.2.1-1.1.1/.content/bin/../lib/gcc/arm-none-eabi/9.2.1/../../../../arm-none-eabi/lib/thumb/v7e-m/nofp/crt0.o (__libc_init_array)
/Users/khoahuynh/Library/xPacks/@xpack-dev-tools/arm-none-eabi-gcc/9.2.1-1.1.1/.content/bin/../lib/gcc/arm-none-eabi/9.2.1/../../../../arm-none-eabi/lib/thumb/v7e-m/nofp/libg_nano.a(lib_a-memset.o)
                              /Users/khoahuynh/Library/xPacks/@xpack-dev-tools/arm-none-eabi-gcc/9.2.1-1.1.1/.content/bin/../lib/gcc/arm-none-eabi/9.2.1/../../../../arm-none-eabi/lib/thumb/v7e-m/nofp/crt0.o (memset)
/Users/khoahuynh/Library/xPacks/@xpack-dev-tools/arm-none-eabi-gcc/9.2.1-1.1.1/.content/bin/../lib/gcc/arm-none-eabi/9.2.1/../../../../arm-none-eabi/lib/thumb/v7e-m/nofp/libg_nano.a(lib_a-sprintf.o)
                              ./Src/main.o (sprintf)
/Users/khoahuynh/Library/xPacks/@xpack-dev-tools/arm-none-eabi-gcc/9.2.1-1.1.1/.content/bin/../lib/gcc/arm-none-eabi/9.2.1/../../../../arm-none-eabi/lib/thumb/v7e-m/nofp/libg_nano.a(lib_a-strlen.o)
                              ./Src/main.o (strlen)
/Users/khoahuynh/Library/xPacks/@xpack-dev-tools/arm-none-eabi-gcc/9.2.1-1.1.1/.content/bin/../lib/gcc/arm-none-eabi/9.2.1/../../../../arm-none-eabi/lib/thumb/v7e-m/nofp/libg_nano.a(lib_a-nano-svfprintf.o)
                              /Users/khoahuynh/Library/xPacks/@xpack-dev-tools/arm-none-eabi-gcc/9.2.1-1.1.1/.content/bin/../lib/gcc/arm-none-eabi/9.2.1/../../../../arm-none-eabi/lib/thumb/v7e-m/nofp/libg_nano.a(lib_a-sprintf.o) (_svfprintf_r)
/Users/khoahuynh/Library/xPacks/@xpack-dev-tools/arm-none-eabi-gcc/9.2.1-1.1.1/.content/bin/../lib/gcc/arm-none-eabi/9.2.1/../../../../arm-none-eabi/lib/thumb/v7e-m/nofp/libg_nano.a(lib_a-nano-vfprintf_i.o)
                              /Users/khoahuynh/Library/xPacks/@xpack-dev-tools/arm-none-eabi-gcc/9.2.1-1.1.1/.content/bin/../lib/gcc/arm-none-eabi/9.2.1/../../../../arm-none-eabi/lib/thumb/v7e-m/nofp/libg_nano.a(lib_a-nano-svfprintf.o) (_printf_i)
/Users/khoahuynh/Library/xPacks/@xpack-dev-tools/arm-none-eabi-gcc/9.2.1-1.1.1/.content/bin/../lib/gcc/arm-none-eabi/9.2.1/../../../../arm-none-eabi/lib/thumb/v7e-m/nofp/libg_nano.a(lib_a-memchr.o)
                              /Users/khoahuynh/Library/xPacks/@xpack-dev-tools/arm-none-eabi-gcc/9.2.1-1.1.1/.content/bin/../lib/gcc/arm-none-eabi/9.2.1/../../../../arm-none-eabi/lib/thumb/v7e-m/nofp/libg_nano.a(lib_a-nano-svfprintf.o) (memchr)
[...]
Memory Configuration

Name             Origin             Length             Attributes
RAM              0x0000000020000000 0x00000000000a0000 xrw
FLASH            0x0000000008000000 0x0000000000200000 xr
*default*        0x0000000000000000 0xffffffffffffffff

Linker script and memory map

LOAD /Users/khoahuynh/Library/xPacks/@xpack-dev-tools/arm-none-eabi-gcc/9.2.1-1.1.1/.content/bin/../lib/gcc/arm-none-eabi/9.2.1/thumb/v7e-m/nofp/crti.o
LOAD /Users/khoahuynh/Library/xPacks/@xpack-dev-tools/arm-none-eabi-gcc/9.2.1-1.1.1/.content/bin/../lib/gcc/arm-none-eabi/9.2.1/thumb/v7e-m/nofp/crtbegin.o
LOAD /Users/khoahuynh/Library/xPacks/@xpack-dev-tools/arm-none-eabi-gcc/9.2.1-1.1.1/.content/bin/../lib/gcc/arm-none-eabi/9.2.1/../../../../arm-none-eabi/lib/thumb/v7e-m/nofp/crt0.o
LOAD ./startup/startup_stm32l4r5xx.o
LOAD ./Src/it.o
LOAD ./Src/main.o
LOAD ./Src/msp.o
LOAD ./Src/syscalls.o
LOAD ./Src/system_stm32l4xx.o
LOAD ./Drivers/STM32L4xx_HAL_Driver/Src/stm32l4xx_hal.o
LOAD ./Drivers/STM32L4xx_HAL_Driver/Src/stm32l4xx_hal_cortex.o
LOAD ./Drivers/STM32L4xx_HAL_Driver/Src/stm32l4xx_hal_dma.o
LOAD ./Drivers/STM32L4xx_HAL_Driver/Src/stm32l4xx_hal_dma_ex.o
LOAD ./Drivers/STM32L4xx_HAL_Driver/Src/stm32l4xx_hal_exti.o
LOAD ./Drivers/STM32L4xx_HAL_Driver/Src/stm32l4xx_hal_flash.o
LOAD ./Drivers/STM32L4xx_HAL_Driver/Src/stm32l4xx_hal_flash_ex.o
LOAD ./Drivers/STM32L4xx_HAL_Driver/Src/stm32l4xx_hal_flash_ramfunc.o
LOAD ./Drivers/STM32L4xx_HAL_Driver/Src/stm32l4xx_hal_gpio.o
LOAD ./Drivers/STM32L4xx_HAL_Driver/Src/stm32l4xx_hal_i2c.o
LOAD ./Drivers/STM32L4xx_HAL_Driver/Src/stm32l4xx_hal_i2c_ex.o
LOAD ./Drivers/STM32L4xx_HAL_Driver/Src/stm32l4xx_hal_pwr.o
LOAD ./Drivers/STM32L4xx_HAL_Driver/Src/stm32l4xx_hal_pwr_ex.o
LOAD ./Drivers/STM32L4xx_HAL_Driver/Src/stm32l4xx_hal_rcc.o
LOAD ./Drivers/STM32L4xx_HAL_Driver/Src/stm32l4xx_hal_rcc_ex.o
LOAD ./Drivers/STM32L4xx_HAL_Driver/Src/stm32l4xx_hal_rtc.o
LOAD ./Drivers/STM32L4xx_HAL_Driver/Src/stm32l4xx_hal_rtc_ex.o
LOAD ./Drivers/STM32L4xx_HAL_Driver/Src/stm32l4xx_hal_tim.o
LOAD ./Drivers/STM32L4xx_HAL_Driver/Src/stm32l4xx_hal_tim_ex.o
LOAD ./Drivers/STM32L4xx_HAL_Driver/Src/stm32l4xx_hal_uart.o
LOAD ./Drivers/STM32L4xx_HAL_Driver/Src/stm32l4xx_hal_uart_ex.o
LOAD /Users/khoahuynh/Library/xPacks/@xpack-dev-tools/arm-none-eabi-gcc/9.2.1-1.1.1/.content/bin/../lib/gcc/arm-none-eabi/9.2.1/../../../../arm-none-eabi/lib/thumb/v7e-m/nofp/libstdc++_nano.a
LOAD /Users/khoahuynh/Library/xPacks/@xpack-dev-tools/arm-none-eabi-gcc/9.2.1-1.1.1/.content/bin/../lib/gcc/arm-none-eabi/9.2.1/../../../../arm-none-eabi/lib/thumb/v7e-m/nofp/libm.a
START GROUP
LOAD /Users/khoahuynh/Library/xPacks/@xpack-dev-tools/arm-none-eabi-gcc/9.2.1-1.1.1/.content/bin/../lib/gcc/arm-none-eabi/9.2.1/thumb/v7e-m/nofp/libgcc.a
LOAD /Users/khoahuynh/Library/xPacks/@xpack-dev-tools/arm-none-eabi-gcc/9.2.1-1.1.1/.content/bin/../lib/gcc/arm-none-eabi/9.2.1/../../../../arm-none-eabi/lib/thumb/v7e-m/nofp/libg_nano.a
LOAD /Users/khoahuynh/Library/xPacks/@xpack-dev-tools/arm-none-eabi-gcc/9.2.1-1.1.1/.content/bin/../lib/gcc/arm-none-eabi/9.2.1/../../../../arm-none-eabi/lib/thumb/v7e-m/nofp/libc_nano.a
END GROUP
START GROUP
LOAD /Users/khoahuynh/Library/xPacks/@xpack-dev-tools/arm-none-eabi-gcc/9.2.1-1.1.1/.content/bin/../lib/gcc/arm-none-eabi/9.2.1/thumb/v7e-m/nofp/libgcc.a
LOAD /Users/khoahuynh/Library/xPacks/@xpack-dev-tools/arm-none-eabi-gcc/9.2.1-1.1.1/.content/bin/../lib/gcc/arm-none-eabi/9.2.1/../../../../arm-none-eabi/lib/thumb/v7e-m/nofp/libc_nano.a
END GROUP
LOAD /Users/khoahuynh/Library/xPacks/@xpack-dev-tools/arm-none-eabi-gcc/9.2.1-1.1.1/.content/bin/../lib/gcc/arm-none-eabi/9.2.1/thumb/v7e-m/nofp/crtend.o
LOAD /Users/khoahuynh/Library/xPacks/@xpack-dev-tools/arm-none-eabi-gcc/9.2.1-1.1.1/.content/bin/../lib/gcc/arm-none-eabi/9.2.1/thumb/v7e-m/nofp/crtn.o
                0x00000000200a0000                _estack = 0x200a0000
                0x0000000000000200                _Min_Heap_Size = 0x200
                0x0000000000000400                _Min_Stack_Size = 0x400

.isr_vector     0x0000000008000000      0x1c0
                0x0000000008000000                . = ALIGN (0x8)
 *(.isr_vector)
 .isr_vector    0x0000000008000000      0x1bc ./startup/startup_stm32l4r5xx.o
                0x0000000008000000                g_pfnVectors
                0x00000000080001c0                . = ALIGN (0x8)
 *fill*         0x00000000080001bc        0x4 

.text           0x00000000080001c0     0x5580
                0x00000000080001c0                . = ALIGN (0x8)
 *(.text)
 .text          0x00000000080001c0       0x30 /Users/khoahuynh/Library/xPacks/@xpack-dev-tools/arm-none-eabi-gcc/9.2.1-1.1.1/.content/bin/../lib/gcc/arm-none-eabi/9.2.1/thumb/v7e-m/nofp/libgcc.a(_aeabi_uldivmod.o)
                0x00000000080001c0                __aeabi_uldivmod
 .text          0x00000000080001f0        0x4 /Users/khoahuynh/Library/xPacks/@xpack-dev-tools/arm-none-eabi-gcc/9.2.1-1.1.1/.content/bin/../lib/gcc/arm-none-eabi/9.2.1/thumb/v7e-m/nofp/libgcc.a(_dvmd_tls.o)
                0x00000000080001f0                __aeabi_ldiv0
                0x00000000080001f0                __aeabi_idiv0
 .text          0x00000000080001f4       0x10 /Users/khoahuynh/Library/xPacks/@xpack-dev-tools/arm-none-eabi-gcc/9.2.1-1.1.1/.content/bin/../lib/gcc/arm-none-eabi/9.2.1/../../../../arm-none-eabi/lib/thumb/v7e-m/nofp/libg_nano.a(lib_a-strlen.o)
                0x00000000080001f4                strlen
 *fill*         0x0000000008000204        0xc 
 .text          0x0000000008000210       0xa0 /Users/khoahuynh/Library/xPacks/@xpack-dev-tools/arm-none-eabi-gcc/9.2.1-1.1.1/.content/bin/../lib/gcc/arm-none-eabi/9.2.1/../../../../arm-none-eabi/lib/thumb/v7e-m/nofp/libg_nano.a(lib_a-memchr.o)
                0x0000000008000210                memchr
 *(.text*)
 .text.__do_global_dtors_aux
                0x00000000080002b0       0x24 /Users/khoahuynh/Library/xPacks/@xpack-dev-tools/arm-none-eabi-gcc/9.2.1-1.1.1/.content/bin/../lib/gcc/arm-none-eabi/9.2.1/thumb/v7e-m/nofp/crtbegin.o
 .text.frame_dummy
                0x00000000080002d4       0x1c /Users/khoahuynh/Library/xPacks/@xpack-dev-tools/arm-none-eabi-gcc/9.2.1-1.1.1/.content/bin/../lib/gcc/arm-none-eabi/9.2.1/thumb/v7e-m/nofp/crtbegin.o
 .text.Reset_Handler
                0x00000000080002f0       0x50 ./startup/startup_stm32l4r5xx.o
                0x00000000080002f0                Reset_Handler
 .text.Default_Handler
                0x0000000008000340        0x2 ./startup/startup_stm32l4r5xx.o
                0x0000000008000340                TIM1_BRK_TIM15_IRQHandler
                0x0000000008000340                TIM8_TRG_COM_IRQHandler
                0x0000000008000340                TIM8_CC_IRQHandler
                0x0000000008000340                DebugMon_Handler
                0x0000000008000340                TIM1_CC_IRQHandler
                0x0000000008000340                TSC_IRQHandler
                0x0000000008000340                HardFault_Handler
                0x0000000008000340                TAMP_STAMP_IRQHandler
                0x0000000008000340                PendSV_Handler
                0x0000000008000340                NMI_Handler
                0x0000000008000340                EXTI3_IRQHandler
                0x0000000008000340                LPTIM2_IRQHandler
                0x0000000008000340                DFSDM1_FLT1_IRQHandler
                0x0000000008000340                GFXMMU_IRQHandler
                0x0000000008000340                I2C3_ER_IRQHandler
                0x0000000008000340                DFSDM1_FLT2_IRQHandler
                0x0000000008000340                EXTI0_IRQHandler
                0x0000000008000340                I2C2_EV_IRQHandler
                0x0000000008000340                CAN1_RX0_IRQHandler
                0x0000000008000340                FPU_IRQHandler
                0x0000000008000340                TIM1_UP_TIM16_IRQHandler
                0x0000000008000340                UsageFault_Handler
                0x0000000008000340                LTDC_ER_IRQHandler
                0x0000000008000340                SPI1_IRQHandler
                0x0000000008000340                OCTOSPI1_IRQHandler
                0x0000000008000340                TIM6_DAC_IRQHandler
                0x0000000008000340                DCMI_IRQHandler
                0x0000000008000340                TIM8_UP_IRQHandler
                0x0000000008000340                OCTOSPI2_IRQHandler
                0x0000000008000340                DMA2_Channel2_IRQHandler
                0x0000000008000340                DMA1_Channel4_IRQHandler
                0x0000000008000340                SAI2_IRQHandler
                0x0000000008000340                ADC1_IRQHandler
                0x0000000008000340                DFSDM1_FLT3_IRQHandler
                0x0000000008000340                USART3_IRQHandler
                0x0000000008000340                DMA1_Channel7_IRQHandler
                0x0000000008000340                CAN1_RX1_IRQHandler
                0x0000000008000340                UART5_IRQHandler
                0x0000000008000340                TIM4_IRQHandler
                0x0000000008000340                DMA2_Channel1_IRQHandler
                0x0000000008000340                I2C1_EV_IRQHandler
                0x0000000008000340                DMAMUX1_OVR_IRQHandler
                0x0000000008000340                DMA1_Channel6_IRQHandler
                0x0000000008000340                UART4_IRQHandler
                0x0000000008000340                DMA2_Channel4_IRQHandler
                0x0000000008000340                TIM3_IRQHandler
                0x0000000008000340                RCC_IRQHandler
                0x0000000008000340                DMA1_Channel1_IRQHandler
                0x0000000008000340                Default_Handler
                0x0000000008000340                DMA2_Channel7_IRQHandler
                0x0000000008000340                TIM7_IRQHandler
                0x0000000008000340                SDMMC1_IRQHandler
                0x0000000008000340                TIM5_IRQHandler
                0x0000000008000340                I2C3_EV_IRQHandler
                0x0000000008000340                EXTI9_5_IRQHandler
                0x0000000008000340                RTC_WKUP_IRQHandler
                0x0000000008000340                LTDC_IRQHandler
                0x0000000008000340                PVD_PVM_IRQHandler
                0x0000000008000340                SPI2_IRQHandler
                0x0000000008000340                MemManage_Handler
                0x0000000008000340                CAN1_TX_IRQHandler
                0x0000000008000340                SVC_Handler
                0x0000000008000340                DMA2_Channel5_IRQHandler
                0x0000000008000340                CRS_IRQHandler
                0x0000000008000340                DMA1_Channel5_IRQHandler
                0x0000000008000340                EXTI4_IRQHandler
                0x0000000008000340                RNG_IRQHandler
                0x0000000008000340                TIM1_TRG_COM_TIM17_IRQHandler
                0x0000000008000340                DMA1_Channel3_IRQHandler
                0x0000000008000340                COMP_IRQHandler
                0x0000000008000340                WWDG_IRQHandler
                0x0000000008000340                I2C4_EV_IRQHandler
                0x0000000008000340                LPUART1_IRQHandler
                0x0000000008000340                DMA2_Channel6_IRQHandler
                0x0000000008000340                TIM2_IRQHandler
                0x0000000008000340                DMA2D_IRQHandler
                0x0000000008000340                EXTI1_IRQHandler
                0x0000000008000340                USART2_IRQHandler
                0x0000000008000340                DFSDM1_FLT0_IRQHandler
                0x0000000008000340                I2C2_ER_IRQHandler
                0x0000000008000340                DMA1_Channel2_IRQHandler
                0x0000000008000340                TIM8_BRK_IRQHandler
                0x0000000008000340                CAN1_SCE_IRQHandler
                0x0000000008000340                FLASH_IRQHandler
                0x0000000008000340                BusFault_Handler
                0x0000000008000340                USART1_IRQHandler
                0x0000000008000340                OTG_FS_IRQHandler
                0x0000000008000340                SPI3_IRQHandler
                0x0000000008000340                I2C1_ER_IRQHandler
                0x0000000008000340                FMC_IRQHandler
                0x0000000008000340                LPTIM1_IRQHandler
                0x0000000008000340                I2C4_ER_IRQHandler
                0x0000000008000340                SAI1_IRQHandler
                0x0000000008000340                DMA2_Channel3_IRQHandler
                0x0000000008000340                EXTI2_IRQHandler
 .text.SysTick_Handler
                0x0000000008000342       0x10 ./Src/it.o
                0x0000000008000342                SysTick_Handler
 .text.EXTI15_10_IRQHandler
                0x0000000008000352       0x10 ./Src/it.o
                0x0000000008000352                EXTI15_10_IRQHandler
 *fill*         0x0000000008000362        0x2 
 .text.RTC_Alarm_IRQHandler
                0x0000000008000364       0x14 ./Src/it.o
                0x0000000008000364                RTC_Alarm_IRQHandler
 .text.main     0x0000000008000378       0x1c ./Src/main.o
                0x0000000008000378                main
 .text.UART_Init
                0x0000000008000394       0x68 ./Src/main.o
                0x0000000008000394                UART_Init
 .text.System_Clk_Config
                0x00000000080003fc      0x158 ./Src/main.o
                0x00000000080003fc                System_Clk_Config
 .text.RTC_Init
                0x0000000008000554       0x60 ./Src/main.o
                0x0000000008000554                RTC_Init
 .text.RTC_CalendarConfig
                0x00000000080005b4       0x80 ./Src/main.o
                0x00000000080005b4                RTC_CalendarConfig
 .text.GPIO_Init
                0x0000000008000634       0xa8 ./Src/main.o
                0x0000000008000634                GPIO_Init
 .text.Error_handler
                0x00000000080006dc        0x6 ./Src/main.o
                0x00000000080006dc                Error_handler
 *fill*         0x00000000080006e2        0x2 
 .text.HAL_GPIO_EXTI_Callback
                0x00000000080006e4       0xe8 ./Src/main.o
                0x00000000080006e4                HAL_GPIO_EXTI_Callback
 .text.RTC_AlarmConfig
                0x00000000080007cc       0x90 ./Src/main.o
                0x00000000080007cc                RTC_AlarmConfig
 .text.HAL_RTC_AlarmAEventCallback
                0x000000000800085c       0x74 ./Src/main.o
                0x000000000800085c                HAL_RTC_AlarmAEventCallback
 .text.HAL_MspInit
                0x00000000080008d0       0x44 ./Src/msp.o
                0x00000000080008d0                HAL_MspInit
 .text.HAL_UART_MspInit
                0x0000000008000914       0xac ./Src/msp.o
                0x0000000008000914                HAL_UART_MspInit
 .text.HAL_RTC_MspInit
                0x00000000080009c0       0x74 ./Src/msp.o
                0x00000000080009c0                HAL_RTC_MspInit
 .text._sbrk    0x0000000008000a34       0x58 ./Src/syscalls.o
                0x0000000008000a34                _sbrk
 .text.SystemInit
                0x0000000008000a8c       0x58 ./Src/system_stm32l4xx.o
                0x0000000008000a8c                SystemInit
 .text.HAL_Init
                0x0000000008000ae4       0x30 ./Drivers/STM32L4xx_HAL_Driver/Src/stm32l4xx_hal.o
                0x0000000008000ae4                HAL_Init
 .text.HAL_InitTick
                0x0000000008000b14       0x74 ./Drivers/STM32L4xx_HAL_Driver/Src/stm32l4xx_hal.o
                0x0000000008000b14                HAL_InitTick
 .text.HAL_IncTick
                0x0000000008000b88       0x24 ./Drivers/STM32L4xx_HAL_Driver/Src/stm32l4xx_hal.o
                0x0000000008000b88                HAL_IncTick
 .text.HAL_GetTick
                0x0000000008000bac       0x14 ./Drivers/STM32L4xx_HAL_Driver/Src/stm32l4xx_hal.o
                0x0000000008000bac                HAL_GetTick
 .text.HAL_Delay
                0x0000000008000bc0       0x44 ./Drivers/STM32L4xx_HAL_Driver/Src/stm32l4xx_hal.o
                0x0000000008000bc0                HAL_Delay
 .text.__NVIC_SetPriorityGrouping
                0x0000000008000c04       0x48 ./Drivers/STM32L4xx_HAL_Driver/Src/stm32l4xx_hal_cortex.o
 .text.__NVIC_GetPriorityGrouping
                0x0000000008000c4c       0x1c ./Drivers/STM32L4xx_HAL_Driver/Src/stm32l4xx_hal_cortex.o
 .text.__NVIC_EnableIRQ
                0x0000000008000c68       0x38 ./Drivers/STM32L4xx_HAL_Driver/Src/stm32l4xx_hal_cortex.o
 .text.__NVIC_SetPriority
                0x0000000008000ca0       0x54 ./Drivers/STM32L4xx_HAL_Driver/Src/stm32l4xx_hal_cortex.o
 .text.NVIC_EncodePriority
                0x0000000008000cf4       0x64 ./Drivers/STM32L4xx_HAL_Driver/Src/stm32l4xx_hal_cortex.o
 .text.SysTick_Config
                0x0000000008000d58       0x44 ./Drivers/STM32L4xx_HAL_Driver/Src/stm32l4xx_hal_cortex.o
 .text.HAL_NVIC_SetPriorityGrouping
                0x0000000008000d9c       0x16 ./Drivers/STM32L4xx_HAL_Driver/Src/stm32l4xx_hal_cortex.o
                0x0000000008000d9c                HAL_NVIC_SetPriorityGrouping
 .text.HAL_NVIC_SetPriority
                0x0000000008000db2       0x38 ./Drivers/STM32L4xx_HAL_Driver/Src/stm32l4xx_hal_cortex.o
                0x0000000008000db2                HAL_NVIC_SetPriority
 .text.HAL_NVIC_EnableIRQ
                0x0000000008000dea       0x1c ./Drivers/STM32L4xx_HAL_Driver/Src/stm32l4xx_hal_cortex.o
                0x0000000008000dea                HAL_NVIC_EnableIRQ
 .text.HAL_SYSTICK_Config
                0x0000000008000e06       0x18 ./Drivers/STM32L4xx_HAL_Driver/Src/stm32l4xx_hal_cortex.o
                0x0000000008000e06                HAL_SYSTICK_Config
 *fill*         0x0000000008000e1e        0x2 
 .text.HAL_SYSTICK_CLKSourceConfig
                0x0000000008000e20       0x38 ./Drivers/STM32L4xx_HAL_Driver/Src/stm32l4xx_hal_cortex.o
                0x0000000008000e20                HAL_SYSTICK_CLKSourceConfig
 .text.HAL_SYSTICK_IRQHandler
                0x0000000008000e58        0xc ./Drivers/STM32L4xx_HAL_Driver/Src/stm32l4xx_hal_cortex.o
                0x0000000008000e58                HAL_SYSTICK_IRQHandler
 .text.HAL_SYSTICK_Callback
                0x0000000008000e64        0xc ./Drivers/STM32L4xx_HAL_Driver/Src/stm32l4xx_hal_cortex.o
                0x0000000008000e64                HAL_SYSTICK_Callback
 .text.HAL_GPIO_Init
                0x0000000008000e70      0x324 ./Drivers/STM32L4xx_HAL_Driver/Src/stm32l4xx_hal_gpio.o
                0x0000000008000e70                HAL_GPIO_Init
 .text.HAL_GPIO_WritePin
                0x0000000008001194       0x2e ./Drivers/STM32L4xx_HAL_Driver/Src/stm32l4xx_hal_gpio.o
                0x0000000008001194                HAL_GPIO_WritePin
 *fill*         0x00000000080011c2        0x2 
 .text.HAL_GPIO_EXTI_IRQHandler
                0x00000000080011c4       0x30 ./Drivers/STM32L4xx_HAL_Driver/Src/stm32l4xx_hal_gpio.o
                0x00000000080011c4                HAL_GPIO_EXTI_IRQHandler
 .text.HAL_PWREx_GetVoltageRange
                0x00000000080011f4       0x3c ./Drivers/STM32L4xx_HAL_Driver/Src/stm32l4xx_hal_pwr_ex.o
                0x00000000080011f4                HAL_PWREx_GetVoltageRange
 .text.HAL_PWREx_EnableVddIO2
                0x0000000008001230       0x1c ./Drivers/STM32L4xx_HAL_Driver/Src/stm32l4xx_hal_pwr_ex.o
                0x0000000008001230                HAL_PWREx_EnableVddIO2
 .text.HAL_RCC_OscConfig
                0x000000000800124c      0x7dc ./Drivers/STM32L4xx_HAL_Driver/Src/stm32l4xx_hal_rcc.o
                0x000000000800124c                HAL_RCC_OscConfig
 .text.HAL_RCC_ClockConfig
                0x0000000008001a28      0x258 ./Drivers/STM32L4xx_HAL_Driver/Src/stm32l4xx_hal_rcc.o
                0x0000000008001a28                HAL_RCC_ClockConfig
 .text.HAL_RCC_GetSysClockFreq
                0x0000000008001c80      0x114 ./Drivers/STM32L4xx_HAL_Driver/Src/stm32l4xx_hal_rcc.o
                0x0000000008001c80                HAL_RCC_GetSysClockFreq
 .text.HAL_RCC_GetHCLKFreq
                0x0000000008001d94       0x14 ./Drivers/STM32L4xx_HAL_Driver/Src/stm32l4xx_hal_rcc.o
                0x0000000008001d94                HAL_RCC_GetHCLKFreq
 .text.HAL_RCC_GetPCLK1Freq
                0x0000000008001da8       0x2c ./Drivers/STM32L4xx_HAL_Driver/Src/stm32l4xx_hal_rcc.o
                0x0000000008001da8                HAL_RCC_GetPCLK1Freq
 .text.HAL_RCC_GetPCLK2Freq
                0x0000000008001dd4       0x2c ./Drivers/STM32L4xx_HAL_Driver/Src/stm32l4xx_hal_rcc.o
                0x0000000008001dd4                HAL_RCC_GetPCLK2Freq
 .text.RCC_SetFlashLatencyFromMSIRange
                0x0000000008001e00       0xb4 ./Drivers/STM32L4xx_HAL_Driver/Src/stm32l4xx_hal_rcc.o
 .text.RCC_GetSysClockFreqFromPLLSource
                0x0000000008001eb4       0xd0 ./Drivers/STM32L4xx_HAL_Driver/Src/stm32l4xx_hal_rcc.o
 .text.HAL_RCCEx_PeriphCLKConfig
                0x0000000008001f84      0x660 ./Drivers/STM32L4xx_HAL_Driver/Src/stm32l4xx_hal_rcc_ex.o
                0x0000000008001f84                HAL_RCCEx_PeriphCLKConfig
 .text.RCCEx_PLLSAI1_Config
                0x00000000080025e4      0x1e8 ./Drivers/STM32L4xx_HAL_Driver/Src/stm32l4xx_hal_rcc_ex.o
 .text.RCCEx_PLLSAI2_Config
                0x00000000080027cc      0x1e8 ./Drivers/STM32L4xx_HAL_Driver/Src/stm32l4xx_hal_rcc_ex.o
 .text.HAL_RTC_Init
                0x00000000080029b4       0xf6 ./Drivers/STM32L4xx_HAL_Driver/Src/stm32l4xx_hal_rtc.o
                0x00000000080029b4                HAL_RTC_Init
 .text.HAL_RTC_SetTime
                0x0000000008002aaa      0x13a ./Drivers/STM32L4xx_HAL_Driver/Src/stm32l4xx_hal_rtc.o
                0x0000000008002aaa                HAL_RTC_SetTime
 .text.HAL_RTC_GetTime
                0x0000000008002be4       0xb8 ./Drivers/STM32L4xx_HAL_Driver/Src/stm32l4xx_hal_rtc.o
                0x0000000008002be4                HAL_RTC_GetTime
 .text.HAL_RTC_SetDate
                0x0000000008002c9c      0x10e ./Drivers/STM32L4xx_HAL_Driver/Src/stm32l4xx_hal_rtc.o
                0x0000000008002c9c                HAL_RTC_SetDate
 .text.HAL_RTC_GetDate
                0x0000000008002daa       0x9a ./Drivers/STM32L4xx_HAL_Driver/Src/stm32l4xx_hal_rtc.o
                0x0000000008002daa                HAL_RTC_GetDate
 .text.HAL_RTC_SetAlarm_IT
                0x0000000008002e44      0x278 ./Drivers/STM32L4xx_HAL_Driver/Src/stm32l4xx_hal_rtc.o
                0x0000000008002e44                HAL_RTC_SetAlarm_IT
 .text.HAL_RTC_DeactivateAlarm
                0x00000000080030bc      0x128 ./Drivers/STM32L4xx_HAL_Driver/Src/stm32l4xx_hal_rtc.o
                0x00000000080030bc                HAL_RTC_DeactivateAlarm
 .text.HAL_RTC_AlarmIRQHandler
                0x00000000080031e4       0x8c ./Drivers/STM32L4xx_HAL_Driver/Src/stm32l4xx_hal_rtc.o
                0x00000000080031e4                HAL_RTC_AlarmIRQHandler
 .text.HAL_RTC_WaitForSynchro
                0x0000000008003270       0x4c ./Drivers/STM32L4xx_HAL_Driver/Src/stm32l4xx_hal_rtc.o
                0x0000000008003270                HAL_RTC_WaitForSynchro
 .text.RTC_EnterInitMode
                0x00000000080032bc       0x66 ./Drivers/STM32L4xx_HAL_Driver/Src/stm32l4xx_hal_rtc.o
                0x00000000080032bc                RTC_EnterInitMode
 *fill*         0x0000000008003322        0x2 
 .text.RTC_ExitInitMode
                0x0000000008003324       0x7c ./Drivers/STM32L4xx_HAL_Driver/Src/stm32l4xx_hal_rtc.o
                0x0000000008003324                RTC_ExitInitMode
 .text.RTC_ByteToBcd2
                0x00000000080033a0       0x3e ./Drivers/STM32L4xx_HAL_Driver/Src/stm32l4xx_hal_rtc.o
                0x00000000080033a0                RTC_ByteToBcd2
 .text.RTC_Bcd2ToByte
                0x00000000080033de       0x32 ./Drivers/STM32L4xx_HAL_Driver/Src/stm32l4xx_hal_rtc.o
                0x00000000080033de                RTC_Bcd2ToByte
 .text.HAL_RTCEx_AlarmBEventCallback
                0x0000000008003410       0x12 ./Drivers/STM32L4xx_HAL_Driver/Src/stm32l4xx_hal_rtc_ex.o
                0x0000000008003410                HAL_RTCEx_AlarmBEventCallback
 .text.HAL_UART_Init
                0x0000000008003422       0xa0 ./Drivers/STM32L4xx_HAL_Driver/Src/stm32l4xx_hal_uart.o
                0x0000000008003422                HAL_UART_Init
 .text.HAL_UART_Transmit
                0x00000000080034c2      0x12e ./Drivers/STM32L4xx_HAL_Driver/Src/stm32l4xx_hal_uart.o
                0x00000000080034c2                HAL_UART_Transmit
 .text.UART_SetConfig
                0x00000000080035f0     0x1350 ./Drivers/STM32L4xx_HAL_Driver/Src/stm32l4xx_hal_uart.o
                0x00000000080035f0                UART_SetConfig
 .text.UART_AdvFeatureConfig
                0x0000000008004940      0x142 ./Drivers/STM32L4xx_HAL_Driver/Src/stm32l4xx_hal_uart.o
                0x0000000008004940                UART_AdvFeatureConfig
 .text.UART_CheckIdleState
                0x0000000008004a82       0x90 ./Drivers/STM32L4xx_HAL_Driver/Src/stm32l4xx_hal_uart.o
                0x0000000008004a82                UART_CheckIdleState
 .text.UART_WaitOnFlagUntilTimeout
                0x0000000008004b12       0x94 ./Drivers/STM32L4xx_HAL_Driver/Src/stm32l4xx_hal_uart.o
                0x0000000008004b12                UART_WaitOnFlagUntilTimeout
 *fill*         0x0000000008004ba6        0x2 
 .text.__udivmoddi4
                0x0000000008004ba8      0x2c0 /Users/khoahuynh/Library/xPacks/@xpack-dev-tools/arm-none-eabi-gcc/9.2.1-1.1.1/.content/bin/../lib/gcc/arm-none-eabi/9.2.1/thumb/v7e-m/nofp/libgcc.a(_udivmoddi4.o)
                0x0000000008004ba8                __udivmoddi4
 .text.__errno  0x0000000008004e68        0xc /Users/khoahuynh/Library/xPacks/@xpack-dev-tools/arm-none-eabi-gcc/9.2.1-1.1.1/.content/bin/../lib/gcc/arm-none-eabi/9.2.1/../../../../arm-none-eabi/lib/thumb/v7e-m/nofp/libg_nano.a(lib_a-errno.o)
                0x0000000008004e68                __errno
 .text.__libc_init_array
                0x0000000008004e74       0x48 /Users/khoahuynh/Library/xPacks/@xpack-dev-tools/arm-none-eabi-gcc/9.2.1-1.1.1/.content/bin/../lib/gcc/arm-none-eabi/9.2.1/../../../../arm-none-eabi/lib/thumb/v7e-m/nofp/libg_nano.a(lib_a-init.o)
                0x0000000008004e74                __libc_init_array
 .text.memset   0x0000000008004ebc       0x10 /Users/khoahuynh/Library/xPacks/@xpack-dev-tools/arm-none-eabi-gcc/9.2.1-1.1.1/.content/bin/../lib/gcc/arm-none-eabi/9.2.1/../../../../arm-none-eabi/lib/thumb/v7e-m/nofp/libg_nano.a(lib_a-memset.o)
                0x0000000008004ebc                memset
 .text.sprintf  0x0000000008004ecc       0x40 /Users/khoahuynh/Library/xPacks/@xpack-dev-tools/arm-none-eabi-gcc/9.2.1-1.1.1/.content/bin/../lib/gcc/arm-none-eabi/9.2.1/../../../../arm-none-eabi/lib/thumb/v7e-m/nofp/libg_nano.a(lib_a-sprintf.o)
                0x0000000008004ecc                sprintf
                0x0000000008004ecc                siprintf
 .text.__ssputs_r
                0x0000000008004f0c       0xb6 /Users/khoahuynh/Library/xPacks/@xpack-dev-tools/arm-none-eabi-gcc/9.2.1-1.1.1/.content/bin/../lib/gcc/arm-none-eabi/9.2.1/../../../../arm-none-eabi/lib/thumb/v7e-m/nofp/libg_nano.a(lib_a-nano-svfprintf.o)
                0x0000000008004f0c                __ssputs_r
 *fill*         0x0000000008004fc2        0x2 
 .text._svfprintf_r
                0x0000000008004fc4      0x200 /Users/khoahuynh/Library/xPacks/@xpack-dev-tools/arm-none-eabi-gcc/9.2.1-1.1.1/.content/bin/../lib/gcc/arm-none-eabi/9.2.1/../../../../arm-none-eabi/lib/thumb/v7e-m/nofp/libg_nano.a(lib_a-nano-svfprintf.o)
                0x0000000008004fc4                _svfprintf_r
                0x0000000008004fc4                _svfiprintf_r
 .text._printf_common
                0x00000000080051c4       0xda /Users/khoahuynh/Library/xPacks/@xpack-dev-tools/arm-none-eabi-gcc/9.2.1-1.1.1/.content/bin/../lib/gcc/arm-none-eabi/9.2.1/../../../../arm-none-eabi/lib/thumb/v7e-m/nofp/libg_nano.a(lib_a-nano-vfprintf_i.o)
                0x00000000080051c4                _printf_common
 *fill*         0x000000000800529e        0x2 
 .text._printf_i
                0x00000000080052a0      0x24c /Users/khoahuynh/Library/xPacks/@xpack-dev-tools/arm-none-eabi-gcc/9.2.1-1.1.1/.content/bin/../lib/gcc/arm-none-eabi/9.2.1/../../../../arm-none-eabi/lib/thumb/v7e-m/nofp/libg_nano.a(lib_a-nano-vfprintf_i.o)
                0x00000000080052a0                _printf_i
 .text.memcpy   0x00000000080054ec       0x1c /Users/khoahuynh/Library/xPacks/@xpack-dev-tools/arm-none-eabi-gcc/9.2.1-1.1.1/.content/bin/../lib/gcc/arm-none-eabi/9.2.1/../../../../arm-none-eabi/lib/thumb/v7e-m/nofp/libg_nano.a(lib_a-memcpy-stub.o)
                0x00000000080054ec                memcpy
 .text.memmove  0x0000000008005508       0x34 /Users/khoahuynh/Library/xPacks/@xpack-dev-tools/arm-none-eabi-gcc/9.2.1-1.1.1/.content/bin/../lib/gcc/arm-none-eabi/9.2.1/../../../../arm-none-eabi/lib/thumb/v7e-m/nofp/libg_nano.a(lib_a-memmove.o)
                0x0000000008005508                memmove
 .text._free_r  0x000000000800553c       0x9c /Users/khoahuynh/Library/xPacks/@xpack-dev-tools/arm-none-eabi-gcc/9.2.1-1.1.1/.content/bin/../lib/gcc/arm-none-eabi/9.2.1/../../../../arm-none-eabi/lib/thumb/v7e-m/nofp/libg_nano.a(lib_a-nano-freer.o)
                0x000000000800553c                _free_r
 .text._malloc_r
                0x00000000080055d8       0xb4 /Users/khoahuynh/Library/xPacks/@xpack-dev-tools/arm-none-eabi-gcc/9.2.1-1.1.1/.content/bin/../lib/gcc/arm-none-eabi/9.2.1/../../../../arm-none-eabi/lib/thumb/v7e-m/nofp/libg_nano.a(lib_a-nano-mallocr.o)
                0x00000000080055d8                _malloc_r
 .text._realloc_r
                0x000000000800568c       0x4c /Users/khoahuynh/Library/xPacks/@xpack-dev-tools/arm-none-eabi-gcc/9.2.1-1.1.1/.content/bin/../lib/gcc/arm-none-eabi/9.2.1/../../../../arm-none-eabi/lib/thumb/v7e-m/nofp/libg_nano.a(lib_a-nano-reallocr.o)
                0x000000000800568c                _realloc_r
 .text._sbrk_r  0x00000000080056d8       0x20 /Users/khoahuynh/Library/xPacks/@xpack-dev-tools/arm-none-eabi-gcc/9.2.1-1.1.1/.content/bin/../lib/gcc/arm-none-eabi/9.2.1/../../../../arm-none-eabi/lib/thumb/v7e-m/nofp/libg_nano.a(lib_a-sbrkr.o)
                0x00000000080056d8                _sbrk_r
 .text.__malloc_lock
                0x00000000080056f8        0xc /Users/khoahuynh/Library/xPacks/@xpack-dev-tools/arm-none-eabi-gcc/9.2.1-1.1.1/.content/bin/../lib/gcc/arm-none-eabi/9.2.1/../../../../arm-none-eabi/lib/thumb/v7e-m/nofp/libg_nano.a(lib_a-mlock.o)
                0x00000000080056f8                __malloc_lock
 .text.__malloc_unlock
                0x0000000008005704        0xc /Users/khoahuynh/Library/xPacks/@xpack-dev-tools/arm-none-eabi-gcc/9.2.1-1.1.1/.content/bin/../lib/gcc/arm-none-eabi/9.2.1/../../../../arm-none-eabi/lib/thumb/v7e-m/nofp/libg_nano.a(lib_a-mlock.o)
                0x0000000008005704                __malloc_unlock
 .text._malloc_usable_size_r
                0x0000000008005710       0x10 /Users/khoahuynh/Library/xPacks/@xpack-dev-tools/arm-none-eabi-gcc/9.2.1-1.1.1/.content/bin/../lib/gcc/arm-none-eabi/9.2.1/../../../../arm-none-eabi/lib/thumb/v7e-m/nofp/libg_nano.a(lib_a-nano-msizer.o)
                0x0000000008005710                _malloc_usable_size_r
 .text.__retarget_lock_acquire_recursive
                0x0000000008005720        0x2 /Users/khoahuynh/Library/xPacks/@xpack-dev-tools/arm-none-eabi-gcc/9.2.1-1.1.1/.content/bin/../lib/gcc/arm-none-eabi/9.2.1/../../../../arm-none-eabi/lib/thumb/v7e-m/nofp/libg_nano.a(lib_a-lock.o)
                0x0000000008005720                __retarget_lock_acquire_recursive
 .text.__retarget_lock_release_recursive
                0x0000000008005722        0x2 /Users/khoahuynh/Library/xPacks/@xpack-dev-tools/arm-none-eabi-gcc/9.2.1-1.1.1/.content/bin/../lib/gcc/arm-none-eabi/9.2.1/../../../../arm-none-eabi/lib/thumb/v7e-m/nofp/libg_nano.a(lib_a-lock.o)
                0x0000000008005722                __retarget_lock_release_recursive
 *(.glue_7)
 .glue_7        0x0000000008005724        0x0 linker stubs
 *(.glue_7t)
 .glue_7t       0x0000000008005724        0x0 linker stubs
 *(.eh_frame)
 .eh_frame      0x0000000008005724        0x0 /Users/khoahuynh/Library/xPacks/@xpack-dev-tools/arm-none-eabi-gcc/9.2.1-1.1.1/.content/bin/../lib/gcc/arm-none-eabi/9.2.1/thumb/v7e-m/nofp/crtbegin.o
 *(.init)
 .init          0x0000000008005724        0x4 /Users/khoahuynh/Library/xPacks/@xpack-dev-tools/arm-none-eabi-gcc/9.2.1-1.1.1/.content/bin/../lib/gcc/arm-none-eabi/9.2.1/thumb/v7e-m/nofp/crti.o
                0x0000000008005724                _init
 .init          0x0000000008005728        0x8 /Users/khoahuynh/Library/xPacks/@xpack-dev-tools/arm-none-eabi-gcc/9.2.1-1.1.1/.content/bin/../lib/gcc/arm-none-eabi/9.2.1/thumb/v7e-m/nofp/crtn.o
 *(.fini)
 .fini          0x0000000008005730        0x4 /Users/khoahuynh/Library/xPacks/@xpack-dev-tools/arm-none-eabi-gcc/9.2.1-1.1.1/.content/bin/../lib/gcc/arm-none-eabi/9.2.1/thumb/v7e-m/nofp/crti.o
                0x0000000008005730                _fini
 .fini          0x0000000008005734        0x8 /Users/khoahuynh/Library/xPacks/@xpack-dev-tools/arm-none-eabi-gcc/9.2.1-1.1.1/.content/bin/../lib/gcc/arm-none-eabi/9.2.1/thumb/v7e-m/nofp/crtn.o
                0x0000000008005740                . = ALIGN (0x8)
 *fill*         0x000000000800573c        0x4 
                0x0000000008005740                _etext = .

.vfp11_veneer   0x0000000008005740        0x0
 .vfp11_veneer  0x0000000008005740        0x0 linker stubs

.v4_bx          0x0000000008005740        0x0
 .v4_bx         0x0000000008005740        0x0 linker stubs

.iplt           0x0000000008005740        0x0
 .iplt          0x0000000008005740        0x0 /Users/khoahuynh/Library/xPacks/@xpack-dev-tools/arm-none-eabi-gcc/9.2.1-1.1.1/.content/bin/../lib/gcc/arm-none-eabi/9.2.1/thumb/v7e-m/nofp/crtbegin.o

.rodata         0x0000000008005740       0xe0
                0x0000000008005740                . = ALIGN (0x8)
 *(.rodata)
 .rodata        0x0000000008005740       0x61 ./Src/main.o
 *(.rodata*)
 *fill*         0x00000000080057a1        0x3 
 .rodata.AHBPrescTable
                0x00000000080057a4       0x10 ./Src/system_stm32l4xx.o
                0x00000000080057a4                AHBPrescTable
 .rodata.APBPrescTable
                0x00000000080057b4        0x8 ./Src/system_stm32l4xx.o
                0x00000000080057b4                APBPrescTable
 .rodata.MSIRangeTable
                0x00000000080057bc       0x30 ./Src/system_stm32l4xx.o
                0x00000000080057bc                MSIRangeTable
 .rodata._svfprintf_r.str1.1
                0x00000000080057ec       0x11 /Users/khoahuynh/Library/xPacks/@xpack-dev-tools/arm-none-eabi-gcc/9.2.1-1.1.1/.content/bin/../lib/gcc/arm-none-eabi/9.2.1/../../../../arm-none-eabi/lib/thumb/v7e-m/nofp/libg_nano.a(lib_a-nano-svfprintf.o)
 .rodata._printf_i.str1.1
                0x00000000080057fd       0x22 /Users/khoahuynh/Library/xPacks/@xpack-dev-tools/arm-none-eabi-gcc/9.2.1-1.1.1/.content/bin/../lib/gcc/arm-none-eabi/9.2.1/../../../../arm-none-eabi/lib/thumb/v7e-m/nofp/libg_nano.a(lib_a-nano-vfprintf_i.o)
                0x0000000008005820                . = ALIGN (0x8)
 *fill*         0x000000000800581f        0x1 

.ARM.extab      0x0000000008005820        0x0
                0x0000000008005820                . = ALIGN (0x8)
 *(.ARM.extab* .gnu.linkonce.armextab.*)
                0x0000000008005820                . = ALIGN (0x8)

.ARM            0x0000000008005820        0x8
                0x0000000008005820                . = ALIGN (0x8)
                0x0000000008005820                __exidx_start = .
 *(.ARM.exidx*)
 .ARM.exidx.text.__udivmoddi4
                0x0000000008005820        0x8 /Users/khoahuynh/Library/xPacks/@xpack-dev-tools/arm-none-eabi-gcc/9.2.1-1.1.1/.content/bin/../lib/gcc/arm-none-eabi/9.2.1/thumb/v7e-m/nofp/libgcc.a(_udivmoddi4.o)
                0x0000000008005828                __exidx_end = .
                0x0000000008005828                . = ALIGN (0x8)

.rel.dyn        0x0000000008005828        0x0
 .rel.iplt      0x0000000008005828        0x0 /Users/khoahuynh/Library/xPacks/@xpack-dev-tools/arm-none-eabi-gcc/9.2.1-1.1.1/.content/bin/../lib/gcc/arm-none-eabi/9.2.1/thumb/v7e-m/nofp/crtbegin.o

.preinit_array  0x0000000008005828        0x0
                0x0000000008005828                . = ALIGN (0x8)
                0x0000000008005828                PROVIDE (__preinit_array_start = .)
 *(.preinit_array*)
                0x0000000008005828                PROVIDE (__preinit_array_end = .)
                0x0000000008005828                . = ALIGN (0x8)

.init_array     0x0000000008005828        0x8
                0x0000000008005828                . = ALIGN (0x8)
                0x0000000008005828                PROVIDE (__init_array_start = .)
 *(SORT_BY_NAME(.init_array.*))
 *(.init_array*)
 .init_array    0x0000000008005828        0x4 /Users/khoahuynh/Library/xPacks/@xpack-dev-tools/arm-none-eabi-gcc/9.2.1-1.1.1/.content/bin/../lib/gcc/arm-none-eabi/9.2.1/thumb/v7e-m/nofp/crtbegin.o
                0x000000000800582c                PROVIDE (__init_array_end = .)
                0x0000000008005830                . = ALIGN (0x8)
 *fill*         0x000000000800582c        0x4 

.fini_array     0x0000000008005830        0x8
                0x0000000008005830                . = ALIGN (0x8)
                [!provide]                        PROVIDE (__fini_array_start = .)
 *(SORT_BY_NAME(.fini_array.*))
 *(.fini_array*)
 .fini_array    0x0000000008005830        0x4 /Users/khoahuynh/Library/xPacks/@xpack-dev-tools/arm-none-eabi-gcc/9.2.1-1.1.1/.content/bin/../lib/gcc/arm-none-eabi/9.2.1/thumb/v7e-m/nofp/crtbegin.o
                [!provide]                        PROVIDE (__fini_array_end = .)
                0x0000000008005838                . = ALIGN (0x8)
 *fill*         0x0000000008005834        0x4 
                0x0000000008005838                _sidata = LOADADDR (.data)

.data           0x0000000020000000       0x70 load address 0x0000000008005838
                0x0000000020000000                . = ALIGN (0x8)
                0x0000000020000000                _sdata = .
 *(.data)
 *(.data*)
 .data.SystemCoreClock
                0x0000000020000000        0x4 ./Src/system_stm32l4xx.o
                0x0000000020000000                SystemCoreClock
 .data.uwTickPrio
                0x0000000020000004        0x4 ./Drivers/STM32L4xx_HAL_Driver/Src/stm32l4xx_hal.o
                0x0000000020000004                uwTickPrio
 .data.uwTickFreq
                0x0000000020000008        0x4 ./Drivers/STM32L4xx_HAL_Driver/Src/stm32l4xx_hal.o
                0x0000000020000008                uwTickFreq
 .data._impure_ptr
                0x000000002000000c        0x4 /Users/khoahuynh/Library/xPacks/@xpack-dev-tools/arm-none-eabi-gcc/9.2.1-1.1.1/.content/bin/../lib/gcc/arm-none-eabi/9.2.1/../../../../arm-none-eabi/lib/thumb/v7e-m/nofp/libg_nano.a(lib_a-impure.o)
                0x000000002000000c                _impure_ptr
 .data.impure_data
                0x0000000020000010       0x60 /Users/khoahuynh/Library/xPacks/@xpack-dev-tools/arm-none-eabi-gcc/9.2.1-1.1.1/.content/bin/../lib/gcc/arm-none-eabi/9.2.1/../../../../arm-none-eabi/lib/thumb/v7e-m/nofp/libg_nano.a(lib_a-impure.o)
                0x0000000020000070                . = ALIGN (0x8)
                0x0000000020000070                _edata = .

.igot.plt       0x0000000020000070        0x0 load address 0x00000000080058a8
 .igot.plt      0x0000000020000070        0x0 /Users/khoahuynh/Library/xPacks/@xpack-dev-tools/arm-none-eabi-gcc/9.2.1-1.1.1/.content/bin/../lib/gcc/arm-none-eabi/9.2.1/thumb/v7e-m/nofp/crtbegin.o
                0x0000000020000070                . = ALIGN (0x4)

.bss            0x0000000020000070      0x150 load address 0x00000000080058a8
                0x0000000020000070                _sbss = .
                0x0000000020000070                __bss_start__ = _sbss
 *(.bss)
 *(.bss*)
 .bss.completed.8911
                0x0000000020000070        0x1 /Users/khoahuynh/Library/xPacks/@xpack-dev-tools/arm-none-eabi-gcc/9.2.1-1.1.1/.content/bin/../lib/gcc/arm-none-eabi/9.2.1/thumb/v7e-m/nofp/crtbegin.o
 *fill*         0x0000000020000071        0x3 
 .bss.object.8916
                0x0000000020000074       0x18 /Users/khoahuynh/Library/xPacks/@xpack-dev-tools/arm-none-eabi-gcc/9.2.1-1.1.1/.content/bin/../lib/gcc/arm-none-eabi/9.2.1/thumb/v7e-m/nofp/crtbegin.o
 .bss.hlpuart1  0x000000002000008c       0x8c ./Src/main.o
                0x000000002000008c                hlpuart1
 .bss.hrtc      0x0000000020000118       0x24 ./Src/main.o
                0x0000000020000118                hrtc
 .bss.mesg      0x000000002000013c       0x64 ./Src/main.o
                0x000000002000013c                mesg
 .bss.heap_end.5523
                0x00000000200001a0        0x4 ./Src/syscalls.o
 .bss.__malloc_free_list
                0x00000000200001a4        0x4 /Users/khoahuynh/Library/xPacks/@xpack-dev-tools/arm-none-eabi-gcc/9.2.1-1.1.1/.content/bin/../lib/gcc/arm-none-eabi/9.2.1/../../../../arm-none-eabi/lib/thumb/v7e-m/nofp/libg_nano.a(lib_a-nano-mallocr.o)
                0x00000000200001a4                __malloc_free_list
 .bss.__malloc_sbrk_start
                0x00000000200001a8        0x4 /Users/khoahuynh/Library/xPacks/@xpack-dev-tools/arm-none-eabi-gcc/9.2.1-1.1.1/.content/bin/../lib/gcc/arm-none-eabi/9.2.1/../../../../arm-none-eabi/lib/thumb/v7e-m/nofp/libg_nano.a(lib_a-nano-mallocr.o)
                0x00000000200001a8                __malloc_sbrk_start
 *(COMMON)
 COMMON         0x00000000200001ac        0x4 ./Drivers/STM32L4xx_HAL_Driver/Src/stm32l4xx_hal.o
                0x00000000200001ac                uwTick
 COMMON         0x00000000200001b0        0x4 /Users/khoahuynh/Library/xPacks/@xpack-dev-tools/arm-none-eabi-gcc/9.2.1-1.1.1/.content/bin/../lib/gcc/arm-none-eabi/9.2.1/../../../../arm-none-eabi/lib/thumb/v7e-m/nofp/libg_nano.a(lib_a-reent.o)
                0x00000000200001b0                errno
 COMMON         0x00000000200001b4        0x9 /Users/khoahuynh/Library/xPacks/@xpack-dev-tools/arm-none-eabi-gcc/9.2.1-1.1.1/.content/bin/../lib/gcc/arm-none-eabi/9.2.1/../../../../arm-none-eabi/lib/thumb/v7e-m/nofp/libg_nano.a(lib_a-lock.o)
                0x00000000200001b4                __lock___atexit_recursive_mutex
                0x00000000200001b5                __lock___arc4random_mutex
                0x00000000200001b6                __lock___env_recursive_mutex
                0x00000000200001b7                __lock___sinit_recursive_mutex
                0x00000000200001b8                __lock___malloc_recursive_mutex
                0x00000000200001b9                __lock___at_quick_exit_mutex
                0x00000000200001ba                __lock___dd_hash_mutex
                0x00000000200001bb                __lock___tz_mutex
                0x00000000200001bc                __lock___sfp_recursive_mutex
                0x00000000200001c0                . = ALIGN (0x4)
 *fill*         0x00000000200001bd        0x3 
                0x00000000200001c0                _ebss = .
                0x00000000200001c0                __bss_end__ = _ebss

._user_heap_stack
                0x00000000200001c0      0x600 load address 0x00000000080058a8
                0x00000000200001c0                . = ALIGN (0x8)
                0x00000000200001c0                PROVIDE (end = .)
                [!provide]                        PROVIDE (_end = .)
                0x00000000200003c0                . = (. + _Min_Heap_Size)
 *fill*         0x00000000200001c0      0x200 
                0x00000000200007c0                . = (. + _Min_Stack_Size)
 *fill*         0x00000000200003c0      0x400 
                0x00000000200007c0                . = ALIGN (0x8)

/DISCARD/
 libc.a(*)
 libm.a(*)
 libgcc.a(*)

.ARM.attributes
                0x0000000000000000       0x2a
 *(.ARM.attributes)
 .ARM.attributes
                0x0000000000000000       0x1e /Users/khoahuynh/Library/xPacks/@xpack-dev-tools/arm-none-eabi-gcc/9.2.1-1.1.1/.content/bin/../lib/gcc/arm-none-eabi/9.2.1/thumb/v7e-m/nofp/crti.o
 .ARM.attributes
                0x000000000000001e       0x2e /Users/khoahuynh/Library/xPacks/@xpack-dev-tools/arm-none-eabi-gcc/9.2.1-1.1.1/.content/bin/../lib/gcc/arm-none-eabi/9.2.1/thumb/v7e-m/nofp/crtbegin.o
 .ARM.attributes
                0x000000000000004c       0x21 ./startup/startup_stm32l4r5xx.o
 .ARM.attributes
                0x000000000000006d       0x2e ./Src/it.o
 .ARM.attributes
                0x000000000000009b       0x2e ./Src/main.o
 .ARM.attributes
                0x00000000000000c9       0x2e ./Src/msp.o
 .ARM.attributes
                0x00000000000000f7       0x2e ./Src/syscalls.o
 .ARM.attributes
                0x0000000000000125       0x2e ./Src/system_stm32l4xx.o
 .ARM.attributes
                0x0000000000000153       0x2e ./Drivers/STM32L4xx_HAL_Driver/Src/stm32l4xx_hal.o
 .ARM.attributes
                0x0000000000000181       0x2e ./Drivers/STM32L4xx_HAL_Driver/Src/stm32l4xx_hal_cortex.o
 .ARM.attributes
                0x00000000000001af       0x2e ./Drivers/STM32L4xx_HAL_Driver/Src/stm32l4xx_hal_gpio.o
 .ARM.attributes
                0x00000000000001dd       0x2e ./Drivers/STM32L4xx_HAL_Driver/Src/stm32l4xx_hal_pwr_ex.o
 .ARM.attributes
                0x000000000000020b       0x2e ./Drivers/STM32L4xx_HAL_Driver/Src/stm32l4xx_hal_rcc.o
 .ARM.attributes
                0x0000000000000239       0x2e ./Drivers/STM32L4xx_HAL_Driver/Src/stm32l4xx_hal_rcc_ex.o
 .ARM.attributes
                0x0000000000000267       0x2e ./Drivers/STM32L4xx_HAL_Driver/Src/stm32l4xx_hal_rtc.o
 .ARM.attributes
                0x0000000000000295       0x2e ./Drivers/STM32L4xx_HAL_Driver/Src/stm32l4xx_hal_rtc_ex.o
 .ARM.attributes
                0x00000000000002c3       0x2e ./Drivers/STM32L4xx_HAL_Driver/Src/stm32l4xx_hal_uart.o
 .ARM.attributes
                0x00000000000002f1       0x1e /Users/khoahuynh/Library/xPacks/@xpack-dev-tools/arm-none-eabi-gcc/9.2.1-1.1.1/.content/bin/../lib/gcc/arm-none-eabi/9.2.1/thumb/v7e-m/nofp/libgcc.a(_aeabi_uldivmod.o)
 .ARM.attributes
                0x000000000000030f       0x2e /Users/khoahuynh/Library/xPacks/@xpack-dev-tools/arm-none-eabi-gcc/9.2.1-1.1.1/.content/bin/../lib/gcc/arm-none-eabi/9.2.1/thumb/v7e-m/nofp/libgcc.a(_udivmoddi4.o)
 .ARM.attributes
                0x000000000000033d       0x1e /Users/khoahuynh/Library/xPacks/@xpack-dev-tools/arm-none-eabi-gcc/9.2.1-1.1.1/.content/bin/../lib/gcc/arm-none-eabi/9.2.1/thumb/v7e-m/nofp/libgcc.a(_dvmd_tls.o)
 .ARM.attributes
                0x000000000000035b       0x2e /Users/khoahuynh/Library/xPacks/@xpack-dev-tools/arm-none-eabi-gcc/9.2.1-1.1.1/.content/bin/../lib/gcc/arm-none-eabi/9.2.1/../../../../arm-none-eabi/lib/thumb/v7e-m/nofp/libg_nano.a(lib_a-errno.o)
 .ARM.attributes
                0x0000000000000389       0x2e /Users/khoahuynh/Library/xPacks/@xpack-dev-tools/arm-none-eabi-gcc/9.2.1-1.1.1/.content/bin/../lib/gcc/arm-none-eabi/9.2.1/../../../../arm-none-eabi/lib/thumb/v7e-m/nofp/libg_nano.a(lib_a-impure.o)
 .ARM.attributes
                0x00000000000003b7       0x2e /Users/khoahuynh/Library/xPacks/@xpack-dev-tools/arm-none-eabi-gcc/9.2.1-1.1.1/.content/bin/../lib/gcc/arm-none-eabi/9.2.1/../../../../arm-none-eabi/lib/thumb/v7e-m/nofp/libg_nano.a(lib_a-init.o)
 .ARM.attributes
                0x00000000000003e5       0x2e /Users/khoahuynh/Library/xPacks/@xpack-dev-tools/arm-none-eabi-gcc/9.2.1-1.1.1/.content/bin/../lib/gcc/arm-none-eabi/9.2.1/../../../../arm-none-eabi/lib/thumb/v7e-m/nofp/libg_nano.a(lib_a-memset.o)
 .ARM.attributes
                0x0000000000000413       0x2e /Users/khoahuynh/Library/xPacks/@xpack-dev-tools/arm-none-eabi-gcc/9.2.1-1.1.1/.content/bin/../lib/gcc/arm-none-eabi/9.2.1/../../../../arm-none-eabi/lib/thumb/v7e-m/nofp/libg_nano.a(lib_a-sprintf.o)
 .ARM.attributes
                0x0000000000000441       0x17 /Users/khoahuynh/Library/xPacks/@xpack-dev-tools/arm-none-eabi-gcc/9.2.1-1.1.1/.content/bin/../lib/gcc/arm-none-eabi/9.2.1/../../../../arm-none-eabi/lib/thumb/v7e-m/nofp/libg_nano.a(lib_a-strlen.o)
 .ARM.attributes
                0x0000000000000458       0x2e /Users/khoahuynh/Library/xPacks/@xpack-dev-tools/arm-none-eabi-gcc/9.2.1-1.1.1/.content/bin/../lib/gcc/arm-none-eabi/9.2.1/../../../../arm-none-eabi/lib/thumb/v7e-m/nofp/libg_nano.a(lib_a-nano-svfprintf.o)
 .ARM.attributes
                0x0000000000000486       0x2e /Users/khoahuynh/Library/xPacks/@xpack-dev-tools/arm-none-eabi-gcc/9.2.1-1.1.1/.content/bin/../lib/gcc/arm-none-eabi/9.2.1/../../../../arm-none-eabi/lib/thumb/v7e-m/nofp/libg_nano.a(lib_a-nano-vfprintf_i.o)
 .ARM.attributes
                0x00000000000004b4       0x1c /Users/khoahuynh/Library/xPacks/@xpack-dev-tools/arm-none-eabi-gcc/9.2.1-1.1.1/.content/bin/../lib/gcc/arm-none-eabi/9.2.1/../../../../arm-none-eabi/lib/thumb/v7e-m/nofp/libg_nano.a(lib_a-memchr.o)
 .ARM.attributes
                0x00000000000004d0       0x2e /Users/khoahuynh/Library/xPacks/@xpack-dev-tools/arm-none-eabi-gcc/9.2.1-1.1.1/.content/bin/../lib/gcc/arm-none-eabi/9.2.1/../../../../arm-none-eabi/lib/thumb/v7e-m/nofp/libg_nano.a(lib_a-memcpy-stub.o)
 .ARM.attributes
                0x00000000000004fe       0x2e /Users/khoahuynh/Library/xPacks/@xpack-dev-tools/arm-none-eabi-gcc/9.2.1-1.1.1/.content/bin/../lib/gcc/arm-none-eabi/9.2.1/../../../../arm-none-eabi/lib/thumb/v7e-m/nofp/libg_nano.a(lib_a-memmove.o)
 .ARM.attributes
                0x000000000000052c       0x2e /Users/khoahuynh/Library/xPacks/@xpack-dev-tools/arm-none-eabi-gcc/9.2.1-1.1.1/.content/bin/../lib/gcc/arm-none-eabi/9.2.1/../../../../arm-none-eabi/lib/thumb/v7e-m/nofp/libg_nano.a(lib_a-nano-freer.o)
 .ARM.attributes
                0x000000000000055a       0x2e /Users/khoahuynh/Library/xPacks/@xpack-dev-tools/arm-none-eabi-gcc/9.2.1-1.1.1/.content/bin/../lib/gcc/arm-none-eabi/9.2.1/../../../../arm-none-eabi/lib/thumb/v7e-m/nofp/libg_nano.a(lib_a-nano-mallocr.o)
 .ARM.attributes
                0x0000000000000588       0x2e /Users/khoahuynh/Library/xPacks/@xpack-dev-tools/arm-none-eabi-gcc/9.2.1-1.1.1/.content/bin/../lib/gcc/arm-none-eabi/9.2.1/../../../../arm-none-eabi/lib/thumb/v7e-m/nofp/libg_nano.a(lib_a-nano-reallocr.o)
 .ARM.attributes
                0x00000000000005b6       0x2e /Users/khoahuynh/Library/xPacks/@xpack-dev-tools/arm-none-eabi-gcc/9.2.1-1.1.1/.content/bin/../lib/gcc/arm-none-eabi/9.2.1/../../../../arm-none-eabi/lib/thumb/v7e-m/nofp/libg_nano.a(lib_a-sbrkr.o)
 .ARM.attributes
                0x00000000000005e4       0x2e /Users/khoahuynh/Library/xPacks/@xpack-dev-tools/arm-none-eabi-gcc/9.2.1-1.1.1/.content/bin/../lib/gcc/arm-none-eabi/9.2.1/../../../../arm-none-eabi/lib/thumb/v7e-m/nofp/libg_nano.a(lib_a-mlock.o)
 .ARM.attributes
                0x0000000000000612       0x2e /Users/khoahuynh/Library/xPacks/@xpack-dev-tools/arm-none-eabi-gcc/9.2.1-1.1.1/.content/bin/../lib/gcc/arm-none-eabi/9.2.1/../../../../arm-none-eabi/lib/thumb/v7e-m/nofp/libg_nano.a(lib_a-nano-msizer.o)
 .ARM.attributes
                0x0000000000000640       0x2e /Users/khoahuynh/Library/xPacks/@xpack-dev-tools/arm-none-eabi-gcc/9.2.1-1.1.1/.content/bin/../lib/gcc/arm-none-eabi/9.2.1/../../../../arm-none-eabi/lib/thumb/v7e-m/nofp/libg_nano.a(lib_a-reent.o)
 .ARM.attributes
                0x000000000000066e       0x2e /Users/khoahuynh/Library/xPacks/@xpack-dev-tools/arm-none-eabi-gcc/9.2.1-1.1.1/.content/bin/../lib/gcc/arm-none-eabi/9.2.1/../../../../arm-none-eabi/lib/thumb/v7e-m/nofp/libg_nano.a(lib_a-lock.o)
 .ARM.attributes
                0x000000000000069c       0x1e /Users/khoahuynh/Library/xPacks/@xpack-dev-tools/arm-none-eabi-gcc/9.2.1-1.1.1/.content/bin/../lib/gcc/arm-none-eabi/9.2.1/thumb/v7e-m/nofp/crtn.o
OUTPUT(RTC_AlarmA.elf elf32-littlearm)

.debug_line     0x0000000000000000     0xc388
 .debug_line    0x0000000000000000       0x7e ./startup/startup_stm32l4r5xx.o
 .debug_line    0x000000000000007e      0x688 ./Src/it.o
 .debug_line    0x0000000000000706      0xbdf ./Src/main.o
 .debug_line    0x00000000000012e5      0x6c9 ./Src/msp.o
 .debug_line    0x00000000000019ae      0x66f ./Src/syscalls.o
 .debug_line    0x000000000000201d      0x35a ./Src/system_stm32l4xx.o
 .debug_line    0x0000000000002377      0xa52 ./Drivers/STM32L4xx_HAL_Driver/Src/stm32l4xx_hal.o
 .debug_line    0x0000000000002dc9      0xc05 ./Drivers/STM32L4xx_HAL_Driver/Src/stm32l4xx_hal_cortex.o
 .debug_line    0x00000000000039ce      0xac1 ./Drivers/STM32L4xx_HAL_Driver/Src/stm32l4xx_hal_gpio.o
 .debug_line    0x000000000000448f      0xc96 ./Drivers/STM32L4xx_HAL_Driver/Src/stm32l4xx_hal_pwr_ex.o
 .debug_line    0x0000000000005125      0xf61 ./Drivers/STM32L4xx_HAL_Driver/Src/stm32l4xx_hal_rcc.o
 .debug_line    0x0000000000006086     0x182f ./Drivers/STM32L4xx_HAL_Driver/Src/stm32l4xx_hal_rcc_ex.o
 .debug_line    0x00000000000078b5      0xff2 ./Drivers/STM32L4xx_HAL_Driver/Src/stm32l4xx_hal_rtc.o
 .debug_line    0x00000000000088a7     0x13c9 ./Drivers/STM32L4xx_HAL_Driver/Src/stm32l4xx_hal_rtc_ex.o
 .debug_line    0x0000000000009c70     0x2718 ./Drivers/STM32L4xx_HAL_Driver/Src/stm32l4xx_hal_uart.o

.debug_info     0x0000000000000000     0xe6b5
 .debug_info    0x0000000000000000       0x22 ./startup/startup_stm32l4r5xx.o
 .debug_info    0x0000000000000022      0x6b3 ./Src/it.o
 .debug_info    0x00000000000006d5     0x20a9 ./Src/main.o
 .debug_info    0x000000000000277e     0x17df ./Src/msp.o
 .debug_info    0x0000000000003f5d     0x101a ./Src/syscalls.o
 .debug_info    0x0000000000004f77      0x603 ./Src/system_stm32l4xx.o
 .debug_info    0x000000000000557a      0xc94 ./Drivers/STM32L4xx_HAL_Driver/Src/stm32l4xx_hal.o
 .debug_info    0x000000000000620e      0xfef ./Drivers/STM32L4xx_HAL_Driver/Src/stm32l4xx_hal_cortex.o
 .debug_info    0x00000000000071fd      0xa08 ./Drivers/STM32L4xx_HAL_Driver/Src/stm32l4xx_hal_gpio.o
 .debug_info    0x0000000000007c05      0xbeb ./Drivers/STM32L4xx_HAL_Driver/Src/stm32l4xx_hal_pwr_ex.o
 .debug_info    0x00000000000087f0      0xeb8 ./Drivers/STM32L4xx_HAL_Driver/Src/stm32l4xx_hal_rcc.o
 .debug_info    0x00000000000096a8     0x12e9 ./Drivers/STM32L4xx_HAL_Driver/Src/stm32l4xx_hal_rcc_ex.o
 .debug_info    0x000000000000a991      0xf62 ./Drivers/STM32L4xx_HAL_Driver/Src/stm32l4xx_hal_rtc.o
 .debug_info    0x000000000000b8f3     0x1246 ./Drivers/STM32L4xx_HAL_Driver/Src/stm32l4xx_hal_rtc_ex.o
 .debug_info    0x000000000000cb39     0x1b7c ./Drivers/STM32L4xx_HAL_Driver/Src/stm32l4xx_hal_uart.o

.debug_abbrev   0x0000000000000000     0x1ea4
 .debug_abbrev  0x0000000000000000       0x12 ./startup/startup_stm32l4r5xx.o
 .debug_abbrev  0x0000000000000012      0x121 ./Src/it.o
 .debug_abbrev  0x0000000000000133      0x2f7 ./Src/main.o
 .debug_abbrev  0x000000000000042a      0x1b5 ./Src/msp.o
 .debug_abbrev  0x00000000000005df      0x2e7 ./Src/syscalls.o
 .debug_abbrev  0x00000000000008c6      0x14e ./Src/system_stm32l4xx.o
 .debug_abbrev  0x0000000000000a14      0x227 ./Drivers/STM32L4xx_HAL_Driver/Src/stm32l4xx_hal.o
 .debug_abbrev  0x0000000000000c3b      0x33c ./Drivers/STM32L4xx_HAL_Driver/Src/stm32l4xx_hal_cortex.o
 .debug_abbrev  0x0000000000000f77      0x1e8 ./Drivers/STM32L4xx_HAL_Driver/Src/stm32l4xx_hal_gpio.o
 .debug_abbrev  0x000000000000115f      0x1f3 ./Drivers/STM32L4xx_HAL_Driver/Src/stm32l4xx_hal_pwr_ex.o
 .debug_abbrev  0x0000000000001352      0x2b1 ./Drivers/STM32L4xx_HAL_Driver/Src/stm32l4xx_hal_rcc.o
 .debug_abbrev  0x0000000000001603      0x268 ./Drivers/STM32L4xx_HAL_Driver/Src/stm32l4xx_hal_rcc_ex.o
 .debug_abbrev  0x000000000000186b      0x200 ./Drivers/STM32L4xx_HAL_Driver/Src/stm32l4xx_hal_rtc.o
 .debug_abbrev  0x0000000000001a6b      0x20a ./Drivers/STM32L4xx_HAL_Driver/Src/stm32l4xx_hal_rtc_ex.o
 .debug_abbrev  0x0000000000001c75      0x22f ./Drivers/STM32L4xx_HAL_Driver/Src/stm32l4xx_hal_uart.o

.debug_aranges  0x0000000000000000      0xb80
 .debug_aranges
                0x0000000000000000       0x28 ./startup/startup_stm32l4r5xx.o
 .debug_aranges
                0x0000000000000028       0x30 ./Src/it.o
 .debug_aranges
                0x0000000000000058       0x68 ./Src/main.o
 .debug_aranges
                0x00000000000000c0       0x30 ./Src/msp.o
 .debug_aranges
                0x00000000000000f0       0xb0 ./Src/syscalls.o
 .debug_aranges
                0x00000000000001a0       0x28 ./Src/system_stm32l4xx.o
 .debug_aranges
                0x00000000000001c8      0x130 ./Drivers/STM32L4xx_HAL_Driver/Src/stm32l4xx_hal.o
 .debug_aranges
                0x00000000000002f8      0x118 ./Drivers/STM32L4xx_HAL_Driver/Src/stm32l4xx_hal_cortex.o
 .debug_aranges
                0x0000000000000410       0x58 ./Drivers/STM32L4xx_HAL_Driver/Src/stm32l4xx_hal_gpio.o
 .debug_aranges
                0x0000000000000468      0x168 ./Drivers/STM32L4xx_HAL_Driver/Src/stm32l4xx_hal_pwr_ex.o
 .debug_aranges
                0x00000000000005d0       0x90 ./Drivers/STM32L4xx_HAL_Driver/Src/stm32l4xx_hal_rcc.o
 .debug_aranges
                0x0000000000000660      0x108 ./Drivers/STM32L4xx_HAL_Driver/Src/stm32l4xx_hal_rcc_ex.o
 .debug_aranges
                0x0000000000000768       0xc0 ./Drivers/STM32L4xx_HAL_Driver/Src/stm32l4xx_hal_rtc.o
 .debug_aranges
                0x0000000000000828      0x140 ./Drivers/STM32L4xx_HAL_Driver/Src/stm32l4xx_hal_rtc_ex.o
 .debug_aranges
                0x0000000000000968      0x218 ./Drivers/STM32L4xx_HAL_Driver/Src/stm32l4xx_hal_uart.o

.debug_str      0x0000000000000000   0x104c17
 .debug_str     0x0000000000000000       0xa0 ./startup/startup_stm32l4r5xx.o
 .debug_str     0x00000000000000a0    0xfbb1a ./Src/it.o
                                      0xfbe5d (size before relaxing)
 .debug_str     0x00000000000fbbba     0x4fdc ./Src/main.o
                                     0x101001 (size before relaxing)
 .debug_str     0x0000000000100b96      0x32c ./Src/msp.o
                                      0xfcd1d (size before relaxing)
 .debug_str     0x0000000000100ec2     0x1216 ./Src/syscalls.o
                                       0x8728 (size before relaxing)
 .debug_str     0x00000000001020d8       0xae ./Src/system_stm32l4xx.o
                                      0xac609 (size before relaxing)
 .debug_str     0x0000000000102186      0x5b4 ./Drivers/STM32L4xx_HAL_Driver/Src/stm32l4xx_hal.o
                                      0xfc8b7 (size before relaxing)
 .debug_str     0x000000000010273a      0x38d ./Drivers/STM32L4xx_HAL_Driver/Src/stm32l4xx_hal_cortex.o
                                      0xfc620 (size before relaxing)
 .debug_str     0x0000000000102ac7      0x216 ./Drivers/STM32L4xx_HAL_Driver/Src/stm32l4xx_hal_gpio.o
                                      0xfc018 (size before relaxing)
 .debug_str     0x0000000000102cdd      0x559 ./Drivers/STM32L4xx_HAL_Driver/Src/stm32l4xx_hal_pwr_ex.o
                                      0xfc356 (size before relaxing)
 .debug_str     0x0000000000103236      0x40f ./Drivers/STM32L4xx_HAL_Driver/Src/stm32l4xx_hal_rcc.o
                                      0xfc387 (size before relaxing)
 .debug_str     0x0000000000103645      0x58f ./Drivers/STM32L4xx_HAL_Driver/Src/stm32l4xx_hal_rcc_ex.o
                                      0xfc735 (size before relaxing)
 .debug_str     0x0000000000103bd4      0x1c6 ./Drivers/STM32L4xx_HAL_Driver/Src/stm32l4xx_hal_rtc.o
                                      0xfc162 (size before relaxing)
 .debug_str     0x0000000000103d9a      0x5c4 ./Drivers/STM32L4xx_HAL_Driver/Src/stm32l4xx_hal_rtc_ex.o
                                      0xfc4d9 (size before relaxing)
 .debug_str     0x000000000010435e      0x8b9 ./Drivers/STM32L4xx_HAL_Driver/Src/stm32l4xx_hal_uart.o
                                      0xfcadd (size before relaxing)

.debug_ranges   0x0000000000000000      0xa98
 .debug_ranges  0x0000000000000000       0x20 ./startup/startup_stm32l4r5xx.o
 .debug_ranges  0x0000000000000020       0x20 ./Src/it.o
 .debug_ranges  0x0000000000000040       0x58 ./Src/main.o
 .debug_ranges  0x0000000000000098       0x20 ./Src/msp.o
 .debug_ranges  0x00000000000000b8       0xa0 ./Src/syscalls.o
 .debug_ranges  0x0000000000000158       0x18 ./Src/system_stm32l4xx.o
 .debug_ranges  0x0000000000000170      0x120 ./Drivers/STM32L4xx_HAL_Driver/Src/stm32l4xx_hal.o
 .debug_ranges  0x0000000000000290      0x108 ./Drivers/STM32L4xx_HAL_Driver/Src/stm32l4xx_hal_cortex.o
 .debug_ranges  0x0000000000000398       0x48 ./Drivers/STM32L4xx_HAL_Driver/Src/stm32l4xx_hal_gpio.o
 .debug_ranges  0x00000000000003e0      0x158 ./Drivers/STM32L4xx_HAL_Driver/Src/stm32l4xx_hal_pwr_ex.o
 .debug_ranges  0x0000000000000538       0x80 ./Drivers/STM32L4xx_HAL_Driver/Src/stm32l4xx_hal_rcc.o
 .debug_ranges  0x00000000000005b8       0xf8 ./Drivers/STM32L4xx_HAL_Driver/Src/stm32l4xx_hal_rcc_ex.o
 .debug_ranges  0x00000000000006b0       0xb0 ./Drivers/STM32L4xx_HAL_Driver/Src/stm32l4xx_hal_rtc.o
 .debug_ranges  0x0000000000000760      0x130 ./Drivers/STM32L4xx_HAL_Driver/Src/stm32l4xx_hal_rtc_ex.o
 .debug_ranges  0x0000000000000890      0x208 ./Drivers/STM32L4xx_HAL_Driver/Src/stm32l4xx_hal_uart.o

.debug_macro    0x0000000000000000    0x2aab4
 .debug_macro   0x0000000000000000      0x1c1 ./Src/it.o
 .debug_macro   0x00000000000001c1      0xa9c ./Src/it.o
 .debug_macro   0x0000000000000c5d       0xc0 ./Src/it.o
 .debug_macro   0x0000000000000d1d       0x2e ./Src/it.o
 .debug_macro   0x0000000000000d4b       0x28 ./Src/it.o
 .debug_macro   0x0000000000000d73      0x34e ./Src/it.o
 .debug_macro   0x00000000000010c1       0x1c ./Src/it.o
 .debug_macro   0x00000000000010dd       0x22 ./Src/it.o
 .debug_macro   0x00000000000010ff       0xdf ./Src/it.o
 .debug_macro   0x00000000000011de     0x102d ./Src/it.o
 .debug_macro   0x000000000000220b      0x11f ./Src/it.o
 .debug_macro   0x000000000000232a    0x1caae ./Src/it.o
 .debug_macro   0x000000000001edd8       0x43 ./Src/it.o
 .debug_macro   0x000000000001ee1b     0x3820 ./Src/it.o
 .debug_macro   0x000000000002263b      0x174 ./Src/it.o
 .debug_macro   0x00000000000227af       0x5a ./Src/it.o
 .debug_macro   0x0000000000022809     0x180d ./Src/it.o
 .debug_macro   0x0000000000024016      0x7ce ./Src/it.o
 .debug_macro   0x00000000000247e4      0x241 ./Src/it.o
 .debug_macro   0x0000000000024a25      0x13d ./Src/it.o
 .debug_macro   0x0000000000024b62      0x21e ./Src/it.o
 .debug_macro   0x0000000000024d80      0x486 ./Src/it.o
 .debug_macro   0x0000000000025206      0x1ce ./Src/it.o
 .debug_macro   0x00000000000253d4       0x43 ./Src/it.o
 .debug_macro   0x0000000000025417      0x236 ./Src/it.o
 .debug_macro   0x000000000002564d      0x408 ./Src/it.o
 .debug_macro   0x0000000000025a55       0x1c ./Src/it.o
 .debug_macro   0x0000000000025a71      0x100 ./Src/it.o
 .debug_macro   0x0000000000025b71      0x22c ./Src/it.o
 .debug_macro   0x0000000000025d9d       0x5e ./Src/it.o
 .debug_macro   0x0000000000025dfb       0xa5 ./Src/it.o
 .debug_macro   0x0000000000025ea0      0x122 ./Src/it.o
 .debug_macro   0x0000000000025fc2      0x3e2 ./Src/it.o
 .debug_macro   0x00000000000263a4      0x31a ./Src/it.o
 .debug_macro   0x00000000000266be      0x4fb ./Src/it.o
 .debug_macro   0x0000000000026bb9       0xe4 ./Src/it.o
 .debug_macro   0x0000000000026c9d      0x63f ./Src/it.o
 .debug_macro   0x00000000000272dc       0xa6 ./Src/it.o
 .debug_macro   0x0000000000027382      0x44b ./Src/it.o
 .debug_macro   0x00000000000277cd       0x16 ./Src/it.o
 .debug_macro   0x00000000000277e3      0x376 ./Src/main.o
 .debug_macro   0x0000000000027b59      0x451 ./Src/main.o
 .debug_macro   0x0000000000027faa       0x22 ./Src/main.o
 .debug_macro   0x0000000000027fcc       0x5e ./Src/main.o
 .debug_macro   0x000000000002802a       0x18 ./Src/main.o
 .debug_macro   0x0000000000028042       0x94 ./Src/main.o
 .debug_macro   0x00000000000280d6       0x35 ./Src/main.o
 .debug_macro   0x000000000002810b       0x34 ./Src/main.o
 .debug_macro   0x000000000002813f       0x57 ./Src/main.o
 .debug_macro   0x0000000000028196       0x58 ./Src/main.o
 .debug_macro   0x00000000000281ee       0x1f ./Src/main.o
 .debug_macro   0x000000000002820d       0x43 ./Src/main.o
 .debug_macro   0x0000000000028250       0x20 ./Src/main.o
 .debug_macro   0x0000000000028270      0x18e ./Src/main.o
 .debug_macro   0x00000000000283fe      0x333 ./Src/main.o
 .debug_macro   0x0000000000028731       0x10 ./Src/main.o
 .debug_macro   0x0000000000028741       0x35 ./Src/main.o
 .debug_macro   0x0000000000028776       0x1c ./Src/main.o
 .debug_macro   0x0000000000028792       0x10 ./Src/main.o
 .debug_macro   0x00000000000287a2       0x10 ./Src/main.o
 .debug_macro   0x00000000000287b2       0x6a ./Src/main.o
 .debug_macro   0x000000000002881c       0x1c ./Src/main.o
 .debug_macro   0x0000000000028838       0x52 ./Src/main.o
 .debug_macro   0x000000000002888a       0x40 ./Src/main.o
 .debug_macro   0x00000000000288ca       0x10 ./Src/main.o
 .debug_macro   0x00000000000288da       0x40 ./Src/main.o
 .debug_macro   0x000000000002891a       0xd7 ./Src/main.o
 .debug_macro   0x00000000000289f1       0x1c ./Src/main.o
 .debug_macro   0x0000000000028a0d       0x3d ./Src/main.o
 .debug_macro   0x0000000000028a4a       0x16 ./Src/main.o
 .debug_macro   0x0000000000028a60      0x16f ./Src/main.o
 .debug_macro   0x0000000000028bcf      0x1c1 ./Src/msp.o
 .debug_macro   0x0000000000028d90      0x243 ./Src/syscalls.o
 .debug_macro   0x0000000000028fd3      0x339 ./Src/syscalls.o
 .debug_macro   0x000000000002930c       0x10 ./Src/syscalls.o
 .debug_macro   0x000000000002931c       0x10 ./Src/syscalls.o
 .debug_macro   0x000000000002932c       0x10 ./Src/syscalls.o
 .debug_macro   0x000000000002933c       0x35 ./Src/syscalls.o
 .debug_macro   0x0000000000029371      0x122 ./Src/syscalls.o
 .debug_macro   0x0000000000029493       0x16 ./Src/syscalls.o
 .debug_macro   0x00000000000294a9       0x16 ./Src/syscalls.o
 .debug_macro   0x00000000000294bf       0x29 ./Src/syscalls.o
 .debug_macro   0x00000000000294e8       0x10 ./Src/syscalls.o
 .debug_macro   0x00000000000294f8      0x241 ./Src/syscalls.o
 .debug_macro   0x0000000000029739       0x10 ./Src/syscalls.o
 .debug_macro   0x0000000000029749      0x189 ./Src/syscalls.o
 .debug_macro   0x00000000000298d2       0x16 ./Src/syscalls.o
 .debug_macro   0x00000000000298e8       0x88 ./Src/syscalls.o
 .debug_macro   0x0000000000029970       0xa7 ./Src/system_stm32l4xx.o
 .debug_macro   0x0000000000029a17      0x200 ./Drivers/STM32L4xx_HAL_Driver/Src/stm32l4xx_hal.o
 .debug_macro   0x0000000000029c17      0x1b2 ./Drivers/STM32L4xx_HAL_Driver/Src/stm32l4xx_hal_cortex.o
 .debug_macro   0x0000000000029dc9      0x1f1 ./Drivers/STM32L4xx_HAL_Driver/Src/stm32l4xx_hal_gpio.o
 .debug_macro   0x0000000000029fba      0x1dc ./Drivers/STM32L4xx_HAL_Driver/Src/stm32l4xx_hal_pwr_ex.o
 .debug_macro   0x000000000002a196      0x1f4 ./Drivers/STM32L4xx_HAL_Driver/Src/stm32l4xx_hal_rcc.o
 .debug_macro   0x000000000002a38a      0x1e8 ./Drivers/STM32L4xx_HAL_Driver/Src/stm32l4xx_hal_rcc_ex.o
 .debug_macro   0x000000000002a572      0x1b3 ./Drivers/STM32L4xx_HAL_Driver/Src/stm32l4xx_hal_rtc.o
 .debug_macro   0x000000000002a725      0x1b2 ./Drivers/STM32L4xx_HAL_Driver/Src/stm32l4xx_hal_rtc_ex.o
 .debug_macro   0x000000000002a8d7      0x1dd ./Drivers/STM32L4xx_HAL_Driver/Src/stm32l4xx_hal_uart.o

.comment        0x0000000000000000       0x66
 .comment       0x0000000000000000       0x66 ./Src/it.o
                                         0x67 (size before relaxing)
 .comment       0x0000000000000066       0x67 ./Src/main.o
 .comment       0x0000000000000066       0x67 ./Src/msp.o
 .comment       0x0000000000000066       0x67 ./Src/syscalls.o
 .comment       0x0000000000000066       0x67 ./Src/system_stm32l4xx.o
 .comment       0x0000000000000066       0x67 ./Drivers/STM32L4xx_HAL_Driver/Src/stm32l4xx_hal.o
 .comment       0x0000000000000066       0x67 ./Drivers/STM32L4xx_HAL_Driver/Src/stm32l4xx_hal_cortex.o
 .comment       0x0000000000000066       0x67 ./Drivers/STM32L4xx_HAL_Driver/Src/stm32l4xx_hal_gpio.o
 .comment       0x0000000000000066       0x67 ./Drivers/STM32L4xx_HAL_Driver/Src/stm32l4xx_hal_pwr_ex.o
 .comment       0x0000000000000066       0x67 ./Drivers/STM32L4xx_HAL_Driver/Src/stm32l4xx_hal_rcc.o
 .comment       0x0000000000000066       0x67 ./Drivers/STM32L4xx_HAL_Driver/Src/stm32l4xx_hal_rcc_ex.o
 .comment       0x0000000000000066       0x67 ./Drivers/STM32L4xx_HAL_Driver/Src/stm32l4xx_hal_rtc.o
 .comment       0x0000000000000066       0x67 ./Drivers/STM32L4xx_HAL_Driver/Src/stm32l4xx_hal_rtc_ex.o
 .comment       0x0000000000000066       0x67 ./Drivers/STM32L4xx_HAL_Driver/Src/stm32l4xx_hal_uart.o

.debug_frame    0x0000000000000000     0x32d8
 .debug_frame   0x0000000000000000       0x64 ./Src/it.o
 .debug_frame   0x0000000000000064      0x158 ./Src/main.o
 .debug_frame   0x00000000000001bc       0x74 ./Src/msp.o
 .debug_frame   0x0000000000000230      0x2d0 ./Src/syscalls.o
 .debug_frame   0x0000000000000500       0x58 ./Src/system_stm32l4xx.o
 .debug_frame   0x0000000000000558      0x498 ./Drivers/STM32L4xx_HAL_Driver/Src/stm32l4xx_hal.o
 .debug_frame   0x00000000000009f0      0x498 ./Drivers/STM32L4xx_HAL_Driver/Src/stm32l4xx_hal_cortex.o
 .debug_frame   0x0000000000000e88      0x14c ./Drivers/STM32L4xx_HAL_Driver/Src/stm32l4xx_hal_gpio.o
 .debug_frame   0x0000000000000fd4      0x5a4 ./Drivers/STM32L4xx_HAL_Driver/Src/stm32l4xx_hal_pwr_ex.o
 .debug_frame   0x0000000000001578      0x220 ./Drivers/STM32L4xx_HAL_Driver/Src/stm32l4xx_hal_rcc.o
 .debug_frame   0x0000000000001798      0x43c ./Drivers/STM32L4xx_HAL_Driver/Src/stm32l4xx_hal_rcc_ex.o
 .debug_frame   0x0000000000001bd4      0x32c ./Drivers/STM32L4xx_HAL_Driver/Src/stm32l4xx_hal_rtc.o
 .debug_frame   0x0000000000001f00      0x598 ./Drivers/STM32L4xx_HAL_Driver/Src/stm32l4xx_hal_rtc_ex.o
 .debug_frame   0x0000000000002498      0x99c ./Drivers/STM32L4xx_HAL_Driver/Src/stm32l4xx_hal_uart.o
 .debug_frame   0x0000000000002e34       0x2c /Users/khoahuynh/Library/xPacks/@xpack-dev-tools/arm-none-eabi-gcc/9.2.1-1.1.1/.content/bin/../lib/gcc/arm-none-eabi/9.2.1/thumb/v7e-m/nofp/libgcc.a(_aeabi_uldivmod.o)
 .debug_frame   0x0000000000002e60       0x34 /Users/khoahuynh/Library/xPacks/@xpack-dev-tools/arm-none-eabi-gcc/9.2.1-1.1.1/.content/bin/../lib/gcc/arm-none-eabi/9.2.1/thumb/v7e-m/nofp/libgcc.a(_udivmoddi4.o)
 .debug_frame   0x0000000000002e94       0x20 /Users/khoahuynh/Library/xPacks/@xpack-dev-tools/arm-none-eabi-gcc/9.2.1-1.1.1/.content/bin/../lib/gcc/arm-none-eabi/9.2.1/../../../../arm-none-eabi/lib/thumb/v7e-m/nofp/libg_nano.a(lib_a-errno.o)
 .debug_frame   0x0000000000002eb4       0x2c /Users/khoahuynh/Library/xPacks/@xpack-dev-tools/arm-none-eabi-gcc/9.2.1-1.1.1/.content/bin/../lib/gcc/arm-none-eabi/9.2.1/../../../../arm-none-eabi/lib/thumb/v7e-m/nofp/libg_nano.a(lib_a-init.o)
 .debug_frame   0x0000000000002ee0       0x20 /Users/khoahuynh/Library/xPacks/@xpack-dev-tools/arm-none-eabi-gcc/9.2.1-1.1.1/.content/bin/../lib/gcc/arm-none-eabi/9.2.1/../../../../arm-none-eabi/lib/thumb/v7e-m/nofp/libg_nano.a(lib_a-memset.o)
 .debug_frame   0x0000000000002f00       0x6c /Users/khoahuynh/Library/xPacks/@xpack-dev-tools/arm-none-eabi-gcc/9.2.1-1.1.1/.content/bin/../lib/gcc/arm-none-eabi/9.2.1/../../../../arm-none-eabi/lib/thumb/v7e-m/nofp/libg_nano.a(lib_a-sprintf.o)
 .debug_frame   0x0000000000002f6c       0x90 /Users/khoahuynh/Library/xPacks/@xpack-dev-tools/arm-none-eabi-gcc/9.2.1-1.1.1/.content/bin/../lib/gcc/arm-none-eabi/9.2.1/../../../../arm-none-eabi/lib/thumb/v7e-m/nofp/libg_nano.a(lib_a-nano-svfprintf.o)
 .debug_frame   0x0000000000002ffc       0x60 /Users/khoahuynh/Library/xPacks/@xpack-dev-tools/arm-none-eabi-gcc/9.2.1-1.1.1/.content/bin/../lib/gcc/arm-none-eabi/9.2.1/../../../../arm-none-eabi/lib/thumb/v7e-m/nofp/libg_nano.a(lib_a-nano-vfprintf_i.o)
 .debug_frame   0x000000000000305c       0x28 /Users/khoahuynh/Library/xPacks/@xpack-dev-tools/arm-none-eabi-gcc/9.2.1-1.1.1/.content/bin/../lib/gcc/arm-none-eabi/9.2.1/../../../../arm-none-eabi/lib/thumb/v7e-m/nofp/libg_nano.a(lib_a-memcpy-stub.o)
 .debug_frame   0x0000000000003084       0x28 /Users/khoahuynh/Library/xPacks/@xpack-dev-tools/arm-none-eabi-gcc/9.2.1-1.1.1/.content/bin/../lib/gcc/arm-none-eabi/9.2.1/../../../../arm-none-eabi/lib/thumb/v7e-m/nofp/libg_nano.a(lib_a-memmove.o)
 .debug_frame   0x00000000000030ac       0x38 /Users/khoahuynh/Library/xPacks/@xpack-dev-tools/arm-none-eabi-gcc/9.2.1-1.1.1/.content/bin/../lib/gcc/arm-none-eabi/9.2.1/../../../../arm-none-eabi/lib/thumb/v7e-m/nofp/libg_nano.a(lib_a-nano-freer.o)
 .debug_frame   0x00000000000030e4       0x30 /Users/khoahuynh/Library/xPacks/@xpack-dev-tools/arm-none-eabi-gcc/9.2.1-1.1.1/.content/bin/../lib/gcc/arm-none-eabi/9.2.1/../../../../arm-none-eabi/lib/thumb/v7e-m/nofp/libg_nano.a(lib_a-nano-mallocr.o)
 .debug_frame   0x0000000000003114       0x3c /Users/khoahuynh/Library/xPacks/@xpack-dev-tools/arm-none-eabi-gcc/9.2.1-1.1.1/.content/bin/../lib/gcc/arm-none-eabi/9.2.1/../../../../arm-none-eabi/lib/thumb/v7e-m/nofp/libg_nano.a(lib_a-nano-reallocr.o)
 .debug_frame   0x0000000000003150       0x2c /Users/khoahuynh/Library/xPacks/@xpack-dev-tools/arm-none-eabi-gcc/9.2.1-1.1.1/.content/bin/../lib/gcc/arm-none-eabi/9.2.1/../../../../arm-none-eabi/lib/thumb/v7e-m/nofp/libg_nano.a(lib_a-sbrkr.o)
 .debug_frame   0x000000000000317c       0x30 /Users/khoahuynh/Library/xPacks/@xpack-dev-tools/arm-none-eabi-gcc/9.2.1-1.1.1/.content/bin/../lib/gcc/arm-none-eabi/9.2.1/../../../../arm-none-eabi/lib/thumb/v7e-m/nofp/libg_nano.a(lib_a-mlock.o)
 .debug_frame   0x00000000000031ac       0x20 /Users/khoahuynh/Library/xPacks/@xpack-dev-tools/arm-none-eabi-gcc/9.2.1-1.1.1/.content/bin/../lib/gcc/arm-none-eabi/9.2.1/../../../../arm-none-eabi/lib/thumb/v7e-m/nofp/libg_nano.a(lib_a-nano-msizer.o)
 .debug_frame   0x00000000000031cc       0x5c /Users/khoahuynh/Library/xPacks/@xpack-dev-tools/arm-none-eabi-gcc/9.2.1-1.1.1/.content/bin/../lib/gcc/arm-none-eabi/9.2.1/../../../../arm-none-eabi/lib/thumb/v7e-m/nofp/libg_nano.a(lib_a-reent.o)
 .debug_frame   0x0000000000003228       0xb0 /Users/khoahuynh/Library/xPacks/@xpack-dev-tools/arm-none-eabi-gcc/9.2.1-1.1.1/.content/bin/../lib/gcc/arm-none-eabi/9.2.1/../../../../arm-none-eabi/lib/thumb/v7e-m/nofp/libg_nano.a(lib_a-lock.o)
